error TS2468: Cannot find global value 'Promise'.
app/_layout.tsx(6,22): error TS2307: Cannot find module 'expo-router' or its corresponding type declarations.
app/_layout.tsx(7,40): error TS2307: Cannot find module 'react-native-gesture-handler' or its corresponding type declarations.
app/_layout.tsx(8,37): error TS2307: Cannot find module 'expo-share-intent' or its corresponding type declarations.
app/_layout.tsx(9,27): error TS2307: Cannot find module 'expo-status-bar' or its corresponding type declarations.
app/_layout.tsx(10,32): error TS2307: Cannot find module 'expo-notifications' or its corresponding type declarations.
app/_layout.tsx(11,29): error TS2307: Cannot find module 'expo-web-browser' or its corresponding type declarations.
app/_layout.tsx(12,30): error TS2307: Cannot find module 'expo-keep-awake' or its corresponding type declarations.
app/_layout.tsx(13,35): error TS2307: Cannot find module 'react' or its corresponding type declarations.
app/_layout.tsx(17,57): error TS6142: Module '../utils/reminderModalContext' was resolved to '/app/utils/reminderModalContext.tsx', but '--jsx' is not set.
app/_layout.tsx(18,31): error TS6142: Module '../components/ReminderModal' was resolved to '/app/components/ReminderModal.tsx', but '--jsx' is not set.
app/_layout.tsx(19,30): error TS6142: Module '../components/GlobalAlerts' was resolved to '/app/components/GlobalAlerts.tsx', but '--jsx' is not set.
app/_layout.tsx(20,59): error TS2307: Cannot find module 'react-native-toast-message' or its corresponding type declarations.
app/_layout.tsx(21,46): error TS2307: Cannot find module 'react-native' or its corresponding type declarations.
app/_layout.tsx(39,30): error TS7006: Parameter 'notification' implicitly has an 'any' type.
app/_layout.tsx(53,13): error TS7006: Parameter 'props' implicitly has an 'any' type.
app/_layout.tsx(54,5): error TS17004: Cannot use JSX unless the '--jsx' flag is provided.
app/_layout.tsx(69,11): error TS7006: Parameter 'props' implicitly has an 'any' type.
app/_layout.tsx(70,5): error TS17004: Cannot use JSX unless the '--jsx' flag is provided.
app/_layout.tsx(85,10): error TS7006: Parameter 'props' implicitly has an 'any' type.
app/_layout.tsx(86,5): error TS17004: Cannot use JSX unless the '--jsx' flag is provided.
app/_layout.tsx(118,35): error TS2550: Property 'find' does not exist on type 'Reminder[]'. Do you need to change your target library? Try changing the 'lib' compiler option to 'es2015' or later.
app/_layout.tsx(118,40): error TS7006: Parameter 'r' implicitly has an 'any' type.
app/_layout.tsx(138,82): error TS7006: Parameter 'notification' implicitly has an 'any' type.
app/_layout.tsx(148,35): error TS2550: Property 'find' does not exist on type 'Reminder[]'. Do you need to change your target library? Try changing the 'lib' compiler option to 'es2015' or later.
app/_layout.tsx(148,40): error TS7006: Parameter 'r' implicitly has an 'any' type.
app/_layout.tsx(157,86): error TS7006: Parameter 'response' implicitly has an 'any' type.
app/_layout.tsx(165,35): error TS2550: Property 'find' does not exist on type 'Reminder[]'. Do you need to change your target library? Try changing the 'lib' compiler option to 'es2015' or later.
app/_layout.tsx(165,40): error TS7006: Parameter 'r' implicitly has an 'any' type.
app/_layout.tsx(175,7): error TS2712: A dynamic import call in ES5 requires the 'Promise' constructor.  Make sure you have a declaration for the 'Promise' constructor or include 'ES2015' in your '--lib' option.
app/_layout.tsx(175,46): error TS2705: An async function or method in ES5 requires the 'Promise' constructor.  Make sure you have a declaration for the 'Promise' constructor or include 'ES2015' in your '--lib' option.
app/_layout.tsx(184,35): error TS2550: Property 'find' does not exist on type 'Reminder[]'. Do you need to change your target library? Try changing the 'lib' compiler option to 'es2015' or later.
app/_layout.tsx(184,40): error TS7006: Parameter 'r' implicitly has an 'any' type.
app/_layout.tsx(212,5): error TS17004: Cannot use JSX unless the '--jsx' flag is provided.
app/_layout.tsx(213,7): error TS17004: Cannot use JSX unless the '--jsx' flag is provided.
app/_layout.tsx(214,7): error TS17004: Cannot use JSX unless the '--jsx' flag is provided.
app/_layout.tsx(215,7): error TS17004: Cannot use JSX unless the '--jsx' flag is provided.
app/_layout.tsx(216,7): error TS17004: Cannot use JSX unless the '--jsx' flag is provided.
app/_layout.tsx(220,8): error TS2304: Cannot find name '__DEV__'.
app/_layout.tsx(221,9): error TS17004: Cannot use JSX unless the '--jsx' flag is provided.
app/_layout.tsx(222,11): error TS17004: Cannot use JSX unless the '--jsx' flag is provided.
app/_layout.tsx(225,7): error TS17004: Cannot use JSX unless the '--jsx' flag is provided.
app/_layout.tsx(232,5): error TS17004: Cannot use JSX unless the '--jsx' flag is provided.
app/_layout.tsx(232,6): error TS2741: Property 'children' is missing in type '{}' but required in type '{ children: React.ReactNode; }'.
app/_layout.tsx(233,7): error TS17004: Cannot use JSX unless the '--jsx' flag is provided.
app/_layout.tsx(234,9): error TS17004: Cannot use JSX unless the '--jsx' flag is provided.
app/_layout.tsx(235,11): error TS17004: Cannot use JSX unless the '--jsx' flag is provided.
app/index.tsx(1,29): error TS2307: Cannot find module 'react-native' or its corresponding type declarations.
app/index.tsx(2,45): error TS2307: Cannot find module 'expo-share-intent' or its corresponding type declarations.
app/index.tsx(3,32): error TS6142: Module '../components/navigation/BottomTabNavigator' was resolved to '/app/components/navigation/BottomTabNavigator.tsx', but '--jsx' is not set.
app/index.tsx(4,37): error TS2307: Cannot find module 'react' or its corresponding type declarations.
app/index.tsx(19,25): error TS2580: Cannot find name 'require'. Do you need to install type definitions for node? Try `npm i --save-dev @types/node`.
app/index.tsx(56,5): error TS17004: Cannot use JSX unless the '--jsx' flag is provided.
app/oauthredirect.tsx(1,46): error TS2307: Cannot find module 'react-native' or its corresponding type declarations.
app/oauthredirect.tsx(2,29): error TS2307: Cannot find module 'expo-web-browser' or its corresponding type declarations.
app/oauthredirect.tsx(3,27): error TS2307: Cannot find module 'react' or its corresponding type declarations.
app/oauthredirect.tsx(4,24): error TS2307: Cannot find module 'expo-router' or its corresponding type declarations.
app/oauthredirect.tsx(21,9): error TS17004: Cannot use JSX unless the '--jsx' flag is provided.
app/oauthredirect.tsx(22,13): error TS17004: Cannot use JSX unless the '--jsx' flag is provided.
app/oauthredirect.tsx(23,13): error TS17004: Cannot use JSX unless the '--jsx' flag is provided.
components/DateRuler.tsx(1,74): error TS2307: Cannot find module 'react' or its corresponding type declarations.
components/DateRuler.tsx(2,80): error TS2307: Cannot find module 'react-native' or its corresponding type declarations.
components/DateRuler.tsx(3,26): error TS2307: Cannot find module '@expo/vector-icons' or its corresponding type declarations.
components/DateRuler.tsx(4,19): error TS2307: Cannot find module 'dayjs' or its corresponding type declarations.
components/DateRuler.tsx(7,30): error TS6142: Module './ui/IslandHeader' was resolved to '/app/components/ui/IslandHeader.tsx', but '--jsx' is not set.
components/DateRuler.tsx(65,9): error TS17004: Cannot use JSX unless the '--jsx' flag is provided.
components/DateRuler.tsx(69,13): error TS17004: Cannot use JSX unless the '--jsx' flag is provided.
components/DateRuler.tsx(72,13): error TS17004: Cannot use JSX unless the '--jsx' flag is provided.
components/DateRuler.tsx(76,13): error TS17004: Cannot use JSX unless the '--jsx' flag is provided.
components/DateRuler.tsx(80,17): error TS17004: Cannot use JSX unless the '--jsx' flag is provided.
components/DateRuler.tsx(89,55): error TS7031: Binding element 'date' implicitly has an 'any' type.
components/DateRuler.tsx(89,61): error TS7031: Binding element 'onDateChange' implicitly has an 'any' type.
components/DateRuler.tsx(89,75): error TS7031: Binding element 'onSettingsPress' implicitly has an 'any' type.
components/DateRuler.tsx(89,92): error TS7031: Binding element 'onNext' implicitly has an 'any' type.
components/DateRuler.tsx(89,100): error TS7031: Binding element 'onPrev' implicitly has an 'any' type.
components/DateRuler.tsx(89,108): error TS7031: Binding element 'onToday' implicitly has an 'any' type.
components/DateRuler.tsx(89,117): error TS7031: Binding element 'dayStatuses' implicitly has an 'any' type.
components/DateRuler.tsx(89,130): error TS7031: Binding element 'onSync' implicitly has an 'any' type.
components/DateRuler.tsx(89,138): error TS7031: Binding element 'isSyncing' implicitly has an 'any' type.
components/DateRuler.tsx(133,39): error TS7006: Parameter 'd' implicitly has an 'any' type.
components/DateRuler.tsx(171,40): error TS7006: Parameter 'd' implicitly has an 'any' type.
components/DateRuler.tsx(191,13): error TS17004: Cannot use JSX unless the '--jsx' flag is provided.
components/DateRuler.tsx(204,9): error TS17004: Cannot use JSX unless the '--jsx' flag is provided.
components/DateRuler.tsx(205,13): error TS17004: Cannot use JSX unless the '--jsx' flag is provided.
components/DateRuler.tsx(211,29): error TS17004: Cannot use JSX unless the '--jsx' flag is provided.
components/DateRuler.tsx(225,33): error TS17004: Cannot use JSX unless the '--jsx' flag is provided.
components/DateRuler.tsx(236,29): error TS17004: Cannot use JSX unless the '--jsx' flag is provided.
components/DateRuler.tsx(249,33): error TS17004: Cannot use JSX unless the '--jsx' flag is provided.
components/DateRuler.tsx(267,13): error TS17004: Cannot use JSX unless the '--jsx' flag is provided.
components/DateRuler.tsx(267,47): error TS7006: Parameter 'e' implicitly has an 'any' type.
components/DateRuler.tsx(268,17): error TS17004: Cannot use JSX unless the '--jsx' flag is provided.
components/DateRuler.tsx(273,36): error TS7006: Parameter 'item' implicitly has an 'any' type.
components/DateRuler.tsx(276,37): error TS7006: Parameter 'data' implicitly has an 'any' type.
components/DateRuler.tsx(276,43): error TS7006: Parameter 'index' implicitly has an 'any' type.
components/DayStatusMarker.tsx(1,19): error TS2307: Cannot find module 'react' or its corresponding type declarations.
components/DayStatusMarker.tsx(2,22): error TS2307: Cannot find module 'react-native' or its corresponding type declarations.
components/DayStatusMarker.tsx(23,9): error TS17004: Cannot use JSX unless the '--jsx' flag is provided.
components/DaySummaryModal.tsx(1,19): error TS2307: Cannot find module 'react' or its corresponding type declarations.
components/DaySummaryModal.tsx(2,65): error TS2307: Cannot find module 'react-native' or its corresponding type declarations.
components/DaySummaryModal.tsx(3,26): error TS2307: Cannot find module '@expo/vector-icons' or its corresponding type declarations.
components/DaySummaryModal.tsx(5,33): error TS6142: Module './DayStatusMarker' was resolved to '/app/components/DayStatusMarker.tsx', but '--jsx' is not set.
components/DaySummaryModal.tsx(7,29): error TS6142: Module './ui/AppButton' was resolved to '/app/components/ui/AppButton.tsx', but '--jsx' is not set.
components/DaySummaryModal.tsx(45,9): error TS17004: Cannot use JSX unless the '--jsx' flag is provided.
components/DaySummaryModal.tsx(51,13): error TS17004: Cannot use JSX unless the '--jsx' flag is provided.
components/DaySummaryModal.tsx(56,17): error TS17004: Cannot use JSX unless the '--jsx' flag is provided.
components/DaySummaryModal.tsx(61,21): error TS17004: Cannot use JSX unless the '--jsx' flag is provided.
components/DaySummaryModal.tsx(62,25): error TS17004: Cannot use JSX unless the '--jsx' flag is provided.
components/DaySummaryModal.tsx(63,29): error TS17004: Cannot use JSX unless the '--jsx' flag is provided.
components/DaySummaryModal.tsx(66,29): error TS17004: Cannot use JSX unless the '--jsx' flag is provided.
components/DaySummaryModal.tsx(67,33): error TS17004: Cannot use JSX unless the '--jsx' flag is provided.
components/DaySummaryModal.tsx(68,33): error TS17004: Cannot use JSX unless the '--jsx' flag is provided.
components/DaySummaryModal.tsx(73,25): error TS17004: Cannot use JSX unless the '--jsx' flag is provided.
components/DaySummaryModal.tsx(76,21): error TS17004: Cannot use JSX unless the '--jsx' flag is provided.
components/DaySummaryModal.tsx(78,25): error TS17004: Cannot use JSX unless the '--jsx' flag is provided.
components/DaySummaryModal.tsx(79,29): error TS17004: Cannot use JSX unless the '--jsx' flag is provided.
components/DaySummaryModal.tsx(80,33): error TS17004: Cannot use JSX unless the '--jsx' flag is provided.
components/DaySummaryModal.tsx(81,33): error TS17004: Cannot use JSX unless the '--jsx' flag is provided.
components/DaySummaryModal.tsx(83,29): error TS17004: Cannot use JSX unless the '--jsx' flag is provided.
components/DaySummaryModal.tsx(84,33): error TS17004: Cannot use JSX unless the '--jsx' flag is provided.
components/DaySummaryModal.tsx(85,33): error TS17004: Cannot use JSX unless the '--jsx' flag is provided.
components/DaySummaryModal.tsx(90,25): error TS17004: Cannot use JSX unless the '--jsx' flag is provided.
components/DaySummaryModal.tsx(91,25): error TS17004: Cannot use JSX unless the '--jsx' flag is provided.
components/DaySummaryModal.tsx(92,37): error TS2550: Property 'entries' does not exist on type 'ObjectConstructor'. Do you need to change your target library? Try changing the 'lib' compiler option to 'es2017' or later.
components/DaySummaryModal.tsx(92,72): error TS7031: Binding element 'type' implicitly has an 'any' type.
components/DaySummaryModal.tsx(92,78): error TS7031: Binding element 'stats' implicitly has an 'any' type.
components/DaySummaryModal.tsx(92,86): error TS7006: Parameter 'index' implicitly has an 'any' type.
components/DaySummaryModal.tsx(93,33): error TS17004: Cannot use JSX unless the '--jsx' flag is provided.
components/DaySummaryModal.tsx(97,37): error TS17004: Cannot use JSX unless the '--jsx' flag is provided.
components/DaySummaryModal.tsx(98,37): error TS17004: Cannot use JSX unless the '--jsx' flag is provided.
components/DaySummaryModal.tsx(99,41): error TS17004: Cannot use JSX unless the '--jsx' flag is provided.
components/DaySummaryModal.tsx(100,41): error TS17004: Cannot use JSX unless the '--jsx' flag is provided.
components/DaySummaryModal.tsx(101,41): error TS17004: Cannot use JSX unless the '--jsx' flag is provided.
components/DaySummaryModal.tsx(106,33): error TS17004: Cannot use JSX unless the '--jsx' flag is provided.
components/DaySummaryModal.tsx(107,37): error TS17004: Cannot use JSX unless the '--jsx' flag is provided.
components/DaySummaryModal.tsx(114,29): error TS17004: Cannot use JSX unless the '--jsx' flag is provided.
components/DaySummaryModal.tsx(115,33): error TS17004: Cannot use JSX unless the '--jsx' flag is provided.
components/DaySummaryModal.tsx(116,33): error TS17004: Cannot use JSX unless the '--jsx' flag is provided.
components/DaySummaryModal.tsx(118,41): error TS17004: Cannot use JSX unless the '--jsx' flag is provided.
components/DaySummaryModal.tsx(122,45): error TS17004: Cannot use JSX unless the '--jsx' flag is provided.
components/DaySummaryModal.tsx(123,45): error TS17004: Cannot use JSX unless the '--jsx' flag is provided.
components/DaySummaryModal.tsx(124,49): error TS17004: Cannot use JSX unless the '--jsx' flag is provided.
components/DaySummaryModal.tsx(125,53): error TS17004: Cannot use JSX unless the '--jsx' flag is provided.
components/DragDropContext.tsx(1,61): error TS2307: Cannot find module 'react' or its corresponding type declarations.
components/DragDropContext.tsx(2,45): error TS2307: Cannot find module 'react-native-reanimated' or its corresponding type declarations.
components/DragDropContext.tsx(20,5): error TS17004: Cannot use JSX unless the '--jsx' flag is provided.
components/DragOverlay.tsx(1,33): error TS2307: Cannot find module 'react' or its corresponding type declarations.
components/DragOverlay.tsx(2,22): error TS2307: Cannot find module 'react-native' or its corresponding type declarations.
components/DragOverlay.tsx(3,74): error TS2307: Cannot find module 'react-native-reanimated' or its corresponding type declarations.
components/DragOverlay.tsx(4,29): error TS6142: Module './DragDropContext' was resolved to '/app/components/DragDropContext.tsx', but '--jsx' is not set.
components/DragOverlay.tsx(5,30): error TS6142: Module './markdown/RichTaskItem' was resolved to '/app/components/markdown/RichTaskItem.tsx', but '--jsx' is not set.
components/DragOverlay.tsx(20,6): error TS7006: Parameter 'result' implicitly has an 'any' type.
components/DragOverlay.tsx(56,5): error TS17004: Cannot use JSX unless the '--jsx' flag is provided.
components/DragOverlay.tsx(57,7): error TS17004: Cannot use JSX unless the '--jsx' flag is provided.
components/DragOverlay.tsx(58,9): error TS17004: Cannot use JSX unless the '--jsx' flag is provided.
components/DraggableTaskItem.tsx(1,19): error TS2307: Cannot find module 'react' or its corresponding type declarations.
components/DraggableTaskItem.tsx(2,22): error TS2307: Cannot find module 'react-native' or its corresponding type declarations.
components/DraggableTaskItem.tsx(3,42): error TS2307: Cannot find module 'react-native-gesture-handler' or its corresponding type declarations.
components/DraggableTaskItem.tsx(4,53): error TS2307: Cannot find module 'react-native-reanimated' or its corresponding type declarations.
components/DraggableTaskItem.tsx(5,30): error TS6142: Module './markdown/RichTaskItem' was resolved to '/app/components/markdown/RichTaskItem.tsx', but '--jsx' is not set.
components/DraggableTaskItem.tsx(6,29): error TS6142: Module './DragDropContext' was resolved to '/app/components/DragDropContext.tsx', but '--jsx' is not set.
components/DraggableTaskItem.tsx(8,26): error TS2307: Cannot find module 'expo-haptics' or its corresponding type declarations.
components/DraggableTaskItem.tsx(9,26): error TS2307: Cannot find module '@expo/vector-icons' or its corresponding type declarations.
components/DraggableTaskItem.tsx(52,15): error TS7006: Parameter 'e' implicitly has an 'any' type.
components/DraggableTaskItem.tsx(59,16): error TS7006: Parameter 'e' implicitly has an 'any' type.
components/DraggableTaskItem.tsx(80,5): error TS17004: Cannot use JSX unless the '--jsx' flag is provided.
components/DraggableTaskItem.tsx(81,7): error TS17004: Cannot use JSX unless the '--jsx' flag is provided.
components/DraggableTaskItem.tsx(82,9): error TS17004: Cannot use JSX unless the '--jsx' flag is provided.
components/DraggableTaskItem.tsx(88,5): error TS17004: Cannot use JSX unless the '--jsx' flag is provided.
components/DraggableTaskItem.tsx(89,7): error TS17004: Cannot use JSX unless the '--jsx' flag is provided.
components/DumpEditor.tsx(1,61): error TS2307: Cannot find module 'react' or its corresponding type declarations.
components/DumpEditor.tsx(2,63): error TS2307: Cannot find module 'react-native' or its corresponding type declarations.
components/DumpEditor.tsx(3,25): error TS2307: Cannot find module 'react-native-webview' or its corresponding type declarations.
components/DumpEditor.tsx(116,23): error TS2705: An async function or method in ES5 requires the 'Promise' constructor.  Make sure you have a declaration for the 'Promise' constructor or include 'ES2015' in your '--lib' option.
components/DumpEditor.tsx(135,48): error TS2712: A dynamic import call in ES5 requires the 'Promise' constructor.  Make sure you have a declaration for the 'Promise' constructor or include 'ES2015' in your '--lib' option.
components/DumpEditor.tsx(135,55): error TS2307: Cannot find module 'turndown' or its corresponding type declarations.
components/DumpEditor.tsx(154,42): error TS2712: A dynamic import call in ES5 requires the 'Promise' constructor.  Make sure you have a declaration for the 'Promise' constructor or include 'ES2015' in your '--lib' option.
components/DumpEditor.tsx(154,49): error TS2307: Cannot find module 'marked' or its corresponding type declarations.
components/DumpEditor.tsx(170,13): error TS17004: Cannot use JSX unless the '--jsx' flag is provided.
components/DumpEditor.tsx(171,17): error TS17004: Cannot use JSX unless the '--jsx' flag is provided.
components/DumpEditor.tsx(177,9): error TS17004: Cannot use JSX unless the '--jsx' flag is provided.
components/DumpEditor.tsx(178,13): error TS17004: Cannot use JSX unless the '--jsx' flag is provided.
components/EventContextModal.tsx(1,53): error TS2307: Cannot find module 'react' or its corresponding type declarations.
components/EventContextModal.tsx(2,82): error TS2307: Cannot find module 'react-native' or its corresponding type declarations.
components/EventContextModal.tsx(6,26): error TS2307: Cannot find module '@expo/vector-icons' or its corresponding type declarations.
components/EventContextModal.tsx(7,31): error TS6142: Module './ui/UniversalIcon' was resolved to '/app/components/ui/UniversalIcon.tsx', but '--jsx' is not set.
components/EventContextModal.tsx(8,19): error TS2307: Cannot find module 'dayjs' or its corresponding type declarations.
components/EventContextModal.tsx(10,28): error TS6142: Module './ui/IconPicker' was resolved to '/app/components/ui/IconPicker.tsx', but '--jsx' is not set.
components/EventContextModal.tsx(13,28): error TS6142: Module './ui/TaskPicker' was resolved to '/app/components/ui/TaskPicker.tsx', but '--jsx' is not set.
components/EventContextModal.tsx(15,32): error TS6142: Module './ui/TaskStatusIcon' was resolved to '/app/components/ui/TaskStatusIcon.tsx', but '--jsx' is not set.
components/EventContextModal.tsx(16,30): error TS6142: Module './ui/MetadataChip' was resolved to '/app/components/ui/MetadataChip.tsx', but '--jsx' is not set.
components/EventContextModal.tsx(57,41): error TS7006: Parameter 't' implicitly has an 'any' type.
components/EventContextModal.tsx(73,39): error TS2705: An async function or method in ES5 requires the 'Promise' constructor.  Make sure you have a declaration for the 'Promise' constructor or include 'ES2015' in your '--lib' option.
components/EventContextModal.tsx(126,31): error TS2550: Property 'find' does not exist on type 'any[]'. Do you need to change your target library? Try changing the 'lib' compiler option to 'es2015' or later.
components/EventContextModal.tsx(130,31): error TS2550: Property 'find' does not exist on type 'any[]'. Do you need to change your target library? Try changing the 'lib' compiler option to 'es2015' or later.
components/EventContextModal.tsx(135,31): error TS2550: Property 'find' does not exist on type 'any[]'. Do you need to change your target library? Try changing the 'lib' compiler option to 'es2015' or later.
components/EventContextModal.tsx(148,41): error TS7006: Parameter 's' implicitly has an 'any' type.
components/EventContextModal.tsx(153,26): error TS2705: An async function or method in ES5 requires the 'Promise' constructor.  Make sure you have a declaration for the 'Promise' constructor or include 'ES2015' in your '--lib' option.
components/EventContextModal.tsx(158,28): error TS2705: An async function or method in ES5 requires the 'Promise' constructor.  Make sure you have a declaration for the 'Promise' constructor or include 'ES2015' in your '--lib' option.
components/EventContextModal.tsx(178,24): error TS2705: An async function or method in ES5 requires the 'Promise' constructor.  Make sure you have a declaration for the 'Promise' constructor or include 'ES2015' in your '--lib' option.
components/EventContextModal.tsx(194,34): error TS2550: Property 'find' does not exist on type 'any[]'. Do you need to change your target library? Try changing the 'lib' compiler option to 'es2015' or later.
components/EventContextModal.tsx(202,23): error TS2585: 'Promise' only refers to a type, but is being used as a value here. Do you need to change your target library? Try changing the 'lib' compiler option to es2015 or later.
components/EventContextModal.tsx(202,31): error TS7006: Parameter 'resolve' implicitly has an 'any' type.
components/EventContextModal.tsx(212,33): error TS2769: No overload matches this call.
  Overload 1 of 4, '(vd: VarDate): Date', gave the following error.
    Argument of type 'Date' is not assignable to parameter of type 'VarDate'.
      Property 'VarDate_typekey' is missing in type 'Date' but required in type 'VarDate'.
  Overload 2 of 4, '(value: string | number): Date', gave the following error.
    Argument of type 'Date' is not assignable to parameter of type 'string | number'.
components/EventContextModal.tsx(234,30): error TS2705: An async function or method in ES5 requires the 'Promise' constructor.  Make sure you have a declaration for the 'Promise' constructor or include 'ES2015' in your '--lib' option.
components/EventContextModal.tsx(237,44): error TS7006: Parameter 't' implicitly has an 'any' type.
components/EventContextModal.tsx(241,44): error TS7006: Parameter 't' implicitly has an 'any' type.
components/EventContextModal.tsx(241,57): error TS2550: Property 'includes' does not exist on type 'string[]'. Do you need to change your target library? Try changing the 'lib' compiler option to 'es2016' or later.
components/EventContextModal.tsx(254,9): error TS17004: Cannot use JSX unless the '--jsx' flag is provided.
components/EventContextModal.tsx(255,13): error TS17004: Cannot use JSX unless the '--jsx' flag is provided.
components/EventContextModal.tsx(260,17): error TS17004: Cannot use JSX unless the '--jsx' flag is provided.
components/EventContextModal.tsx(264,21): error TS17004: Cannot use JSX unless the '--jsx' flag is provided.
components/EventContextModal.tsx(265,25): error TS17004: Cannot use JSX unless the '--jsx' flag is provided.
components/EventContextModal.tsx(266,29): error TS17004: Cannot use JSX unless the '--jsx' flag is provided.
components/EventContextModal.tsx(267,29): error TS17004: Cannot use JSX unless the '--jsx' flag is provided.
components/EventContextModal.tsx(270,37): error TS17004: Cannot use JSX unless the '--jsx' flag is provided.
components/EventContextModal.tsx(271,41): error TS17004: Cannot use JSX unless the '--jsx' flag is provided.
components/EventContextModal.tsx(275,45): error TS17004: Cannot use JSX unless the '--jsx' flag is provided.
components/EventContextModal.tsx(277,41): error TS17004: Cannot use JSX unless the '--jsx' flag is provided.
components/EventContextModal.tsx(281,45): error TS17004: Cannot use JSX unless the '--jsx' flag is provided.
components/EventContextModal.tsx(283,41): error TS17004: Cannot use JSX unless the '--jsx' flag is provided.
components/EventContextModal.tsx(287,45): error TS17004: Cannot use JSX unless the '--jsx' flag is provided.
components/EventContextModal.tsx(292,33): error TS17004: Cannot use JSX unless the '--jsx' flag is provided.
components/EventContextModal.tsx(297,41): error TS17004: Cannot use JSX unless the '--jsx' flag is provided.
components/EventContextModal.tsx(299,41): error TS17004: Cannot use JSX unless the '--jsx' flag is provided.
components/EventContextModal.tsx(303,37): error TS17004: Cannot use JSX unless the '--jsx' flag is provided.
components/EventContextModal.tsx(307,41): error TS17004: Cannot use JSX unless the '--jsx' flag is provided.
components/EventContextModal.tsx(312,25): error TS17004: Cannot use JSX unless the '--jsx' flag is provided.
components/EventContextModal.tsx(317,25): error TS17004: Cannot use JSX unless the '--jsx' flag is provided.
components/EventContextModal.tsx(318,29): error TS17004: Cannot use JSX unless the '--jsx' flag is provided.
components/EventContextModal.tsx(319,33): error TS17004: Cannot use JSX unless the '--jsx' flag is provided.
components/EventContextModal.tsx(320,33): error TS17004: Cannot use JSX unless the '--jsx' flag is provided.
components/EventContextModal.tsx(322,41): error TS17004: Cannot use JSX unless the '--jsx' flag is provided.
components/EventContextModal.tsx(328,45): error TS17004: Cannot use JSX unless the '--jsx' flag is provided.
components/EventContextModal.tsx(336,29): error TS17004: Cannot use JSX unless the '--jsx' flag is provided.
components/EventContextModal.tsx(338,33): error TS17004: Cannot use JSX unless the '--jsx' flag is provided.
components/EventContextModal.tsx(339,37): error TS17004: Cannot use JSX unless the '--jsx' flag is provided.
components/EventContextModal.tsx(346,37): error TS17004: Cannot use JSX unless the '--jsx' flag is provided.
components/EventContextModal.tsx(354,37): error TS17004: Cannot use JSX unless the '--jsx' flag is provided.
components/EventContextModal.tsx(362,37): error TS17004: Cannot use JSX unless the '--jsx' flag is provided.
components/EventContextModal.tsx(370,37): error TS17004: Cannot use JSX unless the '--jsx' flag is provided.
components/EventContextModal.tsx(382,33): error TS17004: Cannot use JSX unless the '--jsx' flag is provided.
components/EventContextModal.tsx(383,37): error TS17004: Cannot use JSX unless the '--jsx' flag is provided.
components/EventContextModal.tsx(384,41): error TS17004: Cannot use JSX unless the '--jsx' flag is provided.
components/EventContextModal.tsx(385,41): error TS17004: Cannot use JSX unless the '--jsx' flag is provided.
components/EventContextModal.tsx(386,41): error TS17004: Cannot use JSX unless the '--jsx' flag is provided.
components/EventContextModal.tsx(388,37): error TS17004: Cannot use JSX unless the '--jsx' flag is provided.
components/EventContextModal.tsx(389,55): error TS7006: Parameter 'reason' implicitly has an 'any' type.
components/EventContextModal.tsx(389,63): error TS7006: Parameter 'idx' implicitly has an 'any' type.
components/EventContextModal.tsx(390,45): error TS17004: Cannot use JSX unless the '--jsx' flag is provided.
components/EventContextModal.tsx(400,21): error TS17004: Cannot use JSX unless the '--jsx' flag is provided.
components/EventContextModal.tsx(401,25): error TS17004: Cannot use JSX unless the '--jsx' flag is provided.
components/EventContextModal.tsx(402,25): error TS17004: Cannot use JSX unless the '--jsx' flag is provided.
components/EventContextModal.tsx(403,45): error TS7006: Parameter 'item' implicitly has an 'any' type.
components/EventContextModal.tsx(414,37): error TS17004: Cannot use JSX unless the '--jsx' flag is provided.
components/EventContextModal.tsx(425,45): error TS17004: Cannot use JSX unless the '--jsx' flag is provided.
components/EventContextModal.tsx(431,41): error TS17004: Cannot use JSX unless the '--jsx' flag is provided.
components/EventContextModal.tsx(438,45): error TS17004: Cannot use JSX unless the '--jsx' flag is provided.
components/EventContextModal.tsx(444,33): error TS17004: Cannot use JSX unless the '--jsx' flag is provided.
components/EventContextModal.tsx(450,21): error TS17004: Cannot use JSX unless the '--jsx' flag is provided.
components/EventContextModal.tsx(451,25): error TS17004: Cannot use JSX unless the '--jsx' flag is provided.
components/EventContextModal.tsx(452,30): error TS17004: Cannot use JSX unless the '--jsx' flag is provided.
components/EventContextModal.tsx(453,30): error TS17004: Cannot use JSX unless the '--jsx' flag is provided.
components/EventContextModal.tsx(454,33): error TS17004: Cannot use JSX unless the '--jsx' flag is provided.
components/EventContextModal.tsx(457,25): error TS17004: Cannot use JSX unless the '--jsx' flag is provided.
components/EventContextModal.tsx(458,47): error TS7006: Parameter 'task' implicitly has an 'any' type.
components/EventContextModal.tsx(458,53): error TS7006: Parameter 'i' implicitly has an 'any' type.
components/EventContextModal.tsx(459,33): error TS17004: Cannot use JSX unless the '--jsx' flag is provided.
components/EventContextModal.tsx(467,37): error TS17004: Cannot use JSX unless the '--jsx' flag is provided.
components/EventContextModal.tsx(468,37): error TS17004: Cannot use JSX unless the '--jsx' flag is provided.
components/EventContextModal.tsx(469,37): error TS17004: Cannot use JSX unless the '--jsx' flag is provided.
components/EventContextModal.tsx(473,33): error TS17004: Cannot use JSX unless the '--jsx' flag is provided.
components/EventContextModal.tsx(480,25): error TS17004: Cannot use JSX unless the '--jsx' flag is provided.
components/EventContextModal.tsx(481,29): error TS17004: Cannot use JSX unless the '--jsx' flag is provided.
components/EventContextModal.tsx(482,29): error TS17004: Cannot use JSX unless the '--jsx' flag is provided.
components/EventContextModal.tsx(484,37): error TS17004: Cannot use JSX unless the '--jsx' flag is provided.
components/EventContextModal.tsx(485,41): error TS17004: Cannot use JSX unless the '--jsx' flag is provided.
components/EventContextModal.tsx(489,41): error TS17004: Cannot use JSX unless the '--jsx' flag is provided.
components/EventContextModal.tsx(497,21): error TS17004: Cannot use JSX unless the '--jsx' flag is provided.
components/EventContextModal.tsx(498,25): error TS17004: Cannot use JSX unless the '--jsx' flag is provided.
components/EventContextModal.tsx(499,29): error TS17004: Cannot use JSX unless the '--jsx' flag is provided.
components/EventContextModal.tsx(503,33): error TS17004: Cannot use JSX unless the '--jsx' flag is provided.
components/EventContextModal.tsx(504,33): error TS17004: Cannot use JSX unless the '--jsx' flag is provided.
components/EventContextModal.tsx(507,29): error TS17004: Cannot use JSX unless the '--jsx' flag is provided.
components/EventContextModal.tsx(511,33): error TS17004: Cannot use JSX unless the '--jsx' flag is provided.
components/EventContextModal.tsx(512,33): error TS17004: Cannot use JSX unless the '--jsx' flag is provided.
components/EventContextModal.tsx(516,33): error TS17004: Cannot use JSX unless the '--jsx' flag is provided.
components/EventContextModal.tsx(520,37): error TS17004: Cannot use JSX unless the '--jsx' flag is provided.
components/EventContextModal.tsx(521,37): error TS17004: Cannot use JSX unless the '--jsx' flag is provided.
components/EventContextModal.tsx(526,25): error TS17004: Cannot use JSX unless the '--jsx' flag is provided.
components/EventContextModal.tsx(530,29): error TS17004: Cannot use JSX unless the '--jsx' flag is provided.
components/EventContextModal.tsx(538,13): error TS17004: Cannot use JSX unless the '--jsx' flag is provided.
components/EventContextModal.tsx(539,17): error TS17004: Cannot use JSX unless the '--jsx' flag is provided.
components/EventContextModal.tsx(540,21): error TS17004: Cannot use JSX unless the '--jsx' flag is provided.
components/EventContextModal.tsx(545,21): error TS17004: Cannot use JSX unless the '--jsx' flag is provided.
components/EventContextModal.tsx(548,25): error TS17004: Cannot use JSX unless the '--jsx' flag is provided.
components/EventContextModal.tsx(549,29): error TS17004: Cannot use JSX unless the '--jsx' flag is provided.
components/EventContextModal.tsx(550,29): error TS17004: Cannot use JSX unless the '--jsx' flag is provided.
components/EventContextModal.tsx(554,33): error TS17004: Cannot use JSX unless the '--jsx' flag is provided.
components/EventContextModal.tsx(559,29): error TS17004: Cannot use JSX unless the '--jsx' flag is provided.
components/EventContextModal.tsx(566,33): error TS17004: Cannot use JSX unless the '--jsx' flag is provided.
components/EventContextModal.tsx(567,33): error TS17004: Cannot use JSX unless the '--jsx' flag is provided.
components/EventContextModal.tsx(571,25): error TS17004: Cannot use JSX unless the '--jsx' flag is provided.
components/EventContextModal.tsx(582,13): error TS17004: Cannot use JSX unless the '--jsx' flag is provided.
components/EventContextModal.tsx(590,13): error TS17004: Cannot use JSX unless the '--jsx' flag is provided.
components/EventContextModal.tsx(591,17): error TS17004: Cannot use JSX unless the '--jsx' flag is provided.
components/EventContextModal.tsx(592,21): error TS17004: Cannot use JSX unless the '--jsx' flag is provided.
components/EventContextModal.tsx(597,21): error TS17004: Cannot use JSX unless the '--jsx' flag is provided.
components/EventContextModal.tsx(600,25): error TS17004: Cannot use JSX unless the '--jsx' flag is provided.
components/EventContextModal.tsx(601,29): error TS17004: Cannot use JSX unless the '--jsx' flag is provided.
components/EventContextModal.tsx(602,29): error TS17004: Cannot use JSX unless the '--jsx' flag is provided.
components/EventContextModal.tsx(606,33): error TS17004: Cannot use JSX unless the '--jsx' flag is provided.
components/EventContextModal.tsx(609,25): error TS17004: Cannot use JSX unless the '--jsx' flag is provided.
components/EventContextModal.tsx(611,44): error TS7006: Parameter 'item' implicitly has an 'any' type.
components/EventContextModal.tsx(611,50): error TS7006: Parameter 'index' implicitly has an 'any' type.
components/EventContextModal.tsx(613,44): error TS7031: Binding element 'item' implicitly has an 'any' type.
components/EventContextModal.tsx(621,71): error TS7006: Parameter 'c' implicitly has an 'any' type.
components/EventContextModal.tsx(654,37): error TS17004: Cannot use JSX unless the '--jsx' flag is provided.
components/EventContextModal.tsx(655,41): error TS17004: Cannot use JSX unless the '--jsx' flag is provided.
components/EventContextModal.tsx(663,49): error TS17004: Cannot use JSX unless the '--jsx' flag is provided.
components/EventContextModal.tsx(665,49): error TS17004: Cannot use JSX unless the '--jsx' flag is provided.
components/EventContextModal.tsx(673,41): error TS17004: Cannot use JSX unless the '--jsx' flag is provided.
components/EventContextModal.tsx(674,45): error TS17004: Cannot use JSX unless the '--jsx' flag is provided.
components/EventContextModal.tsx(675,49): error TS17004: Cannot use JSX unless the '--jsx' flag is provided.
components/EventContextModal.tsx(677,53): error TS17004: Cannot use JSX unless the '--jsx' flag is provided.
components/EventContextModal.tsx(680,60): error TS17004: Cannot use JSX unless the '--jsx' flag is provided.
components/EventContextModal.tsx(683,45): error TS17004: Cannot use JSX unless the '--jsx' flag is provided.
components/EventContextModal.tsx(686,49): error TS17004: Cannot use JSX unless the '--jsx' flag is provided.
components/EventContextModal.tsx(697,33): error TS17004: Cannot use JSX unless the '--jsx' flag is provided.
components/EventContextModal.tsx(698,37): error TS17004: Cannot use JSX unless the '--jsx' flag is provided.
components/EventContextModal.tsx(699,37): error TS17004: Cannot use JSX unless the '--jsx' flag is provided.
components/EventEditModal.tsx(1,44): error TS2307: Cannot find module 'react' or its corresponding type declarations.
components/EventEditModal.tsx(2,86): error TS2307: Cannot find module 'react-native' or its corresponding type declarations.
components/EventEditModal.tsx(3,28): error TS2307: Cannot find module '@react-native-community/datetimepicker' or its corresponding type declarations.
components/EventEditModal.tsx(67,9): error TS17004: Cannot use JSX unless the '--jsx' flag is provided.
components/EventEditModal.tsx(68,13): error TS17004: Cannot use JSX unless the '--jsx' flag is provided.
components/EventEditModal.tsx(69,17): error TS17004: Cannot use JSX unless the '--jsx' flag is provided.
components/EventEditModal.tsx(70,21): error TS17004: Cannot use JSX unless the '--jsx' flag is provided.
components/EventEditModal.tsx(72,21): error TS17004: Cannot use JSX unless the '--jsx' flag is provided.
components/EventEditModal.tsx(74,25): error TS17004: Cannot use JSX unless the '--jsx' flag is provided.
components/EventEditModal.tsx(75,29): error TS17004: Cannot use JSX unless the '--jsx' flag is provided.
components/EventEditModal.tsx(76,29): error TS17004: Cannot use JSX unless the '--jsx' flag is provided.
components/EventEditModal.tsx(87,25): error TS17004: Cannot use JSX unless the '--jsx' flag is provided.
components/EventEditModal.tsx(88,29): error TS17004: Cannot use JSX unless the '--jsx' flag is provided.
components/EventEditModal.tsx(89,29): error TS17004: Cannot use JSX unless the '--jsx' flag is provided.
components/EventEditModal.tsx(90,33): error TS17004: Cannot use JSX unless the '--jsx' flag is provided.
components/EventEditModal.tsx(94,37): error TS17004: Cannot use JSX unless the '--jsx' flag is provided.
components/EventEditModal.tsx(98,33): error TS17004: Cannot use JSX unless the '--jsx' flag is provided.
components/EventEditModal.tsx(102,37): error TS17004: Cannot use JSX unless the '--jsx' flag is provided.
components/EventEditModal.tsx(115,29): error TS17004: Cannot use JSX unless the '--jsx' flag is provided.
components/EventEditModal.tsx(118,44): error TS7006: Parameter 'event' implicitly has an 'any' type.
components/EventEditModal.tsx(118,51): error TS7006: Parameter 'selectedDate' implicitly has an 'any' type.
components/EventEditModal.tsx(130,29): error TS17004: Cannot use JSX unless the '--jsx' flag is provided.
components/EventEditModal.tsx(134,44): error TS7006: Parameter 'event' implicitly has an 'any' type.
components/EventEditModal.tsx(134,51): error TS7006: Parameter 'selectedDate' implicitly has an 'any' type.
components/EventEditModal.tsx(147,25): error TS17004: Cannot use JSX unless the '--jsx' flag is provided.
components/EventEditModal.tsx(148,29): error TS17004: Cannot use JSX unless the '--jsx' flag is provided.
components/EventEditModal.tsx(149,29): error TS17004: Cannot use JSX unless the '--jsx' flag is provided.
components/EventEditModal.tsx(160,26): error TS17004: Cannot use JSX unless the '--jsx' flag is provided.
components/EventEditModal.tsx(161,29): error TS17004: Cannot use JSX unless the '--jsx' flag is provided.
components/EventEditModal.tsx(162,29): error TS17004: Cannot use JSX unless the '--jsx' flag is provided.
components/EventEditModal.tsx(174,25): error TS17004: Cannot use JSX unless the '--jsx' flag is provided.
components/EventEditModal.tsx(175,29): error TS17004: Cannot use JSX unless the '--jsx' flag is provided.
components/EventEditModal.tsx(176,29): error TS17004: Cannot use JSX unless the '--jsx' flag is provided.
components/EventEditModal.tsx(184,29): error TS17004: Cannot use JSX unless the '--jsx' flag is provided.
components/EventEditModal.tsx(190,21): error TS17004: Cannot use JSX unless the '--jsx' flag is provided.
components/EventEditModal.tsx(191,25): error TS17004: Cannot use JSX unless the '--jsx' flag is provided.
components/EventEditModal.tsx(195,29): error TS17004: Cannot use JSX unless the '--jsx' flag is provided.
components/EventEditModal.tsx(197,25): error TS17004: Cannot use JSX unless the '--jsx' flag is provided.
components/EventEditModal.tsx(201,29): error TS17004: Cannot use JSX unless the '--jsx' flag is provided.
components/EventFormModal.tsx(2,53): error TS2307: Cannot find module 'react' or its corresponding type declarations.
components/EventFormModal.tsx(3,113): error TS2307: Cannot find module 'react-native' or its corresponding type declarations.
components/EventFormModal.tsx(4,26): error TS2307: Cannot find module '@expo/vector-icons' or its corresponding type declarations.
components/EventFormModal.tsx(5,28): error TS2307: Cannot find module '@react-native-community/datetimepicker' or its corresponding type declarations.
components/EventFormModal.tsx(10,19): error TS2307: Cannot find module 'dayjs' or its corresponding type declarations.
components/EventFormModal.tsx(11,38): error TS6142: Module './RecurrenceScopeModal' was resolved to '/app/components/RecurrenceScopeModal.tsx', but '--jsx' is not set.
components/EventFormModal.tsx(13,32): error TS6142: Module './ui/TaskStatusIcon' was resolved to '/app/components/ui/TaskStatusIcon.tsx', but '--jsx' is not set.
components/EventFormModal.tsx(14,29): error TS6142: Module './ui/ColorPicker' was resolved to '/app/components/ui/ColorPicker.tsx', but '--jsx' is not set.
components/EventFormModal.tsx(17,40): error TS6142: Module './ui/AppButton' was resolved to '/app/components/ui/AppButton.tsx', but '--jsx' is not set.
components/EventFormModal.tsx(159,46): error TS2550: Property 'startsWith' does not exist on type 'string'. Do you need to change your target library? Try changing the 'lib' compiler option to 'es2015' or later.
components/EventFormModal.tsx(160,51): error TS2550: Property 'startsWith' does not exist on type 'string'. Do you need to change your target library? Try changing the 'lib' compiler option to 'es2015' or later.
components/EventFormModal.tsx(161,51): error TS2550: Property 'startsWith' does not exist on type 'string'. Do you need to change your target library? Try changing the 'lib' compiler option to 'es2015' or later.
components/EventFormModal.tsx(162,51): error TS2550: Property 'startsWith' does not exist on type 'string'. Do you need to change your target library? Try changing the 'lib' compiler option to 'es2015' or later.
components/EventFormModal.tsx(184,53): error TS2769: No overload matches this call.
  Overload 1 of 4, '(vd: VarDate): Date', gave the following error.
    Argument of type 'Date' is not assignable to parameter of type 'VarDate'.
      Property 'VarDate_typekey' is missing in type 'Date' but required in type 'VarDate'.
  Overload 2 of 4, '(value: string | number): Date', gave the following error.
    Argument of type 'Date' is not assignable to parameter of type 'string | number'.
components/EventFormModal.tsx(204,45): error TS7006: Parameter 't' implicitly has an 'any' type.
components/EventFormModal.tsx(218,52): error TS7006: Parameter 'r' implicitly has an 'any' type.
components/EventFormModal.tsx(220,32): error TS2705: An async function or method in ES5 requires the 'Promise' constructor.  Make sure you have a declaration for the 'Promise' constructor or include 'ES2015' in your '--lib' option.
components/EventFormModal.tsx(350,9): error TS17004: Cannot use JSX unless the '--jsx' flag is provided.
components/EventFormModal.tsx(351,13): error TS17004: Cannot use JSX unless the '--jsx' flag is provided.
components/EventFormModal.tsx(352,17): error TS17004: Cannot use JSX unless the '--jsx' flag is provided.
components/EventFormModal.tsx(355,21): error TS17004: Cannot use JSX unless the '--jsx' flag is provided.
components/EventFormModal.tsx(356,25): error TS17004: Cannot use JSX unless the '--jsx' flag is provided.
components/EventFormModal.tsx(359,25): error TS17004: Cannot use JSX unless the '--jsx' flag is provided.
components/EventFormModal.tsx(363,21): error TS17004: Cannot use JSX unless the '--jsx' flag is provided.
components/EventFormModal.tsx(365,29): error TS17004: Cannot use JSX unless the '--jsx' flag is provided.
components/EventFormModal.tsx(366,33): error TS2322: Type '{ key: "event" | "zone" | "reminder" | "alarm"; title: "event" | "zone" | "reminder" | "alarm"; variant: "ghost"; size: "sm"; rounding: "md"; selected: boolean; onPress: () => any; flex: true; style: { ...; } | { ...; }; textStyle: { ...; }; }' is not assignable to type 'AppButtonProps'.
  Property 'key' does not exist on type 'AppButtonProps'.
components/EventFormModal.tsx(381,25): error TS17004: Cannot use JSX unless the '--jsx' flag is provided.
components/EventFormModal.tsx(382,29): error TS17004: Cannot use JSX unless the '--jsx' flag is provided.
components/EventFormModal.tsx(384,33): error TS17004: Cannot use JSX unless the '--jsx' flag is provided.
components/EventFormModal.tsx(385,37): error TS17004: Cannot use JSX unless the '--jsx' flag is provided.
components/EventFormModal.tsx(386,37): error TS17004: Cannot use JSX unless the '--jsx' flag is provided.
components/EventFormModal.tsx(398,37): error TS17004: Cannot use JSX unless the '--jsx' flag is provided.
components/EventFormModal.tsx(399,41): error TS17004: Cannot use JSX unless the '--jsx' flag is provided.
components/EventFormModal.tsx(408,37): error TS17004: Cannot use JSX unless the '--jsx' flag is provided.
components/EventFormModal.tsx(409,41): error TS17004: Cannot use JSX unless the '--jsx' flag is provided.
components/EventFormModal.tsx(410,41): error TS17004: Cannot use JSX unless the '--jsx' flag is provided.
components/EventFormModal.tsx(423,33): error TS17004: Cannot use JSX unless the '--jsx' flag is provided.
components/EventFormModal.tsx(424,37): error TS17004: Cannot use JSX unless the '--jsx' flag is provided.
components/EventFormModal.tsx(427,37): error TS17004: Cannot use JSX unless the '--jsx' flag is provided.
components/EventFormModal.tsx(428,41): error TS17004: Cannot use JSX unless the '--jsx' flag is provided.
components/EventFormModal.tsx(432,45): error TS17004: Cannot use JSX unless the '--jsx' flag is provided.
components/EventFormModal.tsx(433,49): error TS17004: Cannot use JSX unless the '--jsx' flag is provided.
components/EventFormModal.tsx(434,49): error TS17004: Cannot use JSX unless the '--jsx' flag is provided.
components/EventFormModal.tsx(438,45): error TS17004: Cannot use JSX unless the '--jsx' flag is provided.
components/EventFormModal.tsx(441,41): error TS17004: Cannot use JSX unless the '--jsx' flag is provided.
components/EventFormModal.tsx(449,45): error TS17004: Cannot use JSX unless the '--jsx' flag is provided.
components/EventFormModal.tsx(455,41): error TS17004: Cannot use JSX unless the '--jsx' flag is provided.
components/EventFormModal.tsx(456,45): error TS17004: Cannot use JSX unless the '--jsx' flag is provided.
components/EventFormModal.tsx(460,49): error TS17004: Cannot use JSX unless the '--jsx' flag is provided.
components/EventFormModal.tsx(461,53): error TS17004: Cannot use JSX unless the '--jsx' flag is provided.
components/EventFormModal.tsx(462,53): error TS17004: Cannot use JSX unless the '--jsx' flag is provided.
components/EventFormModal.tsx(474,49): error TS17004: Cannot use JSX unless the '--jsx' flag is provided.
components/EventFormModal.tsx(476,57): error TS17004: Cannot use JSX unless the '--jsx' flag is provided.
components/EventFormModal.tsx(478,65): error TS17004: Cannot use JSX unless the '--jsx' flag is provided.
components/EventFormModal.tsx(483,69): error TS17004: Cannot use JSX unless the '--jsx' flag is provided.
components/EventFormModal.tsx(486,61): error TS17004: Cannot use JSX unless the '--jsx' flag is provided.
components/EventFormModal.tsx(494,65): error TS17004: Cannot use JSX unless the '--jsx' flag is provided.
components/EventFormModal.tsx(498,57): error TS17004: Cannot use JSX unless the '--jsx' flag is provided.
components/EventFormModal.tsx(502,61): error TS17004: Cannot use JSX unless the '--jsx' flag is provided.
components/EventFormModal.tsx(503,61): error TS17004: Cannot use JSX unless the '--jsx' flag is provided.
components/EventFormModal.tsx(513,41): error TS17004: Cannot use JSX unless the '--jsx' flag is provided.
components/EventFormModal.tsx(514,45): error TS17004: Cannot use JSX unless the '--jsx' flag is provided.
components/EventFormModal.tsx(518,49): error TS17004: Cannot use JSX unless the '--jsx' flag is provided.
components/EventFormModal.tsx(519,53): error TS17004: Cannot use JSX unless the '--jsx' flag is provided.
components/EventFormModal.tsx(520,53): error TS17004: Cannot use JSX unless the '--jsx' flag is provided.
components/EventFormModal.tsx(521,57): error TS17004: Cannot use JSX unless the '--jsx' flag is provided.
components/EventFormModal.tsx(522,57): error TS17004: Cannot use JSX unless the '--jsx' flag is provided.
components/EventFormModal.tsx(531,49): error TS17004: Cannot use JSX unless the '--jsx' flag is provided.
components/EventFormModal.tsx(538,41): error TS17004: Cannot use JSX unless the '--jsx' flag is provided.
components/EventFormModal.tsx(539,45): error TS17004: Cannot use JSX unless the '--jsx' flag is provided.
components/EventFormModal.tsx(545,53): error TS17004: Cannot use JSX unless the '--jsx' flag is provided.
components/EventFormModal.tsx(547,53): error TS17004: Cannot use JSX unless the '--jsx' flag is provided.
components/EventFormModal.tsx(550,45): error TS17004: Cannot use JSX unless the '--jsx' flag is provided.
components/EventFormModal.tsx(556,53): error TS17004: Cannot use JSX unless the '--jsx' flag is provided.
components/EventFormModal.tsx(558,53): error TS17004: Cannot use JSX unless the '--jsx' flag is provided.
components/EventFormModal.tsx(566,41): error TS17004: Cannot use JSX unless the '--jsx' flag is provided.
components/EventFormModal.tsx(567,45): error TS17004: Cannot use JSX unless the '--jsx' flag is provided.
components/EventFormModal.tsx(568,49): error TS17004: Cannot use JSX unless the '--jsx' flag is provided.
components/EventFormModal.tsx(569,49): error TS17004: Cannot use JSX unless the '--jsx' flag is provided.
components/EventFormModal.tsx(570,53): error TS17004: Cannot use JSX unless the '--jsx' flag is provided.
components/EventFormModal.tsx(571,53): error TS17004: Cannot use JSX unless the '--jsx' flag is provided.
components/EventFormModal.tsx(574,45): error TS17004: Cannot use JSX unless the '--jsx' flag is provided.
components/EventFormModal.tsx(585,41): error TS17004: Cannot use JSX unless the '--jsx' flag is provided.
components/EventFormModal.tsx(586,45): error TS17004: Cannot use JSX unless the '--jsx' flag is provided.
components/EventFormModal.tsx(587,49): error TS17004: Cannot use JSX unless the '--jsx' flag is provided.
components/EventFormModal.tsx(588,49): error TS17004: Cannot use JSX unless the '--jsx' flag is provided.
components/EventFormModal.tsx(590,45): error TS17004: Cannot use JSX unless the '--jsx' flag is provided.
components/EventFormModal.tsx(600,37): error TS17004: Cannot use JSX unless the '--jsx' flag is provided.
components/EventFormModal.tsx(601,41): error TS17004: Cannot use JSX unless the '--jsx' flag is provided.
components/EventFormModal.tsx(602,41): error TS17004: Cannot use JSX unless the '--jsx' flag is provided.
components/EventFormModal.tsx(604,49): error TS17004: Cannot use JSX unless the '--jsx' flag is provided.
components/EventFormModal.tsx(612,53): error TS17004: Cannot use JSX unless the '--jsx' flag is provided.
components/EventFormModal.tsx(621,45): error TS17004: Cannot use JSX unless the '--jsx' flag is provided.
components/EventFormModal.tsx(622,49): error TS17004: Cannot use JSX unless the '--jsx' flag is provided.
components/EventFormModal.tsx(623,49): error TS17004: Cannot use JSX unless the '--jsx' flag is provided.
components/EventFormModal.tsx(630,49): error TS17004: Cannot use JSX unless the '--jsx' flag is provided.
components/EventFormModal.tsx(641,41): error TS17004: Cannot use JSX unless the '--jsx' flag is provided.
components/EventFormModal.tsx(642,45): error TS17004: Cannot use JSX unless the '--jsx' flag is provided.
components/EventFormModal.tsx(646,49): error TS17004: Cannot use JSX unless the '--jsx' flag is provided.
components/EventFormModal.tsx(647,49): error TS17004: Cannot use JSX unless the '--jsx' flag is provided.
components/EventFormModal.tsx(651,49): error TS17004: Cannot use JSX unless the '--jsx' flag is provided.
components/EventFormModal.tsx(652,53): error TS17004: Cannot use JSX unless the '--jsx' flag is provided.
components/EventFormModal.tsx(653,53): error TS17004: Cannot use JSX unless the '--jsx' flag is provided.
components/EventFormModal.tsx(667,41): error TS17004: Cannot use JSX unless the '--jsx' flag is provided.
components/EventFormModal.tsx(672,56): error TS7006: Parameter 'event' implicitly has an 'any' type.
components/EventFormModal.tsx(672,63): error TS7006: Parameter 'selectedDate' implicitly has an 'any' type.
components/EventFormModal.tsx(685,41): error TS17004: Cannot use JSX unless the '--jsx' flag is provided.
components/EventFormModal.tsx(690,56): error TS7006: Parameter 'event' implicitly has an 'any' type.
components/EventFormModal.tsx(690,63): error TS7006: Parameter 'selectedDate' implicitly has an 'any' type.
components/EventFormModal.tsx(716,37): error TS17004: Cannot use JSX unless the '--jsx' flag is provided.
components/EventFormModal.tsx(717,41): error TS17004: Cannot use JSX unless the '--jsx' flag is provided.
components/EventFormModal.tsx(718,41): error TS17004: Cannot use JSX unless the '--jsx' flag is provided.
components/EventFormModal.tsx(719,63): error TS7006: Parameter 't' implicitly has an 'any' type.
components/EventFormModal.tsx(719,66): error TS7006: Parameter 'i' implicitly has an 'any' type.
components/EventFormModal.tsx(720,49): error TS17004: Cannot use JSX unless the '--jsx' flag is provided.
components/EventFormModal.tsx(725,53): error TS17004: Cannot use JSX unless the '--jsx' flag is provided.
components/EventFormModal.tsx(726,53): error TS17004: Cannot use JSX unless the '--jsx' flag is provided.
components/EventFormModal.tsx(727,57): error TS17004: Cannot use JSX unless the '--jsx' flag is provided.
components/EventFormModal.tsx(732,57): error TS17004: Cannot use JSX unless the '--jsx' flag is provided.
components/EventFormModal.tsx(741,29): error TS17004: Cannot use JSX unless the '--jsx' flag is provided.
components/EventFormModal.tsx(742,33): error TS17004: Cannot use JSX unless the '--jsx' flag is provided.
components/EventFormModal.tsx(751,37): error TS17004: Cannot use JSX unless the '--jsx' flag is provided.
components/EventFormModal.tsx(760,33): error TS17004: Cannot use JSX unless the '--jsx' flag is provided.
components/EventFormModal.tsx(770,25): error TS17004: Cannot use JSX unless the '--jsx' flag is provided.
components/ForecastSection.tsx(1,44): error TS2307: Cannot find module 'react' or its corresponding type declarations.
components/ForecastSection.tsx(2,53): error TS2307: Cannot find module 'react-native' or its corresponding type declarations.
components/ForecastSection.tsx(3,26): error TS2307: Cannot find module '@expo/vector-icons' or its corresponding type declarations.
components/ForecastSection.tsx(4,19): error TS2307: Cannot find module 'dayjs' or its corresponding type declarations.
components/ForecastSection.tsx(5,28): error TS2307: Cannot find module 'expo-clipboard' or its corresponding type declarations.
components/ForecastSection.tsx(6,19): error TS2307: Cannot find module 'react-native-toast-message' or its corresponding type declarations.
components/ForecastSection.tsx(9,30): error TS6142: Module './ui/MarkdownView' was resolved to '/app/components/ui/MarkdownView.tsx', but '--jsx' is not set.
components/ForecastSection.tsx(10,29): error TS6142: Module './ui/JulesLoader' was resolved to '/app/components/ui/JulesLoader.tsx', but '--jsx' is not set.
components/ForecastSection.tsx(25,28): error TS2705: An async function or method in ES5 requires the 'Promise' constructor.  Make sure you have a declaration for the 'Promise' constructor or include 'ES2015' in your '--lib' option.
components/ForecastSection.tsx(40,24): error TS2705: An async function or method in ES5 requires the 'Promise' constructor.  Make sure you have a declaration for the 'Promise' constructor or include 'ES2015' in your '--lib' option.
components/ForecastSection.tsx(66,13): error TS17004: Cannot use JSX unless the '--jsx' flag is provided.
components/ForecastSection.tsx(67,17): error TS17004: Cannot use JSX unless the '--jsx' flag is provided.
components/ForecastSection.tsx(74,13): error TS17004: Cannot use JSX unless the '--jsx' flag is provided.
components/ForecastSection.tsx(75,17): error TS17004: Cannot use JSX unless the '--jsx' flag is provided.
components/ForecastSection.tsx(76,21): error TS17004: Cannot use JSX unless the '--jsx' flag is provided.
components/ForecastSection.tsx(77,21): error TS17004: Cannot use JSX unless the '--jsx' flag is provided.
components/ForecastSection.tsx(79,17): error TS17004: Cannot use JSX unless the '--jsx' flag is provided.
components/ForecastSection.tsx(80,17): error TS17004: Cannot use JSX unless the '--jsx' flag is provided.
components/ForecastSection.tsx(81,21): error TS17004: Cannot use JSX unless the '--jsx' flag is provided.
components/ForecastSection.tsx(90,9): error TS17004: Cannot use JSX unless the '--jsx' flag is provided.
components/ForecastSection.tsx(91,13): error TS17004: Cannot use JSX unless the '--jsx' flag is provided.
components/ForecastSection.tsx(92,17): error TS17004: Cannot use JSX unless the '--jsx' flag is provided.
components/ForecastSection.tsx(93,21): error TS17004: Cannot use JSX unless the '--jsx' flag is provided.
components/ForecastSection.tsx(94,25): error TS17004: Cannot use JSX unless the '--jsx' flag is provided.
components/ForecastSection.tsx(96,21): error TS17004: Cannot use JSX unless the '--jsx' flag is provided.
components/ForecastSection.tsx(98,17): error TS17004: Cannot use JSX unless the '--jsx' flag is provided.
components/ForecastSection.tsx(99,21): error TS17004: Cannot use JSX unless the '--jsx' flag is provided.
components/ForecastSection.tsx(103,25): error TS17004: Cannot use JSX unless the '--jsx' flag is provided.
components/ForecastSection.tsx(105,21): error TS17004: Cannot use JSX unless the '--jsx' flag is provided.
components/ForecastSection.tsx(109,25): error TS17004: Cannot use JSX unless the '--jsx' flag is provided.
components/ForecastSection.tsx(113,13): error TS17004: Cannot use JSX unless the '--jsx' flag is provided.
components/GlobalAlerts.tsx(1,19): error TS2307: Cannot find module 'react' or its corresponding type declarations.
components/GlobalAlerts.tsx(3,28): error TS6142: Module './ui/AlertModal' was resolved to '/app/components/ui/AlertModal.tsx', but '--jsx' is not set.
components/GlobalAlerts.tsx(4,28): error TS6142: Module './ui/ErrorModal' was resolved to '/app/components/ui/ErrorModal.tsx', but '--jsx' is not set.
components/GlobalAlerts.tsx(10,9): error TS17004: Cannot use JSX unless the '--jsx' flag is provided.
components/GlobalAlerts.tsx(11,13): error TS17004: Cannot use JSX unless the '--jsx' flag is provided.
components/GlobalAlerts.tsx(18,13): error TS17004: Cannot use JSX unless the '--jsx' flag is provided.
components/HabitModal.tsx(1,44): error TS2307: Cannot find module 'react' or its corresponding type declarations.
components/HabitModal.tsx(2,108): error TS2307: Cannot find module 'react-native' or its corresponding type declarations.
components/HabitModal.tsx(3,26): error TS2307: Cannot find module '@expo/vector-icons' or its corresponding type declarations.
components/HabitModal.tsx(4,24): error TS6142: Module './ui/Button' was resolved to '/app/components/ui/Button.tsx', but '--jsx' is not set.
components/HabitModal.tsx(6,29): error TS6142: Module './ui/ColorPicker' was resolved to '/app/components/ui/ColorPicker.tsx', but '--jsx' is not set.
components/HabitModal.tsx(8,28): error TS6142: Module './ui/IconPicker' was resolved to '/app/components/ui/IconPicker.tsx', but '--jsx' is not set.
components/HabitModal.tsx(9,29): error TS6142: Module './ui/AppButton' was resolved to '/app/components/ui/AppButton.tsx', but '--jsx' is not set.
components/HabitModal.tsx(49,9): error TS17004: Cannot use JSX unless the '--jsx' flag is provided.
components/HabitModal.tsx(50,13): error TS17004: Cannot use JSX unless the '--jsx' flag is provided.
components/HabitModal.tsx(54,17): error TS17004: Cannot use JSX unless the '--jsx' flag is provided.
components/HabitModal.tsx(55,21): error TS17004: Cannot use JSX unless the '--jsx' flag is provided.
components/HabitModal.tsx(56,25): error TS17004: Cannot use JSX unless the '--jsx' flag is provided.
components/HabitModal.tsx(59,25): error TS17004: Cannot use JSX unless the '--jsx' flag is provided.
components/HabitModal.tsx(62,21): error TS17004: Cannot use JSX unless the '--jsx' flag is provided.
components/HabitModal.tsx(63,25): error TS17004: Cannot use JSX unless the '--jsx' flag is provided.
components/HabitModal.tsx(64,29): error TS17004: Cannot use JSX unless the '--jsx' flag is provided.
components/HabitModal.tsx(65,29): error TS17004: Cannot use JSX unless the '--jsx' flag is provided.
components/HabitModal.tsx(75,25): error TS17004: Cannot use JSX unless the '--jsx' flag is provided.
components/HabitModal.tsx(76,29): error TS17004: Cannot use JSX unless the '--jsx' flag is provided.
components/HabitModal.tsx(83,25): error TS17004: Cannot use JSX unless the '--jsx' flag is provided.
components/HabitModal.tsx(84,29): error TS17004: Cannot use JSX unless the '--jsx' flag is provided.
components/HabitModal.tsx(91,25): error TS17004: Cannot use JSX unless the '--jsx' flag is provided.
components/HabitModal.tsx(96,25): error TS17004: Cannot use JSX unless the '--jsx' flag is provided.
components/MoodEvaluationModal.tsx(1,44): error TS2307: Cannot find module 'react' or its corresponding type declarations.
components/MoodEvaluationModal.tsx(2,108): error TS2307: Cannot find module 'react-native' or its corresponding type declarations.
components/MoodEvaluationModal.tsx(4,26): error TS2307: Cannot find module '@expo/vector-icons' or its corresponding type declarations.
components/MoodEvaluationModal.tsx(5,19): error TS2307: Cannot find module 'dayjs' or its corresponding type declarations.
components/MoodEvaluationModal.tsx(9,33): error TS6142: Module './ForecastSection' was resolved to '/app/components/ForecastSection.tsx', but '--jsx' is not set.
components/MoodEvaluationModal.tsx(11,40): error TS6142: Module './ui/AppButton' was resolved to '/app/components/ui/AppButton.tsx', but '--jsx' is not set.
components/MoodEvaluationModal.tsx(37,40): error TS7006: Parameter 'h' implicitly has an 'any' type.
components/MoodEvaluationModal.tsx(52,34): error TS7006: Parameter 'h' implicitly has an 'any' type.
components/MoodEvaluationModal.tsx(75,9): error TS17004: Cannot use JSX unless the '--jsx' flag is provided.
components/MoodEvaluationModal.tsx(76,13): error TS17004: Cannot use JSX unless the '--jsx' flag is provided.
components/MoodEvaluationModal.tsx(80,17): error TS17004: Cannot use JSX unless the '--jsx' flag is provided.
components/MoodEvaluationModal.tsx(81,21): error TS17004: Cannot use JSX unless the '--jsx' flag is provided.
components/MoodEvaluationModal.tsx(82,25): error TS17004: Cannot use JSX unless the '--jsx' flag is provided.
components/MoodEvaluationModal.tsx(83,29): error TS17004: Cannot use JSX unless the '--jsx' flag is provided.
components/MoodEvaluationModal.tsx(86,29): error TS17004: Cannot use JSX unless the '--jsx' flag is provided.
components/MoodEvaluationModal.tsx(90,25): error TS17004: Cannot use JSX unless the '--jsx' flag is provided.
components/MoodEvaluationModal.tsx(93,21): error TS17004: Cannot use JSX unless the '--jsx' flag is provided.
components/MoodEvaluationModal.tsx(95,21): error TS17004: Cannot use JSX unless the '--jsx' flag is provided.
components/MoodEvaluationModal.tsx(97,21): error TS17004: Cannot use JSX unless the '--jsx' flag is provided.
components/MoodEvaluationModal.tsx(101,33): error TS17004: Cannot use JSX unless the '--jsx' flag is provided.
components/MoodEvaluationModal.tsx(112,37): error TS17004: Cannot use JSX unless the '--jsx' flag is provided.
components/MoodEvaluationModal.tsx(119,26): error TS17004: Cannot use JSX unless the '--jsx' flag is provided.
components/MoodEvaluationModal.tsx(124,21): error TS17004: Cannot use JSX unless the '--jsx' flag is provided.
components/MoodEvaluationModal.tsx(125,21): error TS17004: Cannot use JSX unless the '--jsx' flag is provided.
components/MoodEvaluationModal.tsx(136,25): error TS17004: Cannot use JSX unless the '--jsx' flag is provided.
components/MoodEvaluationModal.tsx(137,29): error TS17004: Cannot use JSX unless the '--jsx' flag is provided.
components/MoodEvaluationModal.tsx(138,29): error TS17004: Cannot use JSX unless the '--jsx' flag is provided.
components/MoodEvaluationModal.tsx(139,51): error TS7006: Parameter 'habit' implicitly has an 'any' type.
components/MoodEvaluationModal.tsx(142,41): error TS17004: Cannot use JSX unless the '--jsx' flag is provided.
components/MoodEvaluationModal.tsx(144,77): error TS7006: Parameter 'prev' implicitly has an 'any' type.
components/MoodEvaluationModal.tsx(149,45): error TS17004: Cannot use JSX unless the '--jsx' flag is provided.
components/MoodEvaluationModal.tsx(154,45): error TS17004: Cannot use JSX unless the '--jsx' flag is provided.
components/MoodEvaluationModal.tsx(158,49): error TS17004: Cannot use JSX unless the '--jsx' flag is provided.
components/MoodEvaluationModal.tsx(159,53): error TS17004: Cannot use JSX unless the '--jsx' flag is provided.
components/MoodEvaluationModal.tsx(169,21): error TS17004: Cannot use JSX unless the '--jsx' flag is provided.
components/MoodEvaluationModal.tsx(170,25): error TS17004: Cannot use JSX unless the '--jsx' flag is provided.
components/MoodEvaluationModal.tsx(177,25): error TS17004: Cannot use JSX unless the '--jsx' flag is provided.
components/RecurrenceScopeModal.tsx(1,19): error TS2307: Cannot find module 'react' or its corresponding type declarations.
components/RecurrenceScopeModal.tsx(2,53): error TS2307: Cannot find module 'react-native' or its corresponding type declarations.
components/RecurrenceScopeModal.tsx(3,26): error TS2307: Cannot find module '@expo/vector-icons' or its corresponding type declarations.
components/RecurrenceScopeModal.tsx(22,9): error TS17004: Cannot use JSX unless the '--jsx' flag is provided.
components/RecurrenceScopeModal.tsx(23,13): error TS17004: Cannot use JSX unless the '--jsx' flag is provided.
components/RecurrenceScopeModal.tsx(24,17): error TS17004: Cannot use JSX unless the '--jsx' flag is provided.
components/RecurrenceScopeModal.tsx(25,21): error TS17004: Cannot use JSX unless the '--jsx' flag is provided.
components/RecurrenceScopeModal.tsx(27,21): error TS17004: Cannot use JSX unless the '--jsx' flag is provided.
components/RecurrenceScopeModal.tsx(31,21): error TS17004: Cannot use JSX unless the '--jsx' flag is provided.
components/RecurrenceScopeModal.tsx(32,25): error TS17004: Cannot use JSX unless the '--jsx' flag is provided.
components/RecurrenceScopeModal.tsx(36,29): error TS17004: Cannot use JSX unless the '--jsx' flag is provided.
components/RecurrenceScopeModal.tsx(37,29): error TS17004: Cannot use JSX unless the '--jsx' flag is provided.
components/RecurrenceScopeModal.tsx(40,25): error TS17004: Cannot use JSX unless the '--jsx' flag is provided.
components/RecurrenceScopeModal.tsx(44,29): error TS17004: Cannot use JSX unless the '--jsx' flag is provided.
components/RecurrenceScopeModal.tsx(45,29): error TS17004: Cannot use JSX unless the '--jsx' flag is provided.
components/RecurrenceScopeModal.tsx(48,25): error TS17004: Cannot use JSX unless the '--jsx' flag is provided.
components/RecurrenceScopeModal.tsx(52,29): error TS17004: Cannot use JSX unless the '--jsx' flag is provided.
components/RecurrenceScopeModal.tsx(53,29): error TS17004: Cannot use JSX unless the '--jsx' flag is provided.
components/RecurrenceScopeModal.tsx(56,25): error TS17004: Cannot use JSX unless the '--jsx' flag is provided.
components/RecurrenceScopeModal.tsx(60,29): error TS17004: Cannot use JSX unless the '--jsx' flag is provided.
components/ReminderModal.tsx(1,102): error TS2307: Cannot find module 'react-native' or its corresponding type declarations.
components/ReminderModal.tsx(2,26): error TS2307: Cannot find module '@expo/vector-icons' or its corresponding type declarations.
components/ReminderModal.tsx(3,37): error TS2307: Cannot find module 'react' or its corresponding type declarations.
components/ReminderModal.tsx(4,23): error TS2307: Cannot find module 'expo-av' or its corresponding type declarations.
components/ReminderModal.tsx(5,28): error TS2307: Cannot find module '@react-native-community/datetimepicker' or its corresponding type declarations.
components/ReminderModal.tsx(8,33): error TS6142: Module './ui/LongPressButton' was resolved to '/app/components/ui/LongPressButton.tsx', but '--jsx' is not set.
components/ReminderModal.tsx(9,19): error TS2307: Cannot find module 'react-native-toast-message' or its corresponding type declarations.
components/ReminderModal.tsx(10,32): error TS6142: Module './ui/LinkAttachment' was resolved to '/app/components/ui/LinkAttachment.tsx', but '--jsx' is not set.
components/ReminderModal.tsx(40,34): error TS2583: Cannot find name 'Set'. Do you need to change your target library? Try changing the 'lib' compiler option to 'es2015' or later.
components/ReminderModal.tsx(41,26): error TS2705: An async function or method in ES5 requires the 'Promise' constructor.  Make sure you have a declaration for the 'Promise' constructor or include 'ES2015' in your '--lib' option.
components/ReminderModal.tsx(45,41): error TS7006: Parameter 'prev' implicitly has an 'any' type.
components/ReminderModal.tsx(55,28): error TS2705: An async function or method in ES5 requires the 'Promise' constructor.  Make sure you have a declaration for the 'Promise' constructor or include 'ES2015' in your '--lib' option.
components/ReminderModal.tsx(62,34): error TS2705: An async function or method in ES5 requires the 'Promise' constructor.  Make sure you have a declaration for the 'Promise' constructor or include 'ES2015' in your '--lib' option.
components/ReminderModal.tsx(68,25): error TS2705: An async function or method in ES5 requires the 'Promise' constructor.  Make sure you have a declaration for the 'Promise' constructor or include 'ES2015' in your '--lib' option.
components/ReminderModal.tsx(72,24): error TS2705: An async function or method in ES5 requires the 'Promise' constructor.  Make sure you have a declaration for the 'Promise' constructor or include 'ES2015' in your '--lib' option.
components/ReminderModal.tsx(89,32): error TS2705: An async function or method in ES5 requires the 'Promise' constructor.  Make sure you have a declaration for the 'Promise' constructor or include 'ES2015' in your '--lib' option.
components/ReminderModal.tsx(115,22): error TS2503: Cannot find namespace 'React'.
components/ReminderModal.tsx(141,21): error TS17004: Cannot use JSX unless the '--jsx' flag is provided.
components/ReminderModal.tsx(171,25): error TS17004: Cannot use JSX unless the '--jsx' flag is provided.
components/ReminderModal.tsx(172,29): error TS17004: Cannot use JSX unless the '--jsx' flag is provided.
components/ReminderModal.tsx(180,21): error TS17004: Cannot use JSX unless the '--jsx' flag is provided.
components/ReminderModal.tsx(181,25): error TS17004: Cannot use JSX unless the '--jsx' flag is provided.
components/ReminderModal.tsx(201,21): error TS17004: Cannot use JSX unless the '--jsx' flag is provided.
components/ReminderModal.tsx(202,26): error TS17004: Cannot use JSX unless the '--jsx' flag is provided.
components/ReminderModal.tsx(211,21): error TS17004: Cannot use JSX unless the '--jsx' flag is provided.
components/ReminderModal.tsx(212,25): error TS17004: Cannot use JSX unless the '--jsx' flag is provided.
components/ReminderModal.tsx(222,17): error TS17004: Cannot use JSX unless the '--jsx' flag is provided.
components/ReminderModal.tsx(228,44): error TS17004: Cannot use JSX unless the '--jsx' flag is provided.
components/ReminderModal.tsx(234,9): error TS17004: Cannot use JSX unless the '--jsx' flag is provided.
components/ReminderModal.tsx(242,13): error TS17004: Cannot use JSX unless the '--jsx' flag is provided.
components/ReminderModal.tsx(243,17): error TS17004: Cannot use JSX unless the '--jsx' flag is provided.
components/ReminderModal.tsx(245,21): error TS17004: Cannot use JSX unless the '--jsx' flag is provided.
components/ReminderModal.tsx(246,25): error TS17004: Cannot use JSX unless the '--jsx' flag is provided.
components/ReminderModal.tsx(247,29): error TS17004: Cannot use JSX unless the '--jsx' flag is provided.
components/ReminderModal.tsx(249,25): error TS17004: Cannot use JSX unless the '--jsx' flag is provided.
components/ReminderModal.tsx(250,29): error TS17004: Cannot use JSX unless the '--jsx' flag is provided.
components/ReminderModal.tsx(251,29): error TS17004: Cannot use JSX unless the '--jsx' flag is provided.
components/ReminderModal.tsx(264,21): error TS17004: Cannot use JSX unless the '--jsx' flag is provided.
components/ReminderModal.tsx(265,25): error TS17004: Cannot use JSX unless the '--jsx' flag is provided.
components/ReminderModal.tsx(268,25): error TS17004: Cannot use JSX unless the '--jsx' flag is provided.
components/ReminderModal.tsx(275,21): error TS17004: Cannot use JSX unless the '--jsx' flag is provided.
components/ReminderModal.tsx(279,29): error TS17004: Cannot use JSX unless the '--jsx' flag is provided.
components/ReminderModal.tsx(280,33): error TS17004: Cannot use JSX unless the '--jsx' flag is provided.
components/ReminderModal.tsx(281,38): error TS17004: Cannot use JSX unless the '--jsx' flag is provided.
components/ReminderModal.tsx(285,41): error TS17004: Cannot use JSX unless the '--jsx' flag is provided.
components/ReminderModal.tsx(286,41): error TS17004: Cannot use JSX unless the '--jsx' flag is provided.
components/ReminderModal.tsx(291,33): error TS17004: Cannot use JSX unless the '--jsx' flag is provided.
components/ReminderModal.tsx(293,50): error TS2705: An async function or method in ES5 requires the 'Promise' constructor.  Make sure you have a declaration for the 'Promise' constructor or include 'ES2015' in your '--lib' option.
components/ReminderModal.tsx(311,29): error TS17004: Cannot use JSX unless the '--jsx' flag is provided.
components/ReminderModal.tsx(312,33): error TS17004: Cannot use JSX unless the '--jsx' flag is provided.
components/ReminderModal.tsx(313,37): error TS17004: Cannot use JSX unless the '--jsx' flag is provided.
components/ReminderModal.tsx(314,37): error TS17004: Cannot use JSX unless the '--jsx' flag is provided.
components/ReminderModal.tsx(315,41): error TS17004: Cannot use JSX unless the '--jsx' flag is provided.
components/ReminderModal.tsx(319,33): error TS17004: Cannot use JSX unless the '--jsx' flag is provided.
components/ReminderModal.tsx(321,41): error TS17004: Cannot use JSX unless the '--jsx' flag is provided.
components/ReminderModal.tsx(327,45): error TS17004: Cannot use JSX unless the '--jsx' flag is provided.
components/ReminderModal.tsx(332,33): error TS17004: Cannot use JSX unless the '--jsx' flag is provided.
components/ReminderModal.tsx(339,37): error TS17004: Cannot use JSX unless the '--jsx' flag is provided.
components/ReminderModal.tsx(340,37): error TS17004: Cannot use JSX unless the '--jsx' flag is provided.
components/ReminderModal.tsx(347,29): error TS17004: Cannot use JSX unless the '--jsx' flag is provided.
components/ReminderModal.tsx(348,33): error TS17004: Cannot use JSX unless the '--jsx' flag is provided.
components/ReminderModal.tsx(350,33): error TS17004: Cannot use JSX unless the '--jsx' flag is provided.
components/ReminderModal.tsx(351,37): error TS17004: Cannot use JSX unless the '--jsx' flag is provided.
components/ReminderModal.tsx(355,41): error TS17004: Cannot use JSX unless the '--jsx' flag is provided.
components/ReminderModal.tsx(356,41): error TS17004: Cannot use JSX unless the '--jsx' flag is provided.
components/ReminderModal.tsx(361,37): error TS17004: Cannot use JSX unless the '--jsx' flag is provided.
components/ReminderModal.tsx(365,41): error TS17004: Cannot use JSX unless the '--jsx' flag is provided.
components/ReminderModal.tsx(366,41): error TS17004: Cannot use JSX unless the '--jsx' flag is provided.
components/ReminderModal.tsx(377,37): error TS17004: Cannot use JSX unless the '--jsx' flag is provided.
components/ReminderModal.tsx(381,52): error TS7006: Parameter 'event' implicitly has an 'any' type.
components/ReminderModal.tsx(381,59): error TS7006: Parameter 'selectedDate' implicitly has an 'any' type.
components/ReminderModal.tsx(394,37): error TS17004: Cannot use JSX unless the '--jsx' flag is provided.
components/ReminderModal.tsx(399,52): error TS7006: Parameter 'event' implicitly has an 'any' type.
components/ReminderModal.tsx(399,59): error TS7006: Parameter 'selectedDate' implicitly has an 'any' type.
components/ReminderModal.tsx(411,33): error TS17004: Cannot use JSX unless the '--jsx' flag is provided.
components/ReminderModal.tsx(412,37): error TS17004: Cannot use JSX unless the '--jsx' flag is provided.
components/ReminderModal.tsx(416,41): error TS17004: Cannot use JSX unless the '--jsx' flag is provided.
components/ReminderModal.tsx(418,37): error TS17004: Cannot use JSX unless the '--jsx' flag is provided.
components/ReminderModal.tsx(422,41): error TS17004: Cannot use JSX unless the '--jsx' flag is provided.
components/RescheduleModal.tsx(1,19): error TS2307: Cannot find module 'react' or its corresponding type declarations.
components/RescheduleModal.tsx(2,53): error TS2307: Cannot find module 'react-native' or its corresponding type declarations.
components/RescheduleModal.tsx(3,26): error TS2307: Cannot find module '@expo/vector-icons' or its corresponding type declarations.
components/RescheduleModal.tsx(20,9): error TS17004: Cannot use JSX unless the '--jsx' flag is provided.
components/RescheduleModal.tsx(21,13): error TS17004: Cannot use JSX unless the '--jsx' flag is provided.
components/RescheduleModal.tsx(22,17): error TS17004: Cannot use JSX unless the '--jsx' flag is provided.
components/RescheduleModal.tsx(23,21): error TS17004: Cannot use JSX unless the '--jsx' flag is provided.
components/RescheduleModal.tsx(25,21): error TS17004: Cannot use JSX unless the '--jsx' flag is provided.
components/RescheduleModal.tsx(29,21): error TS17004: Cannot use JSX unless the '--jsx' flag is provided.
components/RescheduleModal.tsx(31,29): error TS17004: Cannot use JSX unless the '--jsx' flag is provided.
components/RescheduleModal.tsx(35,33): error TS17004: Cannot use JSX unless the '--jsx' flag is provided.
components/RescheduleModal.tsx(36,37): error TS17004: Cannot use JSX unless the '--jsx' flag is provided.
components/RescheduleModal.tsx(37,37): error TS17004: Cannot use JSX unless the '--jsx' flag is provided.
components/RescheduleModal.tsx(39,33): error TS17004: Cannot use JSX unless the '--jsx' flag is provided.
components/RescheduleModal.tsx(43,25): error TS17004: Cannot use JSX unless the '--jsx' flag is provided.
components/RescheduleModal.tsx(47,29): error TS17004: Cannot use JSX unless the '--jsx' flag is provided.
components/RescheduleModal.tsx(48,33): error TS17004: Cannot use JSX unless the '--jsx' flag is provided.
components/RescheduleModal.tsx(49,33): error TS17004: Cannot use JSX unless the '--jsx' flag is provided.
components/RescheduleModal.tsx(51,29): error TS17004: Cannot use JSX unless the '--jsx' flag is provided.
components/RescheduleModal.tsx(54,25): error TS17004: Cannot use JSX unless the '--jsx' flag is provided.
components/RescheduleModal.tsx(58,29): error TS17004: Cannot use JSX unless the '--jsx' flag is provided.
components/SimpleTextEditor.tsx(1,19): error TS2307: Cannot find module 'react' or its corresponding type declarations.
components/SimpleTextEditor.tsx(2,63): error TS2307: Cannot find module 'react-native' or its corresponding type declarations.
components/SimpleTextEditor.tsx(3,26): error TS2307: Cannot find module '@expo/vector-icons' or its corresponding type declarations.
components/SimpleTextEditor.tsx(45,9): error TS17004: Cannot use JSX unless the '--jsx' flag is provided.
components/SimpleTextEditor.tsx(46,13): error TS17004: Cannot use JSX unless the '--jsx' flag is provided.
components/SimpleTextEditor.tsx(47,17): error TS17004: Cannot use JSX unless the '--jsx' flag is provided.
components/SimpleTextEditor.tsx(62,17): error TS17004: Cannot use JSX unless the '--jsx' flag is provided.
components/SimpleTextEditor.tsx(64,25): error TS17004: Cannot use JSX unless the '--jsx' flag is provided.
components/SimpleTextEditor.tsx(65,29): error TS17004: Cannot use JSX unless the '--jsx' flag is provided.
components/SimpleTextEditor.tsx(69,25): error TS17004: Cannot use JSX unless the '--jsx' flag is provided.
components/SimpleTextEditor.tsx(70,29): error TS17004: Cannot use JSX unless the '--jsx' flag is provided.
components/SimpleTextEditor.tsx(74,25): error TS17004: Cannot use JSX unless the '--jsx' flag is provided.
components/SimpleTextEditor.tsx(75,29): error TS17004: Cannot use JSX unless the '--jsx' flag is provided.
components/SimpleTextEditor.tsx(79,25): error TS17004: Cannot use JSX unless the '--jsx' flag is provided.
components/SimpleTextEditor.tsx(80,29): error TS17004: Cannot use JSX unless the '--jsx' flag is provided.
components/SimpleTextEditor.tsx(84,25): error TS17004: Cannot use JSX unless the '--jsx' flag is provided.
components/SimpleTextEditor.tsx(88,29): error TS17004: Cannot use JSX unless the '--jsx' flag is provided.
components/TagPropertyConfigModal.tsx(1,32): error TS2307: Cannot find module 'react' or its corresponding type declarations.
components/TagPropertyConfigModal.tsx(2,73): error TS2307: Cannot find module 'react-native' or its corresponding type declarations.
components/TagPropertyConfigModal.tsx(3,26): error TS2307: Cannot find module '@expo/vector-icons' or its corresponding type declarations.
components/TagPropertyConfigModal.tsx(6,29): error TS6142: Module './ui/ColorPicker' was resolved to '/app/components/ui/ColorPicker.tsx', but '--jsx' is not set.
components/TagPropertyConfigModal.tsx(7,34): error TS6142: Module './ui/ChipConfigurator' was resolved to '/app/components/ui/ChipConfigurator.tsx', but '--jsx' is not set.
components/TagPropertyConfigModal.tsx(68,9): error TS17004: Cannot use JSX unless the '--jsx' flag is provided.
components/TagPropertyConfigModal.tsx(74,13): error TS17004: Cannot use JSX unless the '--jsx' flag is provided.
components/TagPropertyConfigModal.tsx(75,17): error TS17004: Cannot use JSX unless the '--jsx' flag is provided.
components/TagPropertyConfigModal.tsx(78,21): error TS17004: Cannot use JSX unless the '--jsx' flag is provided.
components/TagPropertyConfigModal.tsx(79,25): error TS17004: Cannot use JSX unless the '--jsx' flag is provided.
components/TagPropertyConfigModal.tsx(80,25): error TS17004: Cannot use JSX unless the '--jsx' flag is provided.
components/TagPropertyConfigModal.tsx(81,29): error TS17004: Cannot use JSX unless the '--jsx' flag is provided.
components/TagPropertyConfigModal.tsx(85,21): error TS17004: Cannot use JSX unless the '--jsx' flag is provided.
components/TagPropertyConfigModal.tsx(87,25): error TS17004: Cannot use JSX unless the '--jsx' flag is provided.
components/TagPropertyConfigModal.tsx(88,29): error TS17004: Cannot use JSX unless the '--jsx' flag is provided.
components/TagPropertyConfigModal.tsx(89,33): error TS17004: Cannot use JSX unless the '--jsx' flag is provided.
components/TagPropertyConfigModal.tsx(90,37): error TS17004: Cannot use JSX unless the '--jsx' flag is provided.
components/TagPropertyConfigModal.tsx(91,37): error TS17004: Cannot use JSX unless the '--jsx' flag is provided.
components/TagPropertyConfigModal.tsx(93,33): error TS17004: Cannot use JSX unless the '--jsx' flag is provided.
components/TagPropertyConfigModal.tsx(95,53): error TS7006: Parameter 'val' implicitly has an 'any' type.
components/TagPropertyConfigModal.tsx(104,29): error TS17004: Cannot use JSX unless the '--jsx' flag is provided.
components/TagPropertyConfigModal.tsx(105,33): error TS17004: Cannot use JSX unless the '--jsx' flag is provided.
components/TagPropertyConfigModal.tsx(106,33): error TS17004: Cannot use JSX unless the '--jsx' flag is provided.
components/TagPropertyConfigModal.tsx(108,41): error TS17004: Cannot use JSX unless the '--jsx' flag is provided.
components/TagPropertyConfigModal.tsx(117,45): error TS17004: Cannot use JSX unless the '--jsx' flag is provided.
components/TagPropertyConfigModal.tsx(128,25): error TS17004: Cannot use JSX unless the '--jsx' flag is provided.
components/TagPropertyConfigModal.tsx(138,30): error TS17004: Cannot use JSX unless the '--jsx' flag is provided.
components/TagPropertyConfigModal.tsx(139,33): error TS17004: Cannot use JSX unless the '--jsx' flag is provided.
components/TagPropertyConfigModal.tsx(140,33): error TS17004: Cannot use JSX unless the '--jsx' flag is provided.
components/TagPropertyConfigModal.tsx(145,41): error TS17004: Cannot use JSX unless the '--jsx' flag is provided.
components/TagPropertyConfigModal.tsx(146,45): error TS17004: Cannot use JSX unless the '--jsx' flag is provided.
components/TagPropertyConfigModal.tsx(147,49): error TS17004: Cannot use JSX unless the '--jsx' flag is provided.
components/TagPropertyConfigModal.tsx(148,53): error TS17004: Cannot use JSX unless the '--jsx' flag is provided.
components/TagPropertyConfigModal.tsx(149,53): error TS17004: Cannot use JSX unless the '--jsx' flag is provided.
components/TagPropertyConfigModal.tsx(152,53): error TS17004: Cannot use JSX unless the '--jsx' flag is provided.
components/TagPropertyConfigModal.tsx(153,57): error TS17004: Cannot use JSX unless the '--jsx' flag is provided.
components/TagPropertyConfigModal.tsx(157,45): error TS17004: Cannot use JSX unless the '--jsx' flag is provided.
components/TagPropertyConfigModal.tsx(167,25): error TS17004: Cannot use JSX unless the '--jsx' flag is provided.
components/TagPropertyConfigModal.tsx(171,29): error TS17004: Cannot use JSX unless the '--jsx' flag is provided.
components/TagPropertyConfigModal.tsx(172,29): error TS17004: Cannot use JSX unless the '--jsx' flag is provided.
components/UnifiedSuggestionModal.tsx(1,44): error TS2307: Cannot find module 'react' or its corresponding type declarations.
components/UnifiedSuggestionModal.tsx(2,72): error TS2307: Cannot find module 'react-native' or its corresponding type declarations.
components/UnifiedSuggestionModal.tsx(3,26): error TS2307: Cannot find module '@expo/vector-icons' or its corresponding type declarations.
components/UnifiedSuggestionModal.tsx(4,28): error TS2307: Cannot find module '@react-native-community/datetimepicker' or its corresponding type declarations.
components/UnifiedSuggestionModal.tsx(5,19): error TS2307: Cannot find module 'dayjs' or its corresponding type declarations.
components/UnifiedSuggestionModal.tsx(6,26): error TS2307: Cannot find module 'expo-blur' or its corresponding type declarations.
components/UnifiedSuggestionModal.tsx(11,40): error TS6142: Module './ui/AppButton' was resolved to '/app/components/ui/AppButton.tsx', but '--jsx' is not set.
components/UnifiedSuggestionModal.tsx(53,35): error TS2769: No overload matches this call.
  Overload 1 of 4, '(vd: VarDate): Date', gave the following error.
    Argument of type 'string | Date' is not assignable to parameter of type 'VarDate'.
      Type 'string' is not assignable to type 'VarDate'.
  Overload 2 of 4, '(value: string | number): Date', gave the following error.
    Argument of type 'string | Date' is not assignable to parameter of type 'string | number'.
      Type 'Date' is not assignable to type 'string | number'.
components/UnifiedSuggestionModal.tsx(54,50): error TS2769: No overload matches this call.
  Overload 1 of 4, '(vd: VarDate): Date', gave the following error.
    Argument of type 'string | Date' is not assignable to parameter of type 'VarDate'.
      Type 'string' is not assignable to type 'VarDate'.
  Overload 2 of 4, '(value: string | number): Date', gave the following error.
    Argument of type 'string | Date' is not assignable to parameter of type 'string | number'.
      Type 'Date' is not assignable to type 'string | number'.
components/UnifiedSuggestionModal.tsx(71,27): error TS2705: An async function or method in ES5 requires the 'Promise' constructor.  Make sure you have a declaration for the 'Promise' constructor or include 'ES2015' in your '--lib' option.
components/UnifiedSuggestionModal.tsx(99,52): error TS7006: Parameter 'email' implicitly has an 'any' type.
components/UnifiedSuggestionModal.tsx(120,9): error TS17004: Cannot use JSX unless the '--jsx' flag is provided.
components/UnifiedSuggestionModal.tsx(121,13): error TS17004: Cannot use JSX unless the '--jsx' flag is provided.
components/UnifiedSuggestionModal.tsx(122,17): error TS17004: Cannot use JSX unless the '--jsx' flag is provided.
components/UnifiedSuggestionModal.tsx(123,17): error TS17004: Cannot use JSX unless the '--jsx' flag is provided.
components/UnifiedSuggestionModal.tsx(126,21): error TS17004: Cannot use JSX unless the '--jsx' flag is provided.
components/UnifiedSuggestionModal.tsx(127,25): error TS17004: Cannot use JSX unless the '--jsx' flag is provided.
components/UnifiedSuggestionModal.tsx(132,25): error TS17004: Cannot use JSX unless the '--jsx' flag is provided.
components/UnifiedSuggestionModal.tsx(133,29): error TS17004: Cannot use JSX unless the '--jsx' flag is provided.
components/UnifiedSuggestionModal.tsx(135,25): error TS17004: Cannot use JSX unless the '--jsx' flag is provided.
components/UnifiedSuggestionModal.tsx(137,29): error TS17004: Cannot use JSX unless the '--jsx' flag is provided.
components/UnifiedSuggestionModal.tsx(144,21): error TS17004: Cannot use JSX unless the '--jsx' flag is provided.
components/UnifiedSuggestionModal.tsx(145,25): error TS17004: Cannot use JSX unless the '--jsx' flag is provided.
components/UnifiedSuggestionModal.tsx(146,29): error TS17004: Cannot use JSX unless the '--jsx' flag is provided.
components/UnifiedSuggestionModal.tsx(147,33): error TS17004: Cannot use JSX unless the '--jsx' flag is provided.
components/UnifiedSuggestionModal.tsx(148,33): error TS17004: Cannot use JSX unless the '--jsx' flag is provided.
components/UnifiedSuggestionModal.tsx(149,37): error TS17004: Cannot use JSX unless the '--jsx' flag is provided.
components/UnifiedSuggestionModal.tsx(152,37): error TS17004: Cannot use JSX unless the '--jsx' flag is provided.
components/UnifiedSuggestionModal.tsx(159,29): error TS17004: Cannot use JSX unless the '--jsx' flag is provided.
components/UnifiedSuggestionModal.tsx(170,30): error TS17004: Cannot use JSX unless the '--jsx' flag is provided.
components/UnifiedSuggestionModal.tsx(174,44): error TS7006: Parameter 'event' implicitly has an 'any' type.
components/UnifiedSuggestionModal.tsx(174,51): error TS7006: Parameter 'date' implicitly has an 'any' type.
components/UnifiedSuggestionModal.tsx(183,25): error TS17004: Cannot use JSX unless the '--jsx' flag is provided.
components/UnifiedSuggestionModal.tsx(184,29): error TS17004: Cannot use JSX unless the '--jsx' flag is provided.
components/UnifiedSuggestionModal.tsx(193,29): error TS17004: Cannot use JSX unless the '--jsx' flag is provided.
components/WeatherForecastModal.tsx(1,19): error TS2307: Cannot find module 'react' or its corresponding type declarations.
components/WeatherForecastModal.tsx(2,65): error TS2307: Cannot find module 'react-native' or its corresponding type declarations.
components/WeatherForecastModal.tsx(3,26): error TS2307: Cannot find module '@expo/vector-icons' or its corresponding type declarations.
components/WeatherForecastModal.tsx(4,19): error TS2307: Cannot find module 'dayjs' or its corresponding type declarations.
components/WeatherForecastModal.tsx(19,28): error TS2550: Property 'from' does not exist on type 'ArrayConstructor'. Do you need to change your target library? Try changing the 'lib' compiler option to 'es2015' or later.
components/WeatherForecastModal.tsx(19,49): error TS7006: Parameter '_' implicitly has an 'any' type.
components/WeatherForecastModal.tsx(19,52): error TS7006: Parameter 'i' implicitly has an 'any' type.
components/WeatherForecastModal.tsx(30,9): error TS17004: Cannot use JSX unless the '--jsx' flag is provided.
components/WeatherForecastModal.tsx(31,13): error TS17004: Cannot use JSX unless the '--jsx' flag is provided.
components/WeatherForecastModal.tsx(36,17): error TS17004: Cannot use JSX unless the '--jsx' flag is provided.
components/WeatherForecastModal.tsx(40,21): error TS17004: Cannot use JSX unless the '--jsx' flag is provided.
components/WeatherForecastModal.tsx(41,25): error TS17004: Cannot use JSX unless the '--jsx' flag is provided.
components/WeatherForecastModal.tsx(42,29): error TS17004: Cannot use JSX unless the '--jsx' flag is provided.
components/WeatherForecastModal.tsx(43,29): error TS17004: Cannot use JSX unless the '--jsx' flag is provided.
components/WeatherForecastModal.tsx(45,25): error TS17004: Cannot use JSX unless the '--jsx' flag is provided.
components/WeatherForecastModal.tsx(46,29): error TS17004: Cannot use JSX unless the '--jsx' flag is provided.
components/WeatherForecastModal.tsx(50,21): error TS17004: Cannot use JSX unless the '--jsx' flag is provided.
components/WeatherForecastModal.tsx(51,40): error TS7006: Parameter 'day' implicitly has an 'any' type.
components/WeatherForecastModal.tsx(51,45): error TS7006: Parameter 'index' implicitly has an 'any' type.
components/WeatherForecastModal.tsx(57,33): error TS17004: Cannot use JSX unless the '--jsx' flag is provided.
components/WeatherForecastModal.tsx(61,37): error TS17004: Cannot use JSX unless the '--jsx' flag is provided.
components/WeatherForecastModal.tsx(62,41): error TS17004: Cannot use JSX unless the '--jsx' flag is provided.
components/WeatherForecastModal.tsx(63,45): error TS17004: Cannot use JSX unless the '--jsx' flag is provided.
components/WeatherForecastModal.tsx(66,45): error TS17004: Cannot use JSX unless the '--jsx' flag is provided.
components/WeatherForecastModal.tsx(72,45): error TS17004: Cannot use JSX unless the '--jsx' flag is provided.
components/WeatherForecastModal.tsx(73,49): error TS17004: Cannot use JSX unless the '--jsx' flag is provided.
components/WeatherForecastModal.tsx(74,49): error TS17004: Cannot use JSX unless the '--jsx' flag is provided.
components/WeatherForecastModal.tsx(75,53): error TS17004: Cannot use JSX unless the '--jsx' flag is provided.
components/WeatherForecastModal.tsx(79,45): error TS17004: Cannot use JSX unless the '--jsx' flag is provided.
components/WeatherForecastModal.tsx(84,41): error TS17004: Cannot use JSX unless the '--jsx' flag is provided.
components/WeatherForecastModal.tsx(85,45): error TS17004: Cannot use JSX unless the '--jsx' flag is provided.
components/WeatherForecastModal.tsx(86,49): error TS17004: Cannot use JSX unless the '--jsx' flag is provided.
components/WeatherForecastModal.tsx(89,49): error TS17004: Cannot use JSX unless the '--jsx' flag is provided.
components/WeatherForecastModal.tsx(93,45): error TS17004: Cannot use JSX unless the '--jsx' flag is provided.
components/WeatherForecastModal.tsx(94,45): error TS17004: Cannot use JSX unless the '--jsx' flag is provided.
components/WeatherForecastModal.tsx(95,49): error TS17004: Cannot use JSX unless the '--jsx' flag is provided.
components/WeatherForecastModal.tsx(98,49): error TS17004: Cannot use JSX unless the '--jsx' flag is provided.
components/WeatherHourGuide.tsx(1,19): error TS2307: Cannot find module 'react' or its corresponding type declarations.
components/WeatherHourGuide.tsx(2,28): error TS2307: Cannot find module 'react-native' or its corresponding type declarations.
components/WeatherHourGuide.tsx(3,26): error TS2307: Cannot find module '@expo/vector-icons' or its corresponding type declarations.
components/WeatherHourGuide.tsx(4,19): error TS2307: Cannot find module 'dayjs' or its corresponding type declarations.
components/WeatherHourGuide.tsx(15,33): error TS2583: Cannot find name 'Set'. Do you need to change your target library? Try changing the 'lib' compiler option to 'es2015' or later.
components/WeatherHourGuide.tsx(23,42): error TS7006: Parameter 's' implicitly has an 'any' type.
components/WeatherHourGuide.tsx(28,52): error TS7006: Parameter 'h' implicitly has an 'any' type.
components/WeatherHourGuide.tsx(37,9): error TS17004: Cannot use JSX unless the '--jsx' flag is provided.
components/WeatherHourGuide.tsx(38,13): error TS17004: Cannot use JSX unless the '--jsx' flag is provided.
components/WeatherHourGuide.tsx(42,17): error TS17004: Cannot use JSX unless the '--jsx' flag is provided.
components/WeatherHourGuide.tsx(43,21): error TS17004: Cannot use JSX unless the '--jsx' flag is provided.
components/WeatherHourGuide.tsx(44,21): error TS17004: Cannot use JSX unless the '--jsx' flag is provided.
components/links/LinkItem.tsx(1,19): error TS2307: Cannot find module 'react' or its corresponding type declarations.
components/links/LinkItem.tsx(2,53): error TS2307: Cannot find module 'react-native' or its corresponding type declarations.
components/links/LinkItem.tsx(3,26): error TS2307: Cannot find module '@expo/vector-icons' or its corresponding type declarations.
components/links/LinkItem.tsx(4,26): error TS2307: Cannot find module 'expo-linking' or its corresponding type declarations.
components/links/LinkItem.tsx(5,28): error TS2307: Cannot find module 'expo-clipboard' or its corresponding type declarations.
components/links/LinkItem.tsx(7,19): error TS2307: Cannot find module 'react-native-toast-message' or its corresponding type declarations.
components/links/LinkItem.tsx(22,41): error TS7006: Parameter 'err' implicitly has an 'any' type.
components/links/LinkItem.tsx(27,24): error TS2705: An async function or method in ES5 requires the 'Promise' constructor.  Make sure you have a declaration for the 'Promise' constructor or include 'ES2015' in your '--lib' option.
components/links/LinkItem.tsx(54,9): error TS17004: Cannot use JSX unless the '--jsx' flag is provided.
components/links/LinkItem.tsx(55,13): error TS17004: Cannot use JSX unless the '--jsx' flag is provided.
components/links/LinkItem.tsx(62,21): error TS17004: Cannot use JSX unless the '--jsx' flag is provided.
components/links/LinkItem.tsx(63,25): error TS17004: Cannot use JSX unless the '--jsx' flag is provided.
components/links/LinkItem.tsx(70,21): error TS17004: Cannot use JSX unless the '--jsx' flag is provided.
components/links/LinkItem.tsx(71,25): error TS17004: Cannot use JSX unless the '--jsx' flag is provided.
components/links/LinkItem.tsx(76,17): error TS17004: Cannot use JSX unless the '--jsx' flag is provided.
components/links/LinkItem.tsx(77,21): error TS17004: Cannot use JSX unless the '--jsx' flag is provided.
components/links/LinkItem.tsx(78,25): error TS17004: Cannot use JSX unless the '--jsx' flag is provided.
components/links/LinkItem.tsx(81,25): error TS17004: Cannot use JSX unless the '--jsx' flag is provided.
components/links/LinkItem.tsx(88,25): error TS17004: Cannot use JSX unless the '--jsx' flag is provided.
components/links/LinkItem.tsx(98,37): error TS17004: Cannot use JSX unless the '--jsx' flag is provided.
components/links/LinkItem.tsx(104,41): error TS17004: Cannot use JSX unless the '--jsx' flag is provided.
components/links/LinkItem.tsx(109,33): error TS17004: Cannot use JSX unless the '--jsx' flag is provided.
components/links/LinkItem.tsx(117,13): error TS17004: Cannot use JSX unless the '--jsx' flag is provided.
components/links/LinkItem.tsx(118,18): error TS17004: Cannot use JSX unless the '--jsx' flag is provided.
components/links/LinkItem.tsx(119,21): error TS17004: Cannot use JSX unless the '--jsx' flag is provided.
components/links/LinkItem.tsx(121,18): error TS17004: Cannot use JSX unless the '--jsx' flag is provided.
components/links/LinkItem.tsx(122,21): error TS17004: Cannot use JSX unless the '--jsx' flag is provided.
components/links/LinkItem.tsx(124,18): error TS17004: Cannot use JSX unless the '--jsx' flag is provided.
components/links/LinkItem.tsx(125,21): error TS17004: Cannot use JSX unless the '--jsx' flag is provided.
components/links/LinksFolderView.tsx(1,33): error TS2307: Cannot find module 'react' or its corresponding type declarations.
components/links/LinksFolderView.tsx(2,33): error TS2307: Cannot find module 'react-native' or its corresponding type declarations.
components/links/LinksFolderView.tsx(3,26): error TS2307: Cannot find module '@expo/vector-icons' or its corresponding type declarations.
components/links/LinksFolderView.tsx(5,27): error TS6142: Module './LinksList' was resolved to '/app/components/links/LinksList.tsx', but '--jsx' is not set.
components/links/LinksFolderView.tsx(8,19): error TS2307: Cannot find module 'react-native-toast-message' or its corresponding type declarations.
components/links/LinksFolderView.tsx(23,40): error TS7006: Parameter 'link' implicitly has an 'any' type.
components/links/LinksFolderView.tsx(29,42): error TS7006: Parameter 't' implicitly has an 'any' type.
components/links/LinksFolderView.tsx(33,26): error TS2705: An async function or method in ES5 requires the 'Promise' constructor.  Make sure you have a declaration for the 'Promise' constructor or include 'ES2015' in your '--lib' option.
components/links/LinksFolderView.tsx(37,22): error TS7006: Parameter 'prev' implicitly has an 'any' type.
components/links/LinksFolderView.tsx(37,42): error TS7006: Parameter 'l' implicitly has an 'any' type.
components/links/LinksFolderView.tsx(53,9): error TS17004: Cannot use JSX unless the '--jsx' flag is provided.
components/links/LinksList.tsx(1,19): error TS2307: Cannot find module 'react' or its corresponding type declarations.
components/links/LinksList.tsx(2,73): error TS2307: Cannot find module 'react-native' or its corresponding type declarations.
components/links/LinksList.tsx(3,35): error TS2307: Cannot find module 'react-native-safe-area-context' or its corresponding type declarations.
components/links/LinksList.tsx(5,26): error TS6142: Module './LinkItem' was resolved to '/app/components/links/LinkItem.tsx', but '--jsx' is not set.
components/links/LinksList.tsx(22,13): error TS17004: Cannot use JSX unless the '--jsx' flag is provided.
components/links/LinksList.tsx(23,17): error TS17004: Cannot use JSX unless the '--jsx' flag is provided.
components/links/LinksList.tsx(30,13): error TS17004: Cannot use JSX unless the '--jsx' flag is provided.
components/links/LinksList.tsx(31,17): error TS17004: Cannot use JSX unless the '--jsx' flag is provided.
components/links/LinksList.tsx(32,17): error TS17004: Cannot use JSX unless the '--jsx' flag is provided.
components/links/LinksList.tsx(40,9): error TS17004: Cannot use JSX unless the '--jsx' flag is provided.
components/links/LinksList.tsx(42,28): error TS7006: Parameter 'item' implicitly has an 'any' type.
components/links/LinksList.tsx(43,28): error TS7031: Binding element 'item' implicitly has an 'any' type.
components/links/LinksList.tsx(44,17): error TS17004: Cannot use JSX unless the '--jsx' flag is provided.
components/links/LinksList.tsx(48,17): error TS17004: Cannot use JSX unless the '--jsx' flag is provided.
components/markdown/RichTaskItem.tsx(1,19): error TS2307: Cannot find module 'react' or its corresponding type declarations.
components/markdown/RichTaskItem.tsx(2,58): error TS2307: Cannot find module 'react-native' or its corresponding type declarations.
components/markdown/RichTaskItem.tsx(3,26): error TS2307: Cannot find module '@expo/vector-icons' or its corresponding type declarations.
components/markdown/RichTaskItem.tsx(4,30): error TS6142: Module '../ui/BaseListItem' was resolved to '/app/components/ui/BaseListItem.tsx', but '--jsx' is not set.
components/markdown/RichTaskItem.tsx(5,30): error TS6142: Module '../ui/ActionButton' was resolved to '/app/components/ui/ActionButton.tsx', but '--jsx' is not set.
components/markdown/RichTaskItem.tsx(9,32): error TS6142: Module '../ui/TaskStatusIcon' was resolved to '/app/components/ui/TaskStatusIcon.tsx', but '--jsx' is not set.
components/markdown/RichTaskItem.tsx(10,19): error TS2307: Cannot find module 'dayjs' or its corresponding type declarations.
components/markdown/RichTaskItem.tsx(12,30): error TS6142: Module '../ui/MetadataChip' was resolved to '/app/components/ui/MetadataChip.tsx', but '--jsx' is not set.
components/markdown/RichTaskItem.tsx(120,9): error TS17004: Cannot use JSX unless the '--jsx' flag is provided.
components/markdown/RichTaskItem.tsx(126,13): error TS17004: Cannot use JSX unless the '--jsx' flag is provided.
components/markdown/RichTaskItem.tsx(134,9): error TS17004: Cannot use JSX unless the '--jsx' flag is provided.
components/markdown/RichTaskItem.tsx(141,17): error TS17004: Cannot use JSX unless the '--jsx' flag is provided.
components/markdown/RichTaskItem.tsx(142,21): error TS17004: Cannot use JSX unless the '--jsx' flag is provided.
components/markdown/RichTaskItem.tsx(146,17): error TS17004: Cannot use JSX unless the '--jsx' flag is provided.
components/markdown/RichTaskItem.tsx(150,21): error TS17004: Cannot use JSX unless the '--jsx' flag is provided.
components/markdown/RichTaskItem.tsx(151,21): error TS17004: Cannot use JSX unless the '--jsx' flag is provided.
components/markdown/RichTaskItem.tsx(156,21): error TS2550: Property 'entries' does not exist on type 'ObjectConstructor'. Do you need to change your target library? Try changing the 'lib' compiler option to 'es2017' or later.
components/markdown/RichTaskItem.tsx(156,52): error TS7031: Binding element 'key' implicitly has an 'any' type.
components/markdown/RichTaskItem.tsx(156,57): error TS7031: Binding element 'value' implicitly has an 'any' type.
components/markdown/RichTaskItem.tsx(177,21): error TS17004: Cannot use JSX unless the '--jsx' flag is provided.
components/markdown/RichTaskItem.tsx(178,25): error TS2322: Type '{ key: string; label: any; color: any; variant: any; icon: any; rounding: any; size: "sm"; style: { borderStyle: string; } | undefined; }' is not assignable to type 'MetadataChipProps'.
  Property 'key' does not exist on type 'MetadataChipProps'.
components/markdown/RichTaskItem.tsx(181,33): error TS17004: Cannot use JSX unless the '--jsx' flag is provided.
components/markdown/RichTaskItem.tsx(183,33): error TS17004: Cannot use JSX unless the '--jsx' flag is provided.
components/markdown/RichTaskItem.tsx(184,37): error TS17004: Cannot use JSX unless the '--jsx' flag is provided.
components/markdown/RichTaskItem.tsx(185,37): error TS17004: Cannot use JSX unless the '--jsx' flag is provided.
components/markdown/RichTaskItem.tsx(203,21): error TS17004: Cannot use JSX unless the '--jsx' flag is provided.
components/markdown/RichTaskItem.tsx(204,25): error TS2322: Type '{ key: string; label: string; color: any; variant: any; icon: any; rounding: any; size: "sm"; onPress: () => void | undefined; style: { borderColor: string; backgroundColor: string; } | undefined; }' is not assignable to type 'MetadataChipProps'.
  Property 'key' does not exist on type 'MetadataChipProps'.
components/markdown/RichTaskItem.tsx(220,9): error TS17004: Cannot use JSX unless the '--jsx' flag is provided.
components/markdown/RichTaskItem.tsx(222,30): error TS17004: Cannot use JSX unless the '--jsx' flag is provided.
components/markdown/RichTaskItem.tsx(223,24): error TS17004: Cannot use JSX unless the '--jsx' flag is provided.
components/markdown/RichTaskItem.tsx(224,26): error TS17004: Cannot use JSX unless the '--jsx' flag is provided.
components/markdown/RichTaskItem.tsx(229,9): error TS17004: Cannot use JSX unless the '--jsx' flag is provided.
components/markdown/RichTaskItem.tsx(230,13): error TS17004: Cannot use JSX unless the '--jsx' flag is provided.
components/markdown/RichTaskItem.tsx(241,9): error TS17004: Cannot use JSX unless the '--jsx' flag is provided.
components/markdown/RichTaskItem.tsx(246,17): error TS17004: Cannot use JSX unless the '--jsx' flag is provided.
components/markdown/RichTaskItem.tsx(247,21): error TS17004: Cannot use JSX unless the '--jsx' flag is provided.
components/markdown/RichTaskItem.tsx(254,25): error TS17004: Cannot use JSX unless the '--jsx' flag is provided.
components/markdown/TaskEditModal.tsx(1,44): error TS2307: Cannot find module 'react' or its corresponding type declarations.
components/markdown/TaskEditModal.tsx(2,108): error TS2307: Cannot find module 'react-native' or its corresponding type declarations.
components/markdown/TaskEditModal.tsx(3,26): error TS2307: Cannot find module '@expo/vector-icons' or its corresponding type declarations.
components/markdown/TaskEditModal.tsx(4,24): error TS2307: Cannot find module 'expo-router' or its corresponding type declarations.
components/markdown/TaskEditModal.tsx(5,27): error TS2307: Cannot find module 'expo-calendar' or its corresponding type declarations.
components/markdown/TaskEditModal.tsx(6,19): error TS2307: Cannot find module 'dayjs' or its corresponding type declarations.
components/markdown/TaskEditModal.tsx(8,32): error TS6142: Module '../ui/PropertyEditor' was resolved to '/app/components/ui/PropertyEditor.tsx', but '--jsx' is not set.
components/markdown/TaskEditModal.tsx(9,27): error TS6142: Module '../ui/TagEditor' was resolved to '/app/components/ui/TagEditor.tsx', but '--jsx' is not set.
components/markdown/TaskEditModal.tsx(14,30): error TS6142: Module '../ui/ReminderItem' was resolved to '/app/components/ui/ReminderItem.tsx', but '--jsx' is not set.
components/markdown/TaskEditModal.tsx(15,47): error TS6142: Module '../EventFormModal' was resolved to '/app/components/EventFormModal.tsx', but '--jsx' is not set.
components/markdown/TaskEditModal.tsx(26,49): error TS6142: Module '../ui/TaskStatusIcon' was resolved to '/app/components/ui/TaskStatusIcon.tsx', but '--jsx' is not set.
components/markdown/TaskEditModal.tsx(27,29): error TS6142: Module '../ui/FolderInput' was resolved to '/app/components/ui/FolderInput.tsx', but '--jsx' is not set.
components/markdown/TaskEditModal.tsx(30,40): error TS6142: Module '../ui/AppButton' was resolved to '/app/components/ui/AppButton.tsx', but '--jsx' is not set.
components/markdown/TaskEditModal.tsx(92,42): error TS2550: Property 'startsWith' does not exist on type 'string'. Do you need to change your target library? Try changing the 'lib' compiler option to 'es2015' or later.
components/markdown/TaskEditModal.tsx(108,42): error TS2550: Property 'startsWith' does not exist on type 'string'. Do you need to change your target library? Try changing the 'lib' compiler option to 'es2015' or later.
components/markdown/TaskEditModal.tsx(120,34): error TS2705: An async function or method in ES5 requires the 'Promise' constructor.  Make sure you have a declaration for the 'Promise' constructor or include 'ES2015' in your '--lib' option.
components/markdown/TaskEditModal.tsx(160,30): error TS7006: Parameter '_' implicitly has an 'any' type.
components/markdown/TaskEditModal.tsx(160,33): error TS7006: Parameter 'i' implicitly has an 'any' type.
components/markdown/TaskEditModal.tsx(203,24): error TS2705: An async function or method in ES5 requires the 'Promise' constructor.  Make sure you have a declaration for the 'Promise' constructor or include 'ES2015' in your '--lib' option.
components/markdown/TaskEditModal.tsx(222,20): error TS2550: Property 'entries' does not exist on type 'ObjectConstructor'. Do you need to change your target library? Try changing the 'lib' compiler option to 'es2017' or later.
components/markdown/TaskEditModal.tsx(222,50): error TS7031: Binding element 'k' implicitly has an 'any' type.
components/markdown/TaskEditModal.tsx(222,53): error TS7031: Binding element 'v' implicitly has an 'any' type.
components/markdown/TaskEditModal.tsx(223,115): error TS2550: Property 'includes' does not exist on type 'string[]'. Do you need to change your target library? Try changing the 'lib' compiler option to 'es2016' or later.
components/markdown/TaskEditModal.tsx(340,9): error TS17004: Cannot use JSX unless the '--jsx' flag is provided.
components/markdown/TaskEditModal.tsx(341,13): error TS17004: Cannot use JSX unless the '--jsx' flag is provided.
components/markdown/TaskEditModal.tsx(345,17): error TS17004: Cannot use JSX unless the '--jsx' flag is provided.
components/markdown/TaskEditModal.tsx(346,21): error TS17004: Cannot use JSX unless the '--jsx' flag is provided.
components/markdown/TaskEditModal.tsx(347,25): error TS17004: Cannot use JSX unless the '--jsx' flag is provided.
components/markdown/TaskEditModal.tsx(348,25): error TS17004: Cannot use JSX unless the '--jsx' flag is provided.
components/markdown/TaskEditModal.tsx(350,33): error TS17004: Cannot use JSX unless the '--jsx' flag is provided.
components/markdown/TaskEditModal.tsx(358,29): error TS17004: Cannot use JSX unless the '--jsx' flag is provided.
components/markdown/TaskEditModal.tsx(362,21): error TS17004: Cannot use JSX unless the '--jsx' flag is provided.
components/markdown/TaskEditModal.tsx(363,25): error TS17004: Cannot use JSX unless the '--jsx' flag is provided.
components/markdown/TaskEditModal.tsx(364,29): error TS17004: Cannot use JSX unless the '--jsx' flag is provided.
components/markdown/TaskEditModal.tsx(365,29): error TS17004: Cannot use JSX unless the '--jsx' flag is provided.
components/markdown/TaskEditModal.tsx(376,29): error TS17004: Cannot use JSX unless the '--jsx' flag is provided.
components/markdown/TaskEditModal.tsx(388,29): error TS17004: Cannot use JSX unless the '--jsx' flag is provided.
components/markdown/TaskEditModal.tsx(389,33): error TS17004: Cannot use JSX unless the '--jsx' flag is provided.
components/markdown/TaskEditModal.tsx(390,33): error TS17004: Cannot use JSX unless the '--jsx' flag is provided.
components/markdown/TaskEditModal.tsx(391,56): error TS7006: Parameter 'evt' implicitly has an 'any' type.
components/markdown/TaskEditModal.tsx(391,61): error TS7006: Parameter 'i' implicitly has an 'any' type.
components/markdown/TaskEditModal.tsx(392,41): error TS17004: Cannot use JSX unless the '--jsx' flag is provided.
components/markdown/TaskEditModal.tsx(397,45): error TS17004: Cannot use JSX unless the '--jsx' flag is provided.
components/markdown/TaskEditModal.tsx(398,45): error TS17004: Cannot use JSX unless the '--jsx' flag is provided.
components/markdown/TaskEditModal.tsx(399,49): error TS17004: Cannot use JSX unless the '--jsx' flag is provided.
components/markdown/TaskEditModal.tsx(400,49): error TS17004: Cannot use JSX unless the '--jsx' flag is provided.
components/markdown/TaskEditModal.tsx(403,49): error TS17004: Cannot use JSX unless the '--jsx' flag is provided.
components/markdown/TaskEditModal.tsx(411,25): error TS17004: Cannot use JSX unless the '--jsx' flag is provided.
components/markdown/TaskEditModal.tsx(412,29): error TS17004: Cannot use JSX unless the '--jsx' flag is provided.
components/markdown/TaskEditModal.tsx(413,29): error TS17004: Cannot use JSX unless the '--jsx' flag is provided.
components/markdown/TaskEditModal.tsx(418,41): error TS17004: Cannot use JSX unless the '--jsx' flag is provided.
components/markdown/TaskEditModal.tsx(419,45): error TS2322: Type '{ key: string; variant: "ghost"; size: "sm"; selected: boolean; onPress: () => any; style: { minWidth: string; }; }' is not assignable to type 'AppButtonProps'.
  Property 'key' does not exist on type 'AppButtonProps'.
components/markdown/TaskEditModal.tsx(426,45): error TS17004: Cannot use JSX unless the '--jsx' flag is provided.
components/markdown/TaskEditModal.tsx(427,49): error TS17004: Cannot use JSX unless the '--jsx' flag is provided.
components/markdown/TaskEditModal.tsx(428,49): error TS17004: Cannot use JSX unless the '--jsx' flag is provided.
components/markdown/TaskEditModal.tsx(438,25): error TS17004: Cannot use JSX unless the '--jsx' flag is provided.
components/markdown/TaskEditModal.tsx(439,29): error TS17004: Cannot use JSX unless the '--jsx' flag is provided.
components/markdown/TaskEditModal.tsx(440,29): error TS17004: Cannot use JSX unless the '--jsx' flag is provided.
components/markdown/TaskEditModal.tsx(449,41): error TS17004: Cannot use JSX unless the '--jsx' flag is provided.
components/markdown/TaskEditModal.tsx(450,45): error TS2322: Type '{ key: string; icon: string; title: string; variant: "ghost"; size: "sm"; selected: boolean; color: string; onPress: () => void; flex: true; }' is not assignable to type 'AppButtonProps'.
  Property 'key' does not exist on type 'AppButtonProps'.
components/markdown/TaskEditModal.tsx(473,25): error TS17004: Cannot use JSX unless the '--jsx' flag is provided.
components/markdown/TaskEditModal.tsx(474,29): error TS17004: Cannot use JSX unless the '--jsx' flag is provided.
components/markdown/TaskEditModal.tsx(476,33): error TS17004: Cannot use JSX unless the '--jsx' flag is provided.
components/markdown/TaskEditModal.tsx(477,37): error TS17004: Cannot use JSX unless the '--jsx' flag is provided.
components/markdown/TaskEditModal.tsx(496,33): error TS17004: Cannot use JSX unless the '--jsx' flag is provided.
components/markdown/TaskEditModal.tsx(500,37): error TS17004: Cannot use JSX unless the '--jsx' flag is provided.
components/markdown/TaskEditModal.tsx(501,37): error TS17004: Cannot use JSX unless the '--jsx' flag is provided.
components/markdown/TaskEditModal.tsx(506,25): error TS17004: Cannot use JSX unless the '--jsx' flag is provided.
components/markdown/TaskEditModal.tsx(507,29): error TS17004: Cannot use JSX unless the '--jsx' flag is provided.
components/markdown/TaskEditModal.tsx(513,71): error TS7006: Parameter 'prev' implicitly has an 'any' type.
components/markdown/TaskEditModal.tsx(518,25): error TS17004: Cannot use JSX unless the '--jsx' flag is provided.
components/markdown/TaskEditModal.tsx(519,29): error TS17004: Cannot use JSX unless the '--jsx' flag is provided.
components/markdown/TaskEditModal.tsx(528,21): error TS17004: Cannot use JSX unless the '--jsx' flag is provided.
components/markdown/TaskEditModal.tsx(529,25): error TS17004: Cannot use JSX unless the '--jsx' flag is provided.
components/markdown/TaskEditModal.tsx(538,29): error TS17004: Cannot use JSX unless the '--jsx' flag is provided.
components/markdown/TaskEditModal.tsx(547,25): error TS17004: Cannot use JSX unless the '--jsx' flag is provided.
components/markdown/TaskEditModal.tsx(558,13): error TS17004: Cannot use JSX unless the '--jsx' flag is provided.
components/navigation/BottomTabNavigator.tsx(1,47): error TS2307: Cannot find module '@react-navigation/material-top-tabs' or its corresponding type declarations.
components/navigation/BottomTabNavigator.tsx(2,26): error TS2307: Cannot find module '@expo/vector-icons' or its corresponding type declarations.
components/navigation/BottomTabNavigator.tsx(3,32): error TS2307: Cannot find module 'expo-linear-gradient' or its corresponding type declarations.
components/navigation/BottomTabNavigator.tsx(4,30): error TS6142: Module '../screens/ProcessingScreen' was resolved to '/app/components/screens/ProcessingScreen.tsx', but '--jsx' is not set.
components/navigation/BottomTabNavigator.tsx(5,33): error TS6142: Module '../screens/RemindersListScreen' was resolved to '/app/components/screens/RemindersListScreen.tsx', but '--jsx' is not set.
components/navigation/BottomTabNavigator.tsx(6,25): error TS6142: Module '../screens/TasksScreen' was resolved to '/app/components/screens/TasksScreen.tsx', but '--jsx' is not set.
components/navigation/BottomTabNavigator.tsx(7,25): error TS6142: Module '../screens/LinksScreen' was resolved to '/app/components/screens/LinksScreen.tsx', but '--jsx' is not set.
components/navigation/BottomTabNavigator.tsx(8,28): error TS6142: Module '../screens/ScheduleScreen' was resolved to '/app/components/screens/ScheduleScreen.tsx', but '--jsx' is not set.
components/navigation/BottomTabNavigator.tsx(9,25): error TS6142: Module '../screens/SetupScreen' was resolved to '/app/components/screens/SetupScreen.tsx', but '--jsx' is not set.
components/navigation/BottomTabNavigator.tsx(10,24): error TS6142: Module '../screens/NewsScreen' was resolved to '/app/components/screens/NewsScreen.tsx', but '--jsx' is not set.
components/navigation/BottomTabNavigator.tsx(11,26): error TS6142: Module '../screens/CanvasScreen' was resolved to '/app/components/screens/CanvasScreen.tsx', but '--jsx' is not set.
components/navigation/BottomTabNavigator.tsx(12,25): error TS6142: Module '../screens/JulesScreen' was resolved to '/app/components/screens/JulesScreen.tsx', but '--jsx' is not set.
components/navigation/BottomTabNavigator.tsx(13,27): error TS6142: Module '../screens/ProfileScreen' was resolved to '/app/components/screens/ProfileScreen.tsx', but '--jsx' is not set.
components/navigation/BottomTabNavigator.tsx(14,29): error TS2307: Cannot find module 'expo-share-intent' or its corresponding type declarations.
components/navigation/BottomTabNavigator.tsx(15,37): error TS2307: Cannot find module 'react' or its corresponding type declarations.
components/navigation/BottomTabNavigator.tsx(16,93): error TS2307: Cannot find module '@react-navigation/native' or its corresponding type declarations.
components/navigation/BottomTabNavigator.tsx(17,35): error TS2307: Cannot find module 'react-native-safe-area-context' or its corresponding type declarations.
components/navigation/BottomTabNavigator.tsx(18,46): error TS2307: Cannot find module 'react-native' or its corresponding type declarations.
components/navigation/BottomTabNavigator.tsx(20,34): error TS6142: Module './GroupMenuOverlay' was resolved to '/app/components/navigation/GroupMenuOverlay.tsx', but '--jsx' is not set.
components/navigation/BottomTabNavigator.tsx(22,27): error TS6142: Module '../ui/IslandBar' was resolved to '/app/components/ui/IslandBar.tsx', but '--jsx' is not set.
components/navigation/BottomTabNavigator.tsx(105,9): error TS17004: Cannot use JSX unless the '--jsx' flag is provided.
components/navigation/BottomTabNavigator.tsx(116,11): error TS17004: Cannot use JSX unless the '--jsx' flag is provided.
components/navigation/BottomTabNavigator.tsx(129,13): error TS17004: Cannot use JSX unless the '--jsx' flag is provided.
components/navigation/BottomTabNavigator.tsx(143,9): error TS17004: Cannot use JSX unless the '--jsx' flag is provided.
components/navigation/BottomTabNavigator.tsx(155,11): error TS17004: Cannot use JSX unless the '--jsx' flag is provided.
components/navigation/BottomTabNavigator.tsx(163,13): error TS17004: Cannot use JSX unless the '--jsx' flag is provided.
components/navigation/BottomTabNavigator.tsx(174,18): error TS2550: Property 'endsWith' does not exist on type 'string'. Do you need to change your target library? Try changing the 'lib' compiler option to 'es2015' or later.
components/navigation/BottomTabNavigator.tsx(179,7): error TS17004: Cannot use JSX unless the '--jsx' flag is provided.
components/navigation/BottomTabNavigator.tsx(192,9): error TS17004: Cannot use JSX unless the '--jsx' flag is provided.
components/navigation/BottomTabNavigator.tsx(203,5): error TS17004: Cannot use JSX unless the '--jsx' flag is provided.
components/navigation/BottomTabNavigator.tsx(231,30): error TS17004: Cannot use JSX unless the '--jsx' flag is provided.
components/navigation/BottomTabNavigator.tsx(239,33): error TS17004: Cannot use JSX unless the '--jsx' flag is provided.
components/navigation/BottomTabNavigator.tsx(246,5): error TS17004: Cannot use JSX unless the '--jsx' flag is provided.
components/navigation/BottomTabNavigator.tsx(247,7): error TS17004: Cannot use JSX unless the '--jsx' flag is provided.
components/navigation/BottomTabNavigator.tsx(249,18): error TS7006: Parameter 'props' implicitly has an 'any' type.
components/navigation/BottomTabNavigator.tsx(249,28): error TS17004: Cannot use JSX unless the '--jsx' flag is provided.
components/navigation/BottomTabNavigator.tsx(260,13): error TS17004: Cannot use JSX unless the '--jsx' flag is provided.
components/navigation/BottomTabNavigator.tsx(271,7): error TS17004: Cannot use JSX unless the '--jsx' flag is provided.
components/navigation/BottomTabNavigator.tsx(286,5): error TS17004: Cannot use JSX unless the '--jsx' flag is provided.
components/navigation/BottomTabNavigator.tsx(287,7): error TS17004: Cannot use JSX unless the '--jsx' flag is provided.
components/navigation/BottomTabNavigator.tsx(288,9): error TS17004: Cannot use JSX unless the '--jsx' flag is provided.
components/navigation/BottomTabNavigator.tsx(289,9): error TS17004: Cannot use JSX unless the '--jsx' flag is provided.
components/navigation/GroupMenuOverlay.tsx(1,52): error TS2307: Cannot find module 'react' or its corresponding type declarations.
components/navigation/GroupMenuOverlay.tsx(2,75): error TS2307: Cannot find module 'react-native' or its corresponding type declarations.
components/navigation/GroupMenuOverlay.tsx(3,26): error TS2307: Cannot find module '@expo/vector-icons' or its corresponding type declarations.
components/navigation/GroupMenuOverlay.tsx(5,31): error TS2307: Cannot find module '@react-navigation/native' or its corresponding type declarations.
components/navigation/GroupMenuOverlay.tsx(6,35): error TS2307: Cannot find module 'react-native-safe-area-context' or its corresponding type declarations.
components/navigation/GroupMenuOverlay.tsx(35,19): error TS7031: Binding element 'finished' implicitly has an 'any' type.
components/navigation/GroupMenuOverlay.tsx(58,5): error TS17004: Cannot use JSX unless the '--jsx' flag is provided.
components/navigation/GroupMenuOverlay.tsx(64,7): error TS17004: Cannot use JSX unless the '--jsx' flag is provided.
components/navigation/GroupMenuOverlay.tsx(66,9): error TS17004: Cannot use JSX unless the '--jsx' flag is provided.
components/navigation/GroupMenuOverlay.tsx(75,9): error TS17004: Cannot use JSX unless the '--jsx' flag is provided.
components/navigation/GroupMenuOverlay.tsx(76,22): error TS7006: Parameter 'e' implicitly has an 'any' type.
components/navigation/GroupMenuOverlay.tsx(92,11): error TS17004: Cannot use JSX unless the '--jsx' flag is provided.
components/navigation/GroupMenuOverlay.tsx(105,15): error TS17004: Cannot use JSX unless the '--jsx' flag is provided.
components/navigation/GroupMenuOverlay.tsx(117,17): error TS17004: Cannot use JSX unless the '--jsx' flag is provided.
components/screens/CanvasScreen.tsx(1,33): error TS2307: Cannot find module 'react' or its corresponding type declarations.
components/screens/CanvasScreen.tsx(2,53): error TS2307: Cannot find module 'react-native' or its corresponding type declarations.
components/screens/CanvasScreen.tsx(3,25): error TS2307: Cannot find module 'react-native-webview' or its corresponding type declarations.
components/screens/CanvasScreen.tsx(4,35): error TS2307: Cannot find module 'react-native-safe-area-context' or its corresponding type declarations.
components/screens/CanvasScreen.tsx(5,24): error TS6142: Module '../ui/Layout' was resolved to '/app/components/ui/Layout.tsx', but '--jsx' is not set.
components/screens/CanvasScreen.tsx(17,5): error TS17004: Cannot use JSX unless the '--jsx' flag is provided.
components/screens/CanvasScreen.tsx(17,6): error TS2741: Property 'children' is missing in type '{ fullBleed: true; }' but required in type '{ children: React.ReactNode; scrollable?: boolean | undefined; fullBleed?: boolean | undefined; noPadding?: boolean | undefined; }'.
components/screens/CanvasScreen.tsx(18,7): error TS17004: Cannot use JSX unless the '--jsx' flag is provided.
components/screens/CanvasScreen.tsx(19,9): error TS17004: Cannot use JSX unless the '--jsx' flag is provided.
components/screens/CanvasScreen.tsx(33,11): error TS17004: Cannot use JSX unless the '--jsx' flag is provided.
components/screens/CanvasScreen.tsx(34,13): error TS17004: Cannot use JSX unless the '--jsx' flag is provided.
components/screens/DumpScreen.tsx(1,19): error TS2307: Cannot find module 'react' or its corresponding type declarations.
components/screens/DumpScreen.tsx(2,22): error TS2307: Cannot find module 'react-native' or its corresponding type declarations.
components/screens/DumpScreen.tsx(3,28): error TS6142: Module '../DumpEditor' was resolved to '/app/components/DumpEditor.tsx', but '--jsx' is not set.
components/screens/DumpScreen.tsx(5,24): error TS6142: Module '../ui/Layout' was resolved to '/app/components/ui/Layout.tsx', but '--jsx' is not set.
components/screens/DumpScreen.tsx(6,30): error TS6142: Module '../ui/ScreenHeader' was resolved to '/app/components/ui/ScreenHeader.tsx', but '--jsx' is not set.
components/screens/DumpScreen.tsx(12,5): error TS17004: Cannot use JSX unless the '--jsx' flag is provided.
components/screens/DumpScreen.tsx(12,6): error TS2741: Property 'children' is missing in type '{}' but required in type '{ children: React.ReactNode; scrollable?: boolean | undefined; fullBleed?: boolean | undefined; noPadding?: boolean | undefined; }'.
components/screens/DumpScreen.tsx(13,7): error TS17004: Cannot use JSX unless the '--jsx' flag is provided.
components/screens/DumpScreen.tsx(14,7): error TS17004: Cannot use JSX unless the '--jsx' flag is provided.
components/screens/DumpScreen.tsx(15,9): error TS17004: Cannot use JSX unless the '--jsx' flag is provided.
components/screens/ErrorScreen.tsx(1,19): error TS2307: Cannot find module 'react' or its corresponding type declarations.
components/screens/ErrorScreen.tsx(2,35): error TS2307: Cannot find module 'react-native' or its corresponding type declarations.
components/screens/ErrorScreen.tsx(3,28): error TS2307: Cannot find module 'expo-clipboard' or its corresponding type declarations.
components/screens/ErrorScreen.tsx(4,24): error TS6142: Module '../ui/Layout' was resolved to '/app/components/ui/Layout.tsx', but '--jsx' is not set.
components/screens/ErrorScreen.tsx(5,24): error TS6142: Module '../ui/Button' was resolved to '/app/components/ui/Button.tsx', but '--jsx' is not set.
components/screens/ErrorScreen.tsx(6,19): error TS2307: Cannot find module 'react-native-toast-message' or its corresponding type declarations.
components/screens/ErrorScreen.tsx(15,29): error TS2705: An async function or method in ES5 requires the 'Promise' constructor.  Make sure you have a declaration for the 'Promise' constructor or include 'ES2015' in your '--lib' option.
components/screens/ErrorScreen.tsx(27,9): error TS17004: Cannot use JSX unless the '--jsx' flag is provided.
components/screens/ErrorScreen.tsx(27,10): error TS2741: Property 'children' is missing in type '{}' but required in type '{ children: React.ReactNode; scrollable?: boolean | undefined; fullBleed?: boolean | undefined; noPadding?: boolean | undefined; }'.
components/screens/ErrorScreen.tsx(28,13): error TS17004: Cannot use JSX unless the '--jsx' flag is provided.
components/screens/ErrorScreen.tsx(29,17): error TS17004: Cannot use JSX unless the '--jsx' flag is provided.
components/screens/ErrorScreen.tsx(32,21): error TS17004: Cannot use JSX unless the '--jsx' flag is provided.
components/screens/ErrorScreen.tsx(33,26): error TS17004: Cannot use JSX unless the '--jsx' flag is provided.
components/screens/ErrorScreen.tsx(39,17): error TS17004: Cannot use JSX unless the '--jsx' flag is provided.
components/screens/ErrorScreen.tsx(41,25): error TS17004: Cannot use JSX unless the '--jsx' flag is provided.
components/screens/ErrorScreen.tsx(47,21): error TS17004: Cannot use JSX unless the '--jsx' flag is provided.
components/screens/ErrorScreen.tsx(48,21): error TS17004: Cannot use JSX unless the '--jsx' flag is provided.
components/screens/InputScreen.tsx(1,19): error TS2307: Cannot find module 'react' or its corresponding type declarations.
components/screens/InputScreen.tsx(2,97): error TS2307: Cannot find module 'react-native' or its corresponding type declarations.
components/screens/InputScreen.tsx(3,35): error TS2307: Cannot find module 'react-native-safe-area-context' or its corresponding type declarations.
components/screens/InputScreen.tsx(4,26): error TS2307: Cannot find module '@expo/vector-icons' or its corresponding type declarations.
components/screens/InputScreen.tsx(5,24): error TS6142: Module '../ui/Layout' was resolved to '/app/components/ui/Layout.tsx', but '--jsx' is not set.
components/screens/InputScreen.tsx(6,30): error TS6142: Module '../ui/ScreenHeader' was resolved to '/app/components/ui/ScreenHeader.tsx', but '--jsx' is not set.
components/screens/InputScreen.tsx(7,24): error TS6142: Module '../ui/Button' was resolved to '/app/components/ui/Button.tsx', but '--jsx' is not set.
components/screens/InputScreen.tsx(8,32): error TS6142: Module '../ui/LinkAttachment' was resolved to '/app/components/ui/LinkAttachment.tsx', but '--jsx' is not set.
components/screens/InputScreen.tsx(9,32): error TS6142: Module '../ui/FileAttachment' was resolved to '/app/components/ui/FileAttachment.tsx', but '--jsx' is not set.
components/screens/InputScreen.tsx(10,33): error TS6142: Module '../ui/LongPressButton' was resolved to '/app/components/ui/LongPressButton.tsx', but '--jsx' is not set.
components/screens/InputScreen.tsx(13,34): error TS6142: Module '../SimpleTextEditor' was resolved to '/app/components/SimpleTextEditor.tsx', but '--jsx' is not set.
components/screens/InputScreen.tsx(14,30): error TS6142: Module '../ui/ReminderItem' was resolved to '/app/components/ui/ReminderItem.tsx', but '--jsx' is not set.
components/screens/InputScreen.tsx(15,30): error TS6142: Module '../markdown/RichTaskItem' was resolved to '/app/components/markdown/RichTaskItem.tsx', but '--jsx' is not set.
components/screens/InputScreen.tsx(16,31): error TS6142: Module '../markdown/TaskEditModal' was resolved to '/app/components/markdown/TaskEditModal.tsx', but '--jsx' is not set.
components/screens/InputScreen.tsx(18,27): error TS6142: Module '../ui/AppButton' was resolved to '/app/components/ui/AppButton.tsx', but '--jsx' is not set.
components/screens/InputScreen.tsx(118,9): error TS17004: Cannot use JSX unless the '--jsx' flag is provided.
components/screens/InputScreen.tsx(118,10): error TS2741: Property 'children' is missing in type '{}' but required in type '{ children: React.ReactNode; scrollable?: boolean | undefined; fullBleed?: boolean | undefined; noPadding?: boolean | undefined; }'.
components/screens/InputScreen.tsx(119,13): error TS17004: Cannot use JSX unless the '--jsx' flag is provided.
components/screens/InputScreen.tsx(120,13): error TS17004: Cannot use JSX unless the '--jsx' flag is provided.
components/screens/InputScreen.tsx(127,17): error TS17004: Cannot use JSX unless the '--jsx' flag is provided.
components/screens/InputScreen.tsx(134,21): error TS17004: Cannot use JSX unless the '--jsx' flag is provided.
components/screens/InputScreen.tsx(150,25): error TS17004: Cannot use JSX unless the '--jsx' flag is provided.
components/screens/InputScreen.tsx(152,33): error TS17004: Cannot use JSX unless the '--jsx' flag is provided.
components/screens/InputScreen.tsx(153,37): error TS2322: Type '{ key: string; file: { uri: string; name: string; size: number; mimeType: string; }; onRemove: () => Promise<void>; showRemove: true; }' is not assignable to type 'FileAttachmentProps'.
  Property 'key' does not exist on type 'FileAttachmentProps'.
components/screens/InputScreen.tsx(164,25): error TS17004: Cannot use JSX unless the '--jsx' flag is provided.
components/screens/InputScreen.tsx(166,33): error TS17004: Cannot use JSX unless the '--jsx' flag is provided.
components/screens/InputScreen.tsx(167,37): error TS2322: Type '{ key: string; link: URLMetadata; onRemove: (() => void) | undefined; showRemove: true; }' is not assignable to type 'LinkAttachmentProps'.
  Property 'key' does not exist on type 'LinkAttachmentProps'.
components/screens/InputScreen.tsx(178,25): error TS17004: Cannot use JSX unless the '--jsx' flag is provided.
components/screens/InputScreen.tsx(179,29): error TS17004: Cannot use JSX unless the '--jsx' flag is provided.
components/screens/InputScreen.tsx(180,41): error TS7006: Parameter 'task' implicitly has an 'any' type.
components/screens/InputScreen.tsx(180,47): error TS7006: Parameter 'index' implicitly has an 'any' type.
components/screens/InputScreen.tsx(181,33): error TS17004: Cannot use JSX unless the '--jsx' flag is provided.
components/screens/InputScreen.tsx(182,37): error TS17004: Cannot use JSX unless the '--jsx' flag is provided.
components/screens/InputScreen.tsx(196,25): error TS17004: Cannot use JSX unless the '--jsx' flag is provided.
components/screens/InputScreen.tsx(197,29): error TS17004: Cannot use JSX unless the '--jsx' flag is provided.
components/screens/InputScreen.tsx(216,25): error TS17004: Cannot use JSX unless the '--jsx' flag is provided.
components/screens/InputScreen.tsx(218,65): error TS2550: Property 'includes' does not exist on type 'string[]'. Do you need to change your target library? Try changing the 'lib' compiler option to 'es2016' or later.
components/screens/InputScreen.tsx(220,37): error TS17004: Cannot use JSX unless the '--jsx' flag is provided.
components/screens/InputScreen.tsx(221,41): error TS2322: Type '{ key: string; title: string; variant: "ghost"; size: "xs"; rounding: "full"; selected: any; onPress: () => void; style: { backgroundColor: string; } | undefined; }' is not assignable to type 'AppButtonProps'.
  Property 'key' does not exist on type 'AppButtonProps'.
components/screens/InputScreen.tsx(236,21): error TS17004: Cannot use JSX unless the '--jsx' flag is provided.
components/screens/InputScreen.tsx(238,25): error TS17004: Cannot use JSX unless the '--jsx' flag is provided.
components/screens/InputScreen.tsx(239,29): error TS17004: Cannot use JSX unless the '--jsx' flag is provided.
components/screens/InputScreen.tsx(240,29): error TS17004: Cannot use JSX unless the '--jsx' flag is provided.
components/screens/InputScreen.tsx(244,33): error TS17004: Cannot use JSX unless the '--jsx' flag is provided.
components/screens/InputScreen.tsx(249,25): error TS17004: Cannot use JSX unless the '--jsx' flag is provided.
components/screens/InputScreen.tsx(250,29): error TS17004: Cannot use JSX unless the '--jsx' flag is provided.
components/screens/InputScreen.tsx(251,29): error TS17004: Cannot use JSX unless the '--jsx' flag is provided.
components/screens/InputScreen.tsx(255,33): error TS17004: Cannot use JSX unless the '--jsx' flag is provided.
components/screens/InputScreen.tsx(262,25): error TS17004: Cannot use JSX unless the '--jsx' flag is provided.
components/screens/InputScreen.tsx(267,25): error TS17004: Cannot use JSX unless the '--jsx' flag is provided.
components/screens/InputScreen.tsx(274,21): error TS17004: Cannot use JSX unless the '--jsx' flag is provided.
components/screens/InputScreen.tsx(275,21): error TS17004: Cannot use JSX unless the '--jsx' flag is provided.
components/screens/InputScreen.tsx(283,13): error TS17004: Cannot use JSX unless the '--jsx' flag is provided.
components/screens/JulesScreen.tsx(1,160): error TS2307: Cannot find module 'react-native' or its corresponding type declarations.
components/screens/JulesScreen.tsx(2,32): error TS2307: Cannot find module 'expo-linear-gradient' or its corresponding type declarations.
components/screens/JulesScreen.tsx(3,35): error TS2307: Cannot find module 'react-native-safe-area-context' or its corresponding type declarations.
components/screens/JulesScreen.tsx(4,24): error TS6142: Module '../ui/Layout' was resolved to '/app/components/ui/Layout.tsx', but '--jsx' is not set.
components/screens/JulesScreen.tsx(5,30): error TS6142: Module '../ui/IslandHeader' was resolved to '/app/components/ui/IslandHeader.tsx', but '--jsx' is not set.
components/screens/JulesScreen.tsx(6,22): error TS6142: Module '../ui/Card' was resolved to '/app/components/ui/Card.tsx', but '--jsx' is not set.
components/screens/JulesScreen.tsx(8,67): error TS2307: Cannot find module 'react' or its corresponding type declarations.
components/screens/JulesScreen.tsx(10,26): error TS2307: Cannot find module '@expo/vector-icons' or its corresponding type declarations.
components/screens/JulesScreen.tsx(11,19): error TS2307: Cannot find module 'dayjs' or its corresponding type declarations.
components/screens/JulesScreen.tsx(12,29): error TS2307: Cannot find module 'expo-web-browser' or its corresponding type declarations.
components/screens/JulesScreen.tsx(13,63): error TS2307: Cannot find module 'expo-auth-session' or its corresponding type declarations.
components/screens/JulesScreen.tsx(15,19): error TS2307: Cannot find module 'react-native-toast-message' or its corresponding type declarations.
components/screens/JulesScreen.tsx(18,26): error TS2307: Cannot find module 'dayjs/plugin/relativeTime' or its corresponding type declarations.
components/screens/JulesScreen.tsx(19,47): error TS2307: Cannot find module '@react-navigation/native' or its corresponding type declarations.
components/screens/JulesScreen.tsx(20,31): error TS6142: Module '../ui/MessageDialog' was resolved to '/app/components/ui/MessageDialog.tsx', but '--jsx' is not set.
components/screens/JulesScreen.tsx(26,30): error TS6142: Module '../ui/MetadataChip' was resolved to '/app/components/ui/MetadataChip.tsx', but '--jsx' is not set.
components/screens/JulesScreen.tsx(41,30): error TS2550: Property 'find' does not exist on type 'Artifact[]'. Do you need to change your target library? Try changing the 'lib' compiler option to 'es2015' or later.
components/screens/JulesScreen.tsx(41,35): error TS7006: Parameter 'a' implicitly has an 'any' type.
components/screens/JulesScreen.tsx(51,9): error TS17004: Cannot use JSX unless the '--jsx' flag is provided.
components/screens/JulesScreen.tsx(52,13): error TS17004: Cannot use JSX unless the '--jsx' flag is provided.
components/screens/JulesScreen.tsx(53,17): error TS17004: Cannot use JSX unless the '--jsx' flag is provided.
components/screens/JulesScreen.tsx(54,21): error TS17004: Cannot use JSX unless the '--jsx' flag is provided.
components/screens/JulesScreen.tsx(55,25): error TS17004: Cannot use JSX unless the '--jsx' flag is provided.
components/screens/JulesScreen.tsx(58,25): error TS17004: Cannot use JSX unless the '--jsx' flag is provided.
components/screens/JulesScreen.tsx(69,29): error TS17004: Cannot use JSX unless the '--jsx' flag is provided.
components/screens/JulesScreen.tsx(70,29): error TS17004: Cannot use JSX unless the '--jsx' flag is provided.
components/screens/JulesScreen.tsx(73,21): error TS17004: Cannot use JSX unless the '--jsx' flag is provided.
components/screens/JulesScreen.tsx(74,25): error TS17004: Cannot use JSX unless the '--jsx' flag is provided.
components/screens/JulesScreen.tsx(94,18): error TS2550: Property 'finally' does not exist on type 'Promise<void | GithubRepo[]>'. Do you need to change your target library? Try changing the 'lib' compiler option to 'es2018' or later.
components/screens/JulesScreen.tsx(98,35): error TS7006: Parameter 'r' implicitly has an 'any' type.
components/screens/JulesScreen.tsx(101,9): error TS17004: Cannot use JSX unless the '--jsx' flag is provided.
components/screens/JulesScreen.tsx(102,13): error TS17004: Cannot use JSX unless the '--jsx' flag is provided.
components/screens/JulesScreen.tsx(103,17): error TS17004: Cannot use JSX unless the '--jsx' flag is provided.
components/screens/JulesScreen.tsx(104,21): error TS17004: Cannot use JSX unless the '--jsx' flag is provided.
components/screens/JulesScreen.tsx(105,25): error TS17004: Cannot use JSX unless the '--jsx' flag is provided.
components/screens/JulesScreen.tsx(106,25): error TS17004: Cannot use JSX unless the '--jsx' flag is provided.
components/screens/JulesScreen.tsx(107,29): error TS17004: Cannot use JSX unless the '--jsx' flag is provided.
components/screens/JulesScreen.tsx(110,21): error TS17004: Cannot use JSX unless the '--jsx' flag is provided.
components/screens/JulesScreen.tsx(111,25): error TS17004: Cannot use JSX unless the '--jsx' flag is provided.
components/screens/JulesScreen.tsx(112,29): error TS17004: Cannot use JSX unless the '--jsx' flag is provided.
components/screens/JulesScreen.tsx(113,29): error TS17004: Cannot use JSX unless the '--jsx' flag is provided.
components/screens/JulesScreen.tsx(124,25): error TS17004: Cannot use JSX unless the '--jsx' flag is provided.
components/screens/JulesScreen.tsx(126,25): error TS17004: Cannot use JSX unless the '--jsx' flag is provided.
components/screens/JulesScreen.tsx(128,43): error TS7006: Parameter 'item' implicitly has an 'any' type.
components/screens/JulesScreen.tsx(131,44): error TS7031: Binding element 'item' implicitly has an 'any' type.
components/screens/JulesScreen.tsx(132,33): error TS17004: Cannot use JSX unless the '--jsx' flag is provided.
components/screens/JulesScreen.tsx(136,37): error TS17004: Cannot use JSX unless the '--jsx' flag is provided.
components/screens/JulesScreen.tsx(137,41): error TS17004: Cannot use JSX unless the '--jsx' flag is provided.
components/screens/JulesScreen.tsx(138,62): error TS17004: Cannot use JSX unless the '--jsx' flag is provided.
components/screens/JulesScreen.tsx(140,54): error TS17004: Cannot use JSX unless the '--jsx' flag is provided.
components/screens/JulesScreen.tsx(198,9): error TS17004: Cannot use JSX unless the '--jsx' flag is provided.
components/screens/JulesScreen.tsx(202,13): error TS17004: Cannot use JSX unless the '--jsx' flag is provided.
components/screens/JulesScreen.tsx(203,17): error TS17004: Cannot use JSX unless the '--jsx' flag is provided.
components/screens/JulesScreen.tsx(204,21): error TS17004: Cannot use JSX unless the '--jsx' flag is provided.
components/screens/JulesScreen.tsx(210,17): error TS17004: Cannot use JSX unless the '--jsx' flag is provided.
components/screens/JulesScreen.tsx(212,13): error TS17004: Cannot use JSX unless the '--jsx' flag is provided.
components/screens/JulesScreen.tsx(241,17): error TS17004: Cannot use JSX unless the '--jsx' flag is provided.
components/screens/JulesScreen.tsx(253,13): error TS17004: Cannot use JSX unless the '--jsx' flag is provided.
components/screens/JulesScreen.tsx(265,14): error TS17004: Cannot use JSX unless the '--jsx' flag is provided.
components/screens/JulesScreen.tsx(276,9): error TS17004: Cannot use JSX unless the '--jsx' flag is provided.
components/screens/JulesScreen.tsx(358,14): error TS2550: Property 'finally' does not exist on type 'Promise<void | Artifact[]>'. Do you need to change your target library? Try changing the 'lib' compiler option to 'es2018' or later.
components/screens/JulesScreen.tsx(395,22): error TS2550: Property 'finally' does not exist on type 'Promise<void | CheckRun[]>'. Do you need to change your target library? Try changing the 'lib' compiler option to 'es2018' or later.
components/screens/JulesScreen.tsx(421,36): error TS2705: An async function or method in ES5 requires the 'Promise' constructor.  Make sure you have a declaration for the 'Promise' constructor or include 'ES2015' in your '--lib' option.
components/screens/JulesScreen.tsx(447,25): error TS2705: An async function or method in ES5 requires the 'Promise' constructor.  Make sure you have a declaration for the 'Promise' constructor or include 'ES2015' in your '--lib' option.
components/screens/JulesScreen.tsx(491,13): error TS17004: Cannot use JSX unless the '--jsx' flag is provided.
components/screens/JulesScreen.tsx(492,17): error TS17004: Cannot use JSX unless the '--jsx' flag is provided.
components/screens/JulesScreen.tsx(493,21): error TS17004: Cannot use JSX unless the '--jsx' flag is provided.
components/screens/JulesScreen.tsx(497,25): error TS17004: Cannot use JSX unless the '--jsx' flag is provided.
components/screens/JulesScreen.tsx(498,29): error TS17004: Cannot use JSX unless the '--jsx' flag is provided.
components/screens/JulesScreen.tsx(500,25): error TS17004: Cannot use JSX unless the '--jsx' flag is provided.
components/screens/JulesScreen.tsx(501,29): error TS17004: Cannot use JSX unless the '--jsx' flag is provided.
components/screens/JulesScreen.tsx(502,33): error TS17004: Cannot use JSX unless the '--jsx' flag is provided.
components/screens/JulesScreen.tsx(504,29): error TS17004: Cannot use JSX unless the '--jsx' flag is provided.
components/screens/JulesScreen.tsx(510,21): error TS17004: Cannot use JSX unless the '--jsx' flag is provided.
components/screens/JulesScreen.tsx(511,25): error TS17004: Cannot use JSX unless the '--jsx' flag is provided.
components/screens/JulesScreen.tsx(524,29): error TS17004: Cannot use JSX unless the '--jsx' flag is provided.
components/screens/JulesScreen.tsx(534,25): error TS17004: Cannot use JSX unless the '--jsx' flag is provided.
components/screens/JulesScreen.tsx(535,29): error TS17004: Cannot use JSX unless the '--jsx' flag is provided.
components/screens/JulesScreen.tsx(541,21): error TS17004: Cannot use JSX unless the '--jsx' flag is provided.
components/screens/JulesScreen.tsx(543,29): error TS17004: Cannot use JSX unless the '--jsx' flag is provided.
components/screens/JulesScreen.tsx(544,33): error TS17004: Cannot use JSX unless the '--jsx' flag is provided.
components/screens/JulesScreen.tsx(545,33): error TS17004: Cannot use JSX unless the '--jsx' flag is provided.
components/screens/JulesScreen.tsx(548,25): error TS17004: Cannot use JSX unless the '--jsx' flag is provided.
components/screens/JulesScreen.tsx(550,29): error TS17004: Cannot use JSX unless the '--jsx' flag is provided.
components/screens/JulesScreen.tsx(552,29): error TS17004: Cannot use JSX unless the '--jsx' flag is provided.
components/screens/JulesScreen.tsx(553,45): error TS7006: Parameter 'check' implicitly has an 'any' type.
components/screens/JulesScreen.tsx(554,37): error TS17004: Cannot use JSX unless the '--jsx' flag is provided.
components/screens/JulesScreen.tsx(554,54): error TS2322: Type '{ key: any; check: any; compact: true; }' is not assignable to type '{ check: CheckRun; compact?: boolean | undefined; }'.
  Property 'key' does not exist on type '{ check: CheckRun; compact?: boolean | undefined; }'.
components/screens/JulesScreen.tsx(558,29): error TS17004: Cannot use JSX unless the '--jsx' flag is provided.
components/screens/JulesScreen.tsx(567,9): error TS17004: Cannot use JSX unless the '--jsx' flag is provided.
components/screens/JulesScreen.tsx(567,10): error TS2741: Property 'children' is missing in type '{ className: string; padding: string; style: { overflow: string; }; background: any; }' but required in type '{ children: React.ReactNode; className?: string | undefined; padding?: string | undefined; style?: any; background?: any; }'.
components/screens/JulesScreen.tsx(572,17): error TS17004: Cannot use JSX unless the '--jsx' flag is provided.
components/screens/JulesScreen.tsx(573,21): error TS17004: Cannot use JSX unless the '--jsx' flag is provided.
components/screens/JulesScreen.tsx(583,13): error TS17004: Cannot use JSX unless the '--jsx' flag is provided.
components/screens/JulesScreen.tsx(584,17): error TS17004: Cannot use JSX unless the '--jsx' flag is provided.
components/screens/JulesScreen.tsx(588,21): error TS17004: Cannot use JSX unless the '--jsx' flag is provided.
components/screens/JulesScreen.tsx(589,25): error TS17004: Cannot use JSX unless the '--jsx' flag is provided.
components/screens/JulesScreen.tsx(591,21): error TS17004: Cannot use JSX unless the '--jsx' flag is provided.
components/screens/JulesScreen.tsx(592,25): error TS17004: Cannot use JSX unless the '--jsx' flag is provided.
components/screens/JulesScreen.tsx(593,29): error TS17004: Cannot use JSX unless the '--jsx' flag is provided.
components/screens/JulesScreen.tsx(595,25): error TS17004: Cannot use JSX unless the '--jsx' flag is provided.
components/screens/JulesScreen.tsx(601,17): error TS17004: Cannot use JSX unless the '--jsx' flag is provided.
components/screens/JulesScreen.tsx(602,21): error TS17004: Cannot use JSX unless the '--jsx' flag is provided.
components/screens/JulesScreen.tsx(615,25): error TS17004: Cannot use JSX unless the '--jsx' flag is provided.
components/screens/JulesScreen.tsx(625,21): error TS17004: Cannot use JSX unless the '--jsx' flag is provided.
components/screens/JulesScreen.tsx(626,25): error TS17004: Cannot use JSX unless the '--jsx' flag is provided.
components/screens/JulesScreen.tsx(632,17): error TS17004: Cannot use JSX unless the '--jsx' flag is provided.
components/screens/JulesScreen.tsx(633,21): error TS17004: Cannot use JSX unless the '--jsx' flag is provided.
components/screens/JulesScreen.tsx(635,29): error TS17004: Cannot use JSX unless the '--jsx' flag is provided.
components/screens/JulesScreen.tsx(639,33): error TS17004: Cannot use JSX unless the '--jsx' flag is provided.
components/screens/JulesScreen.tsx(640,33): error TS17004: Cannot use JSX unless the '--jsx' flag is provided.
components/screens/JulesScreen.tsx(646,25): error TS17004: Cannot use JSX unless the '--jsx' flag is provided.
components/screens/JulesScreen.tsx(647,29): error TS17004: Cannot use JSX unless the '--jsx' flag is provided.
components/screens/JulesScreen.tsx(648,29): error TS17004: Cannot use JSX unless the '--jsx' flag is provided.
components/screens/JulesScreen.tsx(651,21): error TS17004: Cannot use JSX unless the '--jsx' flag is provided.
components/screens/JulesScreen.tsx(653,25): error TS17004: Cannot use JSX unless the '--jsx' flag is provided.
components/screens/JulesScreen.tsx(655,25): error TS17004: Cannot use JSX unless the '--jsx' flag is provided.
components/screens/JulesScreen.tsx(656,41): error TS7006: Parameter 'check' implicitly has an 'any' type.
components/screens/JulesScreen.tsx(657,33): error TS17004: Cannot use JSX unless the '--jsx' flag is provided.
components/screens/JulesScreen.tsx(657,50): error TS2322: Type '{ key: any; check: any; }' is not assignable to type '{ check: CheckRun; compact?: boolean | undefined; }'.
  Property 'key' does not exist on type '{ check: CheckRun; compact?: boolean | undefined; }'.
components/screens/JulesScreen.tsx(661,25): error TS17004: Cannot use JSX unless the '--jsx' flag is provided.
components/screens/JulesScreen.tsx(731,25): error TS2705: An async function or method in ES5 requires the 'Promise' constructor.  Make sure you have a declaration for the 'Promise' constructor or include 'ES2015' in your '--lib' option.
components/screens/JulesScreen.tsx(758,31): error TS2705: An async function or method in ES5 requires the 'Promise' constructor.  Make sure you have a declaration for the 'Promise' constructor or include 'ES2015' in your '--lib' option.
components/screens/JulesScreen.tsx(796,36): error TS2550: Property 'find' does not exist on type 'SessionOutput[]'. Do you need to change your target library? Try changing the 'lib' compiler option to 'es2015' or later.
components/screens/JulesScreen.tsx(796,41): error TS7006: Parameter 'o' implicitly has an 'any' type.
components/screens/JulesScreen.tsx(821,9): error TS17004: Cannot use JSX unless the '--jsx' flag is provided.
components/screens/JulesScreen.tsx(821,10): error TS2741: Property 'children' is missing in type '{ className: string; padding: string; background: any; }' but required in type '{ children: React.ReactNode; className?: string | undefined; padding?: string | undefined; style?: any; background?: any; }'.
components/screens/JulesScreen.tsx(825,17): error TS17004: Cannot use JSX unless the '--jsx' flag is provided.
components/screens/JulesScreen.tsx(826,21): error TS17004: Cannot use JSX unless the '--jsx' flag is provided.
components/screens/JulesScreen.tsx(836,13): error TS17004: Cannot use JSX unless the '--jsx' flag is provided.
components/screens/JulesScreen.tsx(837,17): error TS17004: Cannot use JSX unless the '--jsx' flag is provided.
components/screens/JulesScreen.tsx(838,21): error TS17004: Cannot use JSX unless the '--jsx' flag is provided.
components/screens/JulesScreen.tsx(839,25): error TS17004: Cannot use JSX unless the '--jsx' flag is provided.
components/screens/JulesScreen.tsx(840,29): error TS17004: Cannot use JSX unless the '--jsx' flag is provided.
components/screens/JulesScreen.tsx(843,21): error TS17004: Cannot use JSX unless the '--jsx' flag is provided.
components/screens/JulesScreen.tsx(844,25): error TS17004: Cannot use JSX unless the '--jsx' flag is provided.
components/screens/JulesScreen.tsx(845,29): error TS17004: Cannot use JSX unless the '--jsx' flag is provided.
components/screens/JulesScreen.tsx(847,25): error TS17004: Cannot use JSX unless the '--jsx' flag is provided.
components/screens/JulesScreen.tsx(852,17): error TS17004: Cannot use JSX unless the '--jsx' flag is provided.
components/screens/JulesScreen.tsx(854,25): error TS17004: Cannot use JSX unless the '--jsx' flag is provided.
components/screens/JulesScreen.tsx(866,13): error TS17004: Cannot use JSX unless the '--jsx' flag is provided.
components/screens/JulesScreen.tsx(867,17): error TS17004: Cannot use JSX unless the '--jsx' flag is provided.
components/screens/JulesScreen.tsx(871,21): error TS17004: Cannot use JSX unless the '--jsx' flag is provided.
components/screens/JulesScreen.tsx(872,21): error TS17004: Cannot use JSX unless the '--jsx' flag is provided.
components/screens/JulesScreen.tsx(876,21): error TS17004: Cannot use JSX unless the '--jsx' flag is provided.
components/screens/JulesScreen.tsx(880,25): error TS17004: Cannot use JSX unless the '--jsx' flag is provided.
components/screens/JulesScreen.tsx(881,25): error TS17004: Cannot use JSX unless the '--jsx' flag is provided.
components/screens/JulesScreen.tsx(886,21): error TS17004: Cannot use JSX unless the '--jsx' flag is provided.
components/screens/JulesScreen.tsx(896,29): error TS17004: Cannot use JSX unless the '--jsx' flag is provided.
components/screens/JulesScreen.tsx(898,29): error TS17004: Cannot use JSX unless the '--jsx' flag is provided.
components/screens/JulesScreen.tsx(899,33): error TS17004: Cannot use JSX unless the '--jsx' flag is provided.
components/screens/JulesScreen.tsx(904,33): error TS17004: Cannot use JSX unless the '--jsx' flag is provided.
components/screens/JulesScreen.tsx(912,17): error TS17004: Cannot use JSX unless the '--jsx' flag is provided.
components/screens/JulesScreen.tsx(916,21): error TS17004: Cannot use JSX unless the '--jsx' flag is provided.
components/screens/JulesScreen.tsx(917,21): error TS17004: Cannot use JSX unless the '--jsx' flag is provided.
components/screens/JulesScreen.tsx(920,17): error TS17004: Cannot use JSX unless the '--jsx' flag is provided.
components/screens/JulesScreen.tsx(924,21): error TS17004: Cannot use JSX unless the '--jsx' flag is provided.
components/screens/JulesScreen.tsx(929,17): error TS17004: Cannot use JSX unless the '--jsx' flag is provided.
components/screens/JulesScreen.tsx(940,13): error TS17004: Cannot use JSX unless the '--jsx' flag is provided.
components/screens/JulesScreen.tsx(946,13): error TS17004: Cannot use JSX unless the '--jsx' flag is provided.
components/screens/JulesScreen.tsx(965,9): error TS17004: Cannot use JSX unless the '--jsx' flag is provided.
components/screens/JulesScreen.tsx(965,10): error TS2741: Property 'children' is missing in type '{ className: string; padding: string; }' but required in type '{ children: React.ReactNode; className?: string | undefined; padding?: string | undefined; style?: any; background?: any; }'.
components/screens/JulesScreen.tsx(966,13): error TS17004: Cannot use JSX unless the '--jsx' flag is provided.
components/screens/JulesScreen.tsx(970,17): error TS17004: Cannot use JSX unless the '--jsx' flag is provided.
components/screens/JulesScreen.tsx(971,21): error TS17004: Cannot use JSX unless the '--jsx' flag is provided.
components/screens/JulesScreen.tsx(972,21): error TS17004: Cannot use JSX unless the '--jsx' flag is provided.
components/screens/JulesScreen.tsx(974,25): error TS17004: Cannot use JSX unless the '--jsx' flag is provided.
components/screens/JulesScreen.tsx(975,29): error TS17004: Cannot use JSX unless the '--jsx' flag is provided.
components/screens/JulesScreen.tsx(985,17): error TS17004: Cannot use JSX unless the '--jsx' flag is provided.
components/screens/JulesScreen.tsx(989,17): error TS17004: Cannot use JSX unless the '--jsx' flag is provided.
components/screens/JulesScreen.tsx(991,25): error TS17004: Cannot use JSX unless the '--jsx' flag is provided.
components/screens/JulesScreen.tsx(992,29): error TS2322: Type '{ key: number; run: WorkflowRun; token: string; owner: string; repo: string; refreshTrigger: number | undefined; embedded: true; compact: true; }' is not assignable to type '{ run: WorkflowRun; token: string; owner: string; repo: string; initialExpanded?: boolean | undefined; refreshTrigger?: number | undefined; embedded?: boolean | undefined; compact?: boolean | undefined; }'.
  Property 'key' does not exist on type '{ run: WorkflowRun; token: string; owner: string; repo: string; initialExpanded?: boolean | undefined; refreshTrigger?: number | undefined; embedded?: boolean | undefined; compact?: boolean | undefined; }'.
components/screens/JulesScreen.tsx(1067,27): error TS2705: An async function or method in ES5 requires the 'Promise' constructor.  Make sure you have a declaration for the 'Promise' constructor or include 'ES2015' in your '--lib' option.
components/screens/JulesScreen.tsx(1088,22): error TS2550: Property 'finally' does not exist on type 'Promise<void>'. Do you need to change your target library? Try changing the 'lib' compiler option to 'es2018' or later.
components/screens/JulesScreen.tsx(1101,34): error TS2705: An async function or method in ES5 requires the 'Promise' constructor.  Make sure you have a declaration for the 'Promise' constructor or include 'ES2015' in your '--lib' option.
components/screens/JulesScreen.tsx(1112,38): error TS2583: Cannot find name 'Map'. Do you need to change your target library? Try changing the 'lib' compiler option to 'es2015' or later.
components/screens/JulesScreen.tsx(1146,49): error TS7006: Parameter 'prev' implicitly has an 'any' type.
components/screens/JulesScreen.tsx(1159,43): error TS2550: Property 'from' does not exist on type 'ArrayConstructor'. Do you need to change your target library? Try changing the 'lib' compiler option to 'es2015' or later.
components/screens/JulesScreen.tsx(1159,84): error TS7031: Binding element 'owner' implicitly has an 'any' type.
components/screens/JulesScreen.tsx(1159,91): error TS7031: Binding element 'repo' implicitly has an 'any' type.
components/screens/JulesScreen.tsx(1170,42): error TS2585: 'Promise' only refers to a type, but is being used as a value here. Do you need to change your target library? Try changing the 'lib' compiler option to es2015 or later.
components/screens/JulesScreen.tsx(1189,46): error TS7006: Parameter 'session' implicitly has an 'any' type.
components/screens/JulesScreen.tsx(1212,51): error TS7006: Parameter 'r' implicitly has an 'any' type.
components/screens/JulesScreen.tsx(1213,69): error TS7006: Parameter 'p' implicitly has an 'any' type.
components/screens/JulesScreen.tsx(1220,51): error TS7006: Parameter 'r' implicitly has an 'any' type.
components/screens/JulesScreen.tsx(1231,41): error TS7006: Parameter 'a' implicitly has an 'any' type.
components/screens/JulesScreen.tsx(1231,44): error TS7006: Parameter 'b' implicitly has an 'any' type.
components/screens/JulesScreen.tsx(1260,43): error TS7006: Parameter 'r' implicitly has an 'any' type.
components/screens/JulesScreen.tsx(1273,27): error TS7006: Parameter 't' implicitly has an 'any' type.
components/screens/JulesScreen.tsx(1283,17): error TS17004: Cannot use JSX unless the '--jsx' flag is provided.
components/screens/JulesScreen.tsx(1284,21): error TS17004: Cannot use JSX unless the '--jsx' flag is provided.
components/screens/JulesScreen.tsx(1285,21): error TS17004: Cannot use JSX unless the '--jsx' flag is provided.
components/screens/JulesScreen.tsx(1286,21): error TS17004: Cannot use JSX unless the '--jsx' flag is provided.
components/screens/JulesScreen.tsx(1290,25): error TS17004: Cannot use JSX unless the '--jsx' flag is provided.
components/screens/JulesScreen.tsx(1295,29): error TS17004: Cannot use JSX unless the '--jsx' flag is provided.
components/screens/JulesScreen.tsx(1296,29): error TS17004: Cannot use JSX unless the '--jsx' flag is provided.
components/screens/JulesScreen.tsx(1305,17): error TS17004: Cannot use JSX unless the '--jsx' flag is provided.
components/screens/JulesScreen.tsx(1306,21): error TS17004: Cannot use JSX unless the '--jsx' flag is provided.
components/screens/JulesScreen.tsx(1313,17): error TS17004: Cannot use JSX unless the '--jsx' flag is provided.
components/screens/JulesScreen.tsx(1314,21): error TS17004: Cannot use JSX unless the '--jsx' flag is provided.
components/screens/JulesScreen.tsx(1315,21): error TS17004: Cannot use JSX unless the '--jsx' flag is provided.
components/screens/JulesScreen.tsx(1316,21): error TS17004: Cannot use JSX unless the '--jsx' flag is provided.
components/screens/JulesScreen.tsx(1317,21): error TS17004: Cannot use JSX unless the '--jsx' flag is provided.
components/screens/JulesScreen.tsx(1318,25): error TS17004: Cannot use JSX unless the '--jsx' flag is provided.
components/screens/JulesScreen.tsx(1326,17): error TS17004: Cannot use JSX unless the '--jsx' flag is provided.
components/screens/JulesScreen.tsx(1327,21): error TS17004: Cannot use JSX unless the '--jsx' flag is provided.
components/screens/JulesScreen.tsx(1328,21): error TS17004: Cannot use JSX unless the '--jsx' flag is provided.
components/screens/JulesScreen.tsx(1329,21): error TS17004: Cannot use JSX unless the '--jsx' flag is provided.
components/screens/JulesScreen.tsx(1330,25): error TS17004: Cannot use JSX unless the '--jsx' flag is provided.
components/screens/JulesScreen.tsx(1337,13): error TS17004: Cannot use JSX unless the '--jsx' flag is provided.
components/screens/JulesScreen.tsx(1340,33): error TS17004: Cannot use JSX unless the '--jsx' flag is provided.
components/screens/JulesScreen.tsx(1344,21): error TS17004: Cannot use JSX unless the '--jsx' flag is provided.
components/screens/JulesScreen.tsx(1355,21): error TS17004: Cannot use JSX unless the '--jsx' flag is provided.
components/screens/JulesScreen.tsx(1356,50): error TS7031: Binding element 'session' implicitly has an 'any' type.
components/screens/JulesScreen.tsx(1356,59): error TS7031: Binding element 'matchedRun' implicitly has an 'any' type.
components/screens/JulesScreen.tsx(1357,29): error TS17004: Cannot use JSX unless the '--jsx' flag is provided.
components/screens/JulesScreen.tsx(1358,33): error TS2322: Type '{ key: any; session: any; matchedRun: any; ghToken: any; defaultOwner: any; defaultRepo: any; onDelete: () => Promise<void>; onRefresh: any; julesGoogleApiKey: any; refreshTrigger: any; }' is not assignable to type '{ session: JulesSession; matchedRun: WorkflowRun | null; ghToken?: string | undefined; defaultOwner?: string | undefined; defaultRepo?: string | undefined; onDelete?: (() => void) | undefined; onRefresh?: (() => void) | undefined; julesGoogleApiKey?: string | undefined; refreshTrigger?: number | undefined; }'.
  Property 'key' does not exist on type '{ session: JulesSession; matchedRun: WorkflowRun | null; ghToken?: string | undefined; defaultOwner?: string | undefined; defaultRepo?: string | undefined; onDelete?: (() => void) | undefined; onRefresh?: (() => void) | undefined; julesGoogleApiKey?: string | undefined; refreshTrigger?: number | undefined; }'.
components/screens/JulesScreen.tsx(1364,43): error TS2705: An async function or method in ES5 requires the 'Promise' constructor.  Make sure you have a declaration for the 'Promise' constructor or include 'ES2015' in your '--lib' option.
components/screens/JulesScreen.tsx(1365,74): error TS2712: A dynamic import call in ES5 requires the 'Promise' constructor.  Make sure you have a declaration for the 'Promise' constructor or include 'ES2015' in your '--lib' option.
components/screens/JulesScreen.tsx(1367,58): error TS7006: Parameter 'prev' implicitly has an 'any' type.
components/screens/JulesScreen.tsx(1367,78): error TS7006: Parameter 's' implicitly has an 'any' type.
components/screens/JulesScreen.tsx(1389,9): error TS17004: Cannot use JSX unless the '--jsx' flag is provided.
components/screens/JulesScreen.tsx(1389,10): error TS2741: Property 'children' is missing in type '{}' but required in type '{ children: React.ReactNode; scrollable?: boolean | undefined; fullBleed?: boolean | undefined; noPadding?: boolean | undefined; }'.
components/screens/JulesScreen.tsx(1391,13): error TS17004: Cannot use JSX unless the '--jsx' flag is provided.
components/screens/JulesScreen.tsx(1392,17): error TS17004: Cannot use JSX unless the '--jsx' flag is provided.
components/screens/JulesScreen.tsx(1401,13): error TS17004: Cannot use JSX unless the '--jsx' flag is provided.
components/screens/LinksScreen.tsx(1,46): error TS2307: Cannot find module 'react' or its corresponding type declarations.
components/screens/LinksScreen.tsx(2,58): error TS2307: Cannot find module 'react-native' or its corresponding type declarations.
components/screens/LinksScreen.tsx(3,26): error TS2307: Cannot find module '@expo/vector-icons' or its corresponding type declarations.
components/screens/LinksScreen.tsx(4,24): error TS6142: Module '../ui/Layout' was resolved to '/app/components/ui/Layout.tsx', but '--jsx' is not set.
components/screens/LinksScreen.tsx(5,30): error TS6142: Module '../ui/IslandHeader' was resolved to '/app/components/ui/IslandHeader.tsx', but '--jsx' is not set.
components/screens/LinksScreen.tsx(6,33): error TS6142: Module '../ui/IslandBar' was resolved to '/app/components/ui/IslandBar.tsx', but '--jsx' is not set.
components/screens/LinksScreen.tsx(9,33): error TS6142: Module '../links/LinksFolderView' was resolved to '/app/components/links/LinksFolderView.tsx', but '--jsx' is not set.
components/screens/LinksScreen.tsx(10,32): error TS2307: Cannot find module '@react-navigation/native' or its corresponding type declarations.
components/screens/LinksScreen.tsx(12,35): error TS2307: Cannot find module 'react-native-safe-area-context' or its corresponding type declarations.
components/screens/LinksScreen.tsx(25,37): error TS2705: An async function or method in ES5 requires the 'Promise' constructor.  Make sure you have a declaration for the 'Promise' constructor or include 'ES2015' in your '--lib' option.
components/screens/LinksScreen.tsx(39,33): error TS7006: Parameter 'prev' implicitly has an 'any' type.
components/screens/LinksScreen.tsx(40,42): error TS2550: Property 'find' does not exist on type 'FolderGroup[]'. Do you need to change your target library? Try changing the 'lib' compiler option to 'es2015' or later.
components/screens/LinksScreen.tsx(40,47): error TS7006: Parameter 'g' implicitly has an 'any' type.
components/screens/LinksScreen.tsx(62,9): error TS17004: Cannot use JSX unless the '--jsx' flag is provided.
components/screens/LinksScreen.tsx(62,10): error TS2741: Property 'children' is missing in type '{}' but required in type '{ children: React.ReactNode; scrollable?: boolean | undefined; fullBleed?: boolean | undefined; noPadding?: boolean | undefined; }'.
components/screens/LinksScreen.tsx(63,13): error TS17004: Cannot use JSX unless the '--jsx' flag is provided.
components/screens/LinksScreen.tsx(64,17): error TS17004: Cannot use JSX unless the '--jsx' flag is provided.
components/screens/LinksScreen.tsx(65,17): error TS17004: Cannot use JSX unless the '--jsx' flag is provided.
components/screens/LinksScreen.tsx(66,17): error TS17004: Cannot use JSX unless the '--jsx' flag is provided.
components/screens/LinksScreen.tsx(77,13): error TS17004: Cannot use JSX unless the '--jsx' flag is provided.
components/screens/LinksScreen.tsx(77,14): error TS2741: Property 'children' is missing in type '{}' but required in type '{ children: React.ReactNode; scrollable?: boolean | undefined; fullBleed?: boolean | undefined; noPadding?: boolean | undefined; }'.
components/screens/LinksScreen.tsx(78,17): error TS17004: Cannot use JSX unless the '--jsx' flag is provided.
components/screens/LinksScreen.tsx(79,21): error TS17004: Cannot use JSX unless the '--jsx' flag is provided.
components/screens/LinksScreen.tsx(89,42): error TS7006: Parameter 'f' implicitly has an 'any' type.
components/screens/LinksScreen.tsx(92,9): error TS17004: Cannot use JSX unless the '--jsx' flag is provided.
components/screens/LinksScreen.tsx(92,10): error TS2741: Property 'children' is missing in type '{ fullBleed: true; }' but required in type '{ children: React.ReactNode; scrollable?: boolean | undefined; fullBleed?: boolean | undefined; noPadding?: boolean | undefined; }'.
components/screens/LinksScreen.tsx(93,13): error TS17004: Cannot use JSX unless the '--jsx' flag is provided.
components/screens/LinksScreen.tsx(94,17): error TS17004: Cannot use JSX unless the '--jsx' flag is provided.
components/screens/LinksScreen.tsx(96,39): error TS7006: Parameter 'f' implicitly has an 'any' type.
components/screens/LinksScreen.tsx(118,17): error TS17004: Cannot use JSX unless the '--jsx' flag is provided.
components/screens/LoadingScreen.tsx(1,19): error TS2307: Cannot find module 'react' or its corresponding type declarations.
components/screens/LoadingScreen.tsx(2,22): error TS2307: Cannot find module 'react-native' or its corresponding type declarations.
components/screens/LoadingScreen.tsx(3,26): error TS2307: Cannot find module '@expo/vector-icons' or its corresponding type declarations.
components/screens/LoadingScreen.tsx(4,24): error TS6142: Module '../ui/Layout' was resolved to '/app/components/ui/Layout.tsx', but '--jsx' is not set.
components/screens/LoadingScreen.tsx(5,29): error TS6142: Module '../ui/JulesLoader' was resolved to '/app/components/ui/JulesLoader.tsx', but '--jsx' is not set.
components/screens/LoadingScreen.tsx(9,9): error TS17004: Cannot use JSX unless the '--jsx' flag is provided.
components/screens/LoadingScreen.tsx(9,10): error TS2741: Property 'children' is missing in type '{}' but required in type '{ children: React.ReactNode; scrollable?: boolean | undefined; fullBleed?: boolean | undefined; noPadding?: boolean | undefined; }'.
components/screens/LoadingScreen.tsx(10,13): error TS17004: Cannot use JSX unless the '--jsx' flag is provided.
components/screens/LoadingScreen.tsx(11,17): error TS17004: Cannot use JSX unless the '--jsx' flag is provided.
components/screens/LoadingScreen.tsx(12,21): error TS17004: Cannot use JSX unless the '--jsx' flag is provided.
components/screens/NewsScreen.tsx(1,109): error TS2307: Cannot find module 'react-native' or its corresponding type declarations.
components/screens/NewsScreen.tsx(2,35): error TS2307: Cannot find module 'react-native-safe-area-context' or its corresponding type declarations.
components/screens/NewsScreen.tsx(4,50): error TS2307: Cannot find module 'react' or its corresponding type declarations.
components/screens/NewsScreen.tsx(6,24): error TS6142: Module '../ui/Layout' was resolved to '/app/components/ui/Layout.tsx', but '--jsx' is not set.
components/screens/NewsScreen.tsx(7,30): error TS6142: Module '../ui/IslandHeader' was resolved to '/app/components/ui/IslandHeader.tsx', but '--jsx' is not set.
components/screens/NewsScreen.tsx(8,33): error TS6142: Module '../ui/IslandBar' was resolved to '/app/components/ui/IslandBar.tsx', but '--jsx' is not set.
components/screens/NewsScreen.tsx(9,30): error TS6142: Module '../ui/MetadataChip' was resolved to '/app/components/ui/MetadataChip.tsx', but '--jsx' is not set.
components/screens/NewsScreen.tsx(10,30): error TS6142: Module '../ui/BaseListItem' was resolved to '/app/components/ui/BaseListItem.tsx', but '--jsx' is not set.
components/screens/NewsScreen.tsx(11,26): error TS2307: Cannot find module '@expo/vector-icons' or its corresponding type declarations.
components/screens/NewsScreen.tsx(12,19): error TS2307: Cannot find module 'dayjs' or its corresponding type declarations.
components/screens/NewsScreen.tsx(13,26): error TS2307: Cannot find module 'dayjs/plugin/relativeTime' or its corresponding type declarations.
components/screens/NewsScreen.tsx(14,29): error TS2307: Cannot find module 'expo-web-browser' or its corresponding type declarations.
components/screens/NewsScreen.tsx(16,32): error TS2307: Cannot find module 'expo-linear-gradient' or its corresponding type declarations.
components/screens/NewsScreen.tsx(17,29): error TS6142: Module '../ui/AppButton' was resolved to '/app/components/ui/AppButton.tsx', but '--jsx' is not set.
components/screens/NewsScreen.tsx(20,32): error TS2307: Cannot find module '@react-navigation/native' or its corresponding type declarations.
components/screens/NewsScreen.tsx(21,27): error TS2307: Cannot find module 'react-native-gesture-handler' or its corresponding type declarations.
components/screens/NewsScreen.tsx(22,30): error TS6142: Module '../settings/NewsSettings' was resolved to '/app/components/settings/NewsSettings.tsx', but '--jsx' is not set.
components/screens/NewsScreen.tsx(47,45): error TS7006: Parameter 'a' implicitly has an 'any' type.
components/screens/NewsScreen.tsx(49,42): error TS7006: Parameter 'r' implicitly has an 'any' type.
components/screens/NewsScreen.tsx(50,49): error TS7006: Parameter 'hostname' implicitly has an 'any' type.
components/screens/NewsScreen.tsx(52,48): error TS2550: Property 'includes' does not exist on type 'string'. Do you need to change your target library? Try changing the 'lib' compiler option to 'es2015' or later.
components/screens/NewsScreen.tsx(60,48): error TS7006: Parameter 'term' implicitly has an 'any' type.
components/screens/NewsScreen.tsx(60,69): error TS2550: Property 'includes' does not exist on type 'string'. Do you need to change your target library? Try changing the 'lib' compiler option to 'es2015' or later.
components/screens/NewsScreen.tsx(70,51): error TS7006: Parameter 'prev' implicitly has an 'any' type.
components/screens/NewsScreen.tsx(76,22): error TS2705: An async function or method in ES5 requires the 'Promise' constructor.  Make sure you have a declaration for the 'Promise' constructor or include 'ES2015' in your '--lib' option.
components/screens/NewsScreen.tsx(104,49): error TS7006: Parameter 'topic' implicitly has an 'any' type.
components/screens/NewsScreen.tsx(104,71): error TS2550: Property 'includes' does not exist on type 'string'. Do you need to change your target library? Try changing the 'lib' compiler option to 'es2015' or later.
components/screens/NewsScreen.tsx(113,29): error TS7006: Parameter 'prev' implicitly has an 'any' type.
components/screens/NewsScreen.tsx(154,64): error TS7006: Parameter 'a' implicitly has an 'any' type.
components/screens/NewsScreen.tsx(165,13): error TS17004: Cannot use JSX unless the '--jsx' flag is provided.
components/screens/NewsScreen.tsx(169,17): error TS17004: Cannot use JSX unless the '--jsx' flag is provided.
components/screens/NewsScreen.tsx(170,17): error TS17004: Cannot use JSX unless the '--jsx' flag is provided.
components/screens/NewsScreen.tsx(178,13): error TS17004: Cannot use JSX unless the '--jsx' flag is provided.
components/screens/NewsScreen.tsx(189,17): error TS17004: Cannot use JSX unless the '--jsx' flag is provided.
components/screens/NewsScreen.tsx(190,17): error TS17004: Cannot use JSX unless the '--jsx' flag is provided.
components/screens/NewsScreen.tsx(200,17): error TS17004: Cannot use JSX unless the '--jsx' flag is provided.
components/screens/NewsScreen.tsx(203,39): error TS7006: Parameter 'direction' implicitly has an 'any' type.
components/screens/NewsScreen.tsx(221,21): error TS17004: Cannot use JSX unless the '--jsx' flag is provided.
components/screens/NewsScreen.tsx(223,29): error TS17004: Cannot use JSX unless the '--jsx' flag is provided.
components/screens/NewsScreen.tsx(228,29): error TS17004: Cannot use JSX unless the '--jsx' flag is provided.
components/screens/NewsScreen.tsx(229,33): error TS17004: Cannot use JSX unless the '--jsx' flag is provided.
components/screens/NewsScreen.tsx(230,33): error TS17004: Cannot use JSX unless the '--jsx' flag is provided.
components/screens/NewsScreen.tsx(232,37): error TS17004: Cannot use JSX unless the '--jsx' flag is provided.
components/screens/NewsScreen.tsx(239,33): error TS17004: Cannot use JSX unless the '--jsx' flag is provided.
components/screens/NewsScreen.tsx(246,33): error TS17004: Cannot use JSX unless the '--jsx' flag is provided.
components/screens/NewsScreen.tsx(247,37): error TS17004: Cannot use JSX unless the '--jsx' flag is provided.
components/screens/NewsScreen.tsx(254,29): error TS17004: Cannot use JSX unless the '--jsx' flag is provided.
components/screens/NewsScreen.tsx(255,33): error TS17004: Cannot use JSX unless the '--jsx' flag is provided.
components/screens/NewsScreen.tsx(266,37): error TS17004: Cannot use JSX unless the '--jsx' flag is provided.
components/screens/NewsScreen.tsx(276,13): error TS17004: Cannot use JSX unless the '--jsx' flag is provided.
components/screens/NewsScreen.tsx(277,17): error TS17004: Cannot use JSX unless the '--jsx' flag is provided.
components/screens/NewsScreen.tsx(279,25): error TS17004: Cannot use JSX unless the '--jsx' flag is provided.
components/screens/NewsScreen.tsx(286,21): error TS17004: Cannot use JSX unless the '--jsx' flag is provided.
components/screens/NewsScreen.tsx(287,25): error TS17004: Cannot use JSX unless the '--jsx' flag is provided.
components/screens/NewsScreen.tsx(288,29): error TS17004: Cannot use JSX unless the '--jsx' flag is provided.
components/screens/NewsScreen.tsx(289,33): error TS17004: Cannot use JSX unless the '--jsx' flag is provided.
components/screens/NewsScreen.tsx(291,37): error TS17004: Cannot use JSX unless the '--jsx' flag is provided.
components/screens/NewsScreen.tsx(292,41): error TS17004: Cannot use JSX unless the '--jsx' flag is provided.
components/screens/NewsScreen.tsx(296,29): error TS17004: Cannot use JSX unless the '--jsx' flag is provided.
components/screens/NewsScreen.tsx(298,25): error TS17004: Cannot use JSX unless the '--jsx' flag is provided.
components/screens/NewsScreen.tsx(300,29): error TS17004: Cannot use JSX unless the '--jsx' flag is provided.
components/screens/NewsScreen.tsx(308,17): error TS17004: Cannot use JSX unless the '--jsx' flag is provided.
components/screens/NewsScreen.tsx(309,21): error TS17004: Cannot use JSX unless the '--jsx' flag is provided.
components/screens/NewsScreen.tsx(313,25): error TS17004: Cannot use JSX unless the '--jsx' flag is provided.
components/screens/NewsScreen.tsx(314,25): error TS17004: Cannot use JSX unless the '--jsx' flag is provided.
components/screens/NewsScreen.tsx(316,21): error TS17004: Cannot use JSX unless the '--jsx' flag is provided.
components/screens/NewsScreen.tsx(327,25): error TS17004: Cannot use JSX unless the '--jsx' flag is provided.
components/screens/NewsScreen.tsx(328,25): error TS17004: Cannot use JSX unless the '--jsx' flag is provided.
components/screens/NewsScreen.tsx(336,9): error TS17004: Cannot use JSX unless the '--jsx' flag is provided.
components/screens/NewsScreen.tsx(336,10): error TS2741: Property 'children' is missing in type '{}' but required in type '{ children: React.ReactNode; scrollable?: boolean | undefined; fullBleed?: boolean | undefined; noPadding?: boolean | undefined; }'.
components/screens/NewsScreen.tsx(337,13): error TS17004: Cannot use JSX unless the '--jsx' flag is provided.
components/screens/NewsScreen.tsx(338,17): error TS17004: Cannot use JSX unless the '--jsx' flag is provided.
components/screens/NewsScreen.tsx(343,56): error TS7006: Parameter 'prev' implicitly has an 'any' type.
components/screens/NewsScreen.tsx(362,21): error TS17004: Cannot use JSX unless the '--jsx' flag is provided.
components/screens/NewsScreen.tsx(363,25): error TS17004: Cannot use JSX unless the '--jsx' flag is provided.
components/screens/NewsScreen.tsx(367,40): error TS7006: Parameter 'e' implicitly has an 'any' type.
components/screens/NewsScreen.tsx(370,29): error TS17004: Cannot use JSX unless the '--jsx' flag is provided.
components/screens/NewsScreen.tsx(379,45): error TS7006: Parameter 'topic' implicitly has an 'any' type.
components/screens/NewsScreen.tsx(380,33): error TS17004: Cannot use JSX unless the '--jsx' flag is provided.
components/screens/NewsScreen.tsx(381,37): error TS2322: Type '{ key: any; label: any; variant: "outline" | "solid"; color: string; onPress: () => void; }' is not assignable to type 'MetadataChipProps'.
  Property 'key' does not exist on type 'MetadataChipProps'.
components/screens/NewsScreen.tsx(391,43): error TS7006: Parameter 'feed' implicitly has an 'any' type.
components/screens/NewsScreen.tsx(400,37): error TS17004: Cannot use JSX unless the '--jsx' flag is provided.
components/screens/NewsScreen.tsx(401,41): error TS2322: Type '{ key: any; label: any; icon: string; variant: "outline" | "solid"; color: string; onPress: () => void; }' is not assignable to type 'MetadataChipProps'.
  Property 'key' does not exist on type 'MetadataChipProps'.
components/screens/NewsScreen.tsx(417,29): error TS17004: Cannot use JSX unless the '--jsx' flag is provided.
components/screens/NewsScreen.tsx(427,25): error TS17004: Cannot use JSX unless the '--jsx' flag is provided.
components/screens/NewsScreen.tsx(438,13): error TS17004: Cannot use JSX unless the '--jsx' flag is provided.
components/screens/NewsScreen.tsx(439,36): error TS2580: Cannot find name 'process'. Do you need to install type definitions for node? Try `npm i --save-dev @types/node`.
components/screens/NewsScreen.tsx(440,21): error TS17004: Cannot use JSX unless the '--jsx' flag is provided.
components/screens/NewsScreen.tsx(441,25): error TS17004: Cannot use JSX unless the '--jsx' flag is provided.
components/screens/NewsScreen.tsx(442,25): error TS17004: Cannot use JSX unless the '--jsx' flag is provided.
components/screens/NewsScreen.tsx(443,25): error TS17004: Cannot use JSX unless the '--jsx' flag is provided.
components/screens/NewsScreen.tsx(446,21): error TS17004: Cannot use JSX unless the '--jsx' flag is provided.
components/screens/NewsScreen.tsx(448,29): error TS17004: Cannot use JSX unless the '--jsx' flag is provided.
components/screens/NewsScreen.tsx(449,33): error TS17004: Cannot use JSX unless the '--jsx' flag is provided.
components/screens/NewsScreen.tsx(450,33): error TS17004: Cannot use JSX unless the '--jsx' flag is provided.
components/screens/NewsScreen.tsx(451,33): error TS17004: Cannot use JSX unless the '--jsx' flag is provided.
components/screens/NewsScreen.tsx(454,29): error TS17004: Cannot use JSX unless the '--jsx' flag is provided.
components/screens/NewsScreen.tsx(457,48): error TS7006: Parameter 'item' implicitly has an 'any' type.
components/screens/NewsScreen.tsx(457,54): error TS7006: Parameter 'index' implicitly has an 'any' type.
components/screens/NewsScreen.tsx(460,37): error TS17004: Cannot use JSX unless the '--jsx' flag is provided.
components/screens/NewsScreen.tsx(470,41): error TS17004: Cannot use JSX unless the '--jsx' flag is provided.
components/screens/NewsScreen.tsx(471,45): error TS17004: Cannot use JSX unless the '--jsx' flag is provided.
components/screens/NewsScreen.tsx(476,49): error TS17004: Cannot use JSX unless the '--jsx' flag is provided.
components/screens/NewsScreen.tsx(485,41): error TS17004: Cannot use JSX unless the '--jsx' flag is provided.
components/screens/NewsScreen.tsx(486,45): error TS17004: Cannot use JSX unless the '--jsx' flag is provided.
components/screens/NewsScreen.tsx(496,13): error TS17004: Cannot use JSX unless the '--jsx' flag is provided.
components/screens/NewsScreen.tsx(502,17): error TS17004: Cannot use JSX unless the '--jsx' flag is provided.
components/screens/NewsScreen.tsx(503,21): error TS17004: Cannot use JSX unless the '--jsx' flag is provided.
components/screens/NewsScreen.tsx(504,25): error TS17004: Cannot use JSX unless the '--jsx' flag is provided.
components/screens/NewsScreen.tsx(505,25): error TS17004: Cannot use JSX unless the '--jsx' flag is provided.
components/screens/NewsScreen.tsx(507,21): error TS17004: Cannot use JSX unless the '--jsx' flag is provided.
components/screens/NewsScreen.tsx(508,25): error TS17004: Cannot use JSX unless the '--jsx' flag is provided.
components/screens/PreviewScreen.tsx(1,19): error TS2307: Cannot find module 'react' or its corresponding type declarations.
components/screens/PreviewScreen.tsx(2,118): error TS2307: Cannot find module 'react-native' or its corresponding type declarations.
components/screens/PreviewScreen.tsx(3,34): error TS2307: Cannot find module 'react-native-reanimated' or its corresponding type declarations.
components/screens/PreviewScreen.tsx(4,35): error TS2307: Cannot find module 'react-native-safe-area-context' or its corresponding type declarations.
components/screens/PreviewScreen.tsx(5,26): error TS2307: Cannot find module '@expo/vector-icons' or its corresponding type declarations.
components/screens/PreviewScreen.tsx(6,24): error TS6142: Module '../ui/Layout' was resolved to '/app/components/ui/Layout.tsx', but '--jsx' is not set.
components/screens/PreviewScreen.tsx(7,30): error TS6142: Module '../ui/ScreenHeader' was resolved to '/app/components/ui/ScreenHeader.tsx', but '--jsx' is not set.
components/screens/PreviewScreen.tsx(8,22): error TS6142: Module '../ui/Card' was resolved to '/app/components/ui/Card.tsx', but '--jsx' is not set.
components/screens/PreviewScreen.tsx(9,24): error TS6142: Module '../ui/Button' was resolved to '/app/components/ui/Button.tsx', but '--jsx' is not set.
components/screens/PreviewScreen.tsx(10,23): error TS6142: Module '../ui/Input' was resolved to '/app/components/ui/Input.tsx', but '--jsx' is not set.
components/screens/PreviewScreen.tsx(11,29): error TS6142: Module '../ui/FolderInput' was resolved to '/app/components/ui/FolderInput.tsx', but '--jsx' is not set.
components/screens/PreviewScreen.tsx(12,32): error TS6142: Module '../ui/FileAttachment' was resolved to '/app/components/ui/FileAttachment.tsx', but '--jsx' is not set.
components/screens/PreviewScreen.tsx(13,34): error TS6142: Module '../SimpleTextEditor' was resolved to '/app/components/SimpleTextEditor.tsx', but '--jsx' is not set.
components/screens/PreviewScreen.tsx(14,27): error TS6142: Module '../ui/TagEditor' was resolved to '/app/components/ui/TagEditor.tsx', but '--jsx' is not set.
components/screens/PreviewScreen.tsx(15,32): error TS6142: Module '../ui/PropertyEditor' was resolved to '/app/components/ui/PropertyEditor.tsx', but '--jsx' is not set.
components/screens/PreviewScreen.tsx(19,33): error TS6142: Module '../ui/LongPressButton' was resolved to '/app/components/ui/LongPressButton.tsx', but '--jsx' is not set.
components/screens/PreviewScreen.tsx(20,32): error TS6142: Module '../ui/LinkAttachment' was resolved to '/app/components/ui/LinkAttachment.tsx', but '--jsx' is not set.
components/screens/PreviewScreen.tsx(21,27): error TS6142: Module '../ui/AppButton' was resolved to '/app/components/ui/AppButton.tsx', but '--jsx' is not set.
components/screens/PreviewScreen.tsx(22,30): error TS6142: Module '../ui/ReminderItem' was resolved to '/app/components/ui/ReminderItem.tsx', but '--jsx' is not set.
components/screens/PreviewScreen.tsx(23,27): error TS6142: Module '../ui/EventInfo' was resolved to '/app/components/ui/EventInfo.tsx', but '--jsx' is not set.
components/screens/PreviewScreen.tsx(24,47): error TS6142: Module '../EventFormModal' was resolved to '/app/components/EventFormModal.tsx', but '--jsx' is not set.
components/screens/PreviewScreen.tsx(25,32): error TS6142: Module '../EventEditModal' was resolved to '/app/components/EventEditModal.tsx', but '--jsx' is not set.
components/screens/PreviewScreen.tsx(26,31): error TS6142: Module '../ui/TimeSyncPanel' was resolved to '/app/components/ui/TimeSyncPanel.tsx', but '--jsx' is not set.
components/screens/PreviewScreen.tsx(32,30): error TS6142: Module '../markdown/RichTaskItem' was resolved to '/app/components/markdown/RichTaskItem.tsx', but '--jsx' is not set.
components/screens/PreviewScreen.tsx(33,31): error TS6142: Module '../markdown/TaskEditModal' was resolved to '/app/components/markdown/TaskEditModal.tsx', but '--jsx' is not set.
components/screens/PreviewScreen.tsx(317,9): error TS17004: Cannot use JSX unless the '--jsx' flag is provided.
components/screens/PreviewScreen.tsx(317,10): error TS2741: Property 'children' is missing in type '{}' but required in type '{ children: React.ReactNode; scrollable?: boolean | undefined; fullBleed?: boolean | undefined; noPadding?: boolean | undefined; }'.
components/screens/PreviewScreen.tsx(318,13): error TS17004: Cannot use JSX unless the '--jsx' flag is provided.
components/screens/PreviewScreen.tsx(325,21): error TS17004: Cannot use JSX unless the '--jsx' flag is provided.
components/screens/PreviewScreen.tsx(334,21): error TS17004: Cannot use JSX unless the '--jsx' flag is provided.
components/screens/PreviewScreen.tsx(335,25): error TS17004: Cannot use JSX unless the '--jsx' flag is provided.
components/screens/PreviewScreen.tsx(336,36): error TS2550: Property 'from' does not exist on type 'ArrayConstructor'. Do you need to change your target library? Try changing the 'lib' compiler option to 'es2015' or later.
components/screens/PreviewScreen.tsx(336,69): error TS7006: Parameter '_' implicitly has an 'any' type.
components/screens/PreviewScreen.tsx(336,72): error TS7006: Parameter 'index' implicitly has an 'any' type.
components/screens/PreviewScreen.tsx(337,33): error TS17004: Cannot use JSX unless the '--jsx' flag is provided.
components/screens/PreviewScreen.tsx(338,37): error TS2322: Type '{ key: any; title: string; variant: "secondary"; size: "sm"; rounding: "full"; selected: boolean; onPress: () => void | undefined; style: { marginRight: number; }; }' is not assignable to type 'AppButtonProps'.
  Property 'key' does not exist on type 'AppButtonProps'.
components/screens/PreviewScreen.tsx(352,17): error TS17004: Cannot use JSX unless the '--jsx' flag is provided.
components/screens/PreviewScreen.tsx(353,21): error TS17004: Cannot use JSX unless the '--jsx' flag is provided.
components/screens/PreviewScreen.tsx(355,29): error TS17004: Cannot use JSX unless the '--jsx' flag is provided.
components/screens/PreviewScreen.tsx(355,30): error TS2741: Property 'children' is missing in type '{ padding: string; }' but required in type '{ children: React.ReactNode; className?: string | undefined; padding?: string | undefined; style?: any; background?: any; }'.
components/screens/PreviewScreen.tsx(357,33): error TS17004: Cannot use JSX unless the '--jsx' flag is provided.
components/screens/PreviewScreen.tsx(359,37): error TS17004: Cannot use JSX unless the '--jsx' flag is provided.
components/screens/PreviewScreen.tsx(361,45): error TS17004: Cannot use JSX unless the '--jsx' flag is provided.
components/screens/PreviewScreen.tsx(362,49): error TS17004: Cannot use JSX unless the '--jsx' flag is provided.
components/screens/PreviewScreen.tsx(369,49): error TS17004: Cannot use JSX unless the '--jsx' flag is provided.
components/screens/PreviewScreen.tsx(373,53): error TS17004: Cannot use JSX unless the '--jsx' flag is provided.
components/screens/PreviewScreen.tsx(377,45): error TS17004: Cannot use JSX unless the '--jsx' flag is provided.
components/screens/PreviewScreen.tsx(381,49): error TS17004: Cannot use JSX unless the '--jsx' flag is provided.
components/screens/PreviewScreen.tsx(387,37): error TS17004: Cannot use JSX unless the '--jsx' flag is provided.
components/screens/PreviewScreen.tsx(388,41): error TS17004: Cannot use JSX unless the '--jsx' flag is provided.
components/screens/PreviewScreen.tsx(399,33): error TS17004: Cannot use JSX unless the '--jsx' flag is provided.
components/screens/PreviewScreen.tsx(411,33): error TS17004: Cannot use JSX unless the '--jsx' flag is provided.
components/screens/PreviewScreen.tsx(418,33): error TS17004: Cannot use JSX unless the '--jsx' flag is provided.
components/screens/PreviewScreen.tsx(460,29): error TS17004: Cannot use JSX unless the '--jsx' flag is provided.
components/screens/PreviewScreen.tsx(463,37): error TS17004: Cannot use JSX unless the '--jsx' flag is provided.
components/screens/PreviewScreen.tsx(465,45): error TS17004: Cannot use JSX unless the '--jsx' flag is provided.
components/screens/PreviewScreen.tsx(466,49): error TS2322: Type '{ key: string; file: { uri: string; name: string; size: number; mimeType: string; }; showRemove: true; onRemove: () => Promise<void>; }' is not assignable to type 'FileAttachmentProps'.
  Property 'key' does not exist on type 'FileAttachmentProps'.
components/screens/PreviewScreen.tsx(477,37): error TS17004: Cannot use JSX unless the '--jsx' flag is provided.
components/screens/PreviewScreen.tsx(479,45): error TS17004: Cannot use JSX unless the '--jsx' flag is provided.
components/screens/PreviewScreen.tsx(480,49): error TS2322: Type '{ key: string; link: URLMetadata; showRemove: true; onRemove: (() => void) | undefined; }' is not assignable to type 'LinkAttachmentProps'.
  Property 'key' does not exist on type 'LinkAttachmentProps'.
components/screens/PreviewScreen.tsx(491,37): error TS17004: Cannot use JSX unless the '--jsx' flag is provided.
components/screens/PreviewScreen.tsx(492,41): error TS17004: Cannot use JSX unless the '--jsx' flag is provided.
components/screens/PreviewScreen.tsx(493,53): error TS7006: Parameter 'task' implicitly has an 'any' type.
components/screens/PreviewScreen.tsx(493,59): error TS7006: Parameter 'index' implicitly has an 'any' type.
components/screens/PreviewScreen.tsx(494,45): error TS17004: Cannot use JSX unless the '--jsx' flag is provided.
components/screens/PreviewScreen.tsx(495,49): error TS17004: Cannot use JSX unless the '--jsx' flag is provided.
components/screens/PreviewScreen.tsx(509,37): error TS17004: Cannot use JSX unless the '--jsx' flag is provided.
components/screens/PreviewScreen.tsx(510,41): error TS17004: Cannot use JSX unless the '--jsx' flag is provided.
components/screens/PreviewScreen.tsx(511,41): error TS17004: Cannot use JSX unless the '--jsx' flag is provided.
components/screens/PreviewScreen.tsx(532,37): error TS17004: Cannot use JSX unless the '--jsx' flag is provided.
components/screens/PreviewScreen.tsx(535,45): error TS17004: Cannot use JSX unless the '--jsx' flag is provided.
components/screens/PreviewScreen.tsx(542,45): error TS17004: Cannot use JSX unless the '--jsx' flag is provided.
components/screens/PreviewScreen.tsx(545,41): error TS17004: Cannot use JSX unless the '--jsx' flag is provided.
components/screens/PreviewScreen.tsx(547,49): error TS17004: Cannot use JSX unless the '--jsx' flag is provided.
components/screens/PreviewScreen.tsx(548,53): error TS2322: Type '{ key: string; action: Action; onRemove: () => void | undefined; showRemove: boolean; onEdit: () => void; timeFormat: any; }' is not assignable to type 'EventInfoProps'.
  Property 'key' does not exist on type 'EventInfoProps'.
components/screens/PreviewScreen.tsx(563,25): error TS17004: Cannot use JSX unless the '--jsx' flag is provided.
components/screens/PreviewScreen.tsx(564,44): error TS17004: Cannot use JSX unless the '--jsx' flag is provided.
components/screens/PreviewScreen.tsx(565,29): error TS17004: Cannot use JSX unless the '--jsx' flag is provided.
components/screens/PreviewScreen.tsx(588,21): error TS17004: Cannot use JSX unless the '--jsx' flag is provided.
components/screens/PreviewScreen.tsx(592,25): error TS17004: Cannot use JSX unless the '--jsx' flag is provided.
components/screens/PreviewScreen.tsx(607,13): error TS17004: Cannot use JSX unless the '--jsx' flag is provided.
components/screens/PreviewScreen.tsx(617,13): error TS17004: Cannot use JSX unless the '--jsx' flag is provided.
components/screens/PreviewScreen.tsx(628,13): error TS17004: Cannot use JSX unless the '--jsx' flag is provided.
components/screens/ProcessingScreen.tsx(1,52): error TS2307: Cannot find module 'react' or its corresponding type declarations.
components/screens/ProcessingScreen.tsx(2,23): error TS2307: Cannot find module 'react-native' or its corresponding type declarations.
components/screens/ProcessingScreen.tsx(3,19): error TS2307: Cannot find module 'react-native-toast-message' or its corresponding type declarations.
components/screens/ProcessingScreen.tsx(4,29): error TS2307: Cannot find module 'expo-share-intent' or its corresponding type declarations.
components/screens/ProcessingScreen.tsx(5,23): error TS2307: Cannot find module 'expo-av' or its corresponding type declarations.
components/screens/ProcessingScreen.tsx(6,29): error TS2307: Cannot find module 'expo-file-system/legacy' or its corresponding type declarations.
components/screens/ProcessingScreen.tsx(22,31): error TS6142: Module './LoadingScreen' was resolved to '/app/components/screens/LoadingScreen.tsx', but '--jsx' is not set.
components/screens/ProcessingScreen.tsx(23,25): error TS6142: Module './SetupScreen' was resolved to '/app/components/screens/SetupScreen.tsx', but '--jsx' is not set.
components/screens/ProcessingScreen.tsx(24,29): error TS6142: Module './ErrorScreen' was resolved to '/app/components/screens/ErrorScreen.tsx', but '--jsx' is not set.
components/screens/ProcessingScreen.tsx(25,30): error TS6142: Module './SavingScreen' was resolved to '/app/components/screens/SavingScreen.tsx', but '--jsx' is not set.
components/screens/ProcessingScreen.tsx(26,29): error TS6142: Module './InputScreen' was resolved to '/app/components/screens/InputScreen.tsx', but '--jsx' is not set.
components/screens/ProcessingScreen.tsx(27,31): error TS6142: Module './PreviewScreen' was resolved to '/app/components/screens/PreviewScreen.tsx', but '--jsx' is not set.
components/screens/ProcessingScreen.tsx(28,47): error TS6142: Module '../EventFormModal' was resolved to '/app/components/EventFormModal.tsx', but '--jsx' is not set.
components/screens/ProcessingScreen.tsx(113,9): error TS2585: 'Promise' only refers to a type, but is being used as a value here. Do you need to change your target library? Try changing the 'lib' compiler option to es2015 or later.
components/screens/ProcessingScreen.tsx(119,25): error TS2705: An async function or method in ES5 requires the 'Promise' constructor.  Make sure you have a declaration for the 'Promise' constructor or include 'ES2015' in your '--lib' option.
components/screens/ProcessingScreen.tsx(156,45): error TS7006: Parameter 't' implicitly has an 'any' type.
components/screens/ProcessingScreen.tsx(161,22): error TS2550: Property 'startsWith' does not exist on type 'string'. Do you need to change your target library? Try changing the 'lib' compiler option to 'es2015' or later.
components/screens/ProcessingScreen.tsx(162,22): error TS2550: Property 'startsWith' does not exist on type 'string'. Do you need to change your target library? Try changing the 'lib' compiler option to 'es2015' or later.
components/screens/ProcessingScreen.tsx(167,28): error TS2705: An async function or method in ES5 requires the 'Promise' constructor.  Make sure you have a declaration for the 'Promise' constructor or include 'ES2015' in your '--lib' option.
components/screens/ProcessingScreen.tsx(183,27): error TS2705: An async function or method in ES5 requires the 'Promise' constructor.  Make sure you have a declaration for the 'Promise' constructor or include 'ES2015' in your '--lib' option.
components/screens/ProcessingScreen.tsx(190,23): error TS2585: 'Promise' only refers to a type, but is being used as a value here. Do you need to change your target library? Try changing the 'lib' compiler option to es2015 or later.
components/screens/ProcessingScreen.tsx(190,31): error TS7006: Parameter 'resolve' implicitly has an 'any' type.
components/screens/ProcessingScreen.tsx(198,30): error TS7006: Parameter 'prev' implicitly has an 'any' type.
components/screens/ProcessingScreen.tsx(203,26): error TS2705: An async function or method in ES5 requires the 'Promise' constructor.  Make sure you have a declaration for the 'Promise' constructor or include 'ES2015' in your '--lib' option.
components/screens/ProcessingScreen.tsx(205,42): error TS2712: A dynamic import call in ES5 requires the 'Promise' constructor.  Make sure you have a declaration for the 'Promise' constructor or include 'ES2015' in your '--lib' option.
components/screens/ProcessingScreen.tsx(205,49): error TS2307: Cannot find module 'expo-document-picker' or its corresponding type declarations.
components/screens/ProcessingScreen.tsx(208,52): error TS7006: Parameter 'file' implicitly has an 'any' type.
components/screens/ProcessingScreen.tsx(209,34): error TS7006: Parameter 'prev' implicitly has an 'any' type.
components/screens/ProcessingScreen.tsx(217,26): error TS2705: An async function or method in ES5 requires the 'Promise' constructor.  Make sure you have a declaration for the 'Promise' constructor or include 'ES2015' in your '--lib' option.
components/screens/ProcessingScreen.tsx(219,39): error TS2712: A dynamic import call in ES5 requires the 'Promise' constructor.  Make sure you have a declaration for the 'Promise' constructor or include 'ES2015' in your '--lib' option.
components/screens/ProcessingScreen.tsx(219,46): error TS2307: Cannot find module 'expo-image-picker' or its corresponding type declarations.
components/screens/ProcessingScreen.tsx(229,34): error TS7006: Parameter 'prev' implicitly has an 'any' type.
components/screens/ProcessingScreen.tsx(237,30): error TS2705: An async function or method in ES5 requires the 'Promise' constructor.  Make sure you have a declaration for the 'Promise' constructor or include 'ES2015' in your '--lib' option.
components/screens/ProcessingScreen.tsx(238,26): error TS7006: Parameter 'prev' implicitly has an 'any' type.
components/screens/ProcessingScreen.tsx(238,47): error TS7006: Parameter '_' implicitly has an 'any' type.
components/screens/ProcessingScreen.tsx(238,50): error TS7006: Parameter 'i' implicitly has an 'any' type.
components/screens/ProcessingScreen.tsx(240,42): error TS2712: A dynamic import call in ES5 requires the 'Promise' constructor.  Make sure you have a declaration for the 'Promise' constructor or include 'ES2015' in your '--lib' option.
components/screens/ProcessingScreen.tsx(247,36): error TS2705: An async function or method in ES5 requires the 'Promise' constructor.  Make sure you have a declaration for the 'Promise' constructor or include 'ES2015' in your '--lib' option.
components/screens/ProcessingScreen.tsx(249,26): error TS7006: Parameter 'prev' implicitly has an 'any' type.
components/screens/ProcessingScreen.tsx(249,47): error TS7006: Parameter '_' implicitly has an 'any' type.
components/screens/ProcessingScreen.tsx(249,50): error TS7006: Parameter 'i' implicitly has an 'any' type.
components/screens/ProcessingScreen.tsx(259,21): error TS7006: Parameter 'prev' implicitly has an 'any' type.
components/screens/ProcessingScreen.tsx(266,52): error TS2712: A dynamic import call in ES5 requires the 'Promise' constructor.  Make sure you have a declaration for the 'Promise' constructor or include 'ES2015' in your '--lib' option.
components/screens/ProcessingScreen.tsx(285,18): error TS7006: Parameter 'prev' implicitly has an 'any' type.
components/screens/ProcessingScreen.tsx(285,39): error TS7006: Parameter '_' implicitly has an 'any' type.
components/screens/ProcessingScreen.tsx(285,42): error TS7006: Parameter 'i' implicitly has an 'any' type.
components/screens/ProcessingScreen.tsx(300,17): error TS7006: Parameter 'prevData' implicitly has an 'any' type.
components/screens/ProcessingScreen.tsx(317,29): error TS7006: Parameter 'prev' implicitly has an 'any' type.
components/screens/ProcessingScreen.tsx(317,49): error TS7006: Parameter 't' implicitly has an 'any' type.
components/screens/ProcessingScreen.tsx(319,29): error TS7006: Parameter 'prev' implicitly has an 'any' type.
components/screens/ProcessingScreen.tsx(325,21): error TS7006: Parameter 'prev' implicitly has an 'any' type.
components/screens/ProcessingScreen.tsx(329,50): error TS7006: Parameter 'prev' implicitly has an 'any' type.
components/screens/ProcessingScreen.tsx(329,71): error TS7006: Parameter '_' implicitly has an 'any' type.
components/screens/ProcessingScreen.tsx(329,74): error TS7006: Parameter 'i' implicitly has an 'any' type.
components/screens/ProcessingScreen.tsx(362,20): error TS2550: Property 'entries' does not exist on type 'ObjectConstructor'. Do you need to change your target library? Try changing the 'lib' compiler option to 'es2017' or later.
components/screens/ProcessingScreen.tsx(362,47): error TS7031: Binding element 'key' implicitly has an 'any' type.
components/screens/ProcessingScreen.tsx(362,52): error TS7031: Binding element 'value' implicitly has an 'any' type.
components/screens/ProcessingScreen.tsx(382,21): error TS2705: An async function or method in ES5 requires the 'Promise' constructor.  Make sure you have a declaration for the 'Promise' constructor or include 'ES2015' in your '--lib' option.
components/screens/ProcessingScreen.tsx(391,47): error TS2712: A dynamic import call in ES5 requires the 'Promise' constructor.  Make sure you have a declaration for the 'Promise' constructor or include 'ES2015' in your '--lib' option.
components/screens/ProcessingScreen.tsx(394,57): error TS7006: Parameter 'f' implicitly has an 'any' type.
components/screens/ProcessingScreen.tsx(398,73): error TS7006: Parameter 'file' implicitly has an 'any' type.
components/screens/ProcessingScreen.tsx(409,43): error TS2585: 'Promise' only refers to a type, but is being used as a value here. Do you need to change your target library? Try changing the 'lib' compiler option to es2015 or later.
components/screens/ProcessingScreen.tsx(414,77): error TS7006: Parameter 'line' implicitly has an 'any' type.
components/screens/ProcessingScreen.tsx(430,54): error TS7006: Parameter 'f' implicitly has an 'any' type.
components/screens/ProcessingScreen.tsx(430,57): error TS7006: Parameter 'i' implicitly has an 'any' type.
components/screens/ProcessingScreen.tsx(438,58): error TS7006: Parameter 'f' implicitly has an 'any' type.
components/screens/ProcessingScreen.tsx(492,55): error TS2712: A dynamic import call in ES5 requires the 'Promise' constructor.  Make sure you have a declaration for the 'Promise' constructor or include 'ES2015' in your '--lib' option.
components/screens/ProcessingScreen.tsx(510,26): error TS7006: Parameter 'prev' implicitly has an 'any' type.
components/screens/ProcessingScreen.tsx(511,46): error TS2583: Cannot find name 'Set'. Do you need to change your target library? Try changing the 'lib' compiler option to 'es2015' or later.
components/screens/ProcessingScreen.tsx(511,59): error TS7006: Parameter 'l' implicitly has an 'any' type.
components/screens/ProcessingScreen.tsx(527,58): error TS7006: Parameter 'f' implicitly has an 'any' type.
components/screens/ProcessingScreen.tsx(527,61): error TS7006: Parameter 'i' implicitly has an 'any' type.
components/screens/ProcessingScreen.tsx(567,55): error TS2712: A dynamic import call in ES5 requires the 'Promise' constructor.  Make sure you have a declaration for the 'Promise' constructor or include 'ES2015' in your '--lib' option.
components/screens/ProcessingScreen.tsx(569,67): error TS7006: Parameter 'file' implicitly has an 'any' type.
components/screens/ProcessingScreen.tsx(576,47): error TS2585: 'Promise' only refers to a type, but is being used as a value here. Do you need to change your target library? Try changing the 'lib' compiler option to es2015 or later.
components/screens/ProcessingScreen.tsx(654,30): error TS2705: An async function or method in ES5 requires the 'Promise' constructor.  Make sure you have a declaration for the 'Promise' constructor or include 'ES2015' in your '--lib' option.
components/screens/ProcessingScreen.tsx(669,47): error TS2712: A dynamic import call in ES5 requires the 'Promise' constructor.  Make sure you have a declaration for the 'Promise' constructor or include 'ES2015' in your '--lib' option.
components/screens/ProcessingScreen.tsx(670,47): error TS2712: A dynamic import call in ES5 requires the 'Promise' constructor.  Make sure you have a declaration for the 'Promise' constructor or include 'ES2015' in your '--lib' option.
components/screens/ProcessingScreen.tsx(672,35): error TS2585: 'Promise' only refers to a type, but is being used as a value here. Do you need to change your target library? Try changing the 'lib' compiler option to es2015 or later.
components/screens/ProcessingScreen.tsx(672,72): error TS7006: Parameter 'file' implicitly has an 'any' type.
components/screens/ProcessingScreen.tsx(701,58): error TS2585: 'Promise' only refers to a type, but is being used as a value here. Do you need to change your target library? Try changing the 'lib' compiler option to es2015 or later.
components/screens/ProcessingScreen.tsx(718,22): error TS7006: Parameter 'prev' implicitly has an 'any' type.
components/screens/ProcessingScreen.tsx(719,42): error TS2583: Cannot find name 'Set'. Do you need to change your target library? Try changing the 'lib' compiler option to 'es2015' or later.
components/screens/ProcessingScreen.tsx(719,55): error TS7006: Parameter 'l' implicitly has an 'any' type.
components/screens/ProcessingScreen.tsx(743,38): error TS2583: Cannot find name 'Set'. Do you need to change your target library? Try changing the 'lib' compiler option to 'es2015' or later.
components/screens/ProcessingScreen.tsx(743,52): error TS7006: Parameter 'l' implicitly has an 'any' type.
components/screens/ProcessingScreen.tsx(750,50): error TS2712: A dynamic import call in ES5 requires the 'Promise' constructor.  Make sure you have a declaration for the 'Promise' constructor or include 'ES2015' in your '--lib' option.
components/screens/ProcessingScreen.tsx(769,23): error TS2585: 'Promise' only refers to a type, but is being used as a value here. Do you need to change your target library? Try changing the 'lib' compiler option to es2015 or later.
components/screens/ProcessingScreen.tsx(769,31): error TS7006: Parameter 'resolve' implicitly has an 'any' type.
components/screens/ProcessingScreen.tsx(816,24): error TS2705: An async function or method in ES5 requires the 'Promise' constructor.  Make sure you have a declaration for the 'Promise' constructor or include 'ES2015' in your '--lib' option.
components/screens/ProcessingScreen.tsx(846,20): error TS2550: Property 'entries' does not exist on type 'ObjectConstructor'. Do you need to change your target library? Try changing the 'lib' compiler option to 'es2017' or later.
components/screens/ProcessingScreen.tsx(846,62): error TS7031: Binding element 'key' implicitly has an 'any' type.
components/screens/ProcessingScreen.tsx(846,67): error TS7031: Binding element 'value' implicitly has an 'any' type.
components/screens/ProcessingScreen.tsx(857,50): error TS2712: A dynamic import call in ES5 requires the 'Promise' constructor.  Make sure you have a declaration for the 'Promise' constructor or include 'ES2015' in your '--lib' option.
components/screens/ProcessingScreen.tsx(858,42): error TS7006: Parameter 'l' implicitly has an 'any' type.
components/screens/ProcessingScreen.tsx(925,42): error TS7006: Parameter '_' implicitly has an 'any' type.
components/screens/ProcessingScreen.tsx(925,45): error TS7006: Parameter 'i' implicitly has an 'any' type.
components/screens/ProcessingScreen.tsx(952,23): error TS2585: 'Promise' only refers to a type, but is being used as a value here. Do you need to change your target library? Try changing the 'lib' compiler option to es2015 or later.
components/screens/ProcessingScreen.tsx(952,31): error TS7006: Parameter 'resolve' implicitly has an 'any' type.
components/screens/ProcessingScreen.tsx(1012,39): error TS17004: Cannot use JSX unless the '--jsx' flag is provided.
components/screens/ProcessingScreen.tsx(1013,24): error TS17004: Cannot use JSX unless the '--jsx' flag is provided.
components/screens/ProcessingScreen.tsx(1014,49): error TS17004: Cannot use JSX unless the '--jsx' flag is provided.
components/screens/ProcessingScreen.tsx(1018,13): error TS17004: Cannot use JSX unless the '--jsx' flag is provided.
components/screens/ProcessingScreen.tsx(1019,17): error TS17004: Cannot use JSX unless the '--jsx' flag is provided.
components/screens/ProcessingScreen.tsx(1049,17): error TS17004: Cannot use JSX unless the '--jsx' flag is provided.
components/screens/ProcessingScreen.tsx(1072,13): error TS17004: Cannot use JSX unless the '--jsx' flag is provided.
components/screens/ProcessingScreen.tsx(1073,17): error TS17004: Cannot use JSX unless the '--jsx' flag is provided.
components/screens/ProcessingScreen.tsx(1121,12): error TS17004: Cannot use JSX unless the '--jsx' flag is provided.
components/screens/ProfileScreen.tsx(1,57): error TS2307: Cannot find module 'react' or its corresponding type declarations.
components/screens/ProfileScreen.tsx(2,134): error TS2307: Cannot find module 'react-native' or its corresponding type declarations.
components/screens/ProfileScreen.tsx(3,35): error TS2307: Cannot find module 'react-native-safe-area-context' or its corresponding type declarations.
components/screens/ProfileScreen.tsx(4,26): error TS2307: Cannot find module '@expo/vector-icons' or its corresponding type declarations.
components/screens/ProfileScreen.tsx(5,24): error TS6142: Module '../ui/Layout' was resolved to '/app/components/ui/Layout.tsx', but '--jsx' is not set.
components/screens/ProfileScreen.tsx(6,30): error TS6142: Module '../ui/IslandHeader' was resolved to '/app/components/ui/IslandHeader.tsx', but '--jsx' is not set.
components/screens/ProfileScreen.tsx(7,31): error TS6142: Module '../ui/MessageDialog' was resolved to '/app/components/ui/MessageDialog.tsx', but '--jsx' is not set.
components/screens/ProfileScreen.tsx(8,39): error TS6142: Module '../ui/ImageAttachmentButton' was resolved to '/app/components/ui/ImageAttachmentButton.tsx', but '--jsx' is not set.
components/screens/ProfileScreen.tsx(9,29): error TS6142: Module '../ui/JulesLoader' was resolved to '/app/components/ui/JulesLoader.tsx', but '--jsx' is not set.
components/screens/ProfileScreen.tsx(15,8): error TS2307: Cannot find module 'react-native-reanimated' or its corresponding type declarations.
components/screens/ProfileScreen.tsx(20,8): error TS2307: Cannot find module 'react-native-gesture-handler' or its corresponding type declarations.
components/screens/ProfileScreen.tsx(21,28): error TS2307: Cannot find module 'expo-clipboard' or its corresponding type declarations.
components/screens/ProfileScreen.tsx(22,26): error TS2307: Cannot find module 'expo-sharing' or its corresponding type declarations.
components/screens/ProfileScreen.tsx(23,29): error TS2307: Cannot find module 'expo-file-system/legacy' or its corresponding type declarations.
components/screens/ProfileScreen.tsx(24,19): error TS2307: Cannot find module 'react-native-toast-message' or its corresponding type declarations.
components/screens/ProfileScreen.tsx(25,32): error TS2307: Cannot find module '@react-navigation/native' or its corresponding type declarations.
components/screens/ProfileScreen.tsx(32,30): error TS6142: Module '../ui/MetadataChip' was resolved to '/app/components/ui/MetadataChip.tsx', but '--jsx' is not set.
components/screens/ProfileScreen.tsx(107,20): error TS7006: Parameter 'e' implicitly has an 'any' type.
components/screens/ProfileScreen.tsx(118,20): error TS7006: Parameter 'e' implicitly has an 'any' type.
components/screens/ProfileScreen.tsx(174,77): error TS7006: Parameter 'q' implicitly has an 'any' type.
components/screens/ProfileScreen.tsx(180,33): error TS2705: An async function or method in ES5 requires the 'Promise' constructor.  Make sure you have a declaration for the 'Promise' constructor or include 'ES2015' in your '--lib' option.
components/screens/ProfileScreen.tsx(231,28): error TS2705: An async function or method in ES5 requires the 'Promise' constructor.  Make sure you have a declaration for the 'Promise' constructor or include 'ES2015' in your '--lib' option.
components/screens/ProfileScreen.tsx(238,33): error TS2705: An async function or method in ES5 requires the 'Promise' constructor.  Make sure you have a declaration for the 'Promise' constructor or include 'ES2015' in your '--lib' option.
components/screens/ProfileScreen.tsx(245,34): error TS2705: An async function or method in ES5 requires the 'Promise' constructor.  Make sure you have a declaration for the 'Promise' constructor or include 'ES2015' in your '--lib' option.
components/screens/ProfileScreen.tsx(281,41): error TS2550: Property 'entries' does not exist on type 'ObjectConstructor'. Do you need to change your target library? Try changing the 'lib' compiler option to 'es2017' or later.
components/screens/ProfileScreen.tsx(283,23): error TS2550: Property 'entries' does not exist on type 'ObjectConstructor'. Do you need to change your target library? Try changing the 'lib' compiler option to 'es2017' or later.
components/screens/ProfileScreen.tsx(283,55): error TS7031: Binding element 'key' implicitly has an 'any' type.
components/screens/ProfileScreen.tsx(283,60): error TS7031: Binding element 'value' implicitly has an 'any' type.
components/screens/ProfileScreen.tsx(285,41): error TS2550: Property 'includes' does not exist on type 'string'. Do you need to change your target library? Try changing the 'lib' compiler option to 'es2015' or later.
components/screens/ProfileScreen.tsx(291,31): error TS2705: An async function or method in ES5 requires the 'Promise' constructor.  Make sure you have a declaration for the 'Promise' constructor or include 'ES2015' in your '--lib' option.
components/screens/ProfileScreen.tsx(311,30): error TS2705: An async function or method in ES5 requires the 'Promise' constructor.  Make sure you have a declaration for the 'Promise' constructor or include 'ES2015' in your '--lib' option.
components/screens/ProfileScreen.tsx(332,29): error TS2705: An async function or method in ES5 requires the 'Promise' constructor.  Make sure you have a declaration for the 'Promise' constructor or include 'ES2015' in your '--lib' option.
components/screens/ProfileScreen.tsx(369,9): error TS17004: Cannot use JSX unless the '--jsx' flag is provided.
components/screens/ProfileScreen.tsx(369,10): error TS2741: Property 'children' is missing in type '{}' but required in type '{ children: React.ReactNode; scrollable?: boolean | undefined; fullBleed?: boolean | undefined; noPadding?: boolean | undefined; }'.
components/screens/ProfileScreen.tsx(370,13): error TS17004: Cannot use JSX unless the '--jsx' flag is provided.
components/screens/ProfileScreen.tsx(383,13): error TS17004: Cannot use JSX unless the '--jsx' flag is provided.
components/screens/ProfileScreen.tsx(387,17): error TS17004: Cannot use JSX unless the '--jsx' flag is provided.
components/screens/ProfileScreen.tsx(390,21): error TS17004: Cannot use JSX unless the '--jsx' flag is provided.
components/screens/ProfileScreen.tsx(391,25): error TS17004: Cannot use JSX unless the '--jsx' flag is provided.
components/screens/ProfileScreen.tsx(394,25): error TS17004: Cannot use JSX unless the '--jsx' flag is provided.
components/screens/ProfileScreen.tsx(400,29): error TS17004: Cannot use JSX unless the '--jsx' flag is provided.
components/screens/ProfileScreen.tsx(401,33): error TS17004: Cannot use JSX unless the '--jsx' flag is provided.
components/screens/ProfileScreen.tsx(402,37): error TS17004: Cannot use JSX unless the '--jsx' flag is provided.
components/screens/ProfileScreen.tsx(403,37): error TS17004: Cannot use JSX unless the '--jsx' flag is provided.
components/screens/ProfileScreen.tsx(412,25): error TS17004: Cannot use JSX unless the '--jsx' flag is provided.
components/screens/ProfileScreen.tsx(413,29): error TS17004: Cannot use JSX unless the '--jsx' flag is provided.
components/screens/ProfileScreen.tsx(416,25): error TS17004: Cannot use JSX unless the '--jsx' flag is provided.
components/screens/ProfileScreen.tsx(418,29): error TS17004: Cannot use JSX unless the '--jsx' flag is provided.
components/screens/ProfileScreen.tsx(420,37): error TS17004: Cannot use JSX unless the '--jsx' flag is provided.
components/screens/ProfileScreen.tsx(423,45): error TS17004: Cannot use JSX unless the '--jsx' flag is provided.
components/screens/ProfileScreen.tsx(424,70): error TS7006: Parameter 'q' implicitly has an 'any' type.
components/screens/ProfileScreen.tsx(424,73): error TS7006: Parameter 'idx' implicitly has an 'any' type.
components/screens/ProfileScreen.tsx(430,57): error TS17004: Cannot use JSX unless the '--jsx' flag is provided.
components/screens/ProfileScreen.tsx(431,61): error TS17004: Cannot use JSX unless the '--jsx' flag is provided.
components/screens/ProfileScreen.tsx(432,65): error TS17004: Cannot use JSX unless the '--jsx' flag is provided.
components/screens/ProfileScreen.tsx(435,65): error TS17004: Cannot use JSX unless the '--jsx' flag is provided.
components/screens/ProfileScreen.tsx(443,61): error TS17004: Cannot use JSX unless the '--jsx' flag is provided.
components/screens/ProfileScreen.tsx(445,69): error TS17004: Cannot use JSX unless the '--jsx' flag is provided.
components/screens/ProfileScreen.tsx(446,73): error TS17004: Cannot use JSX unless the '--jsx' flag is provided.
components/screens/ProfileScreen.tsx(451,73): error TS17004: Cannot use JSX unless the '--jsx' flag is provided.
components/screens/ProfileScreen.tsx(459,77): error TS17004: Cannot use JSX unless the '--jsx' flag is provided.
components/screens/ProfileScreen.tsx(463,65): error TS17004: Cannot use JSX unless the '--jsx' flag is provided.
components/screens/ProfileScreen.tsx(470,84): error TS7006: Parameter 'text' implicitly has an 'any' type.
components/screens/ProfileScreen.tsx(472,65): error TS17004: Cannot use JSX unless the '--jsx' flag is provided.
components/screens/ProfileScreen.tsx(473,69): error TS17004: Cannot use JSX unless the '--jsx' flag is provided.
components/screens/ProfileScreen.tsx(474,130): error TS7006: Parameter 'prev' implicitly has an 'any' type.
components/screens/ProfileScreen.tsx(483,49): error TS17004: Cannot use JSX unless the '--jsx' flag is provided.
components/screens/ProfileScreen.tsx(489,57): error TS17004: Cannot use JSX unless the '--jsx' flag is provided.
components/screens/ProfileScreen.tsx(491,57): error TS17004: Cannot use JSX unless the '--jsx' flag is provided.
components/screens/ProfileScreen.tsx(492,61): error TS17004: Cannot use JSX unless the '--jsx' flag is provided.
components/screens/ProfileScreen.tsx(495,61): error TS17004: Cannot use JSX unless the '--jsx' flag is provided.
components/screens/ProfileScreen.tsx(503,41): error TS17004: Cannot use JSX unless the '--jsx' flag is provided.
components/screens/ProfileScreen.tsx(504,45): error TS17004: Cannot use JSX unless the '--jsx' flag is provided.
components/screens/ProfileScreen.tsx(505,49): error TS17004: Cannot use JSX unless the '--jsx' flag is provided.
components/screens/ProfileScreen.tsx(506,53): error TS17004: Cannot use JSX unless the '--jsx' flag is provided.
components/screens/ProfileScreen.tsx(507,53): error TS17004: Cannot use JSX unless the '--jsx' flag is provided.
components/screens/ProfileScreen.tsx(509,49): error TS17004: Cannot use JSX unless the '--jsx' flag is provided.
components/screens/ProfileScreen.tsx(511,57): error TS17004: Cannot use JSX unless the '--jsx' flag is provided.
components/screens/ProfileScreen.tsx(512,61): error TS17004: Cannot use JSX unless the '--jsx' flag is provided.
components/screens/ProfileScreen.tsx(513,65): error TS17004: Cannot use JSX unless the '--jsx' flag is provided.
components/screens/ProfileScreen.tsx(515,61): error TS17004: Cannot use JSX unless the '--jsx' flag is provided.
components/screens/ProfileScreen.tsx(516,65): error TS17004: Cannot use JSX unless the '--jsx' flag is provided.
components/screens/ProfileScreen.tsx(518,61): error TS17004: Cannot use JSX unless the '--jsx' flag is provided.
components/screens/ProfileScreen.tsx(519,65): error TS17004: Cannot use JSX unless the '--jsx' flag is provided.
components/screens/ProfileScreen.tsx(523,53): error TS17004: Cannot use JSX unless the '--jsx' flag is provided.
components/screens/ProfileScreen.tsx(525,61): error TS17004: Cannot use JSX unless the '--jsx' flag is provided.
components/screens/ProfileScreen.tsx(527,61): error TS17004: Cannot use JSX unless the '--jsx' flag is provided.
components/screens/ProfileScreen.tsx(535,49): error TS17004: Cannot use JSX unless the '--jsx' flag is provided.
components/screens/ProfileScreen.tsx(539,53): error TS17004: Cannot use JSX unless the '--jsx' flag is provided.
components/screens/ProfileScreen.tsx(546,49): error TS17004: Cannot use JSX unless the '--jsx' flag is provided.
components/screens/ProfileScreen.tsx(547,53): error TS17004: Cannot use JSX unless the '--jsx' flag is provided.
components/screens/ProfileScreen.tsx(555,37): error TS17004: Cannot use JSX unless the '--jsx' flag is provided.
components/screens/ProfileScreen.tsx(557,41): error TS17004: Cannot use JSX unless the '--jsx' flag is provided.
components/screens/ProfileScreen.tsx(558,45): error TS17004: Cannot use JSX unless the '--jsx' flag is provided.
components/screens/ProfileScreen.tsx(559,49): error TS17004: Cannot use JSX unless the '--jsx' flag is provided.
components/screens/ProfileScreen.tsx(560,53): error TS17004: Cannot use JSX unless the '--jsx' flag is provided.
components/screens/ProfileScreen.tsx(561,53): error TS17004: Cannot use JSX unless the '--jsx' flag is provided.
components/screens/ProfileScreen.tsx(563,49): error TS17004: Cannot use JSX unless the '--jsx' flag is provided.
components/screens/ProfileScreen.tsx(572,45): error TS17004: Cannot use JSX unless the '--jsx' flag is provided.
components/screens/ProfileScreen.tsx(573,49): error TS17004: Cannot use JSX unless the '--jsx' flag is provided.
components/screens/ProfileScreen.tsx(574,49): error TS17004: Cannot use JSX unless the '--jsx' flag is provided.
components/screens/ProfileScreen.tsx(575,53): error TS17004: Cannot use JSX unless the '--jsx' flag is provided.
components/screens/ProfileScreen.tsx(579,53): error TS17004: Cannot use JSX unless the '--jsx' flag is provided.
components/screens/ProfileScreen.tsx(583,53): error TS17004: Cannot use JSX unless the '--jsx' flag is provided.
components/screens/ProfileScreen.tsx(588,49): error TS17004: Cannot use JSX unless the '--jsx' flag is provided.
components/screens/ProfileScreen.tsx(592,41): error TS17004: Cannot use JSX unless the '--jsx' flag is provided.
components/screens/ProfileScreen.tsx(593,45): error TS17004: Cannot use JSX unless the '--jsx' flag is provided.
components/screens/ProfileScreen.tsx(594,49): error TS17004: Cannot use JSX unless the '--jsx' flag is provided.
components/screens/ProfileScreen.tsx(595,53): error TS17004: Cannot use JSX unless the '--jsx' flag is provided.
components/screens/ProfileScreen.tsx(599,57): error TS17004: Cannot use JSX unless the '--jsx' flag is provided.
components/screens/ProfileScreen.tsx(601,53): error TS17004: Cannot use JSX unless the '--jsx' flag is provided.
components/screens/ProfileScreen.tsx(605,57): error TS17004: Cannot use JSX unless the '--jsx' flag is provided.
components/screens/ProfileScreen.tsx(611,49): error TS17004: Cannot use JSX unless the '--jsx' flag is provided.
components/screens/ProfileScreen.tsx(614,57): error TS17004: Cannot use JSX unless the '--jsx' flag is provided.
components/screens/ProfileScreen.tsx(615,61): error TS17004: Cannot use JSX unless the '--jsx' flag is provided.
components/screens/ProfileScreen.tsx(616,65): error TS17004: Cannot use JSX unless the '--jsx' flag is provided.
components/screens/ProfileScreen.tsx(617,65): error TS17004: Cannot use JSX unless the '--jsx' flag is provided.
components/screens/ProfileScreen.tsx(625,69): error TS17004: Cannot use JSX unless the '--jsx' flag is provided.
components/screens/ProfileScreen.tsx(626,73): error TS17004: Cannot use JSX unless the '--jsx' flag is provided.
components/screens/ProfileScreen.tsx(633,53): error TS17004: Cannot use JSX unless the '--jsx' flag is provided.
components/screens/ProfileScreen.tsx(635,61): error TS17004: Cannot use JSX unless the '--jsx' flag is provided.
components/screens/ProfileScreen.tsx(639,61): error TS17004: Cannot use JSX unless the '--jsx' flag is provided.
components/screens/ProfileScreen.tsx(643,61): error TS17004: Cannot use JSX unless the '--jsx' flag is provided.
components/screens/ProfileScreen.tsx(648,86): error TS7031: Binding element 'key' implicitly has an 'any' type.
components/screens/ProfileScreen.tsx(648,91): error TS7031: Binding element 'value' implicitly has an 'any' type.
components/screens/ProfileScreen.tsx(649,69): error TS17004: Cannot use JSX unless the '--jsx' flag is provided.
components/screens/ProfileScreen.tsx(650,73): error TS17004: Cannot use JSX unless the '--jsx' flag is provided.
components/screens/ProfileScreen.tsx(651,77): error TS17004: Cannot use JSX unless the '--jsx' flag is provided.
components/screens/ProfileScreen.tsx(652,77): error TS17004: Cannot use JSX unless the '--jsx' flag is provided.
components/screens/ProfileScreen.tsx(656,73): error TS17004: Cannot use JSX unless the '--jsx' flag is provided.
components/screens/ProfileScreen.tsx(657,77): error TS17004: Cannot use JSX unless the '--jsx' flag is provided.
components/screens/ProfileScreen.tsx(661,81): error TS17004: Cannot use JSX unless the '--jsx' flag is provided.
components/screens/ProfileScreen.tsx(663,77): error TS17004: Cannot use JSX unless the '--jsx' flag is provided.
components/screens/ProfileScreen.tsx(667,81): error TS17004: Cannot use JSX unless the '--jsx' flag is provided.
components/screens/ProfileScreen.tsx(675,53): error TS17004: Cannot use JSX unless the '--jsx' flag is provided.
components/screens/ProfileScreen.tsx(676,57): error TS17004: Cannot use JSX unless the '--jsx' flag is provided.
components/screens/ProfileScreen.tsx(679,57): error TS17004: Cannot use JSX unless the '--jsx' flag is provided.
components/screens/ProfileScreen.tsx(689,49): error TS17004: Cannot use JSX unless the '--jsx' flag is provided.
components/screens/ProfileScreen.tsx(690,53): error TS17004: Cannot use JSX unless the '--jsx' flag is provided.
components/screens/ProfileScreen.tsx(691,86): error TS7006: Parameter 'trait' implicitly has an 'any' type.
components/screens/ProfileScreen.tsx(691,93): error TS7006: Parameter 'index' implicitly has an 'any' type.
components/screens/ProfileScreen.tsx(692,61): error TS17004: Cannot use JSX unless the '--jsx' flag is provided.
components/screens/ProfileScreen.tsx(693,65): error TS2322: Type '{ key: any; label: any; variant: "outline"; color: string; onPress: () => any; }' is not assignable to type 'MetadataChipProps'.
  Property 'key' does not exist on type 'MetadataChipProps'.
components/screens/ProfileScreen.tsx(701,61): error TS17004: Cannot use JSX unless the '--jsx' flag is provided.
components/screens/ProfileScreen.tsx(706,53): error TS17004: Cannot use JSX unless the '--jsx' flag is provided.
components/screens/ProfileScreen.tsx(707,57): error TS17004: Cannot use JSX unless the '--jsx' flag is provided.
components/screens/ProfileScreen.tsx(710,57): error TS17004: Cannot use JSX unless the '--jsx' flag is provided.
components/screens/ProfileScreen.tsx(730,13): error TS17004: Cannot use JSX unless the '--jsx' flag is provided.
components/screens/ProfileScreen.tsx(736,17): error TS17004: Cannot use JSX unless the '--jsx' flag is provided.
components/screens/ProfileScreen.tsx(737,21): error TS17004: Cannot use JSX unless the '--jsx' flag is provided.
components/screens/ProfileScreen.tsx(738,25): error TS17004: Cannot use JSX unless the '--jsx' flag is provided.
components/screens/ProfileScreen.tsx(742,25): error TS17004: Cannot use JSX unless the '--jsx' flag is provided.
components/screens/ProfileScreen.tsx(743,29): error TS17004: Cannot use JSX unless the '--jsx' flag is provided.
components/screens/ProfileScreen.tsx(744,33): error TS17004: Cannot use JSX unless the '--jsx' flag is provided.
components/screens/ProfileScreen.tsx(745,33): error TS17004: Cannot use JSX unless the '--jsx' flag is provided.
components/screens/ProfileScreen.tsx(747,29): error TS17004: Cannot use JSX unless the '--jsx' flag is provided.
components/screens/ProfileScreen.tsx(752,48): error TS7006: Parameter 'text' implicitly has an 'any' type.
components/screens/ProfileScreen.tsx(756,25): error TS17004: Cannot use JSX unless the '--jsx' flag is provided.
components/screens/ProfileScreen.tsx(757,29): error TS17004: Cannot use JSX unless the '--jsx' flag is provided.
components/screens/ProfileScreen.tsx(758,33): error TS17004: Cannot use JSX unless the '--jsx' flag is provided.
components/screens/ProfileScreen.tsx(759,37): error TS17004: Cannot use JSX unless the '--jsx' flag is provided.
components/screens/ProfileScreen.tsx(760,37): error TS17004: Cannot use JSX unless the '--jsx' flag is provided.
components/screens/ProfileScreen.tsx(762,33): error TS17004: Cannot use JSX unless the '--jsx' flag is provided.
components/screens/ProfileScreen.tsx(771,29): error TS17004: Cannot use JSX unless the '--jsx' flag is provided.
components/screens/ProfileScreen.tsx(772,33): error TS17004: Cannot use JSX unless the '--jsx' flag is provided.
components/screens/ProfileScreen.tsx(773,33): error TS17004: Cannot use JSX unless the '--jsx' flag is provided.
components/screens/ProfileScreen.tsx(774,37): error TS17004: Cannot use JSX unless the '--jsx' flag is provided.
components/screens/ProfileScreen.tsx(778,37): error TS17004: Cannot use JSX unless the '--jsx' flag is provided.
components/screens/ProfileScreen.tsx(782,37): error TS17004: Cannot use JSX unless the '--jsx' flag is provided.
components/screens/ProfileScreen.tsx(787,33): error TS17004: Cannot use JSX unless the '--jsx' flag is provided.
components/screens/ProfileScreen.tsx(791,25): error TS17004: Cannot use JSX unless the '--jsx' flag is provided.
components/screens/ProfileScreen.tsx(792,29): error TS17004: Cannot use JSX unless the '--jsx' flag is provided.
components/screens/ProfileScreen.tsx(796,33): error TS17004: Cannot use JSX unless the '--jsx' flag is provided.
components/screens/ProfileScreen.tsx(798,29): error TS17004: Cannot use JSX unless the '--jsx' flag is provided.
components/screens/ProfileScreen.tsx(805,33): error TS17004: Cannot use JSX unless the '--jsx' flag is provided.
components/screens/ProfileScreen.tsx(813,13): error TS17004: Cannot use JSX unless the '--jsx' flag is provided.
components/screens/ProfileScreen.tsx(819,17): error TS17004: Cannot use JSX unless the '--jsx' flag is provided.
components/screens/ProfileScreen.tsx(820,21): error TS17004: Cannot use JSX unless the '--jsx' flag is provided.
components/screens/ProfileScreen.tsx(821,25): error TS17004: Cannot use JSX unless the '--jsx' flag is provided.
components/screens/ProfileScreen.tsx(824,25): error TS17004: Cannot use JSX unless the '--jsx' flag is provided.
components/screens/ProfileScreen.tsx(828,25): error TS17004: Cannot use JSX unless the '--jsx' flag is provided.
components/screens/ProfileScreen.tsx(833,44): error TS7006: Parameter 'text' implicitly has an 'any' type.
components/screens/ProfileScreen.tsx(833,68): error TS7006: Parameter 'prev' implicitly has an 'any' type.
components/screens/ProfileScreen.tsx(837,25): error TS17004: Cannot use JSX unless the '--jsx' flag is provided.
components/screens/ProfileScreen.tsx(838,29): error TS17004: Cannot use JSX unless the '--jsx' flag is provided.
components/screens/ProfileScreen.tsx(842,33): error TS17004: Cannot use JSX unless the '--jsx' flag is provided.
components/screens/ProfileScreen.tsx(844,29): error TS17004: Cannot use JSX unless the '--jsx' flag is provided.
components/screens/ProfileScreen.tsx(848,33): error TS17004: Cannot use JSX unless the '--jsx' flag is provided.
components/screens/ProfileScreen.tsx(856,13): error TS17004: Cannot use JSX unless the '--jsx' flag is provided.
components/screens/ProfileScreen.tsx(859,25): error TS2705: An async function or method in ES5 requires the 'Promise' constructor.  Make sure you have a declaration for the 'Promise' constructor or include 'ES2015' in your '--lib' option.
components/screens/ProfileScreen.tsx(885,13): error TS17004: Cannot use JSX unless the '--jsx' flag is provided.
components/screens/ProfileScreen.tsx(891,17): error TS17004: Cannot use JSX unless the '--jsx' flag is provided.
components/screens/ProfileScreen.tsx(892,21): error TS17004: Cannot use JSX unless the '--jsx' flag is provided.
components/screens/ProfileScreen.tsx(893,25): error TS17004: Cannot use JSX unless the '--jsx' flag is provided.
components/screens/ProfileScreen.tsx(896,25): error TS17004: Cannot use JSX unless the '--jsx' flag is provided.
components/screens/ProfileScreen.tsx(905,25): error TS17004: Cannot use JSX unless the '--jsx' flag is provided.
components/screens/ProfileScreen.tsx(906,29): error TS17004: Cannot use JSX unless the '--jsx' flag is provided.
components/screens/ProfileScreen.tsx(913,33): error TS17004: Cannot use JSX unless the '--jsx' flag is provided.
components/screens/ProfileScreen.tsx(915,29): error TS17004: Cannot use JSX unless the '--jsx' flag is provided.
components/screens/ProfileScreen.tsx(919,33): error TS17004: Cannot use JSX unless the '--jsx' flag is provided.
components/screens/ProfileScreen.tsx(927,13): error TS17004: Cannot use JSX unless the '--jsx' flag is provided.
components/screens/ProfileScreen.tsx(933,17): error TS17004: Cannot use JSX unless the '--jsx' flag is provided.
components/screens/ProfileScreen.tsx(934,21): error TS17004: Cannot use JSX unless the '--jsx' flag is provided.
components/screens/ProfileScreen.tsx(935,25): error TS17004: Cannot use JSX unless the '--jsx' flag is provided.
components/screens/ProfileScreen.tsx(938,25): error TS17004: Cannot use JSX unless the '--jsx' flag is provided.
components/screens/ProfileScreen.tsx(942,25): error TS17004: Cannot use JSX unless the '--jsx' flag is provided.
components/screens/ProfileScreen.tsx(945,44): error TS7006: Parameter 'text' implicitly has an 'any' type.
components/screens/ProfileScreen.tsx(945,69): error TS7006: Parameter 'prev' implicitly has an 'any' type.
components/screens/ProfileScreen.tsx(949,25): error TS17004: Cannot use JSX unless the '--jsx' flag is provided.
components/screens/ProfileScreen.tsx(950,29): error TS17004: Cannot use JSX unless the '--jsx' flag is provided.
components/screens/ProfileScreen.tsx(954,33): error TS17004: Cannot use JSX unless the '--jsx' flag is provided.
components/screens/ProfileScreen.tsx(956,29): error TS17004: Cannot use JSX unless the '--jsx' flag is provided.
components/screens/ProfileScreen.tsx(960,33): error TS17004: Cannot use JSX unless the '--jsx' flag is provided.
components/screens/ProfileScreen.tsx(962,29): error TS17004: Cannot use JSX unless the '--jsx' flag is provided.
components/screens/ProfileScreen.tsx(966,33): error TS17004: Cannot use JSX unless the '--jsx' flag is provided.
components/screens/ProfileScreen.tsx(974,13): error TS17004: Cannot use JSX unless the '--jsx' flag is provided.
components/screens/ProfileScreen.tsx(983,17): error TS17004: Cannot use JSX unless the '--jsx' flag is provided.
components/screens/ProfileScreen.tsx(984,21): error TS17004: Cannot use JSX unless the '--jsx' flag is provided.
components/screens/ProfileScreen.tsx(985,25): error TS17004: Cannot use JSX unless the '--jsx' flag is provided.
components/screens/ProfileScreen.tsx(992,29): error TS17004: Cannot use JSX unless the '--jsx' flag is provided.
components/screens/ProfileScreen.tsx(996,29): error TS17004: Cannot use JSX unless the '--jsx' flag is provided.
components/screens/ProfileScreen.tsx(997,33): error TS17004: Cannot use JSX unless the '--jsx' flag is provided.
components/screens/ProfileScreen.tsx(998,37): error TS17004: Cannot use JSX unless the '--jsx' flag is provided.
components/screens/ProfileScreen.tsx(1007,25): error TS17004: Cannot use JSX unless the '--jsx' flag is provided.
components/screens/ProfileScreen.tsx(1008,29): error TS17004: Cannot use JSX unless the '--jsx' flag is provided.
components/screens/ProfileScreen.tsx(1009,33): error TS17004: Cannot use JSX unless the '--jsx' flag is provided.
components/screens/ProfileScreen.tsx(1013,37): error TS17004: Cannot use JSX unless the '--jsx' flag is provided.
components/screens/ProfileScreen.tsx(1014,37): error TS17004: Cannot use JSX unless the '--jsx' flag is provided.
components/screens/ProfileScreen.tsx(1017,33): error TS17004: Cannot use JSX unless the '--jsx' flag is provided.
components/screens/ProfileScreen.tsx(1021,37): error TS17004: Cannot use JSX unless the '--jsx' flag is provided.
components/screens/ProfileScreen.tsx(1022,37): error TS17004: Cannot use JSX unless the '--jsx' flag is provided.
components/screens/ProfileScreen.tsx(1025,33): error TS17004: Cannot use JSX unless the '--jsx' flag is provided.
components/screens/ProfileScreen.tsx(1033,37): error TS17004: Cannot use JSX unless the '--jsx' flag is provided.
components/screens/ProfileScreen.tsx(1034,37): error TS17004: Cannot use JSX unless the '--jsx' flag is provided.
components/screens/RemindersListScreen.tsx(1,98): error TS2307: Cannot find module 'react-native' or its corresponding type declarations.
components/screens/RemindersListScreen.tsx(2,35): error TS2307: Cannot find module 'react-native-safe-area-context' or its corresponding type declarations.
components/screens/RemindersListScreen.tsx(3,26): error TS2307: Cannot find module '@expo/vector-icons' or its corresponding type declarations.
components/screens/RemindersListScreen.tsx(4,24): error TS6142: Module '../ui/Layout' was resolved to '/app/components/ui/Layout.tsx', but '--jsx' is not set.
components/screens/RemindersListScreen.tsx(5,37): error TS2307: Cannot find module 'react' or its corresponding type declarations.
components/screens/RemindersListScreen.tsx(8,19): error TS2307: Cannot find module 'react-native-toast-message' or its corresponding type declarations.
components/screens/RemindersListScreen.tsx(9,34): error TS6142: Module '../../utils/reminderModalContext' was resolved to '/app/utils/reminderModalContext.tsx', but '--jsx' is not set.
components/screens/RemindersListScreen.tsx(10,30): error TS6142: Module '../ui/ReminderItem' was resolved to '/app/components/ui/ReminderItem.tsx', but '--jsx' is not set.
components/screens/RemindersListScreen.tsx(11,62): error TS6142: Module '../EventFormModal' was resolved to '/app/components/EventFormModal.tsx', but '--jsx' is not set.
components/screens/RemindersListScreen.tsx(15,30): error TS6142: Module '../ui/IslandHeader' was resolved to '/app/components/ui/IslandHeader.tsx', but '--jsx' is not set.
components/screens/RemindersListScreen.tsx(16,33): error TS6142: Module '../ui/IslandBar' was resolved to '/app/components/ui/IslandBar.tsx', but '--jsx' is not set.
components/screens/RemindersListScreen.tsx(51,25): error TS2705: An async function or method in ES5 requires the 'Promise' constructor.  Make sure you have a declaration for the 'Promise' constructor or include 'ES2015' in your '--lib' option.
components/screens/RemindersListScreen.tsx(64,32): error TS2705: An async function or method in ES5 requires the 'Promise' constructor.  Make sure you have a declaration for the 'Promise' constructor or include 'ES2015' in your '--lib' option.
components/screens/RemindersListScreen.tsx(87,13): error TS7006: Parameter 'r' implicitly has an 'any' type.
components/screens/RemindersListScreen.tsx(92,12): error TS7006: Parameter 'a' implicitly has an 'any' type.
components/screens/RemindersListScreen.tsx(92,15): error TS7006: Parameter 'b' implicitly has an 'any' type.
components/screens/RemindersListScreen.tsx(94,42): error TS7006: Parameter 'r' implicitly has an 'any' type.
components/screens/RemindersListScreen.tsx(95,43): error TS7006: Parameter 'r' implicitly has an 'any' type.
components/screens/RemindersListScreen.tsx(122,5): error TS17004: Cannot use JSX unless the '--jsx' flag is provided.
components/screens/RemindersListScreen.tsx(122,6): error TS2741: Property 'children' is missing in type '{}' but required in type '{ children: React.ReactNode; scrollable?: boolean | undefined; fullBleed?: boolean | undefined; noPadding?: boolean | undefined; }'.
components/screens/RemindersListScreen.tsx(123,7): error TS17004: Cannot use JSX unless the '--jsx' flag is provided.
components/screens/RemindersListScreen.tsx(124,9): error TS17004: Cannot use JSX unless the '--jsx' flag is provided.
components/screens/RemindersListScreen.tsx(140,80): error TS17004: Cannot use JSX unless the '--jsx' flag is provided.
components/screens/RemindersListScreen.tsx(153,7): error TS17004: Cannot use JSX unless the '--jsx' flag is provided.
components/screens/RemindersListScreen.tsx(155,11): error TS17004: Cannot use JSX unless the '--jsx' flag is provided.
components/screens/RemindersListScreen.tsx(156,13): error TS17004: Cannot use JSX unless the '--jsx' flag is provided.
components/screens/RemindersListScreen.tsx(157,13): error TS17004: Cannot use JSX unless the '--jsx' flag is provided.
components/screens/RemindersListScreen.tsx(158,13): error TS17004: Cannot use JSX unless the '--jsx' flag is provided.
components/screens/RemindersListScreen.tsx(163,11): error TS17004: Cannot use JSX unless the '--jsx' flag is provided.
components/screens/RemindersListScreen.tsx(164,13): error TS17004: Cannot use JSX unless the '--jsx' flag is provided.
components/screens/RemindersListScreen.tsx(165,13): error TS17004: Cannot use JSX unless the '--jsx' flag is provided.
components/screens/RemindersListScreen.tsx(168,11): error TS17004: Cannot use JSX unless the '--jsx' flag is provided.
components/screens/RemindersListScreen.tsx(170,15): error TS17004: Cannot use JSX unless the '--jsx' flag is provided.
components/screens/RemindersListScreen.tsx(171,17): error TS17004: Cannot use JSX unless the '--jsx' flag is provided.
components/screens/RemindersListScreen.tsx(172,44): error TS7006: Parameter 'reminder' implicitly has an 'any' type.
components/screens/RemindersListScreen.tsx(173,21): error TS17004: Cannot use JSX unless the '--jsx' flag is provided.
components/screens/RemindersListScreen.tsx(174,23): error TS2322: Type '{ key: any; reminder: any; relativeTime: string; onEdit: () => void; onDelete: () => any; onShow: () => any; timeFormat: any; }' is not assignable to type 'ReminderItemProps'.
  Property 'key' does not exist on type 'ReminderItemProps'.
components/screens/RemindersListScreen.tsx(188,15): error TS17004: Cannot use JSX unless the '--jsx' flag is provided.
components/screens/RemindersListScreen.tsx(189,17): error TS17004: Cannot use JSX unless the '--jsx' flag is provided.
components/screens/RemindersListScreen.tsx(190,34): error TS7006: Parameter 'reminder' implicitly has an 'any' type.
components/screens/RemindersListScreen.tsx(191,21): error TS17004: Cannot use JSX unless the '--jsx' flag is provided.
components/screens/RemindersListScreen.tsx(192,23): error TS2322: Type '{ key: any; reminder: any; relativeTime: string; onEdit: () => void; onDelete: () => any; onShow: () => any; timeFormat: any; }' is not assignable to type 'ReminderItemProps'.
  Property 'key' does not exist on type 'ReminderItemProps'.
components/screens/RemindersListScreen.tsx(206,15): error TS17004: Cannot use JSX unless the '--jsx' flag is provided.
components/screens/RemindersListScreen.tsx(207,17): error TS17004: Cannot use JSX unless the '--jsx' flag is provided.
components/screens/RemindersListScreen.tsx(208,33): error TS7006: Parameter 'reminder' implicitly has an 'any' type.
components/screens/RemindersListScreen.tsx(209,21): error TS17004: Cannot use JSX unless the '--jsx' flag is provided.
components/screens/RemindersListScreen.tsx(210,23): error TS2322: Type '{ key: any; reminder: any; relativeTime: string; onEdit: () => void; onDelete: () => any; onShow: () => any; timeFormat: any; }' is not assignable to type 'ReminderItemProps'.
  Property 'key' does not exist on type 'ReminderItemProps'.
components/screens/RemindersListScreen.tsx(228,9): error TS17004: Cannot use JSX unless the '--jsx' flag is provided.
components/screens/RemindersListScreen.tsx(243,7): error TS17004: Cannot use JSX unless the '--jsx' flag is provided.
components/screens/SavingScreen.tsx(1,19): error TS2307: Cannot find module 'react' or its corresponding type declarations.
components/screens/SavingScreen.tsx(2,28): error TS2307: Cannot find module 'react-native' or its corresponding type declarations.
components/screens/SavingScreen.tsx(3,92): error TS2307: Cannot find module 'react-native-reanimated' or its corresponding type declarations.
components/screens/SavingScreen.tsx(4,26): error TS2307: Cannot find module '@expo/vector-icons' or its corresponding type declarations.
components/screens/SavingScreen.tsx(5,24): error TS6142: Module '../ui/Layout' was resolved to '/app/components/ui/Layout.tsx', but '--jsx' is not set.
components/screens/SavingScreen.tsx(14,9): error TS17004: Cannot use JSX unless the '--jsx' flag is provided.
components/screens/SavingScreen.tsx(15,13): error TS17004: Cannot use JSX unless the '--jsx' flag is provided.
components/screens/SavingScreen.tsx(16,13): error TS17004: Cannot use JSX unless the '--jsx' flag is provided.
components/screens/SavingScreen.tsx(17,17): error TS17004: Cannot use JSX unless the '--jsx' flag is provided.
components/screens/SavingScreen.tsx(25,9): error TS17004: Cannot use JSX unless the '--jsx' flag is provided.
components/screens/SavingScreen.tsx(25,10): error TS2741: Property 'children' is missing in type '{}' but required in type '{ children: React.ReactNode; scrollable?: boolean | undefined; fullBleed?: boolean | undefined; noPadding?: boolean | undefined; }'.
components/screens/SavingScreen.tsx(26,13): error TS17004: Cannot use JSX unless the '--jsx' flag is provided.
components/screens/SavingScreen.tsx(27,17): error TS17004: Cannot use JSX unless the '--jsx' flag is provided.
components/screens/SavingScreen.tsx(28,17): error TS17004: Cannot use JSX unless the '--jsx' flag is provided.
components/screens/ScheduleScreen.tsx(1,74): error TS2307: Cannot find module 'react' or its corresponding type declarations.
components/screens/ScheduleScreen.tsx(2,134): error TS2307: Cannot find module 'react-native' or its corresponding type declarations.
components/screens/ScheduleScreen.tsx(4,35): error TS2307: Cannot find module 'react-native-safe-area-context' or its corresponding type declarations.
components/screens/ScheduleScreen.tsx(5,24): error TS6142: Module '../ui/Layout' was resolved to '/app/components/ui/Layout.tsx', but '--jsx' is not set.
components/screens/ScheduleScreen.tsx(6,19): error TS2307: Cannot find module 'react-native-toast-message' or its corresponding type declarations.
components/screens/ScheduleScreen.tsx(8,19): error TS2307: Cannot find module 'dayjs' or its corresponding type declarations.
components/screens/ScheduleScreen.tsx(9,26): error TS2307: Cannot find module '@expo/vector-icons' or its corresponding type declarations.
components/screens/ScheduleScreen.tsx(13,40): error TS6142: Module '../UnifiedSuggestionModal' was resolved to '/app/components/UnifiedSuggestionModal.tsx', but '--jsx' is not set.
components/screens/ScheduleScreen.tsx(14,27): error TS6142: Module '../DateRuler' was resolved to '/app/components/DateRuler.tsx', but '--jsx' is not set.
components/screens/ScheduleScreen.tsx(15,27): error TS2307: Cannot find module 'expo-calendar' or its corresponding type declarations.
components/screens/ScheduleScreen.tsx(16,29): error TS2307: Cannot find module 'expo-file-system/legacy' or its corresponding type declarations.
components/screens/ScheduleScreen.tsx(17,47): error TS2307: Cannot find module '@react-navigation/native' or its corresponding type declarations.
components/screens/ScheduleScreen.tsx(18,34): error TS6142: Module '../../utils/reminderModalContext' was resolved to '/app/utils/reminderModalContext.tsx', but '--jsx' is not set.
components/screens/ScheduleScreen.tsx(19,31): error TS6142: Module '../ui/calendar/components/ScheduleEvent' was resolved to '/app/components/ui/calendar/components/ScheduleEvent.tsx', but '--jsx' is not set.
components/screens/ScheduleScreen.tsx(24,35): error TS6142: Module '../EventContextModal' was resolved to '/app/components/EventContextModal.tsx', but '--jsx' is not set.
components/screens/ScheduleScreen.tsx(25,33): error TS6142: Module '../DaySummaryModal' was resolved to '/app/components/DaySummaryModal.tsx', but '--jsx' is not set.
components/screens/ScheduleScreen.tsx(27,33): error TS6142: Module '../DayStatusMarker' was resolved to '/app/components/DayStatusMarker.tsx', but '--jsx' is not set.
components/screens/ScheduleScreen.tsx(29,62): error TS6142: Module '../EventFormModal' was resolved to '/app/components/EventFormModal.tsx', but '--jsx' is not set.
components/screens/ScheduleScreen.tsx(30,31): error TS6142: Module '../markdown/TaskEditModal' was resolved to '/app/components/markdown/TaskEditModal.tsx', but '--jsx' is not set.
components/screens/ScheduleScreen.tsx(37,37): error TS6142: Module '../MoodEvaluationModal' was resolved to '/app/components/MoodEvaluationModal.tsx', but '--jsx' is not set.
components/screens/ScheduleScreen.tsx(38,38): error TS6142: Module '../WeatherForecastModal' was resolved to '/app/components/WeatherForecastModal.tsx', but '--jsx' is not set.
components/screens/ScheduleScreen.tsx(39,38): error TS6142: Module '../RecurrenceScopeModal' was resolved to '/app/components/RecurrenceScopeModal.tsx', but '--jsx' is not set.
components/screens/ScheduleScreen.tsx(40,34): error TS6142: Module '../DragDropContext' was resolved to '/app/components/DragDropContext.tsx', but '--jsx' is not set.
components/screens/ScheduleScreen.tsx(41,29): error TS6142: Module '../DragOverlay' was resolved to '/app/components/DragOverlay.tsx', but '--jsx' is not set.
components/screens/ScheduleScreen.tsx(42,34): error TS6142: Module './TodaysTasksPanel' was resolved to '/app/components/screens/TodaysTasksPanel.tsx', but '--jsx' is not set.
components/screens/ScheduleScreen.tsx(48,34): error TS6142: Module '../WeatherHourGuide' was resolved to '/app/components/WeatherHourGuide.tsx', but '--jsx' is not set.
components/screens/ScheduleScreen.tsx(93,47): error TS7006: Parameter 's' implicitly has an 'any' type.
components/screens/ScheduleScreen.tsx(100,32): error TS7006: Parameter 'prev' implicitly has an 'any' type.
components/screens/ScheduleScreen.tsx(108,22): error TS2705: An async function or method in ES5 requires the 'Promise' constructor.  Make sure you have a declaration for the 'Promise' constructor or include 'ES2015' in your '--lib' option.
components/screens/ScheduleScreen.tsx(166,37): error TS2705: An async function or method in ES5 requires the 'Promise' constructor.  Make sure you have a declaration for the 'Promise' constructor or include 'ES2015' in your '--lib' option.
components/screens/ScheduleScreen.tsx(196,61): error TS7006: Parameter 'c' implicitly has an 'any' type.
components/screens/ScheduleScreen.tsx(214,35): error TS2583: Cannot find name 'Set'. Do you need to change your target library? Try changing the 'lib' compiler option to 'es2015' or later.
components/screens/ScheduleScreen.tsx(217,45): error TS2583: Cannot find name 'Map'. Do you need to change your target library? Try changing the 'lib' compiler option to 'es2015' or later.
components/screens/ScheduleScreen.tsx(222,35): error TS2550: Property 'endsWith' does not exist on type 'string'. Do you need to change your target library? Try changing the 'lib' compiler option to 'es2015' or later.
components/screens/ScheduleScreen.tsx(227,72): error TS2550: Property 'from' does not exist on type 'ArrayConstructor'. Do you need to change your target library? Try changing the 'lib' compiler option to 'es2015' or later.
components/screens/ScheduleScreen.tsx(227,107): error TS7006: Parameter 'email' implicitly has an 'any' type.
components/screens/ScheduleScreen.tsx(230,42): error TS7006: Parameter '_' implicitly has an 'any' type.
components/screens/ScheduleScreen.tsx(230,45): error TS7006: Parameter 'email' implicitly has an 'any' type.
components/screens/ScheduleScreen.tsx(247,62): error TS7006: Parameter 't' implicitly has an 'any' type.
components/screens/ScheduleScreen.tsx(251,50): error TS7006: Parameter '_' implicitly has an 'any' type.
components/screens/ScheduleScreen.tsx(251,53): error TS7006: Parameter 'email' implicitly has an 'any' type.
components/screens/ScheduleScreen.tsx(252,67): error TS7006: Parameter 'c' implicitly has an 'any' type.
components/screens/ScheduleScreen.tsx(257,66): error TS7006: Parameter 't' implicitly has an 'any' type.
components/screens/ScheduleScreen.tsx(260,66): error TS7006: Parameter 't' implicitly has an 'any' type.
components/screens/ScheduleScreen.tsx(266,71): error TS7006: Parameter 't' implicitly has an 'any' type.
components/screens/ScheduleScreen.tsx(280,53): error TS2550: Property 'from' does not exist on type 'ArrayConstructor'. Do you need to change your target library? Try changing the 'lib' compiler option to 'es2015' or later.
components/screens/ScheduleScreen.tsx(280,62): error TS2583: Cannot find name 'Set'. Do you need to change your target library? Try changing the 'lib' compiler option to 'es2015' or later.
components/screens/ScheduleScreen.tsx(426,34): error TS2769: No overload matches this call.
  Overload 1 of 4, '(vd: VarDate): Date', gave the following error.
    Argument of type 'Date' is not assignable to parameter of type 'VarDate'.
      Property 'VarDate_typekey' is missing in type 'Date' but required in type 'VarDate'.
  Overload 2 of 4, '(value: string | number): Date', gave the following error.
    Argument of type 'Date' is not assignable to parameter of type 'string | number'.
components/screens/ScheduleScreen.tsx(440,31): error TS2705: An async function or method in ES5 requires the 'Promise' constructor.  Make sure you have a declaration for the 'Promise' constructor or include 'ES2015' in your '--lib' option.
components/screens/ScheduleScreen.tsx(452,23): error TS7006: Parameter 'prev' implicitly has an 'any' type.
components/screens/ScheduleScreen.tsx(452,43): error TS7006: Parameter 'e' implicitly has an 'any' type.
components/screens/ScheduleScreen.tsx(474,19): error TS7006: Parameter 'prev' implicitly has an 'any' type.
components/screens/ScheduleScreen.tsx(474,39): error TS7006: Parameter 'e' implicitly has an 'any' type.
components/screens/ScheduleScreen.tsx(557,50): error TS7006: Parameter 'e' implicitly has an 'any' type.
components/screens/ScheduleScreen.tsx(571,18): error TS2705: An async function or method in ES5 requires the 'Promise' constructor.  Make sure you have a declaration for the 'Promise' constructor or include 'ES2015' in your '--lib' option.
components/screens/ScheduleScreen.tsx(642,18): error TS2705: An async function or method in ES5 requires the 'Promise' constructor.  Make sure you have a declaration for the 'Promise' constructor or include 'ES2015' in your '--lib' option.
components/screens/ScheduleScreen.tsx(704,23): error TS7006: Parameter 'prev' implicitly has an 'any' type.
components/screens/ScheduleScreen.tsx(704,40): error TS7006: Parameter 'e' implicitly has an 'any' type.
components/screens/ScheduleScreen.tsx(708,14): error TS2705: An async function or method in ES5 requires the 'Promise' constructor.  Make sure you have a declaration for the 'Promise' constructor or include 'ES2015' in your '--lib' option.
components/screens/ScheduleScreen.tsx(720,69): error TS2550: Property 'startsWith' does not exist on type 'string'. Do you need to change your target library? Try changing the 'lib' compiler option to 'es2015' or later.
components/screens/ScheduleScreen.tsx(811,19): error TS7006: Parameter 'prev' implicitly has an 'any' type.
components/screens/ScheduleScreen.tsx(814,10): error TS2705: An async function or method in ES5 requires the 'Promise' constructor.  Make sure you have a declaration for the 'Promise' constructor or include 'ES2015' in your '--lib' option.
components/screens/ScheduleScreen.tsx(822,48): error TS2550: Property 'find' does not exist on type 'Calendar.Calendar[]'. Do you need to change your target library? Try changing the 'lib' compiler option to 'es2015' or later.
components/screens/ScheduleScreen.tsx(822,53): error TS7006: Parameter 'c' implicitly has an 'any' type.
components/screens/ScheduleScreen.tsx(827,48): error TS2550: Property 'find' does not exist on type 'Calendar.Calendar[]'. Do you need to change your target library? Try changing the 'lib' compiler option to 'es2015' or later.
components/screens/ScheduleScreen.tsx(827,53): error TS7006: Parameter 'c' implicitly has an 'any' type.
components/screens/ScheduleScreen.tsx(832,48): error TS2550: Property 'find' does not exist on type 'Calendar.Calendar[]'. Do you need to change your target library? Try changing the 'lib' compiler option to 'es2015' or later.
components/screens/ScheduleScreen.tsx(832,53): error TS7006: Parameter 'c' implicitly has an 'any' type.
components/screens/ScheduleScreen.tsx(865,52): error TS7006: Parameter 't' implicitly has an 'any' type.
components/screens/ScheduleScreen.tsx(868,75): error TS7006: Parameter 's' implicitly has an 'any' type.
components/screens/ScheduleScreen.tsx(948,24): error TS7006: Parameter 'e' implicitly has an 'any' type.
components/screens/ScheduleScreen.tsx(967,51): error TS7006: Parameter 'f' implicitly has an 'any' type.
components/screens/ScheduleScreen.tsx(995,43): error TS7006: Parameter 'e' implicitly has an 'any' type.
components/screens/ScheduleScreen.tsx(1014,47): error TS7006: Parameter 'f' implicitly has an 'any' type.
components/screens/ScheduleScreen.tsx(1043,13): error TS17004: Cannot use JSX unless the '--jsx' flag is provided.
components/screens/ScheduleScreen.tsx(1044,17): error TS17004: Cannot use JSX unless the '--jsx' flag is provided.
components/screens/ScheduleScreen.tsx(1046,21): error TS17004: Cannot use JSX unless the '--jsx' flag is provided.
components/screens/ScheduleScreen.tsx(1047,25): error TS17004: Cannot use JSX unless the '--jsx' flag is provided.
components/screens/ScheduleScreen.tsx(1055,33): error TS17004: Cannot use JSX unless the '--jsx' flag is provided.
components/screens/ScheduleScreen.tsx(1057,33): error TS17004: Cannot use JSX unless the '--jsx' flag is provided.
components/screens/ScheduleScreen.tsx(1062,29): error TS17004: Cannot use JSX unless the '--jsx' flag is provided.
components/screens/ScheduleScreen.tsx(1066,33): error TS17004: Cannot use JSX unless the '--jsx' flag is provided.
components/screens/ScheduleScreen.tsx(1067,33): error TS17004: Cannot use JSX unless the '--jsx' flag is provided.
components/screens/ScheduleScreen.tsx(1075,21): error TS17004: Cannot use JSX unless the '--jsx' flag is provided.
components/screens/ScheduleScreen.tsx(1083,25): error TS17004: Cannot use JSX unless the '--jsx' flag is provided.
components/screens/ScheduleScreen.tsx(1084,29): error TS17004: Cannot use JSX unless the '--jsx' flag is provided.
components/screens/ScheduleScreen.tsx(1086,33): error TS17004: Cannot use JSX unless the '--jsx' flag is provided.
components/screens/ScheduleScreen.tsx(1087,48): error TS17004: Cannot use JSX unless the '--jsx' flag is provided.
components/screens/ScheduleScreen.tsx(1092,25): error TS17004: Cannot use JSX unless the '--jsx' flag is provided.
components/screens/ScheduleScreen.tsx(1093,40): error TS17004: Cannot use JSX unless the '--jsx' flag is provided.
components/screens/ScheduleScreen.tsx(1096,25): error TS17004: Cannot use JSX unless the '--jsx' flag is provided.
components/screens/ScheduleScreen.tsx(1102,21): error TS17004: Cannot use JSX unless the '--jsx' flag is provided.
components/screens/ScheduleScreen.tsx(1104,29): error TS17004: Cannot use JSX unless the '--jsx' flag is provided.
components/screens/ScheduleScreen.tsx(1110,33): error TS17004: Cannot use JSX unless the '--jsx' flag is provided.
components/screens/ScheduleScreen.tsx(1111,33): error TS17004: Cannot use JSX unless the '--jsx' flag is provided.
components/screens/ScheduleScreen.tsx(1191,29): error TS2705: An async function or method in ES5 requires the 'Promise' constructor.  Make sure you have a declaration for the 'Promise' constructor or include 'ES2015' in your '--lib' option.
components/screens/ScheduleScreen.tsx(1218,23): error TS7006: Parameter 'prev' implicitly has an 'any' type.
components/screens/ScheduleScreen.tsx(1221,14): error TS2705: An async function or method in ES5 requires the 'Promise' constructor.  Make sure you have a declaration for the 'Promise' constructor or include 'ES2015' in your '--lib' option.
components/screens/ScheduleScreen.tsx(1226,52): error TS2550: Property 'find' does not exist on type 'Calendar.Calendar[]'. Do you need to change your target library? Try changing the 'lib' compiler option to 'es2015' or later.
components/screens/ScheduleScreen.tsx(1226,57): error TS7006: Parameter 'c' implicitly has an 'any' type.
components/screens/ScheduleScreen.tsx(1229,52): error TS2550: Property 'find' does not exist on type 'Calendar.Calendar[]'. Do you need to change your target library? Try changing the 'lib' compiler option to 'es2015' or later.
components/screens/ScheduleScreen.tsx(1229,57): error TS7006: Parameter 'c' implicitly has an 'any' type.
components/screens/ScheduleScreen.tsx(1301,27): error TS7006: Parameter 'prev' implicitly has an 'any' type.
components/screens/ScheduleScreen.tsx(1301,44): error TS7006: Parameter 'e' implicitly has an 'any' type.
components/screens/ScheduleScreen.tsx(1313,39): error TS2705: An async function or method in ES5 requires the 'Promise' constructor.  Make sure you have a declaration for the 'Promise' constructor or include 'ES2015' in your '--lib' option.
components/screens/ScheduleScreen.tsx(1327,97): error TS2550: Property 'includes' does not exist on type 'string'. Do you need to change your target library? Try changing the 'lib' compiler option to 'es2015' or later.
components/screens/ScheduleScreen.tsx(1361,41): error TS7006: Parameter 'opts' implicitly has an 'any' type.
components/screens/ScheduleScreen.tsx(1375,35): error TS2705: An async function or method in ES5 requires the 'Promise' constructor.  Make sure you have a declaration for the 'Promise' constructor or include 'ES2015' in your '--lib' option.
components/screens/ScheduleScreen.tsx(1382,35): error TS7006: Parameter 'e' implicitly has an 'any' type.
components/screens/ScheduleScreen.tsx(1416,49): error TS7006: Parameter 't' implicitly has an 'any' type.
components/screens/ScheduleScreen.tsx(1418,42): error TS7006: Parameter 'id' implicitly has an 'any' type.
components/screens/ScheduleScreen.tsx(1440,60): error TS7006: Parameter 't' implicitly has an 'any' type.
components/screens/ScheduleScreen.tsx(1457,9): error TS17004: Cannot use JSX unless the '--jsx' flag is provided.
components/screens/ScheduleScreen.tsx(1457,10): error TS2741: Property 'children' is missing in type '{}' but required in type '{ children: ReactNode; }'.
components/screens/ScheduleScreen.tsx(1458,13): error TS17004: Cannot use JSX unless the '--jsx' flag is provided.
components/screens/ScheduleScreen.tsx(1458,14): error TS2741: Property 'children' is missing in type '{ fullBleed: true; noPadding: true; }' but required in type '{ children: React.ReactNode; scrollable?: boolean | undefined; fullBleed?: boolean | undefined; noPadding?: boolean | undefined; }'.
components/screens/ScheduleScreen.tsx(1459,17): error TS17004: Cannot use JSX unless the '--jsx' flag is provided.
components/screens/ScheduleScreen.tsx(1460,21): error TS17004: Cannot use JSX unless the '--jsx' flag is provided.
components/screens/ScheduleScreen.tsx(1470,21): error TS17004: Cannot use JSX unless the '--jsx' flag is provided.
components/screens/ScheduleScreen.tsx(1480,25): error TS17004: Cannot use JSX unless the '--jsx' flag is provided.
components/screens/ScheduleScreen.tsx(1481,29): error TS17004: Cannot use JSX unless the '--jsx' flag is provided.
components/screens/ScheduleScreen.tsx(1482,29): error TS17004: Cannot use JSX unless the '--jsx' flag is provided.
components/screens/ScheduleScreen.tsx(1485,29): error TS17004: Cannot use JSX unless the '--jsx' flag is provided.
components/screens/ScheduleScreen.tsx(1490,25): error TS17004: Cannot use JSX unless the '--jsx' flag is provided.
components/screens/ScheduleScreen.tsx(1550,37): error TS17004: Cannot use JSX unless the '--jsx' flag is provided.
components/screens/ScheduleScreen.tsx(1560,37): error TS17004: Cannot use JSX unless the '--jsx' flag is provided.
components/screens/ScheduleScreen.tsx(1569,21): error TS17004: Cannot use JSX unless the '--jsx' flag is provided.
components/screens/ScheduleScreen.tsx(1581,21): error TS17004: Cannot use JSX unless the '--jsx' flag is provided.
components/screens/ScheduleScreen.tsx(1594,21): error TS17004: Cannot use JSX unless the '--jsx' flag is provided.
components/screens/ScheduleScreen.tsx(1612,21): error TS17004: Cannot use JSX unless the '--jsx' flag is provided.
components/screens/ScheduleScreen.tsx(1620,21): error TS17004: Cannot use JSX unless the '--jsx' flag is provided.
components/screens/ScheduleScreen.tsx(1639,25): error TS17004: Cannot use JSX unless the '--jsx' flag is provided.
components/screens/ScheduleScreen.tsx(1669,25): error TS17004: Cannot use JSX unless the '--jsx' flag is provided.
components/screens/ScheduleScreen.tsx(1676,39): error TS2705: An async function or method in ES5 requires the 'Promise' constructor.  Make sure you have a declaration for the 'Promise' constructor or include 'ES2015' in your '--lib' option.
components/screens/ScheduleScreen.tsx(1683,72): error TS7006: Parameter 't' implicitly has an 'any' type.
components/screens/ScheduleScreen.tsx(1694,37): error TS2705: An async function or method in ES5 requires the 'Promise' constructor.  Make sure you have a declaration for the 'Promise' constructor or include 'ES2015' in your '--lib' option.
components/screens/ScheduleScreen.tsx(1695,63): error TS2712: A dynamic import call in ES5 requires the 'Promise' constructor.  Make sure you have a declaration for the 'Promise' constructor or include 'ES2015' in your '--lib' option.
components/screens/ScheduleScreen.tsx(1696,67): error TS2712: A dynamic import call in ES5 requires the 'Promise' constructor.  Make sure you have a declaration for the 'Promise' constructor or include 'ES2015' in your '--lib' option.
components/screens/ScheduleScreen.tsx(1715,87): error TS7006: Parameter 'p' implicitly has an 'any' type.
components/screens/ScheduleScreen.tsx(1738,80): error TS7006: Parameter 't' implicitly has an 'any' type.
components/screens/ScheduleScreen.tsx(1759,79): error TS7006: Parameter 'e' implicitly has an 'any' type.
components/screens/ScheduleScreen.tsx(1777,80): error TS7006: Parameter 't' implicitly has an 'any' type.
components/screens/ScheduleScreen.tsx(1795,83): error TS7006: Parameter 'e' implicitly has an 'any' type.
components/screens/ScheduleScreen.tsx(1809,83): error TS7006: Parameter 't' implicitly has an 'any' type.
components/screens/ScheduleScreen.tsx(1846,65): error TS7006: Parameter 'evt' implicitly has an 'any' type.
components/screens/ScheduleScreen.tsx(1853,21): error TS17004: Cannot use JSX unless the '--jsx' flag is provided.
components/screens/ScheduleScreen.tsx(1859,21): error TS17004: Cannot use JSX unless the '--jsx' flag is provided.
components/screens/ScheduleScreen.tsx(1866,21): error TS17004: Cannot use JSX unless the '--jsx' flag is provided.
components/screens/ScheduleScreen.tsx(1896,12): error TS2550: Property 'values' does not exist on type 'ObjectConstructor'. Do you need to change your target library? Try changing the 'lib' compiler option to 'es2017' or later.
components/screens/ScheduleScreen.tsx(1896,34): error TS7006: Parameter 'dayEvents' implicitly has an 'any' type.
components/screens/ScheduleScreen.tsx(1898,25): error TS7006: Parameter 'a' implicitly has an 'any' type.
components/screens/ScheduleScreen.tsx(1898,28): error TS7006: Parameter 'b' implicitly has an 'any' type.
components/screens/ScheduleScreen.tsx(1933,27): error TS7006: Parameter 'evt' implicitly has an 'any' type.
components/screens/SetupScreen.tsx(1,100): error TS2307: Cannot find module 'react-native' or its corresponding type declarations.
components/screens/SetupScreen.tsx(2,35): error TS2307: Cannot find module 'react-native-safe-area-context' or its corresponding type declarations.
components/screens/SetupScreen.tsx(3,26): error TS2307: Cannot find module '@expo/vector-icons' or its corresponding type declarations.
components/screens/SetupScreen.tsx(4,24): error TS6142: Module '../ui/Layout' was resolved to '/app/components/ui/Layout.tsx', but '--jsx' is not set.
components/screens/SetupScreen.tsx(5,24): error TS6142: Module '../ui/Button' was resolved to '/app/components/ui/Button.tsx', but '--jsx' is not set.
components/screens/SetupScreen.tsx(6,23): error TS6142: Module '../ui/Input' was resolved to '/app/components/ui/Input.tsx', but '--jsx' is not set.
components/screens/SetupScreen.tsx(7,22): error TS6142: Module '../ui/Card' was resolved to '/app/components/ui/Card.tsx', but '--jsx' is not set.
components/screens/SetupScreen.tsx(11,45): error TS2307: Cannot find module 'react' or its corresponding type declarations.
components/screens/SetupScreen.tsx(12,49): error TS2307: Cannot find module 'expo-auth-session' or its corresponding type declarations.
components/screens/SetupScreen.tsx(14,38): error TS6142: Module '../settings/IntegrationsSettings' was resolved to '/app/components/settings/IntegrationsSettings.tsx', but '--jsx' is not set.
components/screens/SetupScreen.tsx(15,29): error TS6142: Module '../ui/FolderInput' was resolved to '/app/components/ui/FolderInput.tsx', but '--jsx' is not set.
components/screens/SetupScreen.tsx(16,27): error TS6142: Module '../ui/FileInput' was resolved to '/app/components/ui/FileInput.tsx', but '--jsx' is not set.
components/screens/SetupScreen.tsx(21,39): error TS6142: Module '../settings/CalendarsMainSettings' was resolved to '/app/components/settings/CalendarsMainSettings.tsx', but '--jsx' is not set.
components/screens/SetupScreen.tsx(22,37): error TS6142: Module '../settings/AdditionalCalendars' was resolved to '/app/components/settings/AdditionalCalendars.tsx', but '--jsx' is not set.
components/screens/SetupScreen.tsx(23,36): error TS6142: Module '../settings/EventTypesSettings' was resolved to '/app/components/settings/EventTypesSettings.tsx', but '--jsx' is not set.
components/screens/SetupScreen.tsx(24,36): error TS6142: Module '../settings/TimeRangesSettings' was resolved to '/app/components/settings/TimeRangesSettings.tsx', but '--jsx' is not set.
components/screens/SetupScreen.tsx(25,33): error TS6142: Module '../settings/WeatherSettings' was resolved to '/app/components/settings/WeatherSettings.tsx', but '--jsx' is not set.
components/screens/SetupScreen.tsx(26,30): error TS6142: Module '../settings/MoodSettings' was resolved to '/app/components/settings/MoodSettings.tsx', but '--jsx' is not set.
components/screens/SetupScreen.tsx(27,31): error TS6142: Module '../settings/HabitSettings' was resolved to '/app/components/settings/HabitSettings.tsx', but '--jsx' is not set.
components/screens/SetupScreen.tsx(28,31): error TS6142: Module '../settings/TasksSettings' was resolved to '/app/components/settings/TasksSettings.tsx', but '--jsx' is not set.
components/screens/SetupScreen.tsx(29,37): error TS6142: Module '../settings/TagPropertySettings' was resolved to '/app/components/settings/TagPropertySettings.tsx', but '--jsx' is not set.
components/screens/SetupScreen.tsx(30,34): error TS6142: Module '../settings/ContactsSettings' was resolved to '/app/components/settings/ContactsSettings.tsx', but '--jsx' is not set.
components/screens/SetupScreen.tsx(31,34): error TS6142: Module '../settings/ForecastSettings' was resolved to '/app/components/settings/ForecastSettings.tsx', but '--jsx' is not set.
components/screens/SetupScreen.tsx(32,35): error TS6142: Module '../settings/CloudSyncSettings' was resolved to '/app/components/settings/CloudSyncSettings.tsx', but '--jsx' is not set.
components/screens/SetupScreen.tsx(33,30): error TS6142: Module '../settings/LogsSettings' was resolved to '/app/components/settings/LogsSettings.tsx', but '--jsx' is not set.
components/screens/SetupScreen.tsx(34,30): error TS6142: Module '../settings/NewsSettings' was resolved to '/app/components/settings/NewsSettings.tsx', but '--jsx' is not set.
components/screens/SetupScreen.tsx(35,36): error TS6142: Module '../settings/NavigationSettings' was resolved to '/app/components/settings/NavigationSettings.tsx', but '--jsx' is not set.
components/screens/SetupScreen.tsx(36,33): error TS6142: Module '../settings/ProfileSettings' was resolved to '/app/components/settings/ProfileSettings.tsx', but '--jsx' is not set.
components/screens/SetupScreen.tsx(39,19): error TS2307: Cannot find module 'react-native-toast-message' or its corresponding type declarations.
components/screens/SetupScreen.tsx(41,21): error TS2732: Cannot find module '../../git-info.json'. Consider using '--resolveJsonModule' to import module with '.json' extension.
components/screens/SetupScreen.tsx(42,30): error TS6142: Module '../settings/WalkSettings' was resolved to '/app/components/settings/WalkSettings.tsx', but '--jsx' is not set.
components/screens/SetupScreen.tsx(43,31): error TS6142: Module '../settings/SyncDebugView' was resolved to '/app/components/settings/SyncDebugView.tsx', but '--jsx' is not set.
components/screens/SetupScreen.tsx(45,27): error TS6142: Module '../ui/AppButton' was resolved to '/app/components/ui/AppButton.tsx', but '--jsx' is not set.
components/screens/SetupScreen.tsx(98,27): error TS2705: An async function or method in ES5 requires the 'Promise' constructor.  Make sure you have a declaration for the 'Promise' constructor or include 'ES2015' in your '--lib' option.
components/screens/SetupScreen.tsx(187,25): error TS2705: An async function or method in ES5 requires the 'Promise' constructor.  Make sure you have a declaration for the 'Promise' constructor or include 'ES2015' in your '--lib' option.
components/screens/SetupScreen.tsx(192,48): error TS2712: A dynamic import call in ES5 requires the 'Promise' constructor.  Make sure you have a declaration for the 'Promise' constructor or include 'ES2015' in your '--lib' option.
components/screens/SetupScreen.tsx(197,28): error TS2705: An async function or method in ES5 requires the 'Promise' constructor.  Make sure you have a declaration for the 'Promise' constructor or include 'ES2015' in your '--lib' option.
components/screens/SetupScreen.tsx(202,48): error TS2712: A dynamic import call in ES5 requires the 'Promise' constructor.  Make sure you have a declaration for the 'Promise' constructor or include 'ES2015' in your '--lib' option.
components/screens/SetupScreen.tsx(242,29): error TS2705: An async function or method in ES5 requires the 'Promise' constructor.  Make sure you have a declaration for the 'Promise' constructor or include 'ES2015' in your '--lib' option.
components/screens/SetupScreen.tsx(248,65): error TS2712: A dynamic import call in ES5 requires the 'Promise' constructor.  Make sure you have a declaration for the 'Promise' constructor or include 'ES2015' in your '--lib' option.
components/screens/SetupScreen.tsx(277,29): error TS2705: An async function or method in ES5 requires the 'Promise' constructor.  Make sure you have a declaration for the 'Promise' constructor or include 'ES2015' in your '--lib' option.
components/screens/SetupScreen.tsx(352,9): error TS17004: Cannot use JSX unless the '--jsx' flag is provided.
components/screens/SetupScreen.tsx(354,17): error TS17004: Cannot use JSX unless the '--jsx' flag is provided.
components/screens/SetupScreen.tsx(363,13): error TS17004: Cannot use JSX unless the '--jsx' flag is provided.
components/screens/SetupScreen.tsx(368,9): error TS17004: Cannot use JSX unless the '--jsx' flag is provided.
components/screens/SetupScreen.tsx(368,10): error TS2741: Property 'children' is missing in type '{}' but required in type '{ children: React.ReactNode; className?: string | undefined; padding?: string | undefined; style?: any; background?: any; }'.
components/screens/SetupScreen.tsx(369,13): error TS17004: Cannot use JSX unless the '--jsx' flag is provided.
components/screens/SetupScreen.tsx(370,17): error TS17004: Cannot use JSX unless the '--jsx' flag is provided.
components/screens/SetupScreen.tsx(371,17): error TS17004: Cannot use JSX unless the '--jsx' flag is provided.
components/screens/SetupScreen.tsx(375,21): error TS17004: Cannot use JSX unless the '--jsx' flag is provided.
components/screens/SetupScreen.tsx(379,13): error TS17004: Cannot use JSX unless the '--jsx' flag is provided.
components/screens/SetupScreen.tsx(380,17): error TS17004: Cannot use JSX unless the '--jsx' flag is provided.
components/screens/SetupScreen.tsx(381,17): error TS17004: Cannot use JSX unless the '--jsx' flag is provided.
components/screens/SetupScreen.tsx(385,21): error TS17004: Cannot use JSX unless the '--jsx' flag is provided.
components/screens/SetupScreen.tsx(389,13): error TS17004: Cannot use JSX unless the '--jsx' flag is provided.
components/screens/SetupScreen.tsx(390,17): error TS17004: Cannot use JSX unless the '--jsx' flag is provided.
components/screens/SetupScreen.tsx(391,17): error TS17004: Cannot use JSX unless the '--jsx' flag is provided.
components/screens/SetupScreen.tsx(392,21): error TS17004: Cannot use JSX unless the '--jsx' flag is provided.
components/screens/SetupScreen.tsx(394,29): error TS17004: Cannot use JSX unless the '--jsx' flag is provided.
components/screens/SetupScreen.tsx(411,29): error TS17004: Cannot use JSX unless the '--jsx' flag is provided.
components/screens/SetupScreen.tsx(414,21): error TS17004: Cannot use JSX unless the '--jsx' flag is provided.
components/screens/SetupScreen.tsx(418,25): error TS17004: Cannot use JSX unless the '--jsx' flag is provided.
components/screens/SetupScreen.tsx(423,13): error TS17004: Cannot use JSX unless the '--jsx' flag is provided.
components/screens/SetupScreen.tsx(433,13): error TS17004: Cannot use JSX unless the '--jsx' flag is provided.
components/screens/SetupScreen.tsx(443,13): error TS17004: Cannot use JSX unless the '--jsx' flag is provided.
components/screens/SetupScreen.tsx(457,17): error TS17004: Cannot use JSX unless the '--jsx' flag is provided.
components/screens/SetupScreen.tsx(458,21): error TS17004: Cannot use JSX unless the '--jsx' flag is provided.
components/screens/SetupScreen.tsx(460,34): error TS2705: An async function or method in ES5 requires the 'Promise' constructor.  Make sure you have a declaration for the 'Promise' constructor or include 'ES2015' in your '--lib' option.
components/screens/SetupScreen.tsx(464,74): error TS2712: A dynamic import call in ES5 requires the 'Promise' constructor.  Make sure you have a declaration for the 'Promise' constructor or include 'ES2015' in your '--lib' option.
components/screens/SetupScreen.tsx(475,81): error TS7006: Parameter 'p' implicitly has an 'any' type.
components/screens/SetupScreen.tsx(495,13): error TS17004: Cannot use JSX unless the '--jsx' flag is provided.
components/screens/SetupScreen.tsx(496,17): error TS17004: Cannot use JSX unless the '--jsx' flag is provided.
components/screens/SetupScreen.tsx(497,17): error TS17004: Cannot use JSX unless the '--jsx' flag is provided.
components/screens/SetupScreen.tsx(501,21): error TS17004: Cannot use JSX unless the '--jsx' flag is provided.
components/screens/SetupScreen.tsx(502,25): error TS17004: Cannot use JSX unless the '--jsx' flag is provided.
components/screens/SetupScreen.tsx(503,25): error TS17004: Cannot use JSX unless the '--jsx' flag is provided.
components/screens/SetupScreen.tsx(504,29): error TS17004: Cannot use JSX unless the '--jsx' flag is provided.
components/screens/SetupScreen.tsx(505,29): error TS17004: Cannot use JSX unless the '--jsx' flag is provided.
components/screens/SetupScreen.tsx(508,21): error TS17004: Cannot use JSX unless the '--jsx' flag is provided.
components/screens/SetupScreen.tsx(509,25): error TS17004: Cannot use JSX unless the '--jsx' flag is provided.
components/screens/SetupScreen.tsx(510,29): error TS17004: Cannot use JSX unless the '--jsx' flag is provided.
components/screens/SetupScreen.tsx(512,25): error TS17004: Cannot use JSX unless the '--jsx' flag is provided.
components/screens/SetupScreen.tsx(513,29): error TS17004: Cannot use JSX unless the '--jsx' flag is provided.
components/screens/SetupScreen.tsx(527,13): error TS17004: Cannot use JSX unless the '--jsx' flag is provided.
components/screens/SetupScreen.tsx(528,17): error TS17004: Cannot use JSX unless the '--jsx' flag is provided.
components/screens/SetupScreen.tsx(551,9): error TS17004: Cannot use JSX unless the '--jsx' flag is provided.
components/screens/SetupScreen.tsx(551,10): error TS2741: Property 'children' is missing in type '{}' but required in type '{ children: React.ReactNode; className?: string | undefined; padding?: string | undefined; style?: any; background?: any; }'.
components/screens/SetupScreen.tsx(552,13): error TS17004: Cannot use JSX unless the '--jsx' flag is provided.
components/screens/SetupScreen.tsx(553,17): error TS17004: Cannot use JSX unless the '--jsx' flag is provided.
components/screens/SetupScreen.tsx(554,17): error TS17004: Cannot use JSX unless the '--jsx' flag is provided.
components/screens/SetupScreen.tsx(557,17): error TS17004: Cannot use JSX unless the '--jsx' flag is provided.
components/screens/SetupScreen.tsx(559,30): error TS2705: An async function or method in ES5 requires the 'Promise' constructor.  Make sure you have a declaration for the 'Promise' constructor or include 'ES2015' in your '--lib' option.
components/screens/SetupScreen.tsx(587,17): error TS17004: Cannot use JSX unless the '--jsx' flag is provided.
components/screens/SetupScreen.tsx(588,21): error TS17004: Cannot use JSX unless the '--jsx' flag is provided.
components/screens/SetupScreen.tsx(589,21): error TS17004: Cannot use JSX unless the '--jsx' flag is provided.
components/screens/SetupScreen.tsx(592,21): error TS17004: Cannot use JSX unless the '--jsx' flag is provided.
components/screens/SetupScreen.tsx(594,34): error TS2705: An async function or method in ES5 requires the 'Promise' constructor.  Make sure you have a declaration for the 'Promise' constructor or include 'ES2015' in your '--lib' option.
components/screens/SetupScreen.tsx(612,21): error TS17004: Cannot use JSX unless the '--jsx' flag is provided.
components/screens/SetupScreen.tsx(613,25): error TS17004: Cannot use JSX unless the '--jsx' flag is provided.
components/screens/SetupScreen.tsx(619,21): error TS17004: Cannot use JSX unless the '--jsx' flag is provided.
components/screens/SetupScreen.tsx(620,25): error TS17004: Cannot use JSX unless the '--jsx' flag is provided.
components/screens/SetupScreen.tsx(632,9): error TS17004: Cannot use JSX unless the '--jsx' flag is provided.
components/screens/SetupScreen.tsx(636,13): error TS17004: Cannot use JSX unless the '--jsx' flag is provided.
components/screens/SetupScreen.tsx(637,17): error TS17004: Cannot use JSX unless the '--jsx' flag is provided.
components/screens/SetupScreen.tsx(638,21): error TS17004: Cannot use JSX unless the '--jsx' flag is provided.
components/screens/SetupScreen.tsx(640,17): error TS17004: Cannot use JSX unless the '--jsx' flag is provided.
components/screens/SetupScreen.tsx(641,21): error TS17004: Cannot use JSX unless the '--jsx' flag is provided.
components/screens/SetupScreen.tsx(642,34): error TS17004: Cannot use JSX unless the '--jsx' flag is provided.
components/screens/SetupScreen.tsx(645,13): error TS17004: Cannot use JSX unless the '--jsx' flag is provided.
components/screens/SetupScreen.tsx(650,9): error TS17004: Cannot use JSX unless the '--jsx' flag is provided.
components/screens/SetupScreen.tsx(743,13): error TS17004: Cannot use JSX unless the '--jsx' flag is provided.
components/screens/SetupScreen.tsx(744,17): error TS17004: Cannot use JSX unless the '--jsx' flag is provided.
components/screens/SetupScreen.tsx(747,17): error TS17004: Cannot use JSX unless the '--jsx' flag is provided.
components/screens/SetupScreen.tsx(756,9): error TS17004: Cannot use JSX unless the '--jsx' flag is provided.
components/screens/SetupScreen.tsx(757,13): error TS17004: Cannot use JSX unless the '--jsx' flag is provided.
components/screens/SetupScreen.tsx(758,17): error TS17004: Cannot use JSX unless the '--jsx' flag is provided.
components/screens/SetupScreen.tsx(759,17): error TS17004: Cannot use JSX unless the '--jsx' flag is provided.
components/screens/SetupScreen.tsx(761,13): error TS17004: Cannot use JSX unless the '--jsx' flag is provided.
components/screens/SetupScreen.tsx(764,13): error TS17004: Cannot use JSX unless the '--jsx' flag is provided.
components/screens/SetupScreen.tsx(767,13): error TS17004: Cannot use JSX unless the '--jsx' flag is provided.
components/screens/SetupScreen.tsx(768,17): error TS17004: Cannot use JSX unless the '--jsx' flag is provided.
components/screens/SetupScreen.tsx(814,13): error TS17004: Cannot use JSX unless the '--jsx' flag is provided.
components/screens/SetupScreen.tsx(814,14): error TS2741: Property 'children' is missing in type '{}' but required in type '{ children: React.ReactNode; scrollable?: boolean | undefined; fullBleed?: boolean | undefined; noPadding?: boolean | undefined; }'.
components/screens/SetupScreen.tsx(815,17): error TS17004: Cannot use JSX unless the '--jsx' flag is provided.
components/screens/SetupScreen.tsx(819,17): error TS17004: Cannot use JSX unless the '--jsx' flag is provided.
components/screens/SetupScreen.tsx(820,21): error TS17004: Cannot use JSX unless the '--jsx' flag is provided.
components/screens/SetupScreen.tsx(821,25): error TS17004: Cannot use JSX unless the '--jsx' flag is provided.
components/screens/SetupScreen.tsx(822,29): error TS17004: Cannot use JSX unless the '--jsx' flag is provided.
components/screens/SetupScreen.tsx(823,33): error TS17004: Cannot use JSX unless the '--jsx' flag is provided.
components/screens/SetupScreen.tsx(824,33): error TS17004: Cannot use JSX unless the '--jsx' flag is provided.
components/screens/SetupScreen.tsx(825,37): error TS17004: Cannot use JSX unless the '--jsx' flag is provided.
components/screens/SetupScreen.tsx(828,29): error TS17004: Cannot use JSX unless the '--jsx' flag is provided.
components/screens/SetupScreen.tsx(829,55): error TS7006: Parameter 'model' implicitly has an 'any' type.
components/screens/SetupScreen.tsx(830,37): error TS17004: Cannot use JSX unless the '--jsx' flag is provided.
components/screens/SetupScreen.tsx(838,41): error TS17004: Cannot use JSX unless the '--jsx' flag is provided.
components/screens/SetupScreen.tsx(850,9): error TS17004: Cannot use JSX unless the '--jsx' flag is provided.
components/screens/SetupScreen.tsx(850,10): error TS2741: Property 'children' is missing in type '{}' but required in type '{ children: React.ReactNode; scrollable?: boolean | undefined; fullBleed?: boolean | undefined; noPadding?: boolean | undefined; }'.
components/screens/SetupScreen.tsx(851,13): error TS17004: Cannot use JSX unless the '--jsx' flag is provided.
components/screens/SetupScreen.tsx(853,17): error TS17004: Cannot use JSX unless the '--jsx' flag is provided.
components/screens/SetupScreen.tsx(862,21): error TS17004: Cannot use JSX unless the '--jsx' flag is provided.
components/screens/SetupScreen.tsx(869,17): error TS17004: Cannot use JSX unless the '--jsx' flag is provided.
components/screens/SetupScreen.tsx(879,25): error TS17004: Cannot use JSX unless the '--jsx' flag is provided.
components/screens/SetupScreen.tsx(881,29): error TS17004: Cannot use JSX unless the '--jsx' flag is provided.
components/screens/SetupScreen.tsx(884,25): error TS17004: Cannot use JSX unless the '--jsx' flag is provided.
components/screens/SetupScreen.tsx(886,33): error TS17004: Cannot use JSX unless the '--jsx' flag is provided.
components/screens/SetupScreen.tsx(888,37): error TS17004: Cannot use JSX unless the '--jsx' flag is provided.
components/screens/SetupScreen.tsx(892,33): error TS17004: Cannot use JSX unless the '--jsx' flag is provided.
components/screens/SetupScreen.tsx(894,37): error TS17004: Cannot use JSX unless the '--jsx' flag is provided.
components/screens/SetupScreen.tsx(894,60): error TS17004: Cannot use JSX unless the '--jsx' flag is provided.
components/screens/SetupScreen.tsx(898,33): error TS17004: Cannot use JSX unless the '--jsx' flag is provided.
components/screens/SetupScreen.tsx(900,37): error TS17004: Cannot use JSX unless the '--jsx' flag is provided.
components/screens/SetupScreen.tsx(904,33): error TS17004: Cannot use JSX unless the '--jsx' flag is provided.
components/screens/SetupScreen.tsx(906,37): error TS17004: Cannot use JSX unless the '--jsx' flag is provided.
components/screens/SetupScreen.tsx(906,60): error TS17004: Cannot use JSX unless the '--jsx' flag is provided.
components/screens/SetupScreen.tsx(910,33): error TS17004: Cannot use JSX unless the '--jsx' flag is provided.
components/screens/SetupScreen.tsx(912,37): error TS17004: Cannot use JSX unless the '--jsx' flag is provided.
components/screens/SetupScreen.tsx(912,60): error TS17004: Cannot use JSX unless the '--jsx' flag is provided.
components/screens/SetupScreen.tsx(916,33): error TS17004: Cannot use JSX unless the '--jsx' flag is provided.
components/screens/SetupScreen.tsx(919,37): error TS17004: Cannot use JSX unless the '--jsx' flag is provided.
components/screens/SetupScreen.tsx(919,60): error TS17004: Cannot use JSX unless the '--jsx' flag is provided.
components/screens/SetupScreen.tsx(923,33): error TS17004: Cannot use JSX unless the '--jsx' flag is provided.
components/screens/SetupScreen.tsx(925,37): error TS17004: Cannot use JSX unless the '--jsx' flag is provided.
components/screens/SetupScreen.tsx(925,60): error TS17004: Cannot use JSX unless the '--jsx' flag is provided.
components/screens/SetupScreen.tsx(929,33): error TS17004: Cannot use JSX unless the '--jsx' flag is provided.
components/screens/SetupScreen.tsx(931,37): error TS17004: Cannot use JSX unless the '--jsx' flag is provided.
components/screens/SetupScreen.tsx(931,60): error TS17004: Cannot use JSX unless the '--jsx' flag is provided.
components/screens/SetupScreen.tsx(935,33): error TS17004: Cannot use JSX unless the '--jsx' flag is provided.
components/screens/SetupScreen.tsx(937,37): error TS17004: Cannot use JSX unless the '--jsx' flag is provided.
components/screens/SetupScreen.tsx(937,60): error TS17004: Cannot use JSX unless the '--jsx' flag is provided.
components/screens/SetupScreen.tsx(941,33): error TS17004: Cannot use JSX unless the '--jsx' flag is provided.
components/screens/SetupScreen.tsx(943,37): error TS17004: Cannot use JSX unless the '--jsx' flag is provided.
components/screens/SetupScreen.tsx(943,60): error TS17004: Cannot use JSX unless the '--jsx' flag is provided.
components/screens/SetupScreen.tsx(947,33): error TS17004: Cannot use JSX unless the '--jsx' flag is provided.
components/screens/SetupScreen.tsx(949,37): error TS17004: Cannot use JSX unless the '--jsx' flag is provided.
components/screens/SetupScreen.tsx(950,41): error TS17004: Cannot use JSX unless the '--jsx' flag is provided.
components/screens/SetupScreen.tsx(950,64): error TS17004: Cannot use JSX unless the '--jsx' flag is provided.
components/screens/SetupScreen.tsx(951,41): error TS17004: Cannot use JSX unless the '--jsx' flag is provided.
components/screens/SetupScreen.tsx(951,47): error TS17004: Cannot use JSX unless the '--jsx' flag is provided.
components/screens/SetupScreen.tsx(956,33): error TS17004: Cannot use JSX unless the '--jsx' flag is provided.
components/screens/SetupScreen.tsx(958,37): error TS17004: Cannot use JSX unless the '--jsx' flag is provided.
components/screens/SetupScreen.tsx(959,41): error TS17004: Cannot use JSX unless the '--jsx' flag is provided.
components/screens/SetupScreen.tsx(959,64): error TS17004: Cannot use JSX unless the '--jsx' flag is provided.
components/screens/SetupScreen.tsx(960,41): error TS17004: Cannot use JSX unless the '--jsx' flag is provided.
components/screens/SetupScreen.tsx(960,47): error TS17004: Cannot use JSX unless the '--jsx' flag is provided.
components/screens/SetupScreen.tsx(965,33): error TS17004: Cannot use JSX unless the '--jsx' flag is provided.
components/screens/SetupScreen.tsx(967,37): error TS17004: Cannot use JSX unless the '--jsx' flag is provided.
components/screens/SetupScreen.tsx(967,60): error TS17004: Cannot use JSX unless the '--jsx' flag is provided.
components/screens/SetupScreen.tsx(972,33): error TS17004: Cannot use JSX unless the '--jsx' flag is provided.
components/screens/SetupScreen.tsx(974,37): error TS17004: Cannot use JSX unless the '--jsx' flag is provided.
components/screens/SetupScreen.tsx(974,60): error TS17004: Cannot use JSX unless the '--jsx' flag is provided.
components/screens/SetupScreen.tsx(978,33): error TS17004: Cannot use JSX unless the '--jsx' flag is provided.
components/screens/SetupScreen.tsx(980,37): error TS17004: Cannot use JSX unless the '--jsx' flag is provided.
components/screens/SetupScreen.tsx(984,33): error TS17004: Cannot use JSX unless the '--jsx' flag is provided.
components/screens/SetupScreen.tsx(986,37): error TS17004: Cannot use JSX unless the '--jsx' flag is provided.
components/screens/SetupScreen.tsx(986,60): error TS17004: Cannot use JSX unless the '--jsx' flag is provided.
components/screens/SetupScreen.tsx(996,13): error TS17004: Cannot use JSX unless the '--jsx' flag is provided.
components/screens/SetupScreen.tsx(997,17): error TS17004: Cannot use JSX unless the '--jsx' flag is provided.
components/screens/SetupScreen.tsx(998,21): error TS17004: Cannot use JSX unless the '--jsx' flag is provided.
components/screens/SetupScreen.tsx(999,25): error TS17004: Cannot use JSX unless the '--jsx' flag is provided.
components/screens/SetupScreen.tsx(1000,29): error TS17004: Cannot use JSX unless the '--jsx' flag is provided.
components/screens/SetupScreen.tsx(1001,29): error TS17004: Cannot use JSX unless the '--jsx' flag is provided.
components/screens/SetupScreen.tsx(1002,33): error TS17004: Cannot use JSX unless the '--jsx' flag is provided.
components/screens/SetupScreen.tsx(1005,25): error TS17004: Cannot use JSX unless the '--jsx' flag is provided.
components/screens/SetupScreen.tsx(1006,51): error TS7006: Parameter 'model' implicitly has an 'any' type.
components/screens/SetupScreen.tsx(1007,33): error TS17004: Cannot use JSX unless the '--jsx' flag is provided.
components/screens/SetupScreen.tsx(1015,37): error TS17004: Cannot use JSX unless the '--jsx' flag is provided.
components/screens/SetupScreen.tsx(1024,13): error TS17004: Cannot use JSX unless the '--jsx' flag is provided.
components/screens/SetupScreen.tsx(1025,17): error TS17004: Cannot use JSX unless the '--jsx' flag is provided.
components/screens/SetupScreen.tsx(1026,21): error TS17004: Cannot use JSX unless the '--jsx' flag is provided.
components/screens/SetupScreen.tsx(1027,25): error TS17004: Cannot use JSX unless the '--jsx' flag is provided.
components/screens/SetupScreen.tsx(1028,29): error TS17004: Cannot use JSX unless the '--jsx' flag is provided.
components/screens/SetupScreen.tsx(1029,29): error TS17004: Cannot use JSX unless the '--jsx' flag is provided.
components/screens/SetupScreen.tsx(1030,33): error TS17004: Cannot use JSX unless the '--jsx' flag is provided.
components/screens/SetupScreen.tsx(1033,25): error TS17004: Cannot use JSX unless the '--jsx' flag is provided.
components/screens/SetupScreen.tsx(1034,56): error TS7006: Parameter 'model' implicitly has an 'any' type.
components/screens/SetupScreen.tsx(1035,33): error TS17004: Cannot use JSX unless the '--jsx' flag is provided.
components/screens/SetupScreen.tsx(1043,37): error TS17004: Cannot use JSX unless the '--jsx' flag is provided.
components/screens/TasksScreen.tsx(1,46): error TS2307: Cannot find module 'react' or its corresponding type declarations.
components/screens/TasksScreen.tsx(2,85): error TS2307: Cannot find module 'react-native' or its corresponding type declarations.
components/screens/TasksScreen.tsx(3,26): error TS2307: Cannot find module '@expo/vector-icons' or its corresponding type declarations.
components/screens/TasksScreen.tsx(4,24): error TS6142: Module '../ui/Layout' was resolved to '/app/components/ui/Layout.tsx', but '--jsx' is not set.
components/screens/TasksScreen.tsx(5,30): error TS6142: Module '../ui/IslandHeader' was resolved to '/app/components/ui/IslandHeader.tsx', but '--jsx' is not set.
components/screens/TasksScreen.tsx(6,33): error TS6142: Module '../ui/IslandBar' was resolved to '/app/components/ui/IslandBar.tsx', but '--jsx' is not set.
components/screens/TasksScreen.tsx(7,27): error TS6142: Module '../ui/AppButton' was resolved to '/app/components/ui/AppButton.tsx', but '--jsx' is not set.
components/screens/TasksScreen.tsx(12,33): error TS6142: Module '../tasks/TasksFolderView' was resolved to '/app/components/tasks/TasksFolderView.tsx', but '--jsx' is not set.
components/screens/TasksScreen.tsx(13,32): error TS2307: Cannot find module '@react-navigation/native' or its corresponding type declarations.
components/screens/TasksScreen.tsx(14,35): error TS2307: Cannot find module 'react-native-safe-area-context' or its corresponding type declarations.
components/screens/TasksScreen.tsx(39,37): error TS2705: An async function or method in ES5 requires the 'Promise' constructor.  Make sure you have a declaration for the 'Promise' constructor or include 'ES2015' in your '--lib' option.
components/screens/TasksScreen.tsx(50,46): error TS2550: Property 'find' does not exist on type 'FolderGroup[]'. Do you need to change your target library? Try changing the 'lib' compiler option to 'es2015' or later.
components/screens/TasksScreen.tsx(50,51): error TS7006: Parameter 'f' implicitly has an 'any' type.
components/screens/TasksScreen.tsx(71,9): error TS17004: Cannot use JSX unless the '--jsx' flag is provided.
components/screens/TasksScreen.tsx(71,10): error TS2741: Property 'children' is missing in type '{}' but required in type '{ children: React.ReactNode; scrollable?: boolean | undefined; fullBleed?: boolean | undefined; noPadding?: boolean | undefined; }'.
components/screens/TasksScreen.tsx(72,13): error TS17004: Cannot use JSX unless the '--jsx' flag is provided.
components/screens/TasksScreen.tsx(73,17): error TS17004: Cannot use JSX unless the '--jsx' flag is provided.
components/screens/TasksScreen.tsx(74,17): error TS17004: Cannot use JSX unless the '--jsx' flag is provided.
components/screens/TasksScreen.tsx(75,17): error TS17004: Cannot use JSX unless the '--jsx' flag is provided.
components/screens/TasksScreen.tsx(86,13): error TS17004: Cannot use JSX unless the '--jsx' flag is provided.
components/screens/TasksScreen.tsx(86,14): error TS2741: Property 'children' is missing in type '{}' but required in type '{ children: React.ReactNode; scrollable?: boolean | undefined; fullBleed?: boolean | undefined; noPadding?: boolean | undefined; }'.
components/screens/TasksScreen.tsx(87,17): error TS17004: Cannot use JSX unless the '--jsx' flag is provided.
components/screens/TasksScreen.tsx(88,21): error TS17004: Cannot use JSX unless the '--jsx' flag is provided.
components/screens/TasksScreen.tsx(98,42): error TS7006: Parameter 'f' implicitly has an 'any' type.
components/screens/TasksScreen.tsx(101,9): error TS17004: Cannot use JSX unless the '--jsx' flag is provided.
components/screens/TasksScreen.tsx(101,10): error TS2741: Property 'children' is missing in type '{ fullBleed: true; }' but required in type '{ children: React.ReactNode; scrollable?: boolean | undefined; fullBleed?: boolean | undefined; noPadding?: boolean | undefined; }'.
components/screens/TasksScreen.tsx(102,13): error TS17004: Cannot use JSX unless the '--jsx' flag is provided.
components/screens/TasksScreen.tsx(103,17): error TS17004: Cannot use JSX unless the '--jsx' flag is provided.
components/screens/TasksScreen.tsx(105,39): error TS7006: Parameter 'f' implicitly has an 'any' type.
components/screens/TasksScreen.tsx(125,25): error TS17004: Cannot use JSX unless the '--jsx' flag is provided.
components/screens/TasksScreen.tsx(127,29): error TS17004: Cannot use JSX unless the '--jsx' flag is provided.
components/screens/TasksScreen.tsx(128,33): error TS17004: Cannot use JSX unless the '--jsx' flag is provided.
components/screens/TasksScreen.tsx(129,37): error TS17004: Cannot use JSX unless the '--jsx' flag is provided.
components/screens/TasksScreen.tsx(137,37): error TS17004: Cannot use JSX unless the '--jsx' flag is provided.
components/screens/TasksScreen.tsx(145,37): error TS17004: Cannot use JSX unless the '--jsx' flag is provided.
components/screens/TasksScreen.tsx(160,33): error TS17004: Cannot use JSX unless the '--jsx' flag is provided.
components/screens/TasksScreen.tsx(177,13): error TS17004: Cannot use JSX unless the '--jsx' flag is provided.
components/screens/TasksScreen.tsx(179,21): error TS17004: Cannot use JSX unless the '--jsx' flag is provided.
components/screens/TodaysTasksPanel.tsx(1,42): error TS2307: Cannot find module 'react' or its corresponding type declarations.
components/screens/TodaysTasksPanel.tsx(2,94): error TS2307: Cannot find module 'react-native' or its corresponding type declarations.
components/screens/TodaysTasksPanel.tsx(3,26): error TS2307: Cannot find module '@expo/vector-icons' or its corresponding type declarations.
components/screens/TodaysTasksPanel.tsx(4,31): error TS6142: Module '../ui/UniversalIcon' was resolved to '/app/components/ui/UniversalIcon.tsx', but '--jsx' is not set.
components/screens/TodaysTasksPanel.tsx(5,30): error TS6142: Module '../ui/ActionButton' was resolved to '/app/components/ui/ActionButton.tsx', but '--jsx' is not set.
components/screens/TodaysTasksPanel.tsx(6,19): error TS2307: Cannot find module 'react-native-toast-message' or its corresponding type declarations.
components/screens/TodaysTasksPanel.tsx(7,19): error TS2307: Cannot find module 'dayjs' or its corresponding type declarations.
components/screens/TodaysTasksPanel.tsx(8,23): error TS2307: Cannot find module 'dayjs/plugin/isBetween' or its corresponding type declarations.
components/screens/TodaysTasksPanel.tsx(13,35): error TS6142: Module '../DraggableTaskItem' was resolved to '/app/components/DraggableTaskItem.tsx', but '--jsx' is not set.
components/screens/TodaysTasksPanel.tsx(17,33): error TS6142: Module '../RescheduleModal' was resolved to '/app/components/RescheduleModal.tsx', but '--jsx' is not set.
components/screens/TodaysTasksPanel.tsx(20,30): error TS6142: Module '../ui/MetadataChip' was resolved to '/app/components/ui/MetadataChip.tsx', but '--jsx' is not set.
components/screens/TodaysTasksPanel.tsx(22,49): error TS6142: Module '../ui/SelectionSheet' was resolved to '/app/components/ui/SelectionSheet.tsx', but '--jsx' is not set.
components/screens/TodaysTasksPanel.tsx(90,30): error TS2583: Cannot find name 'Set'. Do you need to change your target library? Try changing the 'lib' compiler option to 'es2015' or later.
components/screens/TodaysTasksPanel.tsx(98,44): error TS7006: Parameter 'task' implicitly has an 'any' type.
components/screens/TodaysTasksPanel.tsx(106,16): error TS7006: Parameter 't' implicitly has an 'any' type.
components/screens/TodaysTasksPanel.tsx(129,43): error TS2583: Cannot find name 'Set'. Do you need to change your target library? Try changing the 'lib' compiler option to 'es2015' or later.
components/screens/TodaysTasksPanel.tsx(130,46): error TS2583: Cannot find name 'Set'. Do you need to change your target library? Try changing the 'lib' compiler option to 'es2015' or later.
components/screens/TodaysTasksPanel.tsx(132,31): error TS7006: Parameter 't' implicitly has an 'any' type.
components/screens/TodaysTasksPanel.tsx(158,44): error TS7006: Parameter 'i' implicitly has an 'any' type.
components/screens/TodaysTasksPanel.tsx(159,45): error TS7006: Parameter 'i' implicitly has an 'any' type.
components/screens/TodaysTasksPanel.tsx(165,30): error TS2705: An async function or method in ES5 requires the 'Promise' constructor.  Make sure you have a declaration for the 'Promise' constructor or include 'ES2015' in your '--lib' option.
components/screens/TodaysTasksPanel.tsx(169,40): error TS7006: Parameter 't' implicitly has an 'any' type.
components/screens/TodaysTasksPanel.tsx(178,47): error TS7006: Parameter 't' implicitly has an 'any' type.
components/screens/TodaysTasksPanel.tsx(289,29): error TS2705: An async function or method in ES5 requires the 'Promise' constructor.  Make sure you have a declaration for the 'Promise' constructor or include 'ES2015' in your '--lib' option.
components/screens/TodaysTasksPanel.tsx(310,31): error TS2705: An async function or method in ES5 requires the 'Promise' constructor.  Make sure you have a declaration for the 'Promise' constructor or include 'ES2015' in your '--lib' option.
components/screens/TodaysTasksPanel.tsx(378,31): error TS2585: 'Promise' only refers to a type, but is being used as a value here. Do you need to change your target library? Try changing the 'lib' compiler option to es2015 or later.
components/screens/TodaysTasksPanel.tsx(378,56): error TS2705: An async function or method in ES5 requires the 'Promise' constructor.  Make sure you have a declaration for the 'Promise' constructor or include 'ES2015' in your '--lib' option.
components/screens/TodaysTasksPanel.tsx(433,9): error TS17004: Cannot use JSX unless the '--jsx' flag is provided.
components/screens/TodaysTasksPanel.tsx(434,13): error TS17004: Cannot use JSX unless the '--jsx' flag is provided.
components/screens/TodaysTasksPanel.tsx(438,17): error TS17004: Cannot use JSX unless the '--jsx' flag is provided.
components/screens/TodaysTasksPanel.tsx(439,21): error TS17004: Cannot use JSX unless the '--jsx' flag is provided.
components/screens/TodaysTasksPanel.tsx(440,21): error TS17004: Cannot use JSX unless the '--jsx' flag is provided.
components/screens/TodaysTasksPanel.tsx(444,21): error TS17004: Cannot use JSX unless the '--jsx' flag is provided.
components/screens/TodaysTasksPanel.tsx(446,29): error TS17004: Cannot use JSX unless the '--jsx' flag is provided.
components/screens/TodaysTasksPanel.tsx(456,29): error TS17004: Cannot use JSX unless the '--jsx' flag is provided.
components/screens/TodaysTasksPanel.tsx(466,29): error TS17004: Cannot use JSX unless the '--jsx' flag is provided.
components/screens/TodaysTasksPanel.tsx(477,17): error TS17004: Cannot use JSX unless the '--jsx' flag is provided.
components/screens/TodaysTasksPanel.tsx(478,21): error TS17004: Cannot use JSX unless the '--jsx' flag is provided.
components/screens/TodaysTasksPanel.tsx(478,49): error TS7006: Parameter 'e' implicitly has an 'any' type.
components/screens/TodaysTasksPanel.tsx(479,25): error TS17004: Cannot use JSX unless the '--jsx' flag is provided.
components/screens/TodaysTasksPanel.tsx(481,21): error TS17004: Cannot use JSX unless the '--jsx' flag is provided.
components/screens/TodaysTasksPanel.tsx(486,17): error TS17004: Cannot use JSX unless the '--jsx' flag is provided.
components/screens/TodaysTasksPanel.tsx(488,25): error TS17004: Cannot use JSX unless the '--jsx' flag is provided.
components/screens/TodaysTasksPanel.tsx(489,29): error TS17004: Cannot use JSX unless the '--jsx' flag is provided.
components/screens/TodaysTasksPanel.tsx(490,33): error TS17004: Cannot use JSX unless the '--jsx' flag is provided.
components/screens/TodaysTasksPanel.tsx(523,72): error TS2550: Property 'find' does not exist on type 'any[]'. Do you need to change your target library? Try changing the 'lib' compiler option to 'es2015' or later.
components/screens/TodaysTasksPanel.tsx(523,77): error TS7006: Parameter 'e' implicitly has an 'any' type.
components/screens/TodaysTasksPanel.tsx(550,37): error TS17004: Cannot use JSX unless the '--jsx' flag is provided.
components/screens/TodaysTasksPanel.tsx(551,41): error TS17004: Cannot use JSX unless the '--jsx' flag is provided.
components/screens/TodaysTasksPanel.tsx(585,76): error TS7006: Parameter 't' implicitly has an 'any' type.
components/screens/TodaysTasksPanel.tsx(590,37): error TS17004: Cannot use JSX unless the '--jsx' flag is provided.
components/screens/TodaysTasksPanel.tsx(591,41): error TS17004: Cannot use JSX unless the '--jsx' flag is provided.
components/screens/TodaysTasksPanel.tsx(597,45): error TS17004: Cannot use JSX unless the '--jsx' flag is provided.
components/screens/TodaysTasksPanel.tsx(598,65): error TS17004: Cannot use JSX unless the '--jsx' flag is provided.
components/screens/TodaysTasksPanel.tsx(600,45): error TS17004: Cannot use JSX unless the '--jsx' flag is provided.
components/screens/TodaysTasksPanel.tsx(601,49): error TS17004: Cannot use JSX unless the '--jsx' flag is provided.
components/screens/TodaysTasksPanel.tsx(604,49): error TS17004: Cannot use JSX unless the '--jsx' flag is provided.
components/screens/TodaysTasksPanel.tsx(605,53): error TS17004: Cannot use JSX unless the '--jsx' flag is provided.
components/screens/TodaysTasksPanel.tsx(608,53): error TS17004: Cannot use JSX unless the '--jsx' flag is provided.
components/screens/TodaysTasksPanel.tsx(609,53): error TS17004: Cannot use JSX unless the '--jsx' flag is provided.
components/screens/TodaysTasksPanel.tsx(612,45): error TS17004: Cannot use JSX unless the '--jsx' flag is provided.
components/screens/TodaysTasksPanel.tsx(614,45): error TS17004: Cannot use JSX unless the '--jsx' flag is provided.
components/screens/TodaysTasksPanel.tsx(615,49): error TS17004: Cannot use JSX unless the '--jsx' flag is provided.
components/screens/TodaysTasksPanel.tsx(621,49): error TS17004: Cannot use JSX unless the '--jsx' flag is provided.
components/screens/TodaysTasksPanel.tsx(635,21): error TS17004: Cannot use JSX unless the '--jsx' flag is provided.
components/screens/TodaysTasksPanel.tsx(642,21): error TS17004: Cannot use JSX unless the '--jsx' flag is provided.
components/screens/TodaysTasksPanel.tsx(649,21): error TS17004: Cannot use JSX unless the '--jsx' flag is provided.
components/settings/AdditionalCalendars.tsx(1,44): error TS2307: Cannot find module 'react' or its corresponding type declarations.
components/settings/AdditionalCalendars.tsx(2,90): error TS2307: Cannot find module 'react-native' or its corresponding type declarations.
components/settings/AdditionalCalendars.tsx(3,27): error TS2307: Cannot find module 'expo-calendar' or its corresponding type declarations.
components/settings/AdditionalCalendars.tsx(7,34): error TS6142: Module '../ui/SettingsListItem' was resolved to '/app/components/ui/SettingsListItem.tsx', but '--jsx' is not set.
components/settings/AdditionalCalendars.tsx(8,26): error TS2307: Cannot find module '@expo/vector-icons' or its corresponding type declarations.
components/settings/AdditionalCalendars.tsx(9,24): error TS6142: Module '../ui/Button' was resolved to '/app/components/ui/Button.tsx', but '--jsx' is not set.
components/settings/AdditionalCalendars.tsx(10,30): error TS6142: Module '../ui/MetadataChip' was resolved to '/app/components/ui/MetadataChip.tsx', but '--jsx' is not set.
components/settings/AdditionalCalendars.tsx(31,27): error TS2705: An async function or method in ES5 requires the 'Promise' constructor.  Make sure you have a declaration for the 'Promise' constructor or include 'ES2015' in your '--lib' option.
components/settings/AdditionalCalendars.tsx(42,28): error TS2705: An async function or method in ES5 requires the 'Promise' constructor.  Make sure you have a declaration for the 'Promise' constructor or include 'ES2015' in your '--lib' option.
components/settings/AdditionalCalendars.tsx(45,48): error TS7006: Parameter 'c' implicitly has an 'any' type.
components/settings/AdditionalCalendars.tsx(75,45): error TS7006: Parameter 't' implicitly has an 'any' type.
components/settings/AdditionalCalendars.tsx(78,13): error TS17004: Cannot use JSX unless the '--jsx' flag is provided.
components/settings/AdditionalCalendars.tsx(79,17): error TS17004: Cannot use JSX unless the '--jsx' flag is provided.
components/settings/AdditionalCalendars.tsx(79,18): error TS2741: Property 'children' is missing in type '{ color: any; }' but required in type 'SettingsListItemProps'.
components/settings/AdditionalCalendars.tsx(80,21): error TS17004: Cannot use JSX unless the '--jsx' flag is provided.
components/settings/AdditionalCalendars.tsx(81,25): error TS17004: Cannot use JSX unless the '--jsx' flag is provided.
components/settings/AdditionalCalendars.tsx(82,29): error TS17004: Cannot use JSX unless the '--jsx' flag is provided.
components/settings/AdditionalCalendars.tsx(85,29): error TS17004: Cannot use JSX unless the '--jsx' flag is provided.
components/settings/AdditionalCalendars.tsx(88,21): error TS17004: Cannot use JSX unless the '--jsx' flag is provided.
components/settings/AdditionalCalendars.tsx(89,25): error TS17004: Cannot use JSX unless the '--jsx' flag is provided.
components/settings/AdditionalCalendars.tsx(100,21): error TS17004: Cannot use JSX unless the '--jsx' flag is provided.
components/settings/AdditionalCalendars.tsx(102,25): error TS17004: Cannot use JSX unless the '--jsx' flag is provided.
components/settings/AdditionalCalendars.tsx(103,29): error TS17004: Cannot use JSX unless the '--jsx' flag is provided.
components/settings/AdditionalCalendars.tsx(111,29): error TS17004: Cannot use JSX unless the '--jsx' flag is provided.
components/settings/AdditionalCalendars.tsx(121,25): error TS17004: Cannot use JSX unless the '--jsx' flag is provided.
components/settings/AdditionalCalendars.tsx(125,29): error TS17004: Cannot use JSX unless the '--jsx' flag is provided.
components/settings/AdditionalCalendars.tsx(126,29): error TS17004: Cannot use JSX unless the '--jsx' flag is provided.
components/settings/AdditionalCalendars.tsx(128,37): error TS17004: Cannot use JSX unless the '--jsx' flag is provided.
components/settings/AdditionalCalendars.tsx(129,41): error TS17004: Cannot use JSX unless the '--jsx' flag is provided.
components/settings/AdditionalCalendars.tsx(130,41): error TS17004: Cannot use JSX unless the '--jsx' flag is provided.
components/settings/AdditionalCalendars.tsx(133,37): error TS17004: Cannot use JSX unless the '--jsx' flag is provided.
components/settings/AdditionalCalendars.tsx(135,33): error TS17004: Cannot use JSX unless the '--jsx' flag is provided.
components/settings/AdditionalCalendars.tsx(145,48): error TS7006: Parameter 'c' implicitly has an 'any' type.
components/settings/AdditionalCalendars.tsx(150,16): error TS17004: Cannot use JSX unless the '--jsx' flag is provided.
components/settings/AdditionalCalendars.tsx(154,9): error TS17004: Cannot use JSX unless the '--jsx' flag is provided.
components/settings/AdditionalCalendars.tsx(155,13): error TS17004: Cannot use JSX unless the '--jsx' flag is provided.
components/settings/AdditionalCalendars.tsx(156,17): error TS17004: Cannot use JSX unless the '--jsx' flag is provided.
components/settings/AdditionalCalendars.tsx(157,17): error TS17004: Cannot use JSX unless the '--jsx' flag is provided.
components/settings/AdditionalCalendars.tsx(163,17): error TS17004: Cannot use JSX unless the '--jsx' flag is provided.
components/settings/AdditionalCalendars.tsx(167,17): error TS17004: Cannot use JSX unless the '--jsx' flag is provided.
components/settings/AdditionalCalendars.tsx(169,36): error TS7006: Parameter 'item' implicitly has an 'any' type.
components/settings/AdditionalCalendars.tsx(178,13): error TS17004: Cannot use JSX unless the '--jsx' flag is provided.
components/settings/AdditionalCalendars.tsx(179,17): error TS17004: Cannot use JSX unless the '--jsx' flag is provided.
components/settings/AdditionalCalendars.tsx(180,21): error TS17004: Cannot use JSX unless the '--jsx' flag is provided.
components/settings/AdditionalCalendars.tsx(181,25): error TS17004: Cannot use JSX unless the '--jsx' flag is provided.
components/settings/AdditionalCalendars.tsx(183,25): error TS17004: Cannot use JSX unless the '--jsx' flag is provided.
components/settings/AdditionalCalendars.tsx(187,29): error TS17004: Cannot use JSX unless the '--jsx' flag is provided.
components/settings/AdditionalCalendars.tsx(190,25): error TS17004: Cannot use JSX unless the '--jsx' flag is provided.
components/settings/AdditionalCalendars.tsx(192,43): error TS7006: Parameter 'item' implicitly has an 'any' type.
components/settings/AdditionalCalendars.tsx(194,44): error TS7031: Binding element 'item' implicitly has an 'any' type.
components/settings/AdditionalCalendars.tsx(195,33): error TS17004: Cannot use JSX unless the '--jsx' flag is provided.
components/settings/AdditionalCalendars.tsx(199,37): error TS17004: Cannot use JSX unless the '--jsx' flag is provided.
components/settings/AdditionalCalendars.tsx(200,37): error TS17004: Cannot use JSX unless the '--jsx' flag is provided.
components/settings/AdditionalCalendars.tsx(202,41): error TS17004: Cannot use JSX unless the '--jsx' flag is provided.
components/settings/AdditionalCalendars.tsx(208,25): error TS17004: Cannot use JSX unless the '--jsx' flag is provided.
components/settings/CalendarsMainSettings.tsx(1,33): error TS2307: Cannot find module 'react' or its corresponding type declarations.
components/settings/CalendarsMainSettings.tsx(2,73): error TS2307: Cannot find module 'react-native' or its corresponding type declarations.
components/settings/CalendarsMainSettings.tsx(3,26): error TS2307: Cannot find module '@expo/vector-icons' or its corresponding type declarations.
components/settings/CalendarsMainSettings.tsx(5,22): error TS6142: Module '../ui/Card' was resolved to '/app/components/ui/Card.tsx', but '--jsx' is not set.
components/settings/CalendarsMainSettings.tsx(6,30): error TS6142: Module '../ui/MetadataChip' was resolved to '/app/components/ui/MetadataChip.tsx', but '--jsx' is not set.
components/settings/CalendarsMainSettings.tsx(7,34): error TS6142: Module './PersonalSettings' was resolved to '/app/components/settings/PersonalSettings.tsx', but '--jsx' is not set.
components/settings/CalendarsMainSettings.tsx(8,30): error TS6142: Module './WorkSettings' was resolved to '/app/components/settings/WorkSettings.tsx', but '--jsx' is not set.
components/settings/CalendarsMainSettings.tsx(9,37): error TS6142: Module './AdditionalCalendars' was resolved to '/app/components/settings/AdditionalCalendars.tsx', but '--jsx' is not set.
components/settings/CalendarsMainSettings.tsx(19,9): error TS17004: Cannot use JSX unless the '--jsx' flag is provided.
components/settings/CalendarsMainSettings.tsx(23,13): error TS17004: Cannot use JSX unless the '--jsx' flag is provided.
components/settings/CalendarsMainSettings.tsx(24,17): error TS17004: Cannot use JSX unless the '--jsx' flag is provided.
components/settings/CalendarsMainSettings.tsx(25,21): error TS17004: Cannot use JSX unless the '--jsx' flag is provided.
components/settings/CalendarsMainSettings.tsx(27,17): error TS17004: Cannot use JSX unless the '--jsx' flag is provided.
components/settings/CalendarsMainSettings.tsx(28,21): error TS17004: Cannot use JSX unless the '--jsx' flag is provided.
components/settings/CalendarsMainSettings.tsx(29,25): error TS17004: Cannot use JSX unless the '--jsx' flag is provided.
components/settings/CalendarsMainSettings.tsx(31,29): error TS17004: Cannot use JSX unless the '--jsx' flag is provided.
components/settings/CalendarsMainSettings.tsx(40,34): error TS17004: Cannot use JSX unless the '--jsx' flag is provided.
components/settings/CalendarsMainSettings.tsx(43,13): error TS17004: Cannot use JSX unless the '--jsx' flag is provided.
components/settings/CalendarsMainSettings.tsx(48,9): error TS17004: Cannot use JSX unless the '--jsx' flag is provided.
components/settings/CalendarsMainSettings.tsx(49,13): error TS17004: Cannot use JSX unless the '--jsx' flag is provided.
components/settings/CalendarsMainSettings.tsx(50,13): error TS17004: Cannot use JSX unless the '--jsx' flag is provided.
components/settings/CalendarsMainSettings.tsx(51,17): error TS17004: Cannot use JSX unless the '--jsx' flag is provided.
components/settings/CalendarsMainSettings.tsx(59,55): error TS7006: Parameter 'id' implicitly has an 'any' type.
components/settings/CalendarsMainSettings.tsx(62,9): error TS17004: Cannot use JSX unless the '--jsx' flag is provided.
components/settings/CalendarsMainSettings.tsx(63,13): error TS17004: Cannot use JSX unless the '--jsx' flag is provided.
components/settings/CalendarsMainSettings.tsx(64,17): error TS17004: Cannot use JSX unless the '--jsx' flag is provided.
components/settings/CalendarsMainSettings.tsx(80,17): error TS17004: Cannot use JSX unless the '--jsx' flag is provided.
components/settings/CalendarsMainSettings.tsx(81,17): error TS17004: Cannot use JSX unless the '--jsx' flag is provided.
components/settings/CalendarsMainSettings.tsx(82,21): error TS17004: Cannot use JSX unless the '--jsx' flag is provided.
components/settings/CalendarsMainSettings.tsx(83,25): error TS17004: Cannot use JSX unless the '--jsx' flag is provided.
components/settings/CalendarsMainSettings.tsx(84,25): error TS17004: Cannot use JSX unless the '--jsx' flag is provided.
components/settings/CalendarsMainSettings.tsx(86,21): error TS17004: Cannot use JSX unless the '--jsx' flag is provided.
components/settings/CalendarsMainSettings.tsx(104,13): error TS17004: Cannot use JSX unless the '--jsx' flag is provided.
components/settings/CalendarsMainSettings.tsx(105,17): error TS17004: Cannot use JSX unless the '--jsx' flag is provided.
components/settings/CalendarsMainSettings.tsx(106,21): error TS17004: Cannot use JSX unless the '--jsx' flag is provided.
components/settings/CalendarsMainSettings.tsx(108,29): error TS17004: Cannot use JSX unless the '--jsx' flag is provided.
components/settings/CalendarsMainSettings.tsx(110,33): error TS17004: Cannot use JSX unless the '--jsx' flag is provided.
components/settings/CalendarsMainSettings.tsx(114,29): error TS17004: Cannot use JSX unless the '--jsx' flag is provided.
components/settings/CalendarsMainSettings.tsx(116,33): error TS17004: Cannot use JSX unless the '--jsx' flag is provided.
components/settings/CalendarsMainSettings.tsx(120,29): error TS17004: Cannot use JSX unless the '--jsx' flag is provided.
components/settings/CalendarsMainSettings.tsx(122,33): error TS17004: Cannot use JSX unless the '--jsx' flag is provided.
components/settings/CloudSyncSettings.tsx(1,29): error TS6142: Module './ServiceAuth' was resolved to '/app/components/settings/ServiceAuth.tsx', but '--jsx' is not set.
components/settings/CloudSyncSettings.tsx(4,37): error TS2307: Cannot find module 'react' or its corresponding type declarations.
components/settings/CloudSyncSettings.tsx(5,25): error TS2307: Cannot find module 'expo-auth-session/providers/google' or its corresponding type declarations.
components/settings/CloudSyncSettings.tsx(7,36): error TS2307: Cannot find module 'firebase/auth' or its corresponding type declarations.
components/settings/CloudSyncSettings.tsx(8,29): error TS2307: Cannot find module 'expo-web-browser' or its corresponding type declarations.
components/settings/CloudSyncSettings.tsx(24,62): error TS7006: Parameter 'u' implicitly has an 'any' type.
components/settings/CloudSyncSettings.tsx(31,26): error TS2705: An async function or method in ES5 requires the 'Promise' constructor.  Make sure you have a declaration for the 'Promise' constructor or include 'ES2015' in your '--lib' option.
components/settings/CloudSyncSettings.tsx(109,19): error TS7006: Parameter 'res' implicitly has an 'any' type.
components/settings/CloudSyncSettings.tsx(113,20): error TS7006: Parameter 'err' implicitly has an 'any' type.
components/settings/CloudSyncSettings.tsx(119,9): error TS17004: Cannot use JSX unless the '--jsx' flag is provided.
components/settings/ContactsSettings.tsx(1,33): error TS2307: Cannot find module 'react' or its corresponding type declarations.
components/settings/ContactsSettings.tsx(2,65): error TS2307: Cannot find module 'react-native' or its corresponding type declarations.
components/settings/ContactsSettings.tsx(3,26): error TS2307: Cannot find module '@expo/vector-icons' or its corresponding type declarations.
components/settings/ContactsSettings.tsx(6,22): error TS6142: Module '../ui/Card' was resolved to '/app/components/ui/Card.tsx', but '--jsx' is not set.
components/settings/ContactsSettings.tsx(7,23): error TS6142: Module '../ui/Input' was resolved to '/app/components/ui/Input.tsx', but '--jsx' is not set.
components/settings/ContactsSettings.tsx(8,24): error TS6142: Module '../ui/Button' was resolved to '/app/components/ui/Button.tsx', but '--jsx' is not set.
components/settings/ContactsSettings.tsx(9,34): error TS6142: Module '../ui/SettingsListItem' was resolved to '/app/components/ui/SettingsListItem.tsx', but '--jsx' is not set.
components/settings/ContactsSettings.tsx(10,29): error TS6142: Module '../ui/ColorPicker' was resolved to '/app/components/ui/ColorPicker.tsx', but '--jsx' is not set.
components/settings/ContactsSettings.tsx(11,28): error TS6142: Module '../ui/IconPicker' was resolved to '/app/components/ui/IconPicker.tsx', but '--jsx' is not set.
components/settings/ContactsSettings.tsx(12,31): error TS6142: Module '../ui/UniversalIcon' was resolved to '/app/components/ui/UniversalIcon.tsx', but '--jsx' is not set.
components/settings/ContactsSettings.tsx(13,30): error TS6142: Module '../ui/MetadataChip' was resolved to '/app/components/ui/MetadataChip.tsx', but '--jsx' is not set.
components/settings/ContactsSettings.tsx(94,9): error TS17004: Cannot use JSX unless the '--jsx' flag is provided.
components/settings/ContactsSettings.tsx(96,13): error TS17004: Cannot use JSX unless the '--jsx' flag is provided.
components/settings/ContactsSettings.tsx(96,14): error TS2741: Property 'children' is missing in type '{}' but required in type '{ children: React.ReactNode; className?: string | undefined; padding?: string | undefined; style?: any; background?: any; }'.
components/settings/ContactsSettings.tsx(97,17): error TS17004: Cannot use JSX unless the '--jsx' flag is provided.
components/settings/ContactsSettings.tsx(98,21): error TS17004: Cannot use JSX unless the '--jsx' flag is provided.
components/settings/ContactsSettings.tsx(99,21): error TS17004: Cannot use JSX unless the '--jsx' flag is provided.
components/settings/ContactsSettings.tsx(103,25): error TS17004: Cannot use JSX unless the '--jsx' flag is provided.
components/settings/ContactsSettings.tsx(104,25): error TS17004: Cannot use JSX unless the '--jsx' flag is provided.
components/settings/ContactsSettings.tsx(109,21): error TS17004: Cannot use JSX unless the '--jsx' flag is provided.
components/settings/ContactsSettings.tsx(111,34): error TS7006: Parameter 'contact' implicitly has an 'any' type.
components/settings/ContactsSettings.tsx(112,25): error TS17004: Cannot use JSX unless the '--jsx' flag is provided.
components/settings/ContactsSettings.tsx(113,29): error TS2322: Type '{ key: any; onPress: () => void; color: any; }' is not assignable to type 'SettingsListItemProps'.
  Property 'key' does not exist on type 'SettingsListItemProps'.
components/settings/ContactsSettings.tsx(117,29): error TS17004: Cannot use JSX unless the '--jsx' flag is provided.
components/settings/ContactsSettings.tsx(118,33): error TS17004: Cannot use JSX unless the '--jsx' flag is provided.
components/settings/ContactsSettings.tsx(119,37): error TS17004: Cannot use JSX unless the '--jsx' flag is provided.
components/settings/ContactsSettings.tsx(121,33): error TS17004: Cannot use JSX unless the '--jsx' flag is provided.
components/settings/ContactsSettings.tsx(122,37): error TS17004: Cannot use JSX unless the '--jsx' flag is provided.
components/settings/ContactsSettings.tsx(123,41): error TS17004: Cannot use JSX unless the '--jsx' flag is provided.
components/settings/ContactsSettings.tsx(125,45): error TS17004: Cannot use JSX unless the '--jsx' flag is provided.
components/settings/ContactsSettings.tsx(135,37): error TS17004: Cannot use JSX unless the '--jsx' flag is provided.
components/settings/ContactsSettings.tsx(137,33): error TS17004: Cannot use JSX unless the '--jsx' flag is provided.
components/settings/ContactsSettings.tsx(144,13): error TS17004: Cannot use JSX unless the '--jsx' flag is provided.
components/settings/ContactsSettings.tsx(145,17): error TS17004: Cannot use JSX unless the '--jsx' flag is provided.
components/settings/ContactsSettings.tsx(146,21): error TS17004: Cannot use JSX unless the '--jsx' flag is provided.
components/settings/ContactsSettings.tsx(147,25): error TS17004: Cannot use JSX unless the '--jsx' flag is provided.
components/settings/ContactsSettings.tsx(148,29): error TS17004: Cannot use JSX unless the '--jsx' flag is provided.
components/settings/ContactsSettings.tsx(151,29): error TS17004: Cannot use JSX unless the '--jsx' flag is provided.
components/settings/ContactsSettings.tsx(152,33): error TS17004: Cannot use JSX unless the '--jsx' flag is provided.
components/settings/ContactsSettings.tsx(156,25): error TS17004: Cannot use JSX unless the '--jsx' flag is provided.
components/settings/ContactsSettings.tsx(157,29): error TS17004: Cannot use JSX unless the '--jsx' flag is provided.
components/settings/ContactsSettings.tsx(164,29): error TS17004: Cannot use JSX unless the '--jsx' flag is provided.
components/settings/ContactsSettings.tsx(172,29): error TS17004: Cannot use JSX unless the '--jsx' flag is provided.
components/settings/ContactsSettings.tsx(173,33): error TS17004: Cannot use JSX unless the '--jsx' flag is provided.
components/settings/ContactsSettings.tsx(174,33): error TS17004: Cannot use JSX unless the '--jsx' flag is provided.
components/settings/ContactsSettings.tsx(180,29): error TS17004: Cannot use JSX unless the '--jsx' flag is provided.
components/settings/ContactsSettings.tsx(181,33): error TS17004: Cannot use JSX unless the '--jsx' flag is provided.
components/settings/ContactsSettings.tsx(182,33): error TS17004: Cannot use JSX unless the '--jsx' flag is provided.
components/settings/ContactsSettings.tsx(188,29): error TS17004: Cannot use JSX unless the '--jsx' flag is provided.
components/settings/ContactsSettings.tsx(192,33): error TS17004: Cannot use JSX unless the '--jsx' flag is provided.
components/settings/ContactsSettings.tsx(193,37): error TS17004: Cannot use JSX unless the '--jsx' flag is provided.
components/settings/ContactsSettings.tsx(194,41): error TS17004: Cannot use JSX unless the '--jsx' flag is provided.
components/settings/ContactsSettings.tsx(196,37): error TS17004: Cannot use JSX unless the '--jsx' flag is provided.
components/settings/ContactsSettings.tsx(197,41): error TS17004: Cannot use JSX unless the '--jsx' flag is provided.
components/settings/ContactsSettings.tsx(198,41): error TS17004: Cannot use JSX unless the '--jsx' flag is provided.
components/settings/ContactsSettings.tsx(201,33): error TS17004: Cannot use JSX unless the '--jsx' flag is provided.
components/settings/ContactsSettings.tsx(202,49): error TS17004: Cannot use JSX unless the '--jsx' flag is provided.
components/settings/ContactsSettings.tsx(206,29): error TS17004: Cannot use JSX unless the '--jsx' flag is provided.
components/settings/ContactsSettings.tsx(212,33): error TS17004: Cannot use JSX unless the '--jsx' flag is provided.
components/settings/ContactsSettings.tsx(213,37): error TS17004: Cannot use JSX unless the '--jsx' flag is provided.
components/settings/EventTypesSettings.tsx(1,33): error TS2307: Cannot find module 'react' or its corresponding type declarations.
components/settings/EventTypesSettings.tsx(2,94): error TS2307: Cannot find module 'react-native' or its corresponding type declarations.
components/settings/EventTypesSettings.tsx(3,26): error TS2307: Cannot find module '@expo/vector-icons' or its corresponding type declarations.
components/settings/EventTypesSettings.tsx(6,30): error TS6142: Module '../ui/ActionButton' was resolved to '/app/components/ui/ActionButton.tsx', but '--jsx' is not set.
components/settings/EventTypesSettings.tsx(7,34): error TS6142: Module '../ui/SettingsListItem' was resolved to '/app/components/ui/SettingsListItem.tsx', but '--jsx' is not set.
components/settings/EventTypesSettings.tsx(8,29): error TS6142: Module '../ui/ColorPicker' was resolved to '/app/components/ui/ColorPicker.tsx', but '--jsx' is not set.
components/settings/EventTypesSettings.tsx(10,28): error TS6142: Module '../ui/IconPicker' was resolved to '/app/components/ui/IconPicker.tsx', but '--jsx' is not set.
components/settings/EventTypesSettings.tsx(11,32): error TS6142: Module '../ui/EventTypeBadge' was resolved to '/app/components/ui/EventTypeBadge.tsx', but '--jsx' is not set.
components/settings/EventTypesSettings.tsx(12,25): error TS2307: Cannot find module 'expo-crypto' or its corresponding type declarations.
components/settings/EventTypesSettings.tsx(44,24): error TS2705: An async function or method in ES5 requires the 'Promise' constructor.  Make sure you have a declaration for the 'Promise' constructor or include 'ES2015' in your '--lib' option.
components/settings/EventTypesSettings.tsx(67,26): error TS2705: An async function or method in ES5 requires the 'Promise' constructor.  Make sure you have a declaration for the 'Promise' constructor or include 'ES2015' in your '--lib' option.
components/settings/EventTypesSettings.tsx(72,9): error TS17004: Cannot use JSX unless the '--jsx' flag is provided.
components/settings/EventTypesSettings.tsx(72,10): error TS2741: Property 'children' is missing in type '{}' but required in type 'SettingsListItemProps'.
components/settings/EventTypesSettings.tsx(73,13): error TS17004: Cannot use JSX unless the '--jsx' flag is provided.
components/settings/EventTypesSettings.tsx(74,17): error TS17004: Cannot use JSX unless the '--jsx' flag is provided.
components/settings/EventTypesSettings.tsx(77,13): error TS17004: Cannot use JSX unless the '--jsx' flag is provided.
components/settings/EventTypesSettings.tsx(78,17): error TS17004: Cannot use JSX unless the '--jsx' flag is provided.
components/settings/EventTypesSettings.tsx(79,21): error TS17004: Cannot use JSX unless the '--jsx' flag is provided.
components/settings/EventTypesSettings.tsx(81,17): error TS17004: Cannot use JSX unless the '--jsx' flag is provided.
components/settings/EventTypesSettings.tsx(91,9): error TS17004: Cannot use JSX unless the '--jsx' flag is provided.
components/settings/EventTypesSettings.tsx(92,13): error TS17004: Cannot use JSX unless the '--jsx' flag is provided.
components/settings/EventTypesSettings.tsx(95,31): error TS7006: Parameter 'item' implicitly has an 'any' type.
components/settings/EventTypesSettings.tsx(98,21): error TS17004: Cannot use JSX unless the '--jsx' flag is provided.
components/settings/EventTypesSettings.tsx(104,13): error TS17004: Cannot use JSX unless the '--jsx' flag is provided.
components/settings/EventTypesSettings.tsx(105,17): error TS17004: Cannot use JSX unless the '--jsx' flag is provided.
components/settings/EventTypesSettings.tsx(109,21): error TS17004: Cannot use JSX unless the '--jsx' flag is provided.
components/settings/EventTypesSettings.tsx(110,21): error TS17004: Cannot use JSX unless the '--jsx' flag is provided.
components/settings/EventTypesSettings.tsx(115,13): error TS17004: Cannot use JSX unless the '--jsx' flag is provided.
components/settings/EventTypesSettings.tsx(116,17): error TS17004: Cannot use JSX unless the '--jsx' flag is provided.
components/settings/EventTypesSettings.tsx(117,21): error TS17004: Cannot use JSX unless the '--jsx' flag is provided.
components/settings/EventTypesSettings.tsx(118,25): error TS17004: Cannot use JSX unless the '--jsx' flag is provided.
components/settings/EventTypesSettings.tsx(119,29): error TS17004: Cannot use JSX unless the '--jsx' flag is provided.
components/settings/EventTypesSettings.tsx(123,29): error TS17004: Cannot use JSX unless the '--jsx' flag is provided.
components/settings/EventTypesSettings.tsx(124,29): error TS17004: Cannot use JSX unless the '--jsx' flag is provided.
components/settings/EventTypesSettings.tsx(133,29): error TS17004: Cannot use JSX unless the '--jsx' flag is provided.
components/settings/EventTypesSettings.tsx(140,29): error TS17004: Cannot use JSX unless the '--jsx' flag is provided.
components/settings/EventTypesSettings.tsx(141,33): error TS17004: Cannot use JSX unless the '--jsx' flag is provided.
components/settings/EventTypesSettings.tsx(142,37): error TS17004: Cannot use JSX unless the '--jsx' flag is provided.
components/settings/EventTypesSettings.tsx(143,37): error TS17004: Cannot use JSX unless the '--jsx' flag is provided.
components/settings/EventTypesSettings.tsx(145,33): error TS17004: Cannot use JSX unless the '--jsx' flag is provided.
components/settings/EventTypesSettings.tsx(153,29): error TS17004: Cannot use JSX unless the '--jsx' flag is provided.
components/settings/EventTypesSettings.tsx(154,33): error TS17004: Cannot use JSX unless the '--jsx' flag is provided.
components/settings/EventTypesSettings.tsx(155,37): error TS17004: Cannot use JSX unless the '--jsx' flag is provided.
components/settings/EventTypesSettings.tsx(156,37): error TS17004: Cannot use JSX unless the '--jsx' flag is provided.
components/settings/EventTypesSettings.tsx(158,33): error TS17004: Cannot use JSX unless the '--jsx' flag is provided.
components/settings/EventTypesSettings.tsx(166,29): error TS17004: Cannot use JSX unless the '--jsx' flag is provided.
components/settings/EventTypesSettings.tsx(167,33): error TS17004: Cannot use JSX unless the '--jsx' flag is provided.
components/settings/EventTypesSettings.tsx(174,29): error TS17004: Cannot use JSX unless the '--jsx' flag is provided.
components/settings/EventTypesSettings.tsx(175,33): error TS17004: Cannot use JSX unless the '--jsx' flag is provided.
components/settings/EventTypesSettings.tsx(179,37): error TS17004: Cannot use JSX unless the '--jsx' flag is provided.
components/settings/EventTypesSettings.tsx(181,33): error TS17004: Cannot use JSX unless the '--jsx' flag is provided.
components/settings/EventTypesSettings.tsx(185,37): error TS17004: Cannot use JSX unless the '--jsx' flag is provided.
components/settings/ForecastSettings.tsx(1,19): error TS2307: Cannot find module 'react' or its corresponding type declarations.
components/settings/ForecastSettings.tsx(2,28): error TS2307: Cannot find module 'react-native' or its corresponding type declarations.
components/settings/ForecastSettings.tsx(3,22): error TS6142: Module '../ui/Card' was resolved to '/app/components/ui/Card.tsx', but '--jsx' is not set.
components/settings/ForecastSettings.tsx(4,33): error TS6142: Module '../ui/DefaultedPrompt' was resolved to '/app/components/ui/DefaultedPrompt.tsx', but '--jsx' is not set.
components/settings/ForecastSettings.tsx(27,9): error TS17004: Cannot use JSX unless the '--jsx' flag is provided.
components/settings/ForecastSettings.tsx(28,13): error TS17004: Cannot use JSX unless the '--jsx' flag is provided.
components/settings/ForecastSettings.tsx(28,14): error TS2741: Property 'children' is missing in type '{}' but required in type '{ children: React.ReactNode; className?: string | undefined; padding?: string | undefined; style?: any; background?: any; }'.
components/settings/ForecastSettings.tsx(29,17): error TS17004: Cannot use JSX unless the '--jsx' flag is provided.
components/settings/HabitSettings.tsx(1,33): error TS2307: Cannot find module 'react' or its corresponding type declarations.
components/settings/HabitSettings.tsx(2,58): error TS2307: Cannot find module 'react-native' or its corresponding type declarations.
components/settings/HabitSettings.tsx(3,26): error TS2307: Cannot find module '@expo/vector-icons' or its corresponding type declarations.
components/settings/HabitSettings.tsx(4,22): error TS6142: Module '../ui/Card' was resolved to '/app/components/ui/Card.tsx', but '--jsx' is not set.
components/settings/HabitSettings.tsx(6,27): error TS6142: Module '../ui/calendar/components/HabitItem' was resolved to '/app/components/ui/calendar/components/HabitItem.tsx', but '--jsx' is not set.
components/settings/HabitSettings.tsx(7,28): error TS6142: Module '../HabitModal' was resolved to '/app/components/HabitModal.tsx', but '--jsx' is not set.
components/settings/HabitSettings.tsx(45,9): error TS17004: Cannot use JSX unless the '--jsx' flag is provided.
components/settings/HabitSettings.tsx(46,13): error TS17004: Cannot use JSX unless the '--jsx' flag is provided.
components/settings/HabitSettings.tsx(46,14): error TS2741: Property 'children' is missing in type '{}' but required in type '{ children: React.ReactNode; className?: string | undefined; padding?: string | undefined; style?: any; background?: any; }'.
components/settings/HabitSettings.tsx(47,17): error TS17004: Cannot use JSX unless the '--jsx' flag is provided.
components/settings/HabitSettings.tsx(48,21): error TS17004: Cannot use JSX unless the '--jsx' flag is provided.
components/settings/HabitSettings.tsx(49,21): error TS17004: Cannot use JSX unless the '--jsx' flag is provided.
components/settings/HabitSettings.tsx(53,25): error TS17004: Cannot use JSX unless the '--jsx' flag is provided.
components/settings/HabitSettings.tsx(54,25): error TS17004: Cannot use JSX unless the '--jsx' flag is provided.
components/settings/HabitSettings.tsx(59,21): error TS17004: Cannot use JSX unless the '--jsx' flag is provided.
components/settings/HabitSettings.tsx(60,25): error TS17004: Cannot use JSX unless the '--jsx' flag is provided.
components/settings/HabitSettings.tsx(61,25): error TS17004: Cannot use JSX unless the '--jsx' flag is provided.
components/settings/HabitSettings.tsx(66,21): error TS17004: Cannot use JSX unless the '--jsx' flag is provided.
components/settings/HabitSettings.tsx(67,37): error TS7006: Parameter 'habit' implicitly has an 'any' type.
components/settings/HabitSettings.tsx(68,29): error TS17004: Cannot use JSX unless the '--jsx' flag is provided.
components/settings/HabitSettings.tsx(69,33): error TS2322: Type '{ key: any; habit: any; onEdit: () => void; onDelete: () => void; onToggle: () => any; }' is not assignable to type 'HabitItemProps'.
  Property 'key' does not exist on type 'HabitItemProps'.
components/settings/HabitSettings.tsx(80,13): error TS17004: Cannot use JSX unless the '--jsx' flag is provided.
components/settings/IntegrationsSettings.tsx(1,28): error TS2307: Cannot find module 'react-native' or its corresponding type declarations.
components/settings/IntegrationsSettings.tsx(2,22): error TS6142: Module '../ui/Card' was resolved to '/app/components/ui/Card.tsx', but '--jsx' is not set.
components/settings/IntegrationsSettings.tsx(3,23): error TS6142: Module '../ui/Input' was resolved to '/app/components/ui/Input.tsx', but '--jsx' is not set.
components/settings/IntegrationsSettings.tsx(4,35): error TS6142: Module './CloudSyncSettings' was resolved to '/app/components/settings/CloudSyncSettings.tsx', but '--jsx' is not set.
components/settings/IntegrationsSettings.tsx(5,29): error TS6142: Module './ServiceAuth' was resolved to '/app/components/settings/ServiceAuth.tsx', but '--jsx' is not set.
components/settings/IntegrationsSettings.tsx(6,29): error TS2307: Cannot find module 'expo-auth-session' or its corresponding type declarations.
components/settings/IntegrationsSettings.tsx(40,9): error TS17004: Cannot use JSX unless the '--jsx' flag is provided.
components/settings/IntegrationsSettings.tsx(41,13): error TS17004: Cannot use JSX unless the '--jsx' flag is provided.
components/settings/IntegrationsSettings.tsx(41,14): error TS2741: Property 'children' is missing in type '{}' but required in type '{ children: React.ReactNode; className?: string | undefined; padding?: string | undefined; style?: any; background?: any; }'.
components/settings/IntegrationsSettings.tsx(42,17): error TS17004: Cannot use JSX unless the '--jsx' flag is provided.
components/settings/IntegrationsSettings.tsx(43,21): error TS17004: Cannot use JSX unless the '--jsx' flag is provided.
components/settings/IntegrationsSettings.tsx(44,21): error TS17004: Cannot use JSX unless the '--jsx' flag is provided.
components/settings/IntegrationsSettings.tsx(47,21): error TS17004: Cannot use JSX unless the '--jsx' flag is provided.
components/settings/IntegrationsSettings.tsx(56,13): error TS17004: Cannot use JSX unless the '--jsx' flag is provided.
components/settings/IntegrationsSettings.tsx(58,13): error TS17004: Cannot use JSX unless the '--jsx' flag is provided.
components/settings/IntegrationsSettings.tsx(71,17): error TS17004: Cannot use JSX unless the '--jsx' flag is provided.
components/settings/IntegrationsSettings.tsx(77,17): error TS17004: Cannot use JSX unless the '--jsx' flag is provided.
components/settings/IntegrationsSettings.tsx(86,13): error TS17004: Cannot use JSX unless the '--jsx' flag is provided.
components/settings/IntegrationsSettings.tsx(86,14): error TS2741: Property 'children' is missing in type '{}' but required in type '{ children: React.ReactNode; className?: string | undefined; padding?: string | undefined; style?: any; background?: any; }'.
components/settings/IntegrationsSettings.tsx(87,17): error TS17004: Cannot use JSX unless the '--jsx' flag is provided.
components/settings/IntegrationsSettings.tsx(88,21): error TS17004: Cannot use JSX unless the '--jsx' flag is provided.
components/settings/IntegrationsSettings.tsx(89,21): error TS17004: Cannot use JSX unless the '--jsx' flag is provided.
components/settings/IntegrationsSettings.tsx(92,21): error TS17004: Cannot use JSX unless the '--jsx' flag is provided.
components/settings/LogsSettings.tsx(2,56): error TS2307: Cannot find module 'react-native' or its corresponding type declarations.
components/settings/LogsSettings.tsx(3,37): error TS2307: Cannot find module 'react' or its corresponding type declarations.
components/settings/LogsSettings.tsx(4,28): error TS2307: Cannot find module 'expo-clipboard' or its corresponding type declarations.
components/settings/LogsSettings.tsx(6,26): error TS2307: Cannot find module '@expo/vector-icons' or its corresponding type declarations.
components/settings/LogsSettings.tsx(7,19): error TS2307: Cannot find module 'react-native-toast-message' or its corresponding type declarations.
components/settings/LogsSettings.tsx(12,54): error TS2583: Cannot find name 'Set'. Do you need to change your target library? Try changing the 'lib' compiler option to 'es2015' or later.
components/settings/LogsSettings.tsx(12,71): error TS2583: Cannot find name 'Set'. Do you need to change your target library? Try changing the 'lib' compiler option to 'es2015' or later.
components/settings/LogsSettings.tsx(28,24): error TS2705: An async function or method in ES5 requires the 'Promise' constructor.  Make sure you have a declaration for the 'Promise' constructor or include 'ES2015' in your '--lib' option.
components/settings/LogsSettings.tsx(43,33): error TS2583: Cannot find name 'Set'. Do you need to change your target library? Try changing the 'lib' compiler option to 'es2015' or later.
components/settings/LogsSettings.tsx(50,29): error TS2583: Cannot find name 'Set'. Do you need to change your target library? Try changing the 'lib' compiler option to 'es2015' or later.
components/settings/LogsSettings.tsx(54,28): error TS2583: Cannot find name 'Set'. Do you need to change your target library? Try changing the 'lib' compiler option to 'es2015' or later.
components/settings/LogsSettings.tsx(74,13): error TS17004: Cannot use JSX unless the '--jsx' flag is provided.
components/settings/LogsSettings.tsx(78,17): error TS17004: Cannot use JSX unless the '--jsx' flag is provided.
components/settings/LogsSettings.tsx(79,21): error TS17004: Cannot use JSX unless the '--jsx' flag is provided.
components/settings/LogsSettings.tsx(85,17): error TS17004: Cannot use JSX unless the '--jsx' flag is provided.
components/settings/LogsSettings.tsx(86,21): error TS17004: Cannot use JSX unless the '--jsx' flag is provided.
components/settings/LogsSettings.tsx(87,21): error TS17004: Cannot use JSX unless the '--jsx' flag is provided.
components/settings/LogsSettings.tsx(94,9): error TS17004: Cannot use JSX unless the '--jsx' flag is provided.
components/settings/LogsSettings.tsx(95,13): error TS17004: Cannot use JSX unless the '--jsx' flag is provided.
components/settings/LogsSettings.tsx(96,18): error TS17004: Cannot use JSX unless the '--jsx' flag is provided.
components/settings/LogsSettings.tsx(97,21): error TS17004: Cannot use JSX unless the '--jsx' flag is provided.
components/settings/LogsSettings.tsx(98,21): error TS17004: Cannot use JSX unless the '--jsx' flag is provided.
components/settings/LogsSettings.tsx(100,17): error TS17004: Cannot use JSX unless the '--jsx' flag is provided.
components/settings/LogsSettings.tsx(101,21): error TS17004: Cannot use JSX unless the '--jsx' flag is provided.
components/settings/LogsSettings.tsx(102,21): error TS17004: Cannot use JSX unless the '--jsx' flag is provided.
components/settings/LogsSettings.tsx(105,13): error TS17004: Cannot use JSX unless the '--jsx' flag is provided.
components/settings/MoodSettings.tsx(1,44): error TS2307: Cannot find module 'react' or its corresponding type declarations.
components/settings/MoodSettings.tsx(2,64): error TS2307: Cannot find module 'react-native' or its corresponding type declarations.
components/settings/MoodSettings.tsx(3,26): error TS2307: Cannot find module '@expo/vector-icons' or its corresponding type declarations.
components/settings/MoodSettings.tsx(4,28): error TS2307: Cannot find module '@react-native-community/datetimepicker' or its corresponding type declarations.
components/settings/MoodSettings.tsx(5,32): error TS2307: Cannot find module 'expo-notifications' or its corresponding type declarations.
components/settings/MoodSettings.tsx(6,22): error TS6142: Module '../ui/Card' was resolved to '/app/components/ui/Card.tsx', but '--jsx' is not set.
components/settings/MoodSettings.tsx(11,27): error TS6142: Module '../ui/AppButton' was resolved to '/app/components/ui/AppButton.tsx', but '--jsx' is not set.
components/settings/MoodSettings.tsx(23,30): error TS2705: An async function or method in ES5 requires the 'Promise' constructor.  Make sure you have a declaration for the 'Promise' constructor or include 'ES2015' in your '--lib' option.
components/settings/MoodSettings.tsx(28,32): error TS2705: An async function or method in ES5 requires the 'Promise' constructor.  Make sure you have a declaration for the 'Promise' constructor or include 'ES2015' in your '--lib' option.
components/settings/MoodSettings.tsx(33,26): error TS2705: An async function or method in ES5 requires the 'Promise' constructor.  Make sure you have a declaration for the 'Promise' constructor or include 'ES2015' in your '--lib' option.
components/settings/MoodSettings.tsx(41,30): error TS2705: An async function or method in ES5 requires the 'Promise' constructor.  Make sure you have a declaration for the 'Promise' constructor or include 'ES2015' in your '--lib' option.
components/settings/MoodSettings.tsx(55,9): error TS17004: Cannot use JSX unless the '--jsx' flag is provided.
components/settings/MoodSettings.tsx(55,10): error TS2741: Property 'children' is missing in type '{}' but required in type '{ children: React.ReactNode; className?: string | undefined; padding?: string | undefined; style?: any; background?: any; }'.
components/settings/MoodSettings.tsx(56,13): error TS17004: Cannot use JSX unless the '--jsx' flag is provided.
components/settings/MoodSettings.tsx(57,17): error TS17004: Cannot use JSX unless the '--jsx' flag is provided.
components/settings/MoodSettings.tsx(59,17): error TS17004: Cannot use JSX unless the '--jsx' flag is provided.
components/settings/MoodSettings.tsx(60,21): error TS17004: Cannot use JSX unless the '--jsx' flag is provided.
components/settings/MoodSettings.tsx(61,25): error TS17004: Cannot use JSX unless the '--jsx' flag is provided.
components/settings/MoodSettings.tsx(62,25): error TS17004: Cannot use JSX unless the '--jsx' flag is provided.
components/settings/MoodSettings.tsx(63,29): error TS17004: Cannot use JSX unless the '--jsx' flag is provided.
components/settings/MoodSettings.tsx(64,29): error TS17004: Cannot use JSX unless the '--jsx' flag is provided.
components/settings/MoodSettings.tsx(67,21): error TS17004: Cannot use JSX unless the '--jsx' flag is provided.
components/settings/MoodSettings.tsx(76,21): error TS17004: Cannot use JSX unless the '--jsx' flag is provided.
components/settings/MoodSettings.tsx(77,26): error TS17004: Cannot use JSX unless the '--jsx' flag is provided.
components/settings/MoodSettings.tsx(78,25): error TS17004: Cannot use JSX unless the '--jsx' flag is provided.
components/settings/MoodSettings.tsx(82,29): error TS17004: Cannot use JSX unless the '--jsx' flag is provided.
components/settings/MoodSettings.tsx(83,33): error TS17004: Cannot use JSX unless the '--jsx' flag is provided.
components/settings/MoodSettings.tsx(84,33): error TS17004: Cannot use JSX unless the '--jsx' flag is provided.
components/settings/MoodSettings.tsx(92,29): error TS17004: Cannot use JSX unless the '--jsx' flag is provided.
components/settings/MoodSettings.tsx(98,21): error TS17004: Cannot use JSX unless the '--jsx' flag is provided.
components/settings/MoodSettings.tsx(109,17): error TS17004: Cannot use JSX unless the '--jsx' flag is provided.
components/settings/MoodSettings.tsx(110,21): error TS17004: Cannot use JSX unless the '--jsx' flag is provided.
components/settings/MoodSettings.tsx(111,21): error TS17004: Cannot use JSX unless the '--jsx' flag is provided.
components/settings/MoodSettings.tsx(114,21): error TS17004: Cannot use JSX unless the '--jsx' flag is provided.
components/settings/NavigationSettings.tsx(1,33): error TS2307: Cannot find module 'react' or its corresponding type declarations.
components/settings/NavigationSettings.tsx(2,76): error TS2307: Cannot find module 'react-native' or its corresponding type declarations.
components/settings/NavigationSettings.tsx(3,22): error TS6142: Module '../ui/Card' was resolved to '/app/components/ui/Card.tsx', but '--jsx' is not set.
components/settings/NavigationSettings.tsx(4,24): error TS6142: Module '../ui/Button' was resolved to '/app/components/ui/Button.tsx', but '--jsx' is not set.
components/settings/NavigationSettings.tsx(6,26): error TS2307: Cannot find module '@expo/vector-icons' or its corresponding type declarations.
components/settings/NavigationSettings.tsx(7,19): error TS2307: Cannot find module 'react-native-toast-message' or its corresponding type declarations.
components/settings/NavigationSettings.tsx(8,25): error TS2307: Cannot find module 'expo-crypto' or its corresponding type declarations.
components/settings/NavigationSettings.tsx(9,28): error TS6142: Module '../ui/IconPicker' was resolved to '/app/components/ui/IconPicker.tsx', but '--jsx' is not set.
components/settings/NavigationSettings.tsx(10,31): error TS6142: Module '../ui/UniversalIcon' was resolved to '/app/components/ui/UniversalIcon.tsx', but '--jsx' is not set.
components/settings/NavigationSettings.tsx(20,40): error TS7006: Parameter 'i' implicitly has an 'any' type.
components/settings/NavigationSettings.tsx(21,41): error TS7006: Parameter 'i' implicitly has an 'any' type.
components/settings/NavigationSettings.tsx(41,41): error TS7006: Parameter 'i' implicitly has an 'any' type.
components/settings/NavigationSettings.tsx(43,28): error TS2550: Property 'findIndex' does not exist on type 'any[]'. Do you need to change your target library? Try changing the 'lib' compiler option to 'es2015' or later.
components/settings/NavigationSettings.tsx(43,38): error TS7006: Parameter 'i' implicitly has an 'any' type.
components/settings/NavigationSettings.tsx(56,37): error TS7006: Parameter 'i' implicitly has an 'any' type.
components/settings/NavigationSettings.tsx(65,78): error TS7006: Parameter 'i' implicitly has an 'any' type.
components/settings/NavigationSettings.tsx(66,54): error TS7006: Parameter 'i' implicitly has an 'any' type.
components/settings/NavigationSettings.tsx(72,41): error TS7006: Parameter 'i' implicitly has an 'any' type.
components/settings/NavigationSettings.tsx(101,43): error TS7006: Parameter 'i' implicitly has an 'any' type.
components/settings/NavigationSettings.tsx(109,59): error TS7006: Parameter 'c' implicitly has an 'any' type.
components/settings/NavigationSettings.tsx(166,28): error TS2550: Property 'findIndex' does not exist on type 'any[]'. Do you need to change your target library? Try changing the 'lib' compiler option to 'es2015' or later.
components/settings/NavigationSettings.tsx(166,38): error TS7006: Parameter 'i' implicitly has an 'any' type.
components/settings/NavigationSettings.tsx(178,44): error TS7006: Parameter 'i' implicitly has an 'any' type.
components/settings/NavigationSettings.tsx(184,55): error TS7006: Parameter 'c' implicitly has an 'any' type.
components/settings/NavigationSettings.tsx(189,44): error TS7006: Parameter 'i' implicitly has an 'any' type.
components/settings/NavigationSettings.tsx(196,58): error TS7006: Parameter 'c' implicitly has an 'any' type.
components/settings/NavigationSettings.tsx(200,58): error TS7006: Parameter 'c' implicitly has an 'any' type.
components/settings/NavigationSettings.tsx(206,42): error TS7006: Parameter 'i' implicitly has an 'any' type.
components/settings/NavigationSettings.tsx(209,32): error TS7006: Parameter 'i' implicitly has an 'any' type.
components/settings/NavigationSettings.tsx(222,47): error TS7006: Parameter 'i' implicitly has an 'any' type.
components/settings/NavigationSettings.tsx(227,45): error TS7006: Parameter 'i' implicitly has an 'any' type.
components/settings/NavigationSettings.tsx(232,34): error TS7006: Parameter 'c' implicitly has an 'any' type.
components/settings/NavigationSettings.tsx(238,51): error TS7006: Parameter 'i' implicitly has an 'any' type.
components/settings/NavigationSettings.tsx(254,57): error TS7006: Parameter 'c' implicitly has an 'any' type.
components/settings/NavigationSettings.tsx(258,51): error TS7006: Parameter 'item' implicitly has an 'any' type.
components/settings/NavigationSettings.tsx(260,37): error TS7006: Parameter 'c' implicitly has an 'any' type.
components/settings/NavigationSettings.tsx(267,13): error TS17004: Cannot use JSX unless the '--jsx' flag is provided.
components/settings/NavigationSettings.tsx(268,17): error TS17004: Cannot use JSX unless the '--jsx' flag is provided.
components/settings/NavigationSettings.tsx(269,21): error TS17004: Cannot use JSX unless the '--jsx' flag is provided.
components/settings/NavigationSettings.tsx(270,25): error TS17004: Cannot use JSX unless the '--jsx' flag is provided.
components/settings/NavigationSettings.tsx(271,25): error TS17004: Cannot use JSX unless the '--jsx' flag is provided.
components/settings/NavigationSettings.tsx(272,29): error TS17004: Cannot use JSX unless the '--jsx' flag is provided.
components/settings/NavigationSettings.tsx(276,21): error TS17004: Cannot use JSX unless the '--jsx' flag is provided.
components/settings/NavigationSettings.tsx(277,25): error TS17004: Cannot use JSX unless the '--jsx' flag is provided.
components/settings/NavigationSettings.tsx(279,29): error TS17004: Cannot use JSX unless the '--jsx' flag is provided.
components/settings/NavigationSettings.tsx(281,50): error TS7006: Parameter 'item' implicitly has an 'any' type.
components/settings/NavigationSettings.tsx(281,56): error TS7006: Parameter 'index' implicitly has an 'any' type.
components/settings/NavigationSettings.tsx(282,33): error TS17004: Cannot use JSX unless the '--jsx' flag is provided.
components/settings/NavigationSettings.tsx(283,37): error TS17004: Cannot use JSX unless the '--jsx' flag is provided.
components/settings/NavigationSettings.tsx(284,41): error TS17004: Cannot use JSX unless the '--jsx' flag is provided.
components/settings/NavigationSettings.tsx(285,45): error TS17004: Cannot use JSX unless the '--jsx' flag is provided.
components/settings/NavigationSettings.tsx(290,49): error TS17004: Cannot use JSX unless the '--jsx' flag is provided.
components/settings/NavigationSettings.tsx(292,45): error TS17004: Cannot use JSX unless the '--jsx' flag is provided.
components/settings/NavigationSettings.tsx(297,49): error TS17004: Cannot use JSX unless the '--jsx' flag is provided.
components/settings/NavigationSettings.tsx(300,45): error TS17004: Cannot use JSX unless the '--jsx' flag is provided.
components/settings/NavigationSettings.tsx(305,41): error TS17004: Cannot use JSX unless the '--jsx' flag is provided.
components/settings/NavigationSettings.tsx(309,45): error TS17004: Cannot use JSX unless the '--jsx' flag is provided.
components/settings/NavigationSettings.tsx(313,37): error TS17004: Cannot use JSX unless the '--jsx' flag is provided.
components/settings/NavigationSettings.tsx(314,41): error TS17004: Cannot use JSX unless the '--jsx' flag is provided.
components/settings/NavigationSettings.tsx(315,45): error TS17004: Cannot use JSX unless the '--jsx' flag is provided.
components/settings/NavigationSettings.tsx(316,45): error TS17004: Cannot use JSX unless the '--jsx' flag is provided.
components/settings/NavigationSettings.tsx(318,64): error TS7006: Parameter 'text' implicitly has an 'any' type.
components/settings/NavigationSettings.tsx(322,41): error TS17004: Cannot use JSX unless the '--jsx' flag is provided.
components/settings/NavigationSettings.tsx(323,45): error TS17004: Cannot use JSX unless the '--jsx' flag is provided.
components/settings/NavigationSettings.tsx(324,45): error TS17004: Cannot use JSX unless the '--jsx' flag is provided.
components/settings/NavigationSettings.tsx(328,49): error TS17004: Cannot use JSX unless the '--jsx' flag is provided.
components/settings/NavigationSettings.tsx(335,49): error TS17004: Cannot use JSX unless the '--jsx' flag is provided.
components/settings/NavigationSettings.tsx(343,25): error TS17004: Cannot use JSX unless the '--jsx' flag is provided.
components/settings/NavigationSettings.tsx(344,29): error TS17004: Cannot use JSX unless the '--jsx' flag is provided.
components/settings/NavigationSettings.tsx(345,30): error TS17004: Cannot use JSX unless the '--jsx' flag is provided.
components/settings/NavigationSettings.tsx(347,37): error TS17004: Cannot use JSX unless the '--jsx' flag is provided.
components/settings/NavigationSettings.tsx(352,41): error TS17004: Cannot use JSX unless the '--jsx' flag is provided.
components/settings/NavigationSettings.tsx(353,41): error TS17004: Cannot use JSX unless the '--jsx' flag is provided.
components/settings/NavigationSettings.tsx(357,37): error TS17004: Cannot use JSX unless the '--jsx' flag is provided.
components/settings/NavigationSettings.tsx(362,25): error TS17004: Cannot use JSX unless the '--jsx' flag is provided.
components/settings/NavigationSettings.tsx(374,13): error TS17004: Cannot use JSX unless the '--jsx' flag is provided.
components/settings/NavigationSettings.tsx(375,17): error TS17004: Cannot use JSX unless the '--jsx' flag is provided.
components/settings/NavigationSettings.tsx(376,21): error TS17004: Cannot use JSX unless the '--jsx' flag is provided.
components/settings/NavigationSettings.tsx(377,25): error TS17004: Cannot use JSX unless the '--jsx' flag is provided.
components/settings/NavigationSettings.tsx(382,29): error TS17004: Cannot use JSX unless the '--jsx' flag is provided.
components/settings/NavigationSettings.tsx(384,25): error TS17004: Cannot use JSX unless the '--jsx' flag is provided.
components/settings/NavigationSettings.tsx(389,29): error TS17004: Cannot use JSX unless the '--jsx' flag is provided.
components/settings/NavigationSettings.tsx(392,25): error TS17004: Cannot use JSX unless the '--jsx' flag is provided.
components/settings/NavigationSettings.tsx(393,41): error TS17004: Cannot use JSX unless the '--jsx' flag is provided.
components/settings/NavigationSettings.tsx(394,29): error TS17004: Cannot use JSX unless the '--jsx' flag is provided.
components/settings/NavigationSettings.tsx(399,21): error TS17004: Cannot use JSX unless the '--jsx' flag is provided.
components/settings/NavigationSettings.tsx(400,25): error TS17004: Cannot use JSX unless the '--jsx' flag is provided.
components/settings/NavigationSettings.tsx(404,30): error TS17004: Cannot use JSX unless the '--jsx' flag is provided.
components/settings/NavigationSettings.tsx(408,29): error TS17004: Cannot use JSX unless the '--jsx' flag is provided.
components/settings/NavigationSettings.tsx(409,37): error TS17004: Cannot use JSX unless the '--jsx' flag is provided.
components/settings/NavigationSettings.tsx(413,37): error TS17004: Cannot use JSX unless the '--jsx' flag is provided.
components/settings/NavigationSettings.tsx(418,25): error TS17004: Cannot use JSX unless the '--jsx' flag is provided.
components/settings/NavigationSettings.tsx(422,29): error TS17004: Cannot use JSX unless the '--jsx' flag is provided.
components/settings/NavigationSettings.tsx(427,17): error TS17004: Cannot use JSX unless the '--jsx' flag is provided.
components/settings/NavigationSettings.tsx(428,21): error TS17004: Cannot use JSX unless the '--jsx' flag is provided.
components/settings/NavigationSettings.tsx(429,25): error TS17004: Cannot use JSX unless the '--jsx' flag is provided.
components/settings/NavigationSettings.tsx(430,25): error TS17004: Cannot use JSX unless the '--jsx' flag is provided.
components/settings/NavigationSettings.tsx(432,44): error TS7006: Parameter 'text' implicitly has an 'any' type.
components/settings/NavigationSettings.tsx(436,21): error TS17004: Cannot use JSX unless the '--jsx' flag is provided.
components/settings/NavigationSettings.tsx(437,25): error TS17004: Cannot use JSX unless the '--jsx' flag is provided.
components/settings/NavigationSettings.tsx(438,25): error TS17004: Cannot use JSX unless the '--jsx' flag is provided.
components/settings/NavigationSettings.tsx(442,29): error TS17004: Cannot use JSX unless the '--jsx' flag is provided.
components/settings/NavigationSettings.tsx(443,33): error TS17004: Cannot use JSX unless the '--jsx' flag is provided.
components/settings/NavigationSettings.tsx(449,29): error TS17004: Cannot use JSX unless the '--jsx' flag is provided.
components/settings/NavigationSettings.tsx(458,9): error TS17004: Cannot use JSX unless the '--jsx' flag is provided.
components/settings/NavigationSettings.tsx(459,13): error TS17004: Cannot use JSX unless the '--jsx' flag is provided.
components/settings/NavigationSettings.tsx(459,14): error TS2741: Property 'children' is missing in type '{}' but required in type '{ children: React.ReactNode; className?: string | undefined; padding?: string | undefined; style?: any; background?: any; }'.
components/settings/NavigationSettings.tsx(460,17): error TS17004: Cannot use JSX unless the '--jsx' flag is provided.
components/settings/NavigationSettings.tsx(461,21): error TS17004: Cannot use JSX unless the '--jsx' flag is provided.
components/settings/NavigationSettings.tsx(462,37): error TS7006: Parameter 'item' implicitly has an 'any' type.
components/settings/NavigationSettings.tsx(462,43): error TS7006: Parameter 'index' implicitly has an 'any' type.
components/settings/NavigationSettings.tsx(464,21): error TS17004: Cannot use JSX unless the '--jsx' flag is provided.
components/settings/NavigationSettings.tsx(472,17): error TS17004: Cannot use JSX unless the '--jsx' flag is provided.
components/settings/NavigationSettings.tsx(473,21): error TS17004: Cannot use JSX unless the '--jsx' flag is provided.
components/settings/NavigationSettings.tsx(474,38): error TS7006: Parameter 'item' implicitly has an 'any' type.
components/settings/NavigationSettings.tsx(474,44): error TS7006: Parameter 'index' implicitly has an 'any' type.
components/settings/NavigationSettings.tsx(476,22): error TS17004: Cannot use JSX unless the '--jsx' flag is provided.
components/settings/NavigationSettings.tsx(485,21): error TS17004: Cannot use JSX unless the '--jsx' flag is provided.
components/settings/NavigationSettings.tsx(486,25): error TS17004: Cannot use JSX unless the '--jsx' flag is provided.
components/settings/NavigationSettings.tsx(487,25): error TS17004: Cannot use JSX unless the '--jsx' flag is provided.
components/settings/NavigationSettings.tsx(489,33): error TS17004: Cannot use JSX unless the '--jsx' flag is provided.
components/settings/NavigationSettings.tsx(494,37): error TS17004: Cannot use JSX unless the '--jsx' flag is provided.
components/settings/NavigationSettings.tsx(495,37): error TS17004: Cannot use JSX unless the '--jsx' flag is provided.
components/settings/NavigationSettings.tsx(502,17): error TS17004: Cannot use JSX unless the '--jsx' flag is provided.
components/settings/NavigationSettings.tsx(503,22): error TS17004: Cannot use JSX unless the '--jsx' flag is provided.
components/settings/NavigationSettings.tsx(504,25): error TS17004: Cannot use JSX unless the '--jsx' flag is provided.
components/settings/NavigationSettings.tsx(510,22): error TS17004: Cannot use JSX unless the '--jsx' flag is provided.
components/settings/NavigationSettings.tsx(511,25): error TS17004: Cannot use JSX unless the '--jsx' flag is provided.
components/settings/NavigationSettings.tsx(522,13): error TS17004: Cannot use JSX unless the '--jsx' flag is provided.
components/settings/NavigationSettings.tsx(523,17): error TS17004: Cannot use JSX unless the '--jsx' flag is provided.
components/settings/NavigationSettings.tsx(524,21): error TS17004: Cannot use JSX unless the '--jsx' flag is provided.
components/settings/NavigationSettings.tsx(525,25): error TS17004: Cannot use JSX unless the '--jsx' flag is provided.
components/settings/NavigationSettings.tsx(526,25): error TS17004: Cannot use JSX unless the '--jsx' flag is provided.
components/settings/NavigationSettings.tsx(527,29): error TS17004: Cannot use JSX unless the '--jsx' flag is provided.
components/settings/NavigationSettings.tsx(530,21): error TS17004: Cannot use JSX unless the '--jsx' flag is provided.
components/settings/NavigationSettings.tsx(534,75): error TS7006: Parameter 'c' implicitly has an 'any' type.
components/settings/NavigationSettings.tsx(537,51): error TS7006: Parameter 'i' implicitly has an 'any' type.
components/settings/NavigationSettings.tsx(541,81): error TS7006: Parameter 'c' implicitly has an 'any' type.
components/settings/NewsSettings.tsx(1,57): error TS2307: Cannot find module 'react-native' or its corresponding type declarations.
components/settings/NewsSettings.tsx(2,26): error TS2307: Cannot find module '@expo/vector-icons' or its corresponding type declarations.
components/settings/NewsSettings.tsx(4,26): error TS2307: Cannot find module 'react' or its corresponding type declarations.
components/settings/NewsSettings.tsx(5,22): error TS6142: Module '../ui/Card' was resolved to '/app/components/ui/Card.tsx', but '--jsx' is not set.
components/settings/NewsSettings.tsx(7,30): error TS6142: Module '../ui/MetadataChip' was resolved to '/app/components/ui/MetadataChip.tsx', but '--jsx' is not set.
components/settings/NewsSettings.tsx(33,41): error TS7006: Parameter 't' implicitly has an 'any' type.
components/settings/NewsSettings.tsx(46,37): error TS7006: Parameter 'f' implicitly has an 'any' type.
components/settings/NewsSettings.tsx(59,53): error TS7006: Parameter 'h' implicitly has an 'any' type.
components/settings/NewsSettings.tsx(71,9): error TS17004: Cannot use JSX unless the '--jsx' flag is provided.
components/settings/NewsSettings.tsx(71,10): error TS2741: Property 'children' is missing in type '{}' but required in type '{ children: React.ReactNode; className?: string | undefined; padding?: string | undefined; style?: any; background?: any; }'.
components/settings/NewsSettings.tsx(72,13): error TS17004: Cannot use JSX unless the '--jsx' flag is provided.
components/settings/NewsSettings.tsx(73,17): error TS17004: Cannot use JSX unless the '--jsx' flag is provided.
components/settings/NewsSettings.tsx(74,17): error TS17004: Cannot use JSX unless the '--jsx' flag is provided.
components/settings/NewsSettings.tsx(82,17): error TS17004: Cannot use JSX unless the '--jsx' flag is provided.
components/settings/NewsSettings.tsx(83,39): error TS17004: Cannot use JSX unless the '--jsx' flag is provided.
components/settings/NewsSettings.tsx(87,13): error TS17004: Cannot use JSX unless the '--jsx' flag is provided.
components/settings/NewsSettings.tsx(88,17): error TS17004: Cannot use JSX unless the '--jsx' flag is provided.
components/settings/NewsSettings.tsx(89,17): error TS17004: Cannot use JSX unless the '--jsx' flag is provided.
components/settings/NewsSettings.tsx(90,21): error TS17004: Cannot use JSX unless the '--jsx' flag is provided.
components/settings/NewsSettings.tsx(94,25): error TS17004: Cannot use JSX unless the '--jsx' flag is provided.
components/settings/NewsSettings.tsx(96,21): error TS17004: Cannot use JSX unless the '--jsx' flag is provided.
components/settings/NewsSettings.tsx(100,25): error TS17004: Cannot use JSX unless the '--jsx' flag is provided.
components/settings/NewsSettings.tsx(105,13): error TS17004: Cannot use JSX unless the '--jsx' flag is provided.
components/settings/NewsSettings.tsx(106,17): error TS17004: Cannot use JSX unless the '--jsx' flag is provided.
components/settings/NewsSettings.tsx(107,17): error TS17004: Cannot use JSX unless the '--jsx' flag is provided.
components/settings/NewsSettings.tsx(111,17): error TS17004: Cannot use JSX unless the '--jsx' flag is provided.
components/settings/NewsSettings.tsx(112,38): error TS7006: Parameter 'topic' implicitly has an 'any' type.
components/settings/NewsSettings.tsx(113,25): error TS17004: Cannot use JSX unless the '--jsx' flag is provided.
components/settings/NewsSettings.tsx(114,29): error TS2322: Type '{ key: any; label: any; onRemove: () => void; variant: "outline"; color: string; }' is not assignable to type 'MetadataChipProps'.
  Property 'key' does not exist on type 'MetadataChipProps'.
components/settings/NewsSettings.tsx(122,25): error TS17004: Cannot use JSX unless the '--jsx' flag is provided.
components/settings/NewsSettings.tsx(126,17): error TS17004: Cannot use JSX unless the '--jsx' flag is provided.
components/settings/NewsSettings.tsx(127,21): error TS17004: Cannot use JSX unless the '--jsx' flag is provided.
components/settings/NewsSettings.tsx(135,21): error TS17004: Cannot use JSX unless the '--jsx' flag is provided.
components/settings/NewsSettings.tsx(140,25): error TS17004: Cannot use JSX unless the '--jsx' flag is provided.
components/settings/NewsSettings.tsx(145,13): error TS17004: Cannot use JSX unless the '--jsx' flag is provided.
components/settings/NewsSettings.tsx(146,17): error TS17004: Cannot use JSX unless the '--jsx' flag is provided.
components/settings/NewsSettings.tsx(147,17): error TS17004: Cannot use JSX unless the '--jsx' flag is provided.
components/settings/NewsSettings.tsx(151,17): error TS17004: Cannot use JSX unless the '--jsx' flag is provided.
components/settings/NewsSettings.tsx(152,36): error TS7006: Parameter 'feed' implicitly has an 'any' type.
components/settings/NewsSettings.tsx(153,25): error TS17004: Cannot use JSX unless the '--jsx' flag is provided.
components/settings/NewsSettings.tsx(154,29): error TS17004: Cannot use JSX unless the '--jsx' flag is provided.
components/settings/NewsSettings.tsx(155,29): error TS17004: Cannot use JSX unless the '--jsx' flag is provided.
components/settings/NewsSettings.tsx(156,33): error TS17004: Cannot use JSX unless the '--jsx' flag is provided.
components/settings/NewsSettings.tsx(161,25): error TS17004: Cannot use JSX unless the '--jsx' flag is provided.
components/settings/NewsSettings.tsx(165,17): error TS17004: Cannot use JSX unless the '--jsx' flag is provided.
components/settings/NewsSettings.tsx(166,21): error TS17004: Cannot use JSX unless the '--jsx' flag is provided.
components/settings/NewsSettings.tsx(177,21): error TS17004: Cannot use JSX unless the '--jsx' flag is provided.
components/settings/NewsSettings.tsx(182,25): error TS17004: Cannot use JSX unless the '--jsx' flag is provided.
components/settings/NewsSettings.tsx(187,13): error TS17004: Cannot use JSX unless the '--jsx' flag is provided.
components/settings/NewsSettings.tsx(188,17): error TS17004: Cannot use JSX unless the '--jsx' flag is provided.
components/settings/NewsSettings.tsx(189,17): error TS17004: Cannot use JSX unless the '--jsx' flag is provided.
components/settings/NewsSettings.tsx(193,17): error TS17004: Cannot use JSX unless the '--jsx' flag is provided.
components/settings/NewsSettings.tsx(194,44): error TS7006: Parameter 'hostname' implicitly has an 'any' type.
components/settings/NewsSettings.tsx(195,25): error TS17004: Cannot use JSX unless the '--jsx' flag is provided.
components/settings/NewsSettings.tsx(196,29): error TS2322: Type '{ key: any; label: any; onRemove: () => void; variant: "outline"; color: string; }' is not assignable to type 'MetadataChipProps'.
  Property 'key' does not exist on type 'MetadataChipProps'.
components/settings/NewsSettings.tsx(204,25): error TS17004: Cannot use JSX unless the '--jsx' flag is provided.
components/settings/NewsSettings.tsx(208,17): error TS17004: Cannot use JSX unless the '--jsx' flag is provided.
components/settings/NewsSettings.tsx(209,21): error TS17004: Cannot use JSX unless the '--jsx' flag is provided.
components/settings/NewsSettings.tsx(219,21): error TS17004: Cannot use JSX unless the '--jsx' flag is provided.
components/settings/NewsSettings.tsx(224,25): error TS17004: Cannot use JSX unless the '--jsx' flag is provided.
components/settings/NewsSettings.tsx(229,13): error TS17004: Cannot use JSX unless the '--jsx' flag is provided.
components/settings/NewsSettings.tsx(230,17): error TS17004: Cannot use JSX unless the '--jsx' flag is provided.
components/settings/NewsSettings.tsx(231,17): error TS17004: Cannot use JSX unless the '--jsx' flag is provided.
components/settings/NewsSettings.tsx(235,17): error TS17004: Cannot use JSX unless the '--jsx' flag is provided.
components/settings/NewsSettings.tsx(236,43): error TS7006: Parameter 'term' implicitly has an 'any' type.
components/settings/NewsSettings.tsx(237,25): error TS17004: Cannot use JSX unless the '--jsx' flag is provided.
components/settings/NewsSettings.tsx(238,29): error TS2322: Type '{ key: any; label: any; onRemove: () => any; variant: "outline"; color: string; }' is not assignable to type 'MetadataChipProps'.
  Property 'key' does not exist on type 'MetadataChipProps'.
components/settings/NewsSettings.tsx(246,25): error TS17004: Cannot use JSX unless the '--jsx' flag is provided.
components/settings/NewsSettings.tsx(250,17): error TS17004: Cannot use JSX unless the '--jsx' flag is provided.
components/settings/NewsSettings.tsx(251,21): error TS17004: Cannot use JSX unless the '--jsx' flag is provided.
components/settings/NewsSettings.tsx(260,21): error TS17004: Cannot use JSX unless the '--jsx' flag is provided.
components/settings/NewsSettings.tsx(265,25): error TS17004: Cannot use JSX unless the '--jsx' flag is provided.
components/settings/PersonalSettings.tsx(1,53): error TS2307: Cannot find module 'react' or its corresponding type declarations.
components/settings/PersonalSettings.tsx(2,90): error TS2307: Cannot find module 'react-native' or its corresponding type declarations.
components/settings/PersonalSettings.tsx(3,27): error TS2307: Cannot find module 'expo-calendar' or its corresponding type declarations.
components/settings/PersonalSettings.tsx(7,26): error TS2307: Cannot find module '@expo/vector-icons' or its corresponding type declarations.
components/settings/PersonalSettings.tsx(8,34): error TS6142: Module '../ui/SettingsListItem' was resolved to '/app/components/ui/SettingsListItem.tsx', but '--jsx' is not set.
components/settings/PersonalSettings.tsx(9,24): error TS6142: Module '../ui/Button' was resolved to '/app/components/ui/Button.tsx', but '--jsx' is not set.
components/settings/PersonalSettings.tsx(10,23): error TS6142: Module '../ui/Input' was resolved to '/app/components/ui/Input.tsx', but '--jsx' is not set.
components/settings/PersonalSettings.tsx(11,30): error TS6142: Module '../ui/MetadataChip' was resolved to '/app/components/ui/MetadataChip.tsx', but '--jsx' is not set.
components/settings/PersonalSettings.tsx(37,48): error TS7006: Parameter 'c' implicitly has an 'any' type.
components/settings/PersonalSettings.tsx(45,27): error TS2705: An async function or method in ES5 requires the 'Promise' constructor.  Make sure you have a declaration for the 'Promise' constructor or include 'ES2015' in your '--lib' option.
components/settings/PersonalSettings.tsx(48,37): error TS7006: Parameter 'a' implicitly has an 'any' type.
components/settings/PersonalSettings.tsx(48,40): error TS7006: Parameter 'b' implicitly has an 'any' type.
components/settings/PersonalSettings.tsx(59,49): error TS7006: Parameter 'c' implicitly has an 'any' type.
components/settings/PersonalSettings.tsx(67,64): error TS2550: Property 'includes' does not exist on type 'string'. Do you need to change your target library? Try changing the 'lib' compiler option to 'es2015' or later.
components/settings/PersonalSettings.tsx(90,45): error TS7006: Parameter 't' implicitly has an 'any' type.
components/settings/PersonalSettings.tsx(93,13): error TS17004: Cannot use JSX unless the '--jsx' flag is provided.
components/settings/PersonalSettings.tsx(94,17): error TS17004: Cannot use JSX unless the '--jsx' flag is provided.
components/settings/PersonalSettings.tsx(94,18): error TS2741: Property 'children' is missing in type '{ color: any; }' but required in type 'SettingsListItemProps'.
components/settings/PersonalSettings.tsx(95,21): error TS17004: Cannot use JSX unless the '--jsx' flag is provided.
components/settings/PersonalSettings.tsx(96,25): error TS17004: Cannot use JSX unless the '--jsx' flag is provided.
components/settings/PersonalSettings.tsx(97,29): error TS17004: Cannot use JSX unless the '--jsx' flag is provided.
components/settings/PersonalSettings.tsx(100,29): error TS17004: Cannot use JSX unless the '--jsx' flag is provided.
components/settings/PersonalSettings.tsx(103,21): error TS17004: Cannot use JSX unless the '--jsx' flag is provided.
components/settings/PersonalSettings.tsx(112,21): error TS17004: Cannot use JSX unless the '--jsx' flag is provided.
components/settings/PersonalSettings.tsx(114,25): error TS17004: Cannot use JSX unless the '--jsx' flag is provided.
components/settings/PersonalSettings.tsx(115,29): error TS17004: Cannot use JSX unless the '--jsx' flag is provided.
components/settings/PersonalSettings.tsx(123,29): error TS17004: Cannot use JSX unless the '--jsx' flag is provided.
components/settings/PersonalSettings.tsx(133,25): error TS17004: Cannot use JSX unless the '--jsx' flag is provided.
components/settings/PersonalSettings.tsx(137,29): error TS17004: Cannot use JSX unless the '--jsx' flag is provided.
components/settings/PersonalSettings.tsx(138,29): error TS17004: Cannot use JSX unless the '--jsx' flag is provided.
components/settings/PersonalSettings.tsx(140,37): error TS17004: Cannot use JSX unless the '--jsx' flag is provided.
components/settings/PersonalSettings.tsx(141,41): error TS17004: Cannot use JSX unless the '--jsx' flag is provided.
components/settings/PersonalSettings.tsx(142,41): error TS17004: Cannot use JSX unless the '--jsx' flag is provided.
components/settings/PersonalSettings.tsx(145,37): error TS17004: Cannot use JSX unless the '--jsx' flag is provided.
components/settings/PersonalSettings.tsx(147,33): error TS17004: Cannot use JSX unless the '--jsx' flag is provided.
components/settings/PersonalSettings.tsx(157,16): error TS17004: Cannot use JSX unless the '--jsx' flag is provided.
components/settings/PersonalSettings.tsx(161,9): error TS17004: Cannot use JSX unless the '--jsx' flag is provided.
components/settings/PersonalSettings.tsx(162,13): error TS17004: Cannot use JSX unless the '--jsx' flag is provided.
components/settings/PersonalSettings.tsx(163,17): error TS17004: Cannot use JSX unless the '--jsx' flag is provided.
components/settings/PersonalSettings.tsx(164,17): error TS17004: Cannot use JSX unless the '--jsx' flag is provided.
components/settings/PersonalSettings.tsx(167,17): error TS17004: Cannot use JSX unless the '--jsx' flag is provided.
components/settings/PersonalSettings.tsx(175,13): error TS17004: Cannot use JSX unless the '--jsx' flag is provided.
components/settings/PersonalSettings.tsx(176,17): error TS17004: Cannot use JSX unless the '--jsx' flag is provided.
components/settings/PersonalSettings.tsx(177,17): error TS17004: Cannot use JSX unless the '--jsx' flag is provided.
components/settings/PersonalSettings.tsx(182,13): error TS17004: Cannot use JSX unless the '--jsx' flag is provided.
components/settings/PersonalSettings.tsx(184,32): error TS7006: Parameter 'item' implicitly has an 'any' type.
components/settings/PersonalSettings.tsx(192,13): error TS17004: Cannot use JSX unless the '--jsx' flag is provided.
components/settings/PersonalSettings.tsx(193,17): error TS17004: Cannot use JSX unless the '--jsx' flag is provided.
components/settings/PersonalSettings.tsx(194,21): error TS17004: Cannot use JSX unless the '--jsx' flag is provided.
components/settings/PersonalSettings.tsx(195,25): error TS17004: Cannot use JSX unless the '--jsx' flag is provided.
components/settings/PersonalSettings.tsx(197,25): error TS17004: Cannot use JSX unless the '--jsx' flag is provided.
components/settings/PersonalSettings.tsx(201,29): error TS17004: Cannot use JSX unless the '--jsx' flag is provided.
components/settings/PersonalSettings.tsx(204,25): error TS17004: Cannot use JSX unless the '--jsx' flag is provided.
components/settings/PersonalSettings.tsx(206,43): error TS7006: Parameter 'item' implicitly has an 'any' type.
components/settings/PersonalSettings.tsx(208,44): error TS7031: Binding element 'item' implicitly has an 'any' type.
components/settings/PersonalSettings.tsx(209,33): error TS17004: Cannot use JSX unless the '--jsx' flag is provided.
components/settings/PersonalSettings.tsx(213,37): error TS17004: Cannot use JSX unless the '--jsx' flag is provided.
components/settings/PersonalSettings.tsx(214,37): error TS17004: Cannot use JSX unless the '--jsx' flag is provided.
components/settings/PersonalSettings.tsx(216,41): error TS17004: Cannot use JSX unless the '--jsx' flag is provided.
components/settings/PersonalSettings.tsx(222,25): error TS17004: Cannot use JSX unless the '--jsx' flag is provided.
components/settings/ProfileSettings.tsx(1,33): error TS2307: Cannot find module 'react' or its corresponding type declarations.
components/settings/ProfileSettings.tsx(2,39): error TS2307: Cannot find module 'react-native' or its corresponding type declarations.
components/settings/ProfileSettings.tsx(6,22): error TS6142: Module '../ui/Card' was resolved to '/app/components/ui/Card.tsx', but '--jsx' is not set.
components/settings/ProfileSettings.tsx(8,19): error TS2307: Cannot find module 'react-native-toast-message' or its corresponding type declarations.
components/settings/ProfileSettings.tsx(9,33): error TS6142: Module '../ui/DefaultedPrompt' was resolved to '/app/components/ui/DefaultedPrompt.tsx', but '--jsx' is not set.
components/settings/ProfileSettings.tsx(12,24): error TS6142: Module '../ui/Button' was resolved to '/app/components/ui/Button.tsx', but '--jsx' is not set.
components/settings/ProfileSettings.tsx(29,58): error TS7006: Parameter 't' implicitly has an 'any' type.
components/settings/ProfileSettings.tsx(29,80): error TS7006: Parameter 't' implicitly has an 'any' type.
components/settings/ProfileSettings.tsx(45,9): error TS17004: Cannot use JSX unless the '--jsx' flag is provided.
components/settings/ProfileSettings.tsx(45,10): error TS2741: Property 'children' is missing in type '{}' but required in type '{ children: React.ReactNode; className?: string | undefined; padding?: string | undefined; style?: any; background?: any; }'.
components/settings/ProfileSettings.tsx(46,13): error TS17004: Cannot use JSX unless the '--jsx' flag is provided.
components/settings/ProfileSettings.tsx(47,17): error TS17004: Cannot use JSX unless the '--jsx' flag is provided.
components/settings/ProfileSettings.tsx(48,21): error TS17004: Cannot use JSX unless the '--jsx' flag is provided.
components/settings/ProfileSettings.tsx(49,21): error TS17004: Cannot use JSX unless the '--jsx' flag is provided.
components/settings/ProfileSettings.tsx(56,21): error TS17004: Cannot use JSX unless the '--jsx' flag is provided.
components/settings/ProfileSettings.tsx(61,17): error TS17004: Cannot use JSX unless the '--jsx' flag is provided.
components/settings/ProfileSettings.tsx(62,21): error TS17004: Cannot use JSX unless the '--jsx' flag is provided.
components/settings/ProfileSettings.tsx(63,21): error TS17004: Cannot use JSX unless the '--jsx' flag is provided.
components/settings/ProfileSettings.tsx(73,17): error TS17004: Cannot use JSX unless the '--jsx' flag is provided.
components/settings/ProfileSettings.tsx(74,21): error TS17004: Cannot use JSX unless the '--jsx' flag is provided.
components/settings/ProfileSettings.tsx(75,21): error TS17004: Cannot use JSX unless the '--jsx' flag is provided.
components/settings/ProfileSettings.tsx(84,21): error TS17004: Cannot use JSX unless the '--jsx' flag is provided.
components/settings/ProfileSettings.tsx(89,17): error TS17004: Cannot use JSX unless the '--jsx' flag is provided.
components/settings/ProfileSettings.tsx(90,21): error TS17004: Cannot use JSX unless the '--jsx' flag is provided.
components/settings/ProfileSettings.tsx(93,17): error TS17004: Cannot use JSX unless the '--jsx' flag is provided.
components/settings/ProfileSettings.tsx(94,21): error TS17004: Cannot use JSX unless the '--jsx' flag is provided.
components/settings/ServiceAuth.tsx(1,28): error TS2307: Cannot find module 'react-native' or its corresponding type declarations.
components/settings/ServiceAuth.tsx(2,22): error TS6142: Module '../ui/Card' was resolved to '/app/components/ui/Card.tsx', but '--jsx' is not set.
components/settings/ServiceAuth.tsx(3,24): error TS6142: Module '../ui/Button' was resolved to '/app/components/ui/Button.tsx', but '--jsx' is not set.
components/settings/ServiceAuth.tsx(4,26): error TS2307: Cannot find module '@expo/vector-icons' or its corresponding type declarations.
components/settings/ServiceAuth.tsx(5,18): error TS2307: Cannot find module 'clsx' or its corresponding type declarations.
components/settings/ServiceAuth.tsx(20,16): error TS2503: Cannot find namespace 'React'.
components/settings/ServiceAuth.tsx(41,9): error TS17004: Cannot use JSX unless the '--jsx' flag is provided.
components/settings/ServiceAuth.tsx(41,10): error TS2741: Property 'children' is missing in type '{ className: string | undefined; }' but required in type '{ children: React.ReactNode; className?: string | undefined; padding?: string | undefined; style?: any; background?: any; }'.
components/settings/ServiceAuth.tsx(42,13): error TS17004: Cannot use JSX unless the '--jsx' flag is provided.
components/settings/ServiceAuth.tsx(43,17): error TS17004: Cannot use JSX unless the '--jsx' flag is provided.
components/settings/ServiceAuth.tsx(44,21): error TS17004: Cannot use JSX unless the '--jsx' flag is provided.
components/settings/ServiceAuth.tsx(45,21): error TS17004: Cannot use JSX unless the '--jsx' flag is provided.
components/settings/ServiceAuth.tsx(47,17): error TS17004: Cannot use JSX unless the '--jsx' flag is provided.
components/settings/ServiceAuth.tsx(52,21): error TS17004: Cannot use JSX unless the '--jsx' flag is provided.
components/settings/ServiceAuth.tsx(53,25): error TS17004: Cannot use JSX unless the '--jsx' flag is provided.
components/settings/ServiceAuth.tsx(54,30): error TS17004: Cannot use JSX unless the '--jsx' flag is provided.
components/settings/ServiceAuth.tsx(55,30): error TS17004: Cannot use JSX unless the '--jsx' flag is provided.
components/settings/ServiceAuth.tsx(56,34): error TS17004: Cannot use JSX unless the '--jsx' flag is provided.
components/settings/ServiceAuth.tsx(60,29): error TS17004: Cannot use JSX unless the '--jsx' flag is provided.
components/settings/ServiceAuth.tsx(68,21): error TS17004: Cannot use JSX unless the '--jsx' flag is provided.
components/settings/ServiceAuth.tsx(70,25): error TS17004: Cannot use JSX unless the '--jsx' flag is provided.
components/settings/SyncDebugView.tsx(1,95): error TS2307: Cannot find module 'react-native' or its corresponding type declarations.
components/settings/SyncDebugView.tsx(2,46): error TS2307: Cannot find module 'react' or its corresponding type declarations.
components/settings/SyncDebugView.tsx(4,22): error TS6142: Module '../ui/Card' was resolved to '/app/components/ui/Card.tsx', but '--jsx' is not set.
components/settings/SyncDebugView.tsx(5,24): error TS6142: Module '../ui/Button' was resolved to '/app/components/ui/Button.tsx', but '--jsx' is not set.
components/settings/SyncDebugView.tsx(6,26): error TS2307: Cannot find module '@expo/vector-icons' or its corresponding type declarations.
components/settings/SyncDebugView.tsx(7,30): error TS6142: Module '../ui/JsonTreeView' was resolved to '/app/components/ui/JsonTreeView.tsx', but '--jsx' is not set.
components/settings/SyncDebugView.tsx(33,25): error TS2705: An async function or method in ES5 requires the 'Promise' constructor.  Make sure you have a declaration for the 'Promise' constructor or include 'ES2015' in your '--lib' option.
components/settings/SyncDebugView.tsx(45,24): error TS2705: An async function or method in ES5 requires the 'Promise' constructor.  Make sure you have a declaration for the 'Promise' constructor or include 'ES2015' in your '--lib' option.
components/settings/SyncDebugView.tsx(204,9): error TS17004: Cannot use JSX unless the '--jsx' flag is provided.
components/settings/SyncDebugView.tsx(205,13): error TS17004: Cannot use JSX unless the '--jsx' flag is provided.
components/settings/SyncDebugView.tsx(205,14): error TS2741: Property 'children' is missing in type '{}' but required in type '{ children: React.ReactNode; className?: string | undefined; padding?: string | undefined; style?: any; background?: any; }'.
components/settings/SyncDebugView.tsx(206,17): error TS17004: Cannot use JSX unless the '--jsx' flag is provided.
components/settings/SyncDebugView.tsx(207,21): error TS17004: Cannot use JSX unless the '--jsx' flag is provided.
components/settings/SyncDebugView.tsx(208,21): error TS17004: Cannot use JSX unless the '--jsx' flag is provided.
components/settings/SyncDebugView.tsx(209,26): error TS17004: Cannot use JSX unless the '--jsx' flag is provided.
components/settings/SyncDebugView.tsx(212,17): error TS17004: Cannot use JSX unless the '--jsx' flag is provided.
components/settings/SyncDebugView.tsx(213,21): error TS17004: Cannot use JSX unless the '--jsx' flag is provided.
components/settings/SyncDebugView.tsx(214,21): error TS17004: Cannot use JSX unless the '--jsx' flag is provided.
components/settings/SyncDebugView.tsx(218,17): error TS17004: Cannot use JSX unless the '--jsx' flag is provided.
components/settings/SyncDebugView.tsx(223,13): error TS17004: Cannot use JSX unless the '--jsx' flag is provided.
components/settings/SyncDebugView.tsx(224,17): error TS17004: Cannot use JSX unless the '--jsx' flag is provided.
components/settings/SyncDebugView.tsx(225,17): error TS17004: Cannot use JSX unless the '--jsx' flag is provided.
components/settings/SyncDebugView.tsx(226,34): error TS7006: Parameter 't' implicitly has an 'any' type.
components/settings/SyncDebugView.tsx(227,25): error TS17004: Cannot use JSX unless the '--jsx' flag is provided.
components/settings/SyncDebugView.tsx(232,29): error TS17004: Cannot use JSX unless the '--jsx' flag is provided.
components/settings/SyncDebugView.tsx(239,17): error TS17004: Cannot use JSX unless the '--jsx' flag is provided.
components/settings/SyncDebugView.tsx(240,21): error TS17004: Cannot use JSX unless the '--jsx' flag is provided.
components/settings/SyncDebugView.tsx(241,25): error TS17004: Cannot use JSX unless the '--jsx' flag is provided.
components/settings/SyncDebugView.tsx(242,25): error TS17004: Cannot use JSX unless the '--jsx' flag is provided.
components/settings/SyncDebugView.tsx(243,29): error TS17004: Cannot use JSX unless the '--jsx' flag is provided.
components/settings/SyncDebugView.tsx(247,33): error TS17004: Cannot use JSX unless the '--jsx' flag is provided.
components/settings/SyncDebugView.tsx(249,29): error TS17004: Cannot use JSX unless the '--jsx' flag is provided.
components/settings/SyncDebugView.tsx(253,33): error TS17004: Cannot use JSX unless the '--jsx' flag is provided.
components/settings/SyncDebugView.tsx(258,35): error TS17004: Cannot use JSX unless the '--jsx' flag is provided.
components/settings/SyncDebugView.tsx(260,21): error TS17004: Cannot use JSX unless the '--jsx' flag is provided.
components/settings/SyncDebugView.tsx(263,33): error TS17004: Cannot use JSX unless the '--jsx' flag is provided.
components/settings/SyncDebugView.tsx(269,33): error TS17004: Cannot use JSX unless the '--jsx' flag is provided.
components/settings/SyncDebugView.tsx(270,37): error TS17004: Cannot use JSX unless the '--jsx' flag is provided.
components/settings/SyncDebugView.tsx(274,29): error TS17004: Cannot use JSX unless the '--jsx' flag is provided.
components/settings/SyncDebugView.tsx(275,33): error TS17004: Cannot use JSX unless the '--jsx' flag is provided.
components/settings/SyncDebugView.tsx(297,21): error TS17004: Cannot use JSX unless the '--jsx' flag is provided.
components/settings/SyncDebugView.tsx(298,25): error TS17004: Cannot use JSX unless the '--jsx' flag is provided.
components/settings/SyncDebugView.tsx(307,13): error TS17004: Cannot use JSX unless the '--jsx' flag is provided.
components/settings/SyncDebugView.tsx(313,17): error TS17004: Cannot use JSX unless the '--jsx' flag is provided.
components/settings/SyncDebugView.tsx(314,21): error TS17004: Cannot use JSX unless the '--jsx' flag is provided.
components/settings/SyncDebugView.tsx(315,25): error TS17004: Cannot use JSX unless the '--jsx' flag is provided.
components/settings/SyncDebugView.tsx(316,25): error TS17004: Cannot use JSX unless the '--jsx' flag is provided.
components/settings/SyncDebugView.tsx(318,25): error TS17004: Cannot use JSX unless the '--jsx' flag is provided.
components/settings/SyncDebugView.tsx(319,29): error TS17004: Cannot use JSX unless the '--jsx' flag is provided.
components/settings/SyncDebugView.tsx(335,25): error TS17004: Cannot use JSX unless the '--jsx' flag is provided.
components/settings/SyncDebugView.tsx(336,29): error TS17004: Cannot use JSX unless the '--jsx' flag is provided.
components/settings/SyncDebugView.tsx(340,33): error TS17004: Cannot use JSX unless the '--jsx' flag is provided.
components/settings/SyncDebugView.tsx(342,29): error TS17004: Cannot use JSX unless the '--jsx' flag is provided.
components/settings/SyncDebugView.tsx(346,33): error TS17004: Cannot use JSX unless the '--jsx' flag is provided.
components/settings/TagPropertySettings.tsx(1,53): error TS2307: Cannot find module 'react' or its corresponding type declarations.
components/settings/TagPropertySettings.tsx(2,94): error TS2307: Cannot find module 'react-native' or its corresponding type declarations.
components/settings/TagPropertySettings.tsx(6,26): error TS2307: Cannot find module '@expo/vector-icons' or its corresponding type declarations.
components/settings/TagPropertySettings.tsx(7,19): error TS2307: Cannot find module 'react-native-toast-message' or its corresponding type declarations.
components/settings/TagPropertySettings.tsx(8,34): error TS6142: Module '../ui/SettingsListItem' was resolved to '/app/components/ui/SettingsListItem.tsx', but '--jsx' is not set.
components/settings/TagPropertySettings.tsx(9,40): error TS6142: Module '../TagPropertyConfigModal' was resolved to '/app/components/TagPropertyConfigModal.tsx', but '--jsx' is not set.
components/settings/TagPropertySettings.tsx(26,25): error TS2583: Cannot find name 'Set'. Do you need to change your target library? Try changing the 'lib' compiler option to 'es2015' or later.
components/settings/TagPropertySettings.tsx(27,23): error TS7006: Parameter 't' implicitly has an 'any' type.
components/settings/TagPropertySettings.tsx(27,43): error TS7006: Parameter 'tag' implicitly has an 'any' type.
components/settings/TagPropertySettings.tsx(28,22): error TS2550: Property 'from' does not exist on type 'ArrayConstructor'. Do you need to change your target library? Try changing the 'lib' compiler option to 'es2015' or later.
components/settings/TagPropertySettings.tsx(32,25): error TS2583: Cannot find name 'Set'. Do you need to change your target library? Try changing the 'lib' compiler option to 'es2015' or later.
components/settings/TagPropertySettings.tsx(33,23): error TS7006: Parameter 't' implicitly has an 'any' type.
components/settings/TagPropertySettings.tsx(34,22): error TS2550: Property 'from' does not exist on type 'ArrayConstructor'. Do you need to change your target library? Try changing the 'lib' compiler option to 'es2015' or later.
components/settings/TagPropertySettings.tsx(37,24): error TS2705: An async function or method in ES5 requires the 'Promise' constructor.  Make sure you have a declaration for the 'Promise' constructor or include 'ES2015' in your '--lib' option.
components/settings/TagPropertySettings.tsx(95,16): error TS2550: Property 'entries' does not exist on type 'ObjectConstructor'. Do you need to change your target library? Try changing the 'lib' compiler option to 'es2017' or later.
components/settings/TagPropertySettings.tsx(95,56): error TS7031: Binding element 'prop' implicitly has an 'any' type.
components/settings/TagPropertySettings.tsx(95,62): error TS7031: Binding element 'config' implicitly has an 'any' type.
components/settings/TagPropertySettings.tsx(99,39): error TS2550: Property 'includes' does not exist on type 'string[]'. Do you need to change your target library? Try changing the 'lib' compiler option to 'es2016' or later.
components/settings/TagPropertySettings.tsx(105,23): error TS7006: Parameter 'task' implicitly has an 'any' type.
components/settings/TagPropertySettings.tsx(106,20): error TS2550: Property 'entries' does not exist on type 'ObjectConstructor'. Do you need to change your target library? Try changing the 'lib' compiler option to 'es2017' or later.
components/settings/TagPropertySettings.tsx(106,55): error TS7031: Binding element 'key' implicitly has an 'any' type.
components/settings/TagPropertySettings.tsx(106,60): error TS7031: Binding element 'value' implicitly has an 'any' type.
components/settings/TagPropertySettings.tsx(109,34): error TS2550: Property 'includes' does not exist on type 'string[]'. Do you need to change your target library? Try changing the 'lib' compiler option to 'es2016' or later.
components/settings/TagPropertySettings.tsx(128,13): error TS17004: Cannot use JSX unless the '--jsx' flag is provided.
components/settings/TagPropertySettings.tsx(128,14): error TS2741: Property 'children' is missing in type '{ onPress: () => any; color: any; }' but required in type 'SettingsListItemProps'.
components/settings/TagPropertySettings.tsx(132,17): error TS17004: Cannot use JSX unless the '--jsx' flag is provided.
components/settings/TagPropertySettings.tsx(133,21): error TS17004: Cannot use JSX unless the '--jsx' flag is provided.
components/settings/TagPropertySettings.tsx(134,25): error TS17004: Cannot use JSX unless the '--jsx' flag is provided.
components/settings/TagPropertySettings.tsx(135,25): error TS17004: Cannot use JSX unless the '--jsx' flag is provided.
components/settings/TagPropertySettings.tsx(141,21): error TS17004: Cannot use JSX unless the '--jsx' flag is provided.
components/settings/TagPropertySettings.tsx(143,41): error TS7006: Parameter 'val' implicitly has an 'any' type.
components/settings/TagPropertySettings.tsx(153,9): error TS17004: Cannot use JSX unless the '--jsx' flag is provided.
components/settings/TagPropertySettings.tsx(154,14): error TS17004: Cannot use JSX unless the '--jsx' flag is provided.
components/settings/TagPropertySettings.tsx(155,17): error TS17004: Cannot use JSX unless the '--jsx' flag is provided.
components/settings/TagPropertySettings.tsx(159,21): error TS17004: Cannot use JSX unless the '--jsx' flag is provided.
components/settings/TagPropertySettings.tsx(161,17): error TS17004: Cannot use JSX unless the '--jsx' flag is provided.
components/settings/TagPropertySettings.tsx(165,21): error TS17004: Cannot use JSX unless the '--jsx' flag is provided.
components/settings/TagPropertySettings.tsx(170,13): error TS17004: Cannot use JSX unless the '--jsx' flag is provided.
components/settings/TagPropertySettings.tsx(171,17): error TS17004: Cannot use JSX unless the '--jsx' flag is provided.
components/settings/TagPropertySettings.tsx(172,21): error TS17004: Cannot use JSX unless the '--jsx' flag is provided.
components/settings/TagPropertySettings.tsx(178,29): error TS17004: Cannot use JSX unless the '--jsx' flag is provided.
components/settings/TagPropertySettings.tsx(180,29): error TS17004: Cannot use JSX unless the '--jsx' flag is provided.
components/settings/TagPropertySettings.tsx(181,33): error TS17004: Cannot use JSX unless the '--jsx' flag is provided.
components/settings/TagPropertySettings.tsx(182,33): error TS17004: Cannot use JSX unless the '--jsx' flag is provided.
components/settings/TagPropertySettings.tsx(188,17): error TS17004: Cannot use JSX unless the '--jsx' flag is provided.
components/settings/TagPropertySettings.tsx(189,21): error TS17004: Cannot use JSX unless the '--jsx' flag is provided.
components/settings/TagPropertySettings.tsx(196,21): error TS17004: Cannot use JSX unless the '--jsx' flag is provided.
components/settings/TagPropertySettings.tsx(200,25): error TS17004: Cannot use JSX unless the '--jsx' flag is provided.
components/settings/TagPropertySettings.tsx(205,13): error TS17004: Cannot use JSX unless the '--jsx' flag is provided.
components/settings/TagPropertySettings.tsx(207,31): error TS7006: Parameter 'item' implicitly has an 'any' type.
components/settings/TagPropertySettings.tsx(211,21): error TS17004: Cannot use JSX unless the '--jsx' flag is provided.
components/settings/TagPropertySettings.tsx(219,17): error TS17004: Cannot use JSX unless the '--jsx' flag is provided.
components/settings/TasksSettings.tsx(1,44): error TS2307: Cannot find module 'react' or its corresponding type declarations.
components/settings/TasksSettings.tsx(2,46): error TS2307: Cannot find module 'react-native' or its corresponding type declarations.
components/settings/TasksSettings.tsx(3,22): error TS6142: Module '../ui/Card' was resolved to '/app/components/ui/Card.tsx', but '--jsx' is not set.
components/settings/TasksSettings.tsx(4,29): error TS6142: Module '../ui/FolderInput' was resolved to '/app/components/ui/FolderInput.tsx', but '--jsx' is not set.
components/settings/TasksSettings.tsx(15,25): error TS2705: An async function or method in ES5 requires the 'Promise' constructor.  Make sure you have a declaration for the 'Promise' constructor or include 'ES2015' in your '--lib' option.
components/settings/TasksSettings.tsx(38,9): error TS17004: Cannot use JSX unless the '--jsx' flag is provided.
components/settings/TasksSettings.tsx(38,10): error TS2741: Property 'children' is missing in type '{}' but required in type '{ children: React.ReactNode; className?: string | undefined; padding?: string | undefined; style?: any; background?: any; }'.
components/settings/TasksSettings.tsx(39,13): error TS17004: Cannot use JSX unless the '--jsx' flag is provided.
components/settings/TasksSettings.tsx(40,17): error TS17004: Cannot use JSX unless the '--jsx' flag is provided.
components/settings/TasksSettings.tsx(41,17): error TS17004: Cannot use JSX unless the '--jsx' flag is provided.
components/settings/TasksSettings.tsx(46,17): error TS17004: Cannot use JSX unless the '--jsx' flag is provided.
components/settings/TasksSettings.tsx(58,17): error TS17004: Cannot use JSX unless the '--jsx' flag is provided.
components/settings/TasksSettings.tsx(59,21): error TS17004: Cannot use JSX unless the '--jsx' flag is provided.
components/settings/TasksSettings.tsx(65,13): error TS17004: Cannot use JSX unless the '--jsx' flag is provided.
components/settings/TasksSettings.tsx(66,17): error TS17004: Cannot use JSX unless the '--jsx' flag is provided.
components/settings/TimeRangesSettings.tsx(1,19): error TS2307: Cannot find module 'react' or its corresponding type declarations.
components/settings/TimeRangesSettings.tsx(2,58): error TS2307: Cannot find module 'react-native' or its corresponding type declarations.
components/settings/TimeRangesSettings.tsx(4,31): error TS6142: Module '../ui/calendar/components/TimeRangeItem' was resolved to '/app/components/ui/calendar/components/TimeRangeItem.tsx', but '--jsx' is not set.
components/settings/TimeRangesSettings.tsx(5,31): error TS6142: Module '../ui/calendar/components/TimeRangeForm' was resolved to '/app/components/ui/calendar/components/TimeRangeForm.tsx', but '--jsx' is not set.
components/settings/TimeRangesSettings.tsx(30,17): error TS17004: Cannot use JSX unless the '--jsx' flag is provided.
components/settings/TimeRangesSettings.tsx(39,17): error TS17004: Cannot use JSX unless the '--jsx' flag is provided.
components/settings/TimeRangesSettings.tsx(48,13): error TS17004: Cannot use JSX unless the '--jsx' flag is provided.
components/settings/TimeRangesSettings.tsx(50,21): error TS17004: Cannot use JSX unless the '--jsx' flag is provided.
components/settings/TimeRangesSettings.tsx(51,25): error TS17004: Cannot use JSX unless the '--jsx' flag is provided.
components/settings/TimeRangesSettings.tsx(52,25): error TS17004: Cannot use JSX unless the '--jsx' flag is provided.
components/settings/TimeRangesSettings.tsx(58,33): error TS7006: Parameter 'range' implicitly has an 'any' type.
components/settings/TimeRangesSettings.tsx(59,25): error TS17004: Cannot use JSX unless the '--jsx' flag is provided.
components/settings/TimeRangesSettings.tsx(60,29): error TS2322: Type '{ key: any; range: any; onEdit: () => any; onDelete: () => any; onToggle: () => any; }' is not assignable to type 'TimeRangeItemProps'.
  Property 'key' does not exist on type 'TimeRangeItemProps'.
components/settings/TimeRangesSettings.tsx(69,17): error TS17004: Cannot use JSX unless the '--jsx' flag is provided.
components/settings/TimeRangesSettings.tsx(73,21): error TS17004: Cannot use JSX unless the '--jsx' flag is provided.
components/settings/TimeRangesSettings.tsx(80,9): error TS17004: Cannot use JSX unless the '--jsx' flag is provided.
components/settings/TimeRangesSettings.tsx(81,13): error TS17004: Cannot use JSX unless the '--jsx' flag is provided.
components/settings/TimeRangesSettings.tsx(84,13): error TS17004: Cannot use JSX unless the '--jsx' flag is provided.
components/settings/WalkSettings.tsx(1,44): error TS2307: Cannot find module 'react' or its corresponding type declarations.
components/settings/WalkSettings.tsx(2,51): error TS2307: Cannot find module 'react-native' or its corresponding type declarations.
components/settings/WalkSettings.tsx(3,22): error TS6142: Module '../ui/Card' was resolved to '/app/components/ui/Card.tsx', but '--jsx' is not set.
components/settings/WalkSettings.tsx(4,24): error TS6142: Module '../ui/Button' was resolved to '/app/components/ui/Button.tsx', but '--jsx' is not set.
components/settings/WalkSettings.tsx(6,33): error TS6142: Module '../ui/DefaultedPrompt' was resolved to '/app/components/ui/DefaultedPrompt.tsx', but '--jsx' is not set.
components/settings/WalkSettings.tsx(7,19): error TS2307: Cannot find module 'react-native-toast-message' or its corresponding type declarations.
components/settings/WalkSettings.tsx(54,9): error TS17004: Cannot use JSX unless the '--jsx' flag is provided.
components/settings/WalkSettings.tsx(55,13): error TS17004: Cannot use JSX unless the '--jsx' flag is provided.
components/settings/WalkSettings.tsx(55,14): error TS2741: Property 'children' is missing in type '{}' but required in type '{ children: React.ReactNode; className?: string | undefined; padding?: string | undefined; style?: any; background?: any; }'.
components/settings/WalkSettings.tsx(56,17): error TS17004: Cannot use JSX unless the '--jsx' flag is provided.
components/settings/WalkSettings.tsx(57,21): error TS17004: Cannot use JSX unless the '--jsx' flag is provided.
components/settings/WalkSettings.tsx(58,21): error TS17004: Cannot use JSX unless the '--jsx' flag is provided.
components/settings/WalkSettings.tsx(62,21): error TS17004: Cannot use JSX unless the '--jsx' flag is provided.
components/settings/WalkSettings.tsx(63,25): error TS17004: Cannot use JSX unless the '--jsx' flag is provided.
components/settings/WalkSettings.tsx(64,25): error TS17004: Cannot use JSX unless the '--jsx' flag is provided.
components/settings/WalkSettings.tsx(67,44): error TS7006: Parameter 'text' implicitly has an 'any' type.
components/settings/WalkSettings.tsx(75,25): error TS17004: Cannot use JSX unless the '--jsx' flag is provided.
components/settings/WalkSettings.tsx(78,25): error TS17004: Cannot use JSX unless the '--jsx' flag is provided.
components/settings/WalkSettings.tsx(86,21): error TS17004: Cannot use JSX unless the '--jsx' flag is provided.
components/settings/WeatherSettings.tsx(1,57): error TS2307: Cannot find module 'react' or its corresponding type declarations.
components/settings/WeatherSettings.tsx(2,83): error TS2307: Cannot find module 'react-native' or its corresponding type declarations.
components/settings/WeatherSettings.tsx(3,22): error TS6142: Module '../ui/Card' was resolved to '/app/components/ui/Card.tsx', but '--jsx' is not set.
components/settings/WeatherSettings.tsx(4,23): error TS6142: Module '../ui/Input' was resolved to '/app/components/ui/Input.tsx', but '--jsx' is not set.
components/settings/WeatherSettings.tsx(6,26): error TS2307: Cannot find module '@expo/vector-icons' or its corresponding type declarations.
components/settings/WeatherSettings.tsx(33,34): error TS2705: An async function or method in ES5 requires the 'Promise' constructor.  Make sure you have a declaration for the 'Promise' constructor or include 'ES2015' in your '--lib' option.
components/settings/WeatherSettings.tsx(67,35): error TS2705: An async function or method in ES5 requires the 'Promise' constructor.  Make sure you have a declaration for the 'Promise' constructor or include 'ES2015' in your '--lib' option.
components/settings/WeatherSettings.tsx(80,9): error TS17004: Cannot use JSX unless the '--jsx' flag is provided.
components/settings/WeatherSettings.tsx(80,10): error TS2741: Property 'children' is missing in type '{}' but required in type '{ children: React.ReactNode; className?: string | undefined; padding?: string | undefined; style?: any; background?: any; }'.
components/settings/WeatherSettings.tsx(81,13): error TS17004: Cannot use JSX unless the '--jsx' flag is provided.
components/settings/WeatherSettings.tsx(82,17): error TS17004: Cannot use JSX unless the '--jsx' flag is provided.
components/settings/WeatherSettings.tsx(83,21): error TS17004: Cannot use JSX unless the '--jsx' flag is provided.
components/settings/WeatherSettings.tsx(84,21): error TS17004: Cannot use JSX unless the '--jsx' flag is provided.
components/settings/WeatherSettings.tsx(85,25): error TS17004: Cannot use JSX unless the '--jsx' flag is provided.
components/settings/WeatherSettings.tsx(88,25): error TS17004: Cannot use JSX unless the '--jsx' flag is provided.
components/settings/WeatherSettings.tsx(97,17): error TS17004: Cannot use JSX unless the '--jsx' flag is provided.
components/settings/WeatherSettings.tsx(98,17): error TS17004: Cannot use JSX unless the '--jsx' flag is provided.
components/settings/WeatherSettings.tsx(99,21): error TS17004: Cannot use JSX unless the '--jsx' flag is provided.
components/settings/WeatherSettings.tsx(100,25): error TS17004: Cannot use JSX unless the '--jsx' flag is provided.
components/settings/WeatherSettings.tsx(102,21): error TS17004: Cannot use JSX unless the '--jsx' flag is provided.
components/settings/WeatherSettings.tsx(103,25): error TS17004: Cannot use JSX unless the '--jsx' flag is provided.
components/settings/WeatherSettings.tsx(106,25): error TS17004: Cannot use JSX unless the '--jsx' flag is provided.
components/settings/WeatherSettings.tsx(114,17): error TS17004: Cannot use JSX unless the '--jsx' flag is provided.
components/settings/WeatherSettings.tsx(115,21): error TS17004: Cannot use JSX unless the '--jsx' flag is provided.
components/settings/WeatherSettings.tsx(116,21): error TS17004: Cannot use JSX unless the '--jsx' flag is provided.
components/settings/WeatherSettings.tsx(126,17): error TS17004: Cannot use JSX unless the '--jsx' flag is provided.
components/settings/WeatherSettings.tsx(127,21): error TS17004: Cannot use JSX unless the '--jsx' flag is provided.
components/settings/WeatherSettings.tsx(132,17): error TS17004: Cannot use JSX unless the '--jsx' flag is provided.
components/settings/WeatherSettings.tsx(136,17): error TS17004: Cannot use JSX unless the '--jsx' flag is provided.
components/settings/WeatherSettings.tsx(137,35): error TS7006: Parameter 'item' implicitly has an 'any' type.
components/settings/WeatherSettings.tsx(137,41): error TS7006: Parameter 'index' implicitly has an 'any' type.
components/settings/WeatherSettings.tsx(138,25): error TS17004: Cannot use JSX unless the '--jsx' flag is provided.
components/settings/WeatherSettings.tsx(145,29): error TS17004: Cannot use JSX unless the '--jsx' flag is provided.
components/settings/WeatherSettings.tsx(146,33): error TS17004: Cannot use JSX unless the '--jsx' flag is provided.
components/settings/WeatherSettings.tsx(147,33): error TS17004: Cannot use JSX unless the '--jsx' flag is provided.
components/settings/WeatherSettings.tsx(151,29): error TS17004: Cannot use JSX unless the '--jsx' flag is provided.
components/settings/WorkSettings.tsx(1,44): error TS2307: Cannot find module 'react' or its corresponding type declarations.
components/settings/WorkSettings.tsx(2,101): error TS2307: Cannot find module 'react-native' or its corresponding type declarations.
components/settings/WorkSettings.tsx(3,27): error TS2307: Cannot find module 'expo-calendar' or its corresponding type declarations.
components/settings/WorkSettings.tsx(6,26): error TS2307: Cannot find module '@expo/vector-icons' or its corresponding type declarations.
components/settings/WorkSettings.tsx(7,34): error TS6142: Module '../ui/SettingsListItem' was resolved to '/app/components/ui/SettingsListItem.tsx', but '--jsx' is not set.
components/settings/WorkSettings.tsx(8,24): error TS6142: Module '../ui/Button' was resolved to '/app/components/ui/Button.tsx', but '--jsx' is not set.
components/settings/WorkSettings.tsx(9,23): error TS6142: Module '../ui/Input' was resolved to '/app/components/ui/Input.tsx', but '--jsx' is not set.
components/settings/WorkSettings.tsx(10,30): error TS6142: Module '../ui/MetadataChip' was resolved to '/app/components/ui/MetadataChip.tsx', but '--jsx' is not set.
components/settings/WorkSettings.tsx(36,44): error TS7006: Parameter 'c' implicitly has an 'any' type.
components/settings/WorkSettings.tsx(44,27): error TS2705: An async function or method in ES5 requires the 'Promise' constructor.  Make sure you have a declaration for the 'Promise' constructor or include 'ES2015' in your '--lib' option.
components/settings/WorkSettings.tsx(47,37): error TS7006: Parameter 'a' implicitly has an 'any' type.
components/settings/WorkSettings.tsx(47,40): error TS7006: Parameter 'b' implicitly has an 'any' type.
components/settings/WorkSettings.tsx(58,45): error TS7006: Parameter 'c' implicitly has an 'any' type.
components/settings/WorkSettings.tsx(65,60): error TS2550: Property 'includes' does not exist on type 'string'. Do you need to change your target library? Try changing the 'lib' compiler option to 'es2015' or later.
components/settings/WorkSettings.tsx(88,45): error TS7006: Parameter 't' implicitly has an 'any' type.
components/settings/WorkSettings.tsx(91,13): error TS17004: Cannot use JSX unless the '--jsx' flag is provided.
components/settings/WorkSettings.tsx(92,17): error TS17004: Cannot use JSX unless the '--jsx' flag is provided.
components/settings/WorkSettings.tsx(92,18): error TS2741: Property 'children' is missing in type '{ color: any; }' but required in type 'SettingsListItemProps'.
components/settings/WorkSettings.tsx(93,21): error TS17004: Cannot use JSX unless the '--jsx' flag is provided.
components/settings/WorkSettings.tsx(94,25): error TS17004: Cannot use JSX unless the '--jsx' flag is provided.
components/settings/WorkSettings.tsx(95,29): error TS17004: Cannot use JSX unless the '--jsx' flag is provided.
components/settings/WorkSettings.tsx(98,29): error TS17004: Cannot use JSX unless the '--jsx' flag is provided.
components/settings/WorkSettings.tsx(101,21): error TS17004: Cannot use JSX unless the '--jsx' flag is provided.
components/settings/WorkSettings.tsx(110,21): error TS17004: Cannot use JSX unless the '--jsx' flag is provided.
components/settings/WorkSettings.tsx(111,25): error TS17004: Cannot use JSX unless the '--jsx' flag is provided.
components/settings/WorkSettings.tsx(112,29): error TS17004: Cannot use JSX unless the '--jsx' flag is provided.
components/settings/WorkSettings.tsx(120,29): error TS17004: Cannot use JSX unless the '--jsx' flag is provided.
components/settings/WorkSettings.tsx(129,25): error TS17004: Cannot use JSX unless the '--jsx' flag is provided.
components/settings/WorkSettings.tsx(133,29): error TS17004: Cannot use JSX unless the '--jsx' flag is provided.
components/settings/WorkSettings.tsx(134,29): error TS17004: Cannot use JSX unless the '--jsx' flag is provided.
components/settings/WorkSettings.tsx(136,37): error TS17004: Cannot use JSX unless the '--jsx' flag is provided.
components/settings/WorkSettings.tsx(137,41): error TS17004: Cannot use JSX unless the '--jsx' flag is provided.
components/settings/WorkSettings.tsx(138,41): error TS17004: Cannot use JSX unless the '--jsx' flag is provided.
components/settings/WorkSettings.tsx(141,37): error TS17004: Cannot use JSX unless the '--jsx' flag is provided.
components/settings/WorkSettings.tsx(143,33): error TS17004: Cannot use JSX unless the '--jsx' flag is provided.
components/settings/WorkSettings.tsx(153,16): error TS17004: Cannot use JSX unless the '--jsx' flag is provided.
components/settings/WorkSettings.tsx(157,9): error TS17004: Cannot use JSX unless the '--jsx' flag is provided.
components/settings/WorkSettings.tsx(158,13): error TS17004: Cannot use JSX unless the '--jsx' flag is provided.
components/settings/WorkSettings.tsx(159,17): error TS17004: Cannot use JSX unless the '--jsx' flag is provided.
components/settings/WorkSettings.tsx(160,17): error TS17004: Cannot use JSX unless the '--jsx' flag is provided.
components/settings/WorkSettings.tsx(163,17): error TS17004: Cannot use JSX unless the '--jsx' flag is provided.
components/settings/WorkSettings.tsx(171,13): error TS17004: Cannot use JSX unless the '--jsx' flag is provided.
components/settings/WorkSettings.tsx(172,17): error TS17004: Cannot use JSX unless the '--jsx' flag is provided.
components/settings/WorkSettings.tsx(173,17): error TS17004: Cannot use JSX unless the '--jsx' flag is provided.
components/settings/WorkSettings.tsx(178,13): error TS17004: Cannot use JSX unless the '--jsx' flag is provided.
components/settings/WorkSettings.tsx(180,32): error TS7006: Parameter 'item' implicitly has an 'any' type.
components/settings/WorkSettings.tsx(187,13): error TS17004: Cannot use JSX unless the '--jsx' flag is provided.
components/settings/WorkSettings.tsx(188,17): error TS17004: Cannot use JSX unless the '--jsx' flag is provided.
components/settings/WorkSettings.tsx(189,21): error TS17004: Cannot use JSX unless the '--jsx' flag is provided.
components/settings/WorkSettings.tsx(190,25): error TS17004: Cannot use JSX unless the '--jsx' flag is provided.
components/settings/WorkSettings.tsx(192,25): error TS17004: Cannot use JSX unless the '--jsx' flag is provided.
components/settings/WorkSettings.tsx(196,29): error TS17004: Cannot use JSX unless the '--jsx' flag is provided.
components/settings/WorkSettings.tsx(199,25): error TS17004: Cannot use JSX unless the '--jsx' flag is provided.
components/settings/WorkSettings.tsx(201,43): error TS7006: Parameter 'item' implicitly has an 'any' type.
components/settings/WorkSettings.tsx(203,44): error TS7031: Binding element 'item' implicitly has an 'any' type.
components/settings/WorkSettings.tsx(204,33): error TS17004: Cannot use JSX unless the '--jsx' flag is provided.
components/settings/WorkSettings.tsx(208,37): error TS17004: Cannot use JSX unless the '--jsx' flag is provided.
components/settings/WorkSettings.tsx(209,37): error TS17004: Cannot use JSX unless the '--jsx' flag is provided.
components/settings/WorkSettings.tsx(211,41): error TS17004: Cannot use JSX unless the '--jsx' flag is provided.
components/settings/WorkSettings.tsx(217,25): error TS17004: Cannot use JSX unless the '--jsx' flag is provided.
components/tasks/TasksFilterPanel.tsx(1,33): error TS2307: Cannot find module 'react' or its corresponding type declarations.
components/tasks/TasksFilterPanel.tsx(2,66): error TS2307: Cannot find module 'react-native' or its corresponding type declarations.
components/tasks/TasksFilterPanel.tsx(3,26): error TS2307: Cannot find module '@expo/vector-icons' or its corresponding type declarations.
components/tasks/TasksFilterPanel.tsx(6,27): error TS6142: Module '../ui/AppButton' was resolved to '/app/components/ui/AppButton.tsx', but '--jsx' is not set.
components/tasks/TasksFilterPanel.tsx(31,9): error TS17004: Cannot use JSX unless the '--jsx' flag is provided.
components/tasks/TasksFilterPanel.tsx(32,13): error TS17004: Cannot use JSX unless the '--jsx' flag is provided.
components/tasks/TasksFilterPanel.tsx(33,17): error TS17004: Cannot use JSX unless the '--jsx' flag is provided.
components/tasks/TasksFilterPanel.tsx(34,17): error TS17004: Cannot use JSX unless the '--jsx' flag is provided.
components/tasks/TasksFilterPanel.tsx(42,21): error TS17004: Cannot use JSX unless the '--jsx' flag is provided.
components/tasks/TasksFilterPanel.tsx(43,25): error TS17004: Cannot use JSX unless the '--jsx' flag is provided.
components/tasks/TasksFilterPanel.tsx(48,13): error TS17004: Cannot use JSX unless the '--jsx' flag is provided.
components/tasks/TasksFilterPanel.tsx(49,17): error TS17004: Cannot use JSX unless the '--jsx' flag is provided.
components/tasks/TasksFilterPanel.tsx(50,21): error TS17004: Cannot use JSX unless the '--jsx' flag is provided.
components/tasks/TasksFilterPanel.tsx(58,21): error TS17004: Cannot use JSX unless the '--jsx' flag is provided.
components/tasks/TasksFilterPanel.tsx(66,21): error TS17004: Cannot use JSX unless the '--jsx' flag is provided.
components/tasks/TasksFilterPanel.tsx(79,17): error TS17004: Cannot use JSX unless the '--jsx' flag is provided.
components/tasks/TasksFilterPanel.tsx(80,21): error TS17004: Cannot use JSX unless the '--jsx' flag is provided.
components/tasks/TasksFilterPanel.tsx(92,21): error TS17004: Cannot use JSX unless the '--jsx' flag is provided.
components/tasks/TasksFilterPanel.tsx(102,25): error TS17004: Cannot use JSX unless the '--jsx' flag is provided.
components/tasks/TasksFilterPanel.tsx(106,29): error TS17004: Cannot use JSX unless the '--jsx' flag is provided.
components/tasks/TasksFilterPanel.tsx(113,33): error TS17004: Cannot use JSX unless the '--jsx' flag is provided.
components/tasks/TasksFilterPanel.tsx(114,33): error TS17004: Cannot use JSX unless the '--jsx' flag is provided.
components/tasks/TasksFilterPanel.tsx(117,29): error TS17004: Cannot use JSX unless the '--jsx' flag is provided.
components/tasks/TasksFilterPanel.tsx(124,33): error TS17004: Cannot use JSX unless the '--jsx' flag is provided.
components/tasks/TasksFilterPanel.tsx(125,33): error TS17004: Cannot use JSX unless the '--jsx' flag is provided.
components/tasks/TasksFilterPanel.tsx(128,29): error TS17004: Cannot use JSX unless the '--jsx' flag is provided.
components/tasks/TasksFilterPanel.tsx(132,33): error TS17004: Cannot use JSX unless the '--jsx' flag is provided.
components/tasks/TasksFolderView.tsx(1,46): error TS2307: Cannot find module 'react' or its corresponding type declarations.
components/tasks/TasksFolderView.tsx(2,115): error TS2307: Cannot find module 'react-native' or its corresponding type declarations.
components/tasks/TasksFolderView.tsx(6,31): error TS6142: Module '../markdown/TaskEditModal' was resolved to '/app/components/markdown/TaskEditModal.tsx', but '--jsx' is not set.
components/tasks/TasksFolderView.tsx(7,34): error TS6142: Module './TasksFilterPanel' was resolved to '/app/components/tasks/TasksFilterPanel.tsx', but '--jsx' is not set.
components/tasks/TasksFolderView.tsx(9,19): error TS2307: Cannot find module 'react-native-toast-message' or its corresponding type declarations.
components/tasks/TasksFolderView.tsx(12,27): error TS6142: Module './TasksList' was resolved to '/app/components/tasks/TasksList.tsx', but '--jsx' is not set.
components/tasks/TasksFolderView.tsx(13,49): error TS6142: Module '../ui/SelectionSheet' was resolved to '/app/components/ui/SelectionSheet.tsx', but '--jsx' is not set.
components/tasks/TasksFolderView.tsx(14,47): error TS6142: Module '../EventFormModal' was resolved to '/app/components/EventFormModal.tsx', but '--jsx' is not set.
components/tasks/TasksFolderView.tsx(15,27): error TS2307: Cannot find module 'expo-calendar' or its corresponding type declarations.
components/tasks/TasksFolderView.tsx(86,30): error TS2705: An async function or method in ES5 requires the 'Promise' constructor.  Make sure you have a declaration for the 'Promise' constructor or include 'ES2015' in your '--lib' option.
components/tasks/TasksFolderView.tsx(90,18): error TS7006: Parameter 'prev' implicitly has an 'any' type.
components/tasks/TasksFolderView.tsx(90,35): error TS7006: Parameter 't' implicitly has an 'any' type.
components/tasks/TasksFolderView.tsx(98,22): error TS7006: Parameter 'prev' implicitly has an 'any' type.
components/tasks/TasksFolderView.tsx(98,39): error TS7006: Parameter 't' implicitly has an 'any' type.
components/tasks/TasksFolderView.tsx(125,31): error TS2705: An async function or method in ES5 requires the 'Promise' constructor.  Make sure you have a declaration for the 'Promise' constructor or include 'ES2015' in your '--lib' option.
components/tasks/TasksFolderView.tsx(163,26): error TS7006: Parameter 'prev' implicitly has an 'any' type.
components/tasks/TasksFolderView.tsx(173,28): error TS2705: An async function or method in ES5 requires the 'Promise' constructor.  Make sure you have a declaration for the 'Promise' constructor or include 'ES2015' in your '--lib' option.
components/tasks/TasksFolderView.tsx(227,34): error TS7006: Parameter 'prev' implicitly has an 'any' type.
components/tasks/TasksFolderView.tsx(227,51): error TS7006: Parameter 't' implicitly has an 'any' type.
components/tasks/TasksFolderView.tsx(232,34): error TS7006: Parameter 'prev' implicitly has an 'any' type.
components/tasks/TasksFolderView.tsx(232,54): error TS7006: Parameter 't' implicitly has an 'any' type.
components/tasks/TasksFolderView.tsx(252,22): error TS7006: Parameter 'prev' implicitly has an 'any' type.
components/tasks/TasksFolderView.tsx(252,39): error TS7006: Parameter 't' implicitly has an 'any' type.
components/tasks/TasksFolderView.tsx(266,30): error TS2705: An async function or method in ES5 requires the 'Promise' constructor.  Make sure you have a declaration for the 'Promise' constructor or include 'ES2015' in your '--lib' option.
components/tasks/TasksFolderView.tsx(275,30): error TS2705: An async function or method in ES5 requires the 'Promise' constructor.  Make sure you have a declaration for the 'Promise' constructor or include 'ES2015' in your '--lib' option.
components/tasks/TasksFolderView.tsx(278,38): error TS7006: Parameter 'prev' implicitly has an 'any' type.
components/tasks/TasksFolderView.tsx(278,58): error TS7006: Parameter 't' implicitly has an 'any' type.
components/tasks/TasksFolderView.tsx(291,35): error TS2705: An async function or method in ES5 requires the 'Promise' constructor.  Make sure you have a declaration for the 'Promise' constructor or include 'ES2015' in your '--lib' option.
components/tasks/TasksFolderView.tsx(292,45): error TS7006: Parameter 't' implicitly has an 'any' type.
components/tasks/TasksFolderView.tsx(306,30): error TS2705: An async function or method in ES5 requires the 'Promise' constructor.  Make sure you have a declaration for the 'Promise' constructor or include 'ES2015' in your '--lib' option.
components/tasks/TasksFolderView.tsx(311,67): error TS7006: Parameter 'acc' implicitly has an 'any' type.
components/tasks/TasksFolderView.tsx(311,72): error TS7006: Parameter 'task' implicitly has an 'any' type.
components/tasks/TasksFolderView.tsx(317,73): error TS2550: Property 'entries' does not exist on type 'ObjectConstructor'. Do you need to change your target library? Try changing the 'lib' compiler option to 'es2017' or later.
components/tasks/TasksFolderView.tsx(321,38): error TS7006: Parameter 'prev' implicitly has an 'any' type.
components/tasks/TasksFolderView.tsx(321,58): error TS7006: Parameter 't' implicitly has an 'any' type.
components/tasks/TasksFolderView.tsx(343,26): error TS2705: An async function or method in ES5 requires the 'Promise' constructor.  Make sure you have a declaration for the 'Promise' constructor or include 'ES2015' in your '--lib' option.
components/tasks/TasksFolderView.tsx(374,13): error TS17004: Cannot use JSX unless the '--jsx' flag is provided.
components/tasks/TasksFolderView.tsx(375,17): error TS17004: Cannot use JSX unless the '--jsx' flag is provided.
components/tasks/TasksFolderView.tsx(381,9): error TS17004: Cannot use JSX unless the '--jsx' flag is provided.
components/tasks/TasksFolderView.tsx(383,17): error TS17004: Cannot use JSX unless the '--jsx' flag is provided.
components/tasks/TasksFolderView.tsx(395,13): error TS17004: Cannot use JSX unless the '--jsx' flag is provided.
components/tasks/TasksFolderView.tsx(409,17): error TS17004: Cannot use JSX unless the '--jsx' flag is provided.
components/tasks/TasksFolderView.tsx(421,57): error TS7006: Parameter 'evt' implicitly has an 'any' type.
components/tasks/TasksFolderView.tsx(434,17): error TS17004: Cannot use JSX unless the '--jsx' flag is provided.
components/tasks/TasksFolderView.tsx(452,13): error TS17004: Cannot use JSX unless the '--jsx' flag is provided.
components/tasks/TasksFolderView.tsx(458,17): error TS17004: Cannot use JSX unless the '--jsx' flag is provided.
components/tasks/TasksFolderView.tsx(462,21): error TS17004: Cannot use JSX unless the '--jsx' flag is provided.
components/tasks/TasksFolderView.tsx(463,25): error TS17004: Cannot use JSX unless the '--jsx' flag is provided.
components/tasks/TasksFolderView.tsx(464,25): error TS17004: Cannot use JSX unless the '--jsx' flag is provided.
components/tasks/TasksFolderView.tsx(470,29): error TS17004: Cannot use JSX unless the '--jsx' flag is provided.
components/tasks/TasksFolderView.tsx(471,33): error TS17004: Cannot use JSX unless the '--jsx' flag is provided.
components/tasks/TasksFolderView.tsx(475,37): error TS17004: Cannot use JSX unless the '--jsx' flag is provided.
components/tasks/TasksFolderView.tsx(477,33): error TS17004: Cannot use JSX unless the '--jsx' flag is provided.
components/tasks/TasksFolderView.tsx(481,37): error TS17004: Cannot use JSX unless the '--jsx' flag is provided.
components/tasks/TasksFolderView.tsx(486,25): error TS17004: Cannot use JSX unless the '--jsx' flag is provided.
components/tasks/TasksFolderView.tsx(487,25): error TS17004: Cannot use JSX unless the '--jsx' flag is provided.
components/tasks/TasksFolderView.tsx(496,25): error TS17004: Cannot use JSX unless the '--jsx' flag is provided.
components/tasks/TasksFolderView.tsx(497,29): error TS17004: Cannot use JSX unless the '--jsx' flag is provided.
components/tasks/TasksFolderView.tsx(501,33): error TS17004: Cannot use JSX unless the '--jsx' flag is provided.
components/tasks/TasksFolderView.tsx(503,29): error TS17004: Cannot use JSX unless the '--jsx' flag is provided.
components/tasks/TasksFolderView.tsx(507,33): error TS17004: Cannot use JSX unless the '--jsx' flag is provided.
components/tasks/TasksFolderView.tsx(515,13): error TS17004: Cannot use JSX unless the '--jsx' flag is provided.
components/tasks/TasksList.tsx(1,42): error TS2307: Cannot find module 'react' or its corresponding type declarations.
components/tasks/TasksList.tsx(2,72): error TS2307: Cannot find module 'react-native' or its corresponding type declarations.
components/tasks/TasksList.tsx(3,35): error TS2307: Cannot find module 'react-native-safe-area-context' or its corresponding type declarations.
components/tasks/TasksList.tsx(4,26): error TS2307: Cannot find module '@expo/vector-icons' or its corresponding type declarations.
components/tasks/TasksList.tsx(6,30): error TS6142: Module '../markdown/RichTaskItem' was resolved to '/app/components/markdown/RichTaskItem.tsx', but '--jsx' is not set.
components/tasks/TasksList.tsx(7,49): error TS6142: Module '../ui/SelectionSheet' was resolved to '/app/components/ui/SelectionSheet.tsx', but '--jsx' is not set.
components/tasks/TasksList.tsx(110,9): error TS17004: Cannot use JSX unless the '--jsx' flag is provided.
components/tasks/TasksList.tsx(111,13): error TS17004: Cannot use JSX unless the '--jsx' flag is provided.
components/tasks/TasksList.tsx(113,32): error TS7006: Parameter 'item' implicitly has an 'any' type.
components/tasks/TasksList.tsx(113,38): error TS7006: Parameter 'index' implicitly has an 'any' type.
components/tasks/TasksList.tsx(114,32): error TS7031: Binding element 'item' implicitly has an 'any' type.
components/tasks/TasksList.tsx(116,52): error TS2550: Property 'includes' does not exist on type 'string[]'. Do you need to change your target library? Try changing the 'lib' compiler option to 'es2016' or later.
components/tasks/TasksList.tsx(119,25): error TS17004: Cannot use JSX unless the '--jsx' flag is provided.
components/tasks/TasksList.tsx(146,21): error TS17004: Cannot use JSX unless the '--jsx' flag is provided.
components/tasks/TasksList.tsx(147,25): error TS17004: Cannot use JSX unless the '--jsx' flag is provided.
components/tasks/TasksList.tsx(151,21): error TS17004: Cannot use JSX unless the '--jsx' flag is provided.
components/tasks/TasksList.tsx(160,17): error TS17004: Cannot use JSX unless the '--jsx' flag is provided.
components/tasks/TasksList.tsx(161,21): error TS17004: Cannot use JSX unless the '--jsx' flag is provided.
components/tasks/TasksList.tsx(168,21): error TS17004: Cannot use JSX unless the '--jsx' flag is provided.
components/ui/ActionButton.tsx(1,19): error TS2307: Cannot find module 'react' or its corresponding type declarations.
components/ui/ActionButton.tsx(2,39): error TS2307: Cannot find module 'react-native' or its corresponding type declarations.
components/ui/ActionButton.tsx(3,26): error TS2307: Cannot find module '@expo/vector-icons' or its corresponding type declarations.
components/ui/ActionButton.tsx(5,27): error TS6142: Module './AppButton' was resolved to '/app/components/ui/AppButton.tsx', but '--jsx' is not set.
components/ui/ActionButton.tsx(28,9): error TS17004: Cannot use JSX unless the '--jsx' flag is provided.
components/ui/AlertModal.tsx(1,19): error TS2307: Cannot find module 'react' or its corresponding type declarations.
components/ui/AlertModal.tsx(2,53): error TS2307: Cannot find module 'react-native' or its corresponding type declarations.
components/ui/AlertModal.tsx(4,27): error TS6142: Module './AppButton' was resolved to '/app/components/ui/AppButton.tsx', but '--jsx' is not set.
components/ui/AlertModal.tsx(21,9): error TS17004: Cannot use JSX unless the '--jsx' flag is provided.
components/ui/AlertModal.tsx(27,13): error TS17004: Cannot use JSX unless the '--jsx' flag is provided.
components/ui/AlertModal.tsx(28,17): error TS17004: Cannot use JSX unless the '--jsx' flag is provided.
components/ui/AlertModal.tsx(29,21): error TS17004: Cannot use JSX unless the '--jsx' flag is provided.
components/ui/AlertModal.tsx(33,25): error TS17004: Cannot use JSX unless the '--jsx' flag is provided.
components/ui/AlertModal.tsx(38,21): error TS17004: Cannot use JSX unless the '--jsx' flag is provided.
components/ui/AlertModal.tsx(46,33): error TS17004: Cannot use JSX unless the '--jsx' flag is provided.
components/ui/AlertModal.tsx(47,37): error TS2322: Type '{ key: number; title: string; variant: "primary" | "secondary" | "danger-outline"; size: "md"; onPress: () => void; flex: boolean; style: { width: string; } | undefined; }' is not assignable to type 'AppButtonProps'.
  Property 'key' does not exist on type 'AppButtonProps'.
components/ui/AppButton.tsx(1,19): error TS2307: Cannot find module 'react' or its corresponding type declarations.
components/ui/AppButton.tsx(2,121): error TS2307: Cannot find module 'react-native' or its corresponding type declarations.
components/ui/AppButton.tsx(4,31): error TS6142: Module './UniversalIcon' was resolved to '/app/components/ui/UniversalIcon.tsx', but '--jsx' is not set.
components/ui/AppButton.tsx(196,9): error TS17004: Cannot use JSX unless the '--jsx' flag is provided.
components/ui/AppButton.tsx(197,13): error TS17004: Cannot use JSX unless the '--jsx' flag is provided.
components/ui/AppButton.tsx(202,9): error TS17004: Cannot use JSX unless the '--jsx' flag is provided.
components/ui/AppButton.tsx(210,17): error TS17004: Cannot use JSX unless the '--jsx' flag is provided.
components/ui/AppButton.tsx(214,17): error TS17004: Cannot use JSX unless the '--jsx' flag is provided.
components/ui/AppButton.tsx(216,30): error TS17004: Cannot use JSX unless the '--jsx' flag is provided.
components/ui/AppButton.tsx(231,9): error TS17004: Cannot use JSX unless the '--jsx' flag is provided.
components/ui/BaseEditor.tsx(1,33): error TS2307: Cannot find module 'react' or its corresponding type declarations.
components/ui/BaseEditor.tsx(2,108): error TS2307: Cannot find module 'react-native' or its corresponding type declarations.
components/ui/BaseEditor.tsx(3,26): error TS2307: Cannot find module '@expo/vector-icons' or its corresponding type declarations.
components/ui/BaseEditor.tsx(35,9): error TS17004: Cannot use JSX unless the '--jsx' flag is provided.
components/ui/BaseEditor.tsx(37,17): error TS17004: Cannot use JSX unless the '--jsx' flag is provided.
components/ui/BaseEditor.tsx(40,13): error TS17004: Cannot use JSX unless the '--jsx' flag is provided.
components/ui/BaseEditor.tsx(43,17): error TS17004: Cannot use JSX unless the '--jsx' flag is provided.
components/ui/BaseEditor.tsx(47,21): error TS17004: Cannot use JSX unless the '--jsx' flag is provided.
components/ui/BaseEditor.tsx(48,21): error TS17004: Cannot use JSX unless the '--jsx' flag is provided.
components/ui/BaseEditor.tsx(52,13): error TS17004: Cannot use JSX unless the '--jsx' flag is provided.
components/ui/BaseEditor.tsx(58,17): error TS17004: Cannot use JSX unless the '--jsx' flag is provided.
components/ui/BaseEditor.tsx(62,21): error TS17004: Cannot use JSX unless the '--jsx' flag is provided.
components/ui/BaseEditor.tsx(63,25): error TS17004: Cannot use JSX unless the '--jsx' flag is provided.
components/ui/BaseEditor.tsx(64,29): error TS17004: Cannot use JSX unless the '--jsx' flag is provided.
components/ui/BaseEditor.tsx(65,29): error TS17004: Cannot use JSX unless the '--jsx' flag is provided.
components/ui/BaseEditor.tsx(66,33): error TS17004: Cannot use JSX unless the '--jsx' flag is provided.
components/ui/BaseEditor.tsx(72,25): error TS17004: Cannot use JSX unless the '--jsx' flag is provided.
components/ui/BaseEditor.tsx(73,29): error TS17004: Cannot use JSX unless the '--jsx' flag is provided.
components/ui/BaseEditor.tsx(77,33): error TS17004: Cannot use JSX unless the '--jsx' flag is provided.
components/ui/BaseEditor.tsx(79,29): error TS17004: Cannot use JSX unless the '--jsx' flag is provided.
components/ui/BaseEditor.tsx(83,33): error TS17004: Cannot use JSX unless the '--jsx' flag is provided.
components/ui/BaseEditor.tsx(88,29): error TS17004: Cannot use JSX unless the '--jsx' flag is provided.
components/ui/BaseListItem.tsx(1,34): error TS2307: Cannot find module 'react' or its corresponding type declarations.
components/ui/BaseListItem.tsx(2,68): error TS2307: Cannot find module 'react-native' or its corresponding type declarations.
components/ui/BaseListItem.tsx(32,9): error TS17004: Cannot use JSX unless the '--jsx' flag is provided.
components/ui/BaseListItem.tsx(41,17): error TS17004: Cannot use JSX unless the '--jsx' flag is provided.
components/ui/BaseListItem.tsx(48,17): error TS17004: Cannot use JSX unless the '--jsx' flag is provided.
components/ui/BaseListItem.tsx(54,13): error TS17004: Cannot use JSX unless the '--jsx' flag is provided.
components/ui/BaseListItem.tsx(56,21): error TS17004: Cannot use JSX unless the '--jsx' flag is provided.
components/ui/BaseListItem.tsx(62,21): error TS17004: Cannot use JSX unless the '--jsx' flag is provided.
components/ui/BaseListItem.tsx(64,29): error TS17004: Cannot use JSX unless the '--jsx' flag is provided.
components/ui/BaseListItem.tsx(74,17): error TS17004: Cannot use JSX unless the '--jsx' flag is provided.
components/ui/Button.tsx(1,19): error TS2307: Cannot find module 'react' or its corresponding type declarations.
components/ui/Button.tsx(2,43): error TS6142: Module './AppButton' was resolved to '/app/components/ui/AppButton.tsx', but '--jsx' is not set.
components/ui/Button.tsx(26,9): error TS17004: Cannot use JSX unless the '--jsx' flag is provided.
components/ui/Card.tsx(1,39): error TS2307: Cannot find module 'react-native' or its corresponding type declarations.
components/ui/Card.tsx(2,18): error TS2307: Cannot find module 'clsx' or its corresponding type declarations.
components/ui/Card.tsx(3,26): error TS2307: Cannot find module 'expo-blur' or its corresponding type declarations.
components/ui/Card.tsx(5,95): error TS2503: Cannot find namespace 'React'.
components/ui/Card.tsx(5,182): error TS2503: Cannot find namespace 'React'.
components/ui/Card.tsx(7,9): error TS17004: Cannot use JSX unless the '--jsx' flag is provided.
components/ui/Card.tsx(9,13): error TS17004: Cannot use JSX unless the '--jsx' flag is provided.
components/ui/ChipConfigurator.tsx(1,33): error TS2307: Cannot find module 'react' or its corresponding type declarations.
components/ui/ChipConfigurator.tsx(2,53): error TS2307: Cannot find module 'react-native' or its corresponding type declarations.
components/ui/ChipConfigurator.tsx(3,26): error TS2307: Cannot find module '@expo/vector-icons' or its corresponding type declarations.
components/ui/ChipConfigurator.tsx(4,35): error TS2307: Cannot find module 'react-native-safe-area-context' or its corresponding type declarations.
components/ui/ChipConfigurator.tsx(7,29): error TS6142: Module './ColorPicker' was resolved to '/app/components/ui/ColorPicker.tsx', but '--jsx' is not set.
components/ui/ChipConfigurator.tsx(8,28): error TS6142: Module './IconPicker' was resolved to '/app/components/ui/IconPicker.tsx', but '--jsx' is not set.
components/ui/ChipConfigurator.tsx(9,30): error TS6142: Module './MetadataChip' was resolved to '/app/components/ui/MetadataChip.tsx', but '--jsx' is not set.
components/ui/ChipConfigurator.tsx(10,31): error TS6142: Module './UniversalIcon' was resolved to '/app/components/ui/UniversalIcon.tsx', but '--jsx' is not set.
components/ui/ChipConfigurator.tsx(11,40): error TS6142: Module './AppButton' was resolved to '/app/components/ui/AppButton.tsx', but '--jsx' is not set.
components/ui/ChipConfigurator.tsx(31,9): error TS17004: Cannot use JSX unless the '--jsx' flag is provided.
components/ui/ChipConfigurator.tsx(33,13): error TS17004: Cannot use JSX unless the '--jsx' flag is provided.
components/ui/ChipConfigurator.tsx(34,17): error TS17004: Cannot use JSX unless the '--jsx' flag is provided.
components/ui/ChipConfigurator.tsx(35,17): error TS17004: Cannot use JSX unless the '--jsx' flag is provided.
components/ui/ChipConfigurator.tsx(46,13): error TS17004: Cannot use JSX unless the '--jsx' flag is provided.
components/ui/ChipConfigurator.tsx(48,17): error TS17004: Cannot use JSX unless the '--jsx' flag is provided.
components/ui/ChipConfigurator.tsx(49,21): error TS17004: Cannot use JSX unless the '--jsx' flag is provided.
components/ui/ChipConfigurator.tsx(50,21): error TS17004: Cannot use JSX unless the '--jsx' flag is provided.
components/ui/ChipConfigurator.tsx(52,29): error TS17004: Cannot use JSX unless the '--jsx' flag is provided.
components/ui/ChipConfigurator.tsx(53,33): error TS2322: Type '{ key: "default" | "outline" | "solid"; title: string; variant: "secondary"; size: "xs"; rounding: "md"; selected: boolean; onPress: () => void; }' is not assignable to type 'AppButtonProps'.
  Property 'key' does not exist on type 'AppButtonProps'.
components/ui/ChipConfigurator.tsx(66,17): error TS17004: Cannot use JSX unless the '--jsx' flag is provided.
components/ui/ChipConfigurator.tsx(67,21): error TS17004: Cannot use JSX unless the '--jsx' flag is provided.
components/ui/ChipConfigurator.tsx(68,21): error TS17004: Cannot use JSX unless the '--jsx' flag is provided.
components/ui/ChipConfigurator.tsx(75,29): error TS17004: Cannot use JSX unless the '--jsx' flag is provided.
components/ui/ChipConfigurator.tsx(76,33): error TS2322: Type '{ key: "none" | "sm" | "md" | "full"; title: "Medium" | "Square" | "Small" | "Pill"; variant: "secondary"; size: "xs"; rounding: "md"; selected: boolean; onPress: () => void; }' is not assignable to type 'AppButtonProps'.
  Property 'key' does not exist on type 'AppButtonProps'.
components/ui/ChipConfigurator.tsx(90,13): error TS17004: Cannot use JSX unless the '--jsx' flag is provided.
components/ui/ChipConfigurator.tsx(91,17): error TS17004: Cannot use JSX unless the '--jsx' flag is provided.
components/ui/ChipConfigurator.tsx(92,21): error TS17004: Cannot use JSX unless the '--jsx' flag is provided.
components/ui/ChipConfigurator.tsx(94,25): error TS17004: Cannot use JSX unless the '--jsx' flag is provided.
components/ui/ChipConfigurator.tsx(95,29): error TS17004: Cannot use JSX unless the '--jsx' flag is provided.
components/ui/ChipConfigurator.tsx(100,17): error TS17004: Cannot use JSX unless the '--jsx' flag is provided.
components/ui/ChipConfigurator.tsx(104,21): error TS17004: Cannot use JSX unless the '--jsx' flag is provided.
components/ui/ChipConfigurator.tsx(106,29): error TS17004: Cannot use JSX unless the '--jsx' flag is provided.
components/ui/ChipConfigurator.tsx(108,29): error TS17004: Cannot use JSX unless the '--jsx' flag is provided.
components/ui/ChipConfigurator.tsx(111,21): error TS17004: Cannot use JSX unless the '--jsx' flag is provided.
components/ui/ChipConfigurator.tsx(114,21): error TS17004: Cannot use JSX unless the '--jsx' flag is provided.
components/ui/ChipConfigurator.tsx(117,17): error TS17004: Cannot use JSX unless the '--jsx' flag is provided.
components/ui/ChipConfigurator.tsx(123,21): error TS17004: Cannot use JSX unless the '--jsx' flag is provided.
components/ui/ChipConfigurator.tsx(124,26): error TS17004: Cannot use JSX unless the '--jsx' flag is provided.
components/ui/ChipConfigurator.tsx(125,29): error TS17004: Cannot use JSX unless the '--jsx' flag is provided.
components/ui/ChipConfigurator.tsx(126,29): error TS17004: Cannot use JSX unless the '--jsx' flag is provided.
components/ui/ChipConfigurator.tsx(128,25): error TS17004: Cannot use JSX unless the '--jsx' flag is provided.
components/ui/ChipConfigurator.tsx(129,29): error TS17004: Cannot use JSX unless the '--jsx' flag is provided.
components/ui/ChipConfigurator.tsx(139,13): error TS17004: Cannot use JSX unless the '--jsx' flag is provided.
components/ui/ChipConfigurator.tsx(140,17): error TS17004: Cannot use JSX unless the '--jsx' flag is provided.
components/ui/ChipConfigurator.tsx(141,21): error TS17004: Cannot use JSX unless the '--jsx' flag is provided.
components/ui/ChipConfigurator.tsx(143,25): error TS17004: Cannot use JSX unless the '--jsx' flag is provided.
components/ui/ChipConfigurator.tsx(144,29): error TS17004: Cannot use JSX unless the '--jsx' flag is provided.
components/ui/ChipConfigurator.tsx(148,17): error TS17004: Cannot use JSX unless the '--jsx' flag is provided.
components/ui/ColorPicker.tsx(1,19): error TS2307: Cannot find module 'react' or its corresponding type declarations.
components/ui/ColorPicker.tsx(2,57): error TS2307: Cannot find module 'react-native' or its corresponding type declarations.
components/ui/ColorPicker.tsx(3,34): error TS6142: Module './color-picker/ColorPickerModal' was resolved to '/app/components/ui/color-picker/ColorPickerModal.tsx', but '--jsx' is not set.
components/ui/ColorPicker.tsx(26,9): error TS17004: Cannot use JSX unless the '--jsx' flag is provided.
components/ui/ColorPicker.tsx(28,17): error TS17004: Cannot use JSX unless the '--jsx' flag is provided.
components/ui/ColorPicker.tsx(32,13): error TS17004: Cannot use JSX unless the '--jsx' flag is provided.
components/ui/ColorPicker.tsx(34,21): error TS17004: Cannot use JSX unless the '--jsx' flag is provided.
components/ui/ColorPicker.tsx(46,17): error TS17004: Cannot use JSX unless the '--jsx' flag is provided.
components/ui/ColorPicker.tsx(48,73): error TS2550: Property 'includes' does not exist on type 'string[]'. Do you need to change your target library? Try changing the 'lib' compiler option to 'es2016' or later.
components/ui/ColorPicker.tsx(49,55): error TS2550: Property 'includes' does not exist on type 'string[]'. Do you need to change your target library? Try changing the 'lib' compiler option to 'es2016' or later.
components/ui/ColorPicker.tsx(53,30): error TS2550: Property 'includes' does not exist on type 'string[]'. Do you need to change your target library? Try changing the 'lib' compiler option to 'es2016' or later.
components/ui/ColorPicker.tsx(54,25): error TS17004: Cannot use JSX unless the '--jsx' flag is provided.
components/ui/ColorPicker.tsx(55,29): error TS17004: Cannot use JSX unless the '--jsx' flag is provided.
components/ui/ColorPicker.tsx(61,13): error TS17004: Cannot use JSX unless the '--jsx' flag is provided.
components/ui/DefaultedPrompt.tsx(1,44): error TS2307: Cannot find module 'react' or its corresponding type declarations.
components/ui/DefaultedPrompt.tsx(2,64): error TS2307: Cannot find module 'react-native' or its corresponding type declarations.
components/ui/DefaultedPrompt.tsx(3,24): error TS6142: Module './Button' was resolved to '/app/components/ui/Button.tsx', but '--jsx' is not set.
components/ui/DefaultedPrompt.tsx(4,26): error TS2307: Cannot find module '@expo/vector-icons' or its corresponding type declarations.
components/ui/DefaultedPrompt.tsx(6,27): error TS6142: Module './AppButton' was resolved to '/app/components/ui/AppButton.tsx', but '--jsx' is not set.
components/ui/DefaultedPrompt.tsx(7,19): error TS2307: Cannot find module 'react-native-toast-message' or its corresponding type declarations.
components/ui/DefaultedPrompt.tsx(80,9): error TS17004: Cannot use JSX unless the '--jsx' flag is provided.
components/ui/DefaultedPrompt.tsx(81,13): error TS17004: Cannot use JSX unless the '--jsx' flag is provided.
components/ui/DefaultedPrompt.tsx(83,17): error TS17004: Cannot use JSX unless the '--jsx' flag is provided.
components/ui/DefaultedPrompt.tsx(89,17): error TS17004: Cannot use JSX unless the '--jsx' flag is provided.
components/ui/DefaultedPrompt.tsx(90,21): error TS17004: Cannot use JSX unless the '--jsx' flag is provided.
components/ui/DefaultedPrompt.tsx(91,21): error TS17004: Cannot use JSX unless the '--jsx' flag is provided.
components/ui/DefaultedPrompt.tsx(93,29): error TS17004: Cannot use JSX unless the '--jsx' flag is provided.
components/ui/DefaultedPrompt.tsx(94,33): error TS17004: Cannot use JSX unless the '--jsx' flag is provided.
components/ui/DefaultedPrompt.tsx(98,21): error TS17004: Cannot use JSX unless the '--jsx' flag is provided.
components/ui/DefaultedPrompt.tsx(104,13): error TS17004: Cannot use JSX unless the '--jsx' flag is provided.
components/ui/DefaultedPrompt.tsx(105,17): error TS17004: Cannot use JSX unless the '--jsx' flag is provided.
components/ui/DefaultedPrompt.tsx(116,13): error TS17004: Cannot use JSX unless the '--jsx' flag is provided.
components/ui/DefaultedPrompt.tsx(117,17): error TS17004: Cannot use JSX unless the '--jsx' flag is provided.
components/ui/DefaultedPrompt.tsx(118,21): error TS17004: Cannot use JSX unless the '--jsx' flag is provided.
components/ui/DefaultedPrompt.tsx(125,17): error TS17004: Cannot use JSX unless the '--jsx' flag is provided.
components/ui/ErrorModal.tsx(1,19): error TS2307: Cannot find module 'react' or its corresponding type declarations.
components/ui/ErrorModal.tsx(2,65): error TS2307: Cannot find module 'react-native' or its corresponding type declarations.
components/ui/ErrorModal.tsx(3,28): error TS2307: Cannot find module 'expo-clipboard' or its corresponding type declarations.
components/ui/ErrorModal.tsx(4,26): error TS2307: Cannot find module '@expo/vector-icons' or its corresponding type declarations.
components/ui/ErrorModal.tsx(6,27): error TS6142: Module './AppButton' was resolved to '/app/components/ui/AppButton.tsx', but '--jsx' is not set.
components/ui/ErrorModal.tsx(21,23): error TS2705: An async function or method in ES5 requires the 'Promise' constructor.  Make sure you have a declaration for the 'Promise' constructor or include 'ES2015' in your '--lib' option.
components/ui/ErrorModal.tsx(26,9): error TS17004: Cannot use JSX unless the '--jsx' flag is provided.
components/ui/ErrorModal.tsx(32,13): error TS17004: Cannot use JSX unless the '--jsx' flag is provided.
components/ui/ErrorModal.tsx(33,17): error TS17004: Cannot use JSX unless the '--jsx' flag is provided.
components/ui/ErrorModal.tsx(34,21): error TS17004: Cannot use JSX unless the '--jsx' flag is provided.
components/ui/ErrorModal.tsx(35,25): error TS17004: Cannot use JSX unless the '--jsx' flag is provided.
components/ui/ErrorModal.tsx(36,29): error TS17004: Cannot use JSX unless the '--jsx' flag is provided.
components/ui/ErrorModal.tsx(38,25): error TS17004: Cannot use JSX unless the '--jsx' flag is provided.
components/ui/ErrorModal.tsx(43,21): error TS17004: Cannot use JSX unless the '--jsx' flag is provided.
components/ui/ErrorModal.tsx(44,25): error TS17004: Cannot use JSX unless the '--jsx' flag is provided.
components/ui/ErrorModal.tsx(48,29): error TS17004: Cannot use JSX unless the '--jsx' flag is provided.
components/ui/ErrorModal.tsx(54,21): error TS17004: Cannot use JSX unless the '--jsx' flag is provided.
components/ui/ErrorModal.tsx(55,25): error TS17004: Cannot use JSX unless the '--jsx' flag is provided.
components/ui/ErrorModal.tsx(63,25): error TS17004: Cannot use JSX unless the '--jsx' flag is provided.
components/ui/EventInfo.tsx(1,19): error TS2307: Cannot find module 'react' or its corresponding type declarations.
components/ui/EventInfo.tsx(2,28): error TS2307: Cannot find module 'react-native' or its corresponding type declarations.
components/ui/EventInfo.tsx(3,30): error TS6142: Module './BaseListItem' was resolved to '/app/components/ui/BaseListItem.tsx', but '--jsx' is not set.
components/ui/EventInfo.tsx(4,30): error TS6142: Module './ActionButton' was resolved to '/app/components/ui/ActionButton.tsx', but '--jsx' is not set.
components/ui/EventInfo.tsx(23,9): error TS17004: Cannot use JSX unless the '--jsx' flag is provided.
components/ui/EventInfo.tsx(44,9): error TS17004: Cannot use JSX unless the '--jsx' flag is provided.
components/ui/EventInfo.tsx(46,17): error TS17004: Cannot use JSX unless the '--jsx' flag is provided.
components/ui/EventInfo.tsx(47,37): error TS17004: Cannot use JSX unless the '--jsx' flag is provided.
components/ui/EventInfo.tsx(51,17): error TS17004: Cannot use JSX unless the '--jsx' flag is provided.
components/ui/EventInfo.tsx(59,9): error TS17004: Cannot use JSX unless the '--jsx' flag is provided.
components/ui/EventInfo.tsx(61,17): error TS17004: Cannot use JSX unless the '--jsx' flag is provided.
components/ui/EventInfo.tsx(64,17): error TS17004: Cannot use JSX unless the '--jsx' flag is provided.
components/ui/EventInfo.tsx(70,9): error TS17004: Cannot use JSX unless the '--jsx' flag is provided.
components/ui/EventTypeBadge.tsx(1,19): error TS2307: Cannot find module 'react' or its corresponding type declarations.
components/ui/EventTypeBadge.tsx(2,28): error TS2307: Cannot find module 'react-native' or its corresponding type declarations.
components/ui/EventTypeBadge.tsx(3,26): error TS2307: Cannot find module '@expo/vector-icons' or its corresponding type declarations.
components/ui/EventTypeBadge.tsx(4,31): error TS6142: Module './UniversalIcon' was resolved to '/app/components/ui/UniversalIcon.tsx', but '--jsx' is not set.
components/ui/EventTypeBadge.tsx(20,9): error TS17004: Cannot use JSX unless the '--jsx' flag is provided.
components/ui/EventTypeBadge.tsx(25,17): error TS17004: Cannot use JSX unless the '--jsx' flag is provided.
components/ui/EventTypeBadge.tsx(27,13): error TS17004: Cannot use JSX unless the '--jsx' flag is provided.
components/ui/FileAttachment.tsx(1,44): error TS2307: Cannot find module 'react' or its corresponding type declarations.
components/ui/FileAttachment.tsx(2,35): error TS2307: Cannot find module 'react-native' or its corresponding type declarations.
components/ui/FileAttachment.tsx(3,23): error TS2307: Cannot find module 'expo-av' or its corresponding type declarations.
components/ui/FileAttachment.tsx(4,26): error TS2307: Cannot find module '@expo/vector-icons' or its corresponding type declarations.
components/ui/FileAttachment.tsx(5,30): error TS6142: Module './BaseListItem' was resolved to '/app/components/ui/BaseListItem.tsx', but '--jsx' is not set.
components/ui/FileAttachment.tsx(6,30): error TS6142: Module './ActionButton' was resolved to '/app/components/ui/ActionButton.tsx', but '--jsx' is not set.
components/ui/FileAttachment.tsx(20,35): error TS2550: Property 'startsWith' does not exist on type 'string'. Do you need to change your target library? Try changing the 'lib' compiler option to 'es2015' or later.
components/ui/FileAttachment.tsx(21,35): error TS2550: Property 'startsWith' does not exist on type 'string'. Do you need to change your target library? Try changing the 'lib' compiler option to 'es2015' or later.
components/ui/FileAttachment.tsx(36,29): error TS2705: An async function or method in ES5 requires the 'Promise' constructor.  Make sure you have a declaration for the 'Promise' constructor or include 'ES2015' in your '--lib' option.
components/ui/FileAttachment.tsx(50,18): error TS7006: Parameter 'status' implicitly has an 'any' type.
components/ui/FileAttachment.tsx(71,49): error TS2550: Property 'padStart' does not exist on type 'string'. Do you need to change your target library? Try changing the 'lib' compiler option to 'es2017' or later.
components/ui/FileAttachment.tsx(75,9): error TS17004: Cannot use JSX unless the '--jsx' flag is provided.
components/ui/FileAttachment.tsx(81,10): error TS17004: Cannot use JSX unless the '--jsx' flag is provided.
components/ui/FileAttachment.tsx(83,9): error TS17004: Cannot use JSX unless the '--jsx' flag is provided.
components/ui/FileAttachment.tsx(87,9): error TS17004: Cannot use JSX unless the '--jsx' flag is provided.
components/ui/FileAttachment.tsx(91,9): error TS17004: Cannot use JSX unless the '--jsx' flag is provided.
components/ui/FileAttachment.tsx(97,9): error TS17004: Cannot use JSX unless the '--jsx' flag is provided.
components/ui/FileAttachment.tsx(101,9): error TS17004: Cannot use JSX unless the '--jsx' flag is provided.
components/ui/FileInput.tsx(1,76): error TS2307: Cannot find module 'react-native' or its corresponding type declarations.
components/ui/FileInput.tsx(2,26): error TS2307: Cannot find module 'react' or its corresponding type declarations.
components/ui/FileInput.tsx(3,40): error TS2307: Cannot find module 'expo-file-system/legacy' or its corresponding type declarations.
components/ui/FileInput.tsx(34,26): error TS2705: An async function or method in ES5 requires the 'Promise' constructor.  Make sure you have a declaration for the 'Promise' constructor or include 'ES2015' in your '--lib' option.
components/ui/FileInput.tsx(44,56): error TS2712: A dynamic import call in ES5 requires the 'Promise' constructor.  Make sure you have a declaration for the 'Promise' constructor or include 'ES2015' in your '--lib' option.
components/ui/FileInput.tsx(85,9): error TS17004: Cannot use JSX unless the '--jsx' flag is provided.
components/ui/FileInput.tsx(86,13): error TS17004: Cannot use JSX unless the '--jsx' flag is provided.
components/ui/FileInput.tsx(87,17): error TS17004: Cannot use JSX unless the '--jsx' flag is provided.
components/ui/FileInput.tsx(88,17): error TS17004: Cannot use JSX unless the '--jsx' flag is provided.
components/ui/FileInput.tsx(89,21): error TS17004: Cannot use JSX unless the '--jsx' flag is provided.
components/ui/FileInput.tsx(90,25): error TS17004: Cannot use JSX unless the '--jsx' flag is provided.
components/ui/FileInput.tsx(98,29): error TS17004: Cannot use JSX unless the '--jsx' flag is provided.
components/ui/FileInput.tsx(99,33): error TS17004: Cannot use JSX unless the '--jsx' flag is provided.
components/ui/FileInput.tsx(105,21): error TS17004: Cannot use JSX unless the '--jsx' flag is provided.
components/ui/FileInput.tsx(110,25): error TS17004: Cannot use JSX unless the '--jsx' flag is provided.
components/ui/FileInput.tsx(116,13): error TS17004: Cannot use JSX unless the '--jsx' flag is provided.
components/ui/FileInput.tsx(117,17): error TS17004: Cannot use JSX unless the '--jsx' flag is provided.
components/ui/FileInput.tsx(118,21): error TS17004: Cannot use JSX unless the '--jsx' flag is provided.
components/ui/FileInput.tsx(119,25): error TS17004: Cannot use JSX unless the '--jsx' flag is provided.
components/ui/FileInput.tsx(120,29): error TS17004: Cannot use JSX unless the '--jsx' flag is provided.
components/ui/FileInput.tsx(121,29): error TS17004: Cannot use JSX unless the '--jsx' flag is provided.
components/ui/FileInput.tsx(122,33): error TS17004: Cannot use JSX unless the '--jsx' flag is provided.
components/ui/FileInput.tsx(125,25): error TS17004: Cannot use JSX unless the '--jsx' flag is provided.
components/ui/FileInput.tsx(126,41): error TS7006: Parameter 'file' implicitly has an 'any' type.
components/ui/FileInput.tsx(127,33): error TS17004: Cannot use JSX unless the '--jsx' flag is provided.
components/ui/FileInput.tsx(132,37): error TS17004: Cannot use JSX unless the '--jsx' flag is provided.
components/ui/FileInput.tsx(143,81): error TS2705: An async function or method in ES5 requires the 'Promise' constructor.  Make sure you have a declaration for the 'Promise' constructor or include 'ES2015' in your '--lib' option.
components/ui/FileInput.tsx(153,35): error TS2550: Property 'includes' does not exist on type 'string'. Do you need to change your target library? Try changing the 'lib' compiler option to 'es2015' or later.
components/ui/FileInput.tsx(164,26): error TS2550: Property 'endsWith' does not exist on type 'string'. Do you need to change your target library? Try changing the 'lib' compiler option to 'es2015' or later.
components/ui/FloatingActionButton.tsx(1,19): error TS2307: Cannot find module 'react' or its corresponding type declarations.
components/ui/FloatingActionButton.tsx(2,57): error TS2307: Cannot find module 'react-native' or its corresponding type declarations.
components/ui/FloatingActionButton.tsx(3,26): error TS2307: Cannot find module '@expo/vector-icons' or its corresponding type declarations.
components/ui/FloatingActionButton.tsx(20,9): error TS17004: Cannot use JSX unless the '--jsx' flag is provided.
components/ui/FloatingActionButton.tsx(26,13): error TS17004: Cannot use JSX unless the '--jsx' flag is provided.
components/ui/FolderInput.tsx(1,69): error TS2307: Cannot find module 'react-native' or its corresponding type declarations.
components/ui/FolderInput.tsx(2,58): error TS2307: Cannot find module 'react' or its corresponding type declarations.
components/ui/FolderInput.tsx(3,40): error TS2307: Cannot find module 'expo-file-system/legacy' or its corresponding type declarations.
components/ui/FolderInput.tsx(40,42): error TS2705: An async function or method in ES5 requires the 'Promise' constructor.  Make sure you have a declaration for the 'Promise' constructor or include 'ES2015' in your '--lib' option.
components/ui/FolderInput.tsx(107,26): error TS2705: An async function or method in ES5 requires the 'Promise' constructor.  Make sure you have a declaration for the 'Promise' constructor or include 'ES2015' in your '--lib' option.
components/ui/FolderInput.tsx(131,9): error TS17004: Cannot use JSX unless the '--jsx' flag is provided.
components/ui/FolderInput.tsx(132,27): error TS17004: Cannot use JSX unless the '--jsx' flag is provided.
components/ui/FolderInput.tsx(133,13): error TS17004: Cannot use JSX unless the '--jsx' flag is provided.
components/ui/FolderInput.tsx(134,17): error TS17004: Cannot use JSX unless the '--jsx' flag is provided.
components/ui/FolderInput.tsx(135,21): error TS17004: Cannot use JSX unless the '--jsx' flag is provided.
components/ui/FolderInput.tsx(137,29): error TS17004: Cannot use JSX unless the '--jsx' flag is provided.
components/ui/FolderInput.tsx(139,25): error TS17004: Cannot use JSX unless the '--jsx' flag is provided.
components/ui/FolderInput.tsx(151,25): error TS17004: Cannot use JSX unless the '--jsx' flag is provided.
components/ui/FolderInput.tsx(155,29): error TS17004: Cannot use JSX unless the '--jsx' flag is provided.
components/ui/FolderInput.tsx(161,17): error TS17004: Cannot use JSX unless the '--jsx' flag is provided.
components/ui/FolderInput.tsx(166,21): error TS17004: Cannot use JSX unless the '--jsx' flag is provided.
components/ui/FolderInput.tsx(170,17): error TS17004: Cannot use JSX unless the '--jsx' flag is provided.
components/ui/FolderInput.tsx(176,39): error TS7006: Parameter 'dir' implicitly has an 'any' type.
components/ui/FolderInput.tsx(177,25): error TS17004: Cannot use JSX unless the '--jsx' flag is provided.
components/ui/FolderInput.tsx(182,29): error TS17004: Cannot use JSX unless the '--jsx' flag is provided.
components/ui/FolderInput.tsx(183,29): error TS17004: Cannot use JSX unless the '--jsx' flag is provided.
components/ui/IconPicker.tsx(1,42): error TS2307: Cannot find module 'react' or its corresponding type declarations.
components/ui/IconPicker.tsx(2,67): error TS2307: Cannot find module 'react-native' or its corresponding type declarations.
components/ui/IconPicker.tsx(3,50): error TS2307: Cannot find module '@expo/vector-icons' or its corresponding type declarations.
components/ui/IconPicker.tsx(4,31): error TS6142: Module './UniversalIcon' was resolved to '/app/components/ui/UniversalIcon.tsx', but '--jsx' is not set.
components/ui/IconPicker.tsx(32,56): error TS2550: Property 'includes' does not exist on type 'string'. Do you need to change your target library? Try changing the 'lib' compiler option to 'es2015' or later.
components/ui/IconPicker.tsx(36,9): error TS17004: Cannot use JSX unless the '--jsx' flag is provided.
components/ui/IconPicker.tsx(44,13): error TS17004: Cannot use JSX unless the '--jsx' flag is provided.
components/ui/IconPicker.tsx(53,9): error TS17004: Cannot use JSX unless the '--jsx' flag is provided.
components/ui/IconPicker.tsx(55,17): error TS17004: Cannot use JSX unless the '--jsx' flag is provided.
components/ui/IconPicker.tsx(59,13): error TS17004: Cannot use JSX unless the '--jsx' flag is provided.
components/ui/IconPicker.tsx(68,13): error TS17004: Cannot use JSX unless the '--jsx' flag is provided.
components/ui/IconPicker.tsx(72,31): error TS7006: Parameter 'item' implicitly has an 'any' type.
components/ui/IconPicker.tsx(81,21): error TS17004: Cannot use JSX unless the '--jsx' flag is provided.
components/ui/ImageAttachmentButton.tsx(1,33): error TS2307: Cannot find module 'react' or its corresponding type declarations.
components/ui/ImageAttachmentButton.tsx(2,59): error TS2307: Cannot find module 'react-native' or its corresponding type declarations.
components/ui/ImageAttachmentButton.tsx(3,26): error TS2307: Cannot find module '@expo/vector-icons' or its corresponding type declarations.
components/ui/ImageAttachmentButton.tsx(4,30): error TS2307: Cannot find module 'expo-image-picker' or its corresponding type declarations.
components/ui/ImageAttachmentButton.tsx(16,23): error TS2705: An async function or method in ES5 requires the 'Promise' constructor.  Make sure you have a declaration for the 'Promise' constructor or include 'ES2015' in your '--lib' option.
components/ui/ImageAttachmentButton.tsx(34,9): error TS17004: Cannot use JSX unless the '--jsx' flag is provided.
components/ui/ImageAttachmentButton.tsx(40,13): error TS17004: Cannot use JSX unless the '--jsx' flag is provided.
components/ui/Input.tsx(1,55): error TS2307: Cannot find module 'react-native' or its corresponding type declarations.
components/ui/Input.tsx(14,9): error TS17004: Cannot use JSX unless the '--jsx' flag is provided.
components/ui/Input.tsx(15,23): error TS17004: Cannot use JSX unless the '--jsx' flag is provided.
components/ui/Input.tsx(16,13): error TS17004: Cannot use JSX unless the '--jsx' flag is provided.
components/ui/IslandBar.tsx(1,19): error TS2307: Cannot find module 'react' or its corresponding type declarations.
components/ui/IslandBar.tsx(2,44): error TS2307: Cannot find module 'react-native' or its corresponding type declarations.
components/ui/IslandBar.tsx(35,9): error TS17004: Cannot use JSX unless the '--jsx' flag is provided.
components/ui/IslandBar.tsx(37,17): error TS17004: Cannot use JSX unless the '--jsx' flag is provided.
components/ui/IslandBar.tsx(40,17): error TS17004: Cannot use JSX unless the '--jsx' flag is provided.
components/ui/IslandBar.tsx(42,17): error TS17004: Cannot use JSX unless the '--jsx' flag is provided.
components/ui/IslandBar.tsx(45,17): error TS17004: Cannot use JSX unless the '--jsx' flag is provided.
components/ui/IslandHeader.tsx(1,19): error TS2307: Cannot find module 'react' or its corresponding type declarations.
components/ui/IslandHeader.tsx(2,57): error TS2307: Cannot find module 'react-native' or its corresponding type declarations.
components/ui/IslandHeader.tsx(3,26): error TS2307: Cannot find module '@expo/vector-icons' or its corresponding type declarations.
components/ui/IslandHeader.tsx(5,27): error TS6142: Module './IslandBar' was resolved to '/app/components/ui/IslandBar.tsx', but '--jsx' is not set.
components/ui/IslandHeader.tsx(6,35): error TS6142: Module './TopTabBar' was resolved to '/app/components/ui/TopTabBar.tsx', but '--jsx' is not set.
components/ui/IslandHeader.tsx(83,17): error TS17004: Cannot use JSX unless the '--jsx' flag is provided.
components/ui/IslandHeader.tsx(84,21): error TS17004: Cannot use JSX unless the '--jsx' flag is provided.
components/ui/IslandHeader.tsx(85,21): error TS17004: Cannot use JSX unless the '--jsx' flag is provided.
components/ui/IslandHeader.tsx(97,25): error TS17004: Cannot use JSX unless the '--jsx' flag is provided.
components/ui/IslandHeader.tsx(98,29): error TS17004: Cannot use JSX unless the '--jsx' flag is provided.
components/ui/IslandHeader.tsx(108,17): error TS17004: Cannot use JSX unless the '--jsx' flag is provided.
components/ui/IslandHeader.tsx(115,13): error TS17004: Cannot use JSX unless the '--jsx' flag is provided.
components/ui/IslandHeader.tsx(117,17): error TS17004: Cannot use JSX unless the '--jsx' flag is provided.
components/ui/IslandHeader.tsx(118,21): error TS17004: Cannot use JSX unless the '--jsx' flag is provided.
components/ui/IslandHeader.tsx(122,25): error TS17004: Cannot use JSX unless the '--jsx' flag is provided.
components/ui/IslandHeader.tsx(130,21): error TS17004: Cannot use JSX unless the '--jsx' flag is provided.
components/ui/IslandHeader.tsx(145,17): error TS17004: Cannot use JSX unless the '--jsx' flag is provided.
components/ui/IslandHeader.tsx(158,21): error TS17004: Cannot use JSX unless the '--jsx' flag is provided.
components/ui/IslandHeader.tsx(166,17): error TS17004: Cannot use JSX unless the '--jsx' flag is provided.
components/ui/IslandHeader.tsx(169,29): error TS17004: Cannot use JSX unless the '--jsx' flag is provided.
components/ui/IslandHeader.tsx(173,29): error TS17004: Cannot use JSX unless the '--jsx' flag is provided.
components/ui/IslandHeader.tsx(186,33): error TS17004: Cannot use JSX unless the '--jsx' flag is provided.
components/ui/IslandHeader.tsx(201,9): error TS17004: Cannot use JSX unless the '--jsx' flag is provided.
components/ui/IslandHeader.tsx(203,13): error TS17004: Cannot use JSX unless the '--jsx' flag is provided.
components/ui/JsonTreeView.tsx(1,42): error TS2307: Cannot find module 'react' or its corresponding type declarations.
components/ui/JsonTreeView.tsx(2,53): error TS2307: Cannot find module 'react-native' or its corresponding type declarations.
components/ui/JsonTreeView.tsx(3,26): error TS2307: Cannot find module '@expo/vector-icons' or its corresponding type declarations.
components/ui/JsonTreeView.tsx(18,3): error TS7031: Binding element 'label' implicitly has an 'any' type.
components/ui/JsonTreeView.tsx(19,3): error TS7031: Binding element 'value' implicitly has an 'any' type.
components/ui/JsonTreeView.tsx(22,3): error TS7031: Binding element 'onEdit' implicitly has an 'any' type.
components/ui/JsonTreeView.tsx(23,3): error TS7031: Binding element 'onDelete' implicitly has an 'any' type.
components/ui/JsonTreeView.tsx(34,7): error TS2322: Type '"null"' is not assignable to type '"string" | "number" | "bigint" | "boolean" | "symbol" | "undefined" | "object" | "function"'.
components/ui/JsonTreeView.tsx(37,7): error TS2322: Type '"array"' is not assignable to type '"string" | "number" | "bigint" | "boolean" | "symbol" | "undefined" | "object" | "function"'.
components/ui/JsonTreeView.tsx(77,9): error TS17004: Cannot use JSX unless the '--jsx' flag is provided.
components/ui/JsonTreeView.tsx(89,19): error TS2550: Property 'entries' does not exist on type 'ObjectConstructor'. Do you need to change your target library? Try changing the 'lib' compiler option to 'es2017' or later.
components/ui/JsonTreeView.tsx(89,41): error TS7031: Binding element 'key' implicitly has an 'any' type.
components/ui/JsonTreeView.tsx(89,46): error TS7031: Binding element 'val' implicitly has an 'any' type.
components/ui/JsonTreeView.tsx(90,7): error TS17004: Cannot use JSX unless the '--jsx' flag is provided.
components/ui/JsonTreeView.tsx(117,5): error TS17004: Cannot use JSX unless the '--jsx' flag is provided.
components/ui/JsonTreeView.tsx(118,7): error TS17004: Cannot use JSX unless the '--jsx' flag is provided.
components/ui/JsonTreeView.tsx(119,9): error TS17004: Cannot use JSX unless the '--jsx' flag is provided.
components/ui/JsonTreeView.tsx(125,13): error TS17004: Cannot use JSX unless the '--jsx' flag is provided.
components/ui/JsonTreeView.tsx(127,17): error TS17004: Cannot use JSX unless the '--jsx' flag is provided.
components/ui/JsonTreeView.tsx(135,13): error TS17004: Cannot use JSX unless the '--jsx' flag is provided.
components/ui/JsonTreeView.tsx(136,23): error TS17004: Cannot use JSX unless the '--jsx' flag is provided.
components/ui/JsonTreeView.tsx(137,13): error TS17004: Cannot use JSX unless the '--jsx' flag is provided.
components/ui/JsonTreeView.tsx(142,13): error TS17004: Cannot use JSX unless the '--jsx' flag is provided.
components/ui/JsonTreeView.tsx(144,21): error TS17004: Cannot use JSX unless the '--jsx' flag is provided.
components/ui/JsonTreeView.tsx(145,25): error TS17004: Cannot use JSX unless the '--jsx' flag is provided.
components/ui/JsonTreeView.tsx(149,21): error TS17004: Cannot use JSX unless the '--jsx' flag is provided.
components/ui/JsonTreeView.tsx(150,25): error TS17004: Cannot use JSX unless the '--jsx' flag is provided.
components/ui/JsonTreeView.tsx(158,9): error TS17004: Cannot use JSX unless the '--jsx' flag is provided.
components/ui/JsonTreeView.tsx(170,9): error TS7031: Binding element 'data' implicitly has an 'any' type.
components/ui/JsonTreeView.tsx(170,15): error TS7031: Binding element 'onEdit' implicitly has an 'any' type.
components/ui/JsonTreeView.tsx(170,23): error TS7031: Binding element 'onDelete' implicitly has an 'any' type.
components/ui/JsonTreeView.tsx(172,5): error TS17004: Cannot use JSX unless the '--jsx' flag is provided.
components/ui/JsonTreeView.tsx(173,7): error TS17004: Cannot use JSX unless the '--jsx' flag is provided.
components/ui/JulesLoader.tsx(1,34): error TS2307: Cannot find module 'react' or its corresponding type declarations.
components/ui/JulesLoader.tsx(2,40): error TS2307: Cannot find module 'react-native' or its corresponding type declarations.
components/ui/JulesLoader.tsx(11,8): error TS2307: Cannot find module 'react-native-reanimated' or its corresponding type declarations.
components/ui/JulesLoader.tsx(12,32): error TS2307: Cannot find module 'expo-linear-gradient' or its corresponding type declarations.
components/ui/JulesLoader.tsx(48,5): error TS17004: Cannot use JSX unless the '--jsx' flag is provided.
components/ui/JulesLoader.tsx(49,7): error TS17004: Cannot use JSX unless the '--jsx' flag is provided.
components/ui/JulesLoader.tsx(50,9): error TS17004: Cannot use JSX unless the '--jsx' flag is provided.
components/ui/JulesLoader.tsx(51,13): error TS17004: Cannot use JSX unless the '--jsx' flag is provided.
components/ui/JulesLoader.tsx(57,16): error TS17004: Cannot use JSX unless the '--jsx' flag is provided.
components/ui/JulesLoader.tsx(61,13): error TS17004: Cannot use JSX unless the '--jsx' flag is provided.
components/ui/JulesLoader.tsx(66,19): error TS17004: Cannot use JSX unless the '--jsx' flag is provided.
components/ui/Layout.tsx(1,32): error TS2307: Cannot find module 'expo-linear-gradient' or its corresponding type declarations.
components/ui/Layout.tsx(2,30): error TS2307: Cannot find module 'react-native-safe-area-context' or its corresponding type declarations.
components/ui/Layout.tsx(3,22): error TS2307: Cannot find module 'react-native' or its corresponding type declarations.
components/ui/Layout.tsx(6,108): error TS2503: Cannot find namespace 'React'.
components/ui/Layout.tsx(9,5): error TS17004: Cannot use JSX unless the '--jsx' flag is provided.
components/ui/Layout.tsx(13,7): error TS17004: Cannot use JSX unless the '--jsx' flag is provided.
components/ui/LinkAttachment.tsx(1,19): error TS2307: Cannot find module 'react' or its corresponding type declarations.
components/ui/LinkAttachment.tsx(2,44): error TS2307: Cannot find module 'react-native' or its corresponding type declarations.
components/ui/LinkAttachment.tsx(4,30): error TS6142: Module './BaseListItem' was resolved to '/app/components/ui/BaseListItem.tsx', but '--jsx' is not set.
components/ui/LinkAttachment.tsx(5,30): error TS6142: Module './ActionButton' was resolved to '/app/components/ui/ActionButton.tsx', but '--jsx' is not set.
components/ui/LinkAttachment.tsx(15,41): error TS7006: Parameter 'err' implicitly has an 'any' type.
components/ui/LinkAttachment.tsx(28,9): error TS17004: Cannot use JSX unless the '--jsx' flag is provided.
components/ui/LinkAttachment.tsx(34,9): error TS17004: Cannot use JSX unless the '--jsx' flag is provided.
components/ui/LinkAttachment.tsx(40,9): error TS17004: Cannot use JSX unless the '--jsx' flag is provided.
components/ui/LinkAttachment.tsx(44,9): error TS17004: Cannot use JSX unless the '--jsx' flag is provided.
components/ui/LinkAttachment.tsx(48,9): error TS17004: Cannot use JSX unless the '--jsx' flag is provided.
components/ui/LongPressButton.tsx(1,52): error TS2307: Cannot find module 'react' or its corresponding type declarations.
components/ui/LongPressButton.tsx(2,39): error TS2307: Cannot find module 'react-native' or its corresponding type declarations.
components/ui/LongPressButton.tsx(11,8): error TS2307: Cannot find module 'react-native-reanimated' or its corresponding type declarations.
components/ui/LongPressButton.tsx(38,37): error TS2503: Cannot find namespace 'NodeJS'.
components/ui/LongPressButton.tsx(62,17): error TS7006: Parameter 'finished' implicitly has an 'any' type.
components/ui/LongPressButton.tsx(106,9): error TS17004: Cannot use JSX unless the '--jsx' flag is provided.
components/ui/LongPressButton.tsx(114,13): error TS17004: Cannot use JSX unless the '--jsx' flag is provided.
components/ui/LongPressButton.tsx(118,21): error TS17004: Cannot use JSX unless the '--jsx' flag is provided.
components/ui/LongPressButton.tsx(122,21): error TS17004: Cannot use JSX unless the '--jsx' flag is provided.
components/ui/LongPressButton.tsx(123,25): error TS17004: Cannot use JSX unless the '--jsx' flag is provided.
components/ui/LongPressButton.tsx(130,17): error TS17004: Cannot use JSX unless the '--jsx' flag is provided.
components/ui/MarkdownView.tsx(1,19): error TS2307: Cannot find module 'react' or its corresponding type declarations.
components/ui/MarkdownView.tsx(2,59): error TS2307: Cannot find module 'react-native' or its corresponding type declarations.
components/ui/MarkdownView.tsx(3,24): error TS2307: Cannot find module 'marked' or its corresponding type declarations.
components/ui/MarkdownView.tsx(21,21): error TS17004: Cannot use JSX unless the '--jsx' flag is provided.
components/ui/MarkdownView.tsx(37,21): error TS17004: Cannot use JSX unless the '--jsx' flag is provided.
components/ui/MarkdownView.tsx(49,21): error TS17004: Cannot use JSX unless the '--jsx' flag is provided.
components/ui/MarkdownView.tsx(56,24): error TS17004: Cannot use JSX unless the '--jsx' flag is provided.
components/ui/MarkdownView.tsx(70,25): error TS17004: Cannot use JSX unless the '--jsx' flag is provided.
components/ui/MarkdownView.tsx(71,29): error TS17004: Cannot use JSX unless the '--jsx' flag is provided.
components/ui/MarkdownView.tsx(80,25): error TS17004: Cannot use JSX unless the '--jsx' flag is provided.
components/ui/MarkdownView.tsx(81,29): error TS17004: Cannot use JSX unless the '--jsx' flag is provided.
components/ui/MarkdownView.tsx(89,25): error TS17004: Cannot use JSX unless the '--jsx' flag is provided.
components/ui/MarkdownView.tsx(91,33): error TS17004: Cannot use JSX unless the '--jsx' flag is provided.
components/ui/MarkdownView.tsx(92,37): error TS17004: Cannot use JSX unless the '--jsx' flag is provided.
components/ui/MarkdownView.tsx(95,37): error TS17004: Cannot use JSX unless the '--jsx' flag is provided.
components/ui/MarkdownView.tsx(104,28): error TS17004: Cannot use JSX unless the '--jsx' flag is provided.
components/ui/MarkdownView.tsx(113,9): error TS17004: Cannot use JSX unless the '--jsx' flag is provided.
components/ui/MessageDialog.tsx(1,33): error TS2307: Cannot find module 'react' or its corresponding type declarations.
components/ui/MessageDialog.tsx(2,90): error TS2307: Cannot find module 'react-native' or its corresponding type declarations.
components/ui/MessageDialog.tsx(3,39): error TS6142: Module './ImageAttachmentButton' was resolved to '/app/components/ui/ImageAttachmentButton.tsx', but '--jsx' is not set.
components/ui/MessageDialog.tsx(4,26): error TS2307: Cannot find module '@expo/vector-icons' or its corresponding type declarations.
components/ui/MessageDialog.tsx(9,27): error TS6142: Module './AppButton' was resolved to '/app/components/ui/AppButton.tsx', but '--jsx' is not set.
components/ui/MessageDialog.tsx(39,24): error TS2705: An async function or method in ES5 requires the 'Promise' constructor.  Make sure you have a declaration for the 'Promise' constructor or include 'ES2015' in your '--lib' option.
components/ui/MessageDialog.tsx(85,9): error TS17004: Cannot use JSX unless the '--jsx' flag is provided.
components/ui/MessageDialog.tsx(86,13): error TS17004: Cannot use JSX unless the '--jsx' flag is provided.
components/ui/MessageDialog.tsx(87,17): error TS17004: Cannot use JSX unless the '--jsx' flag is provided.
components/ui/MessageDialog.tsx(88,21): error TS17004: Cannot use JSX unless the '--jsx' flag is provided.
components/ui/MessageDialog.tsx(91,25): error TS17004: Cannot use JSX unless the '--jsx' flag is provided.
components/ui/MessageDialog.tsx(92,29): error TS17004: Cannot use JSX unless the '--jsx' flag is provided.
components/ui/MessageDialog.tsx(97,29): error TS17004: Cannot use JSX unless the '--jsx' flag is provided.
components/ui/MessageDialog.tsx(101,33): error TS17004: Cannot use JSX unless the '--jsx' flag is provided.
components/ui/MessageDialog.tsx(106,21): error TS17004: Cannot use JSX unless the '--jsx' flag is provided.
components/ui/MessageDialog.tsx(116,21): error TS17004: Cannot use JSX unless the '--jsx' flag is provided.
components/ui/MessageDialog.tsx(118,29): error TS17004: Cannot use JSX unless the '--jsx' flag is provided.
components/ui/MessageDialog.tsx(124,25): error TS17004: Cannot use JSX unless the '--jsx' flag is provided.
components/ui/MessageDialog.tsx(132,25): error TS17004: Cannot use JSX unless the '--jsx' flag is provided.
components/ui/MetadataChip.tsx(1,19): error TS2307: Cannot find module 'react' or its corresponding type declarations.
components/ui/MetadataChip.tsx(2,87): error TS2307: Cannot find module 'react-native' or its corresponding type declarations.
components/ui/MetadataChip.tsx(3,26): error TS2307: Cannot find module '@expo/vector-icons' or its corresponding type declarations.
components/ui/MetadataChip.tsx(5,31): error TS6142: Module './UniversalIcon' was resolved to '/app/components/ui/UniversalIcon.tsx', but '--jsx' is not set.
components/ui/MetadataChip.tsx(102,9): error TS17004: Cannot use JSX unless the '--jsx' flag is provided.
components/ui/MetadataChip.tsx(122,17): error TS17004: Cannot use JSX unless the '--jsx' flag is provided.
components/ui/MetadataChip.tsx(135,18): error TS17004: Cannot use JSX unless the '--jsx' flag is provided.
components/ui/MetadataChip.tsx(136,21): error TS17004: Cannot use JSX unless the '--jsx' flag is provided.
components/ui/MetadataChip.tsx(143,17): error TS17004: Cannot use JSX unless the '--jsx' flag is provided.
components/ui/MetadataChip.tsx(144,21): error TS17004: Cannot use JSX unless the '--jsx' flag is provided.
components/ui/MetadataChip.tsx(153,17): error TS17004: Cannot use JSX unless the '--jsx' flag is provided.
components/ui/MetadataChip.tsx(163,17): error TS17004: Cannot use JSX unless the '--jsx' flag is provided.
components/ui/MetadataChip.tsx(169,17): error TS17004: Cannot use JSX unless the '--jsx' flag is provided.
components/ui/MetadataChip.tsx(173,21): error TS17004: Cannot use JSX unless the '--jsx' flag is provided.
components/ui/PropertyEditor.tsx(1,42): error TS2307: Cannot find module 'react' or its corresponding type declarations.
components/ui/PropertyEditor.tsx(2,77): error TS2307: Cannot find module 'react-native' or its corresponding type declarations.
components/ui/PropertyEditor.tsx(3,26): error TS2307: Cannot find module '@expo/vector-icons' or its corresponding type declarations.
components/ui/PropertyEditor.tsx(4,28): error TS2307: Cannot find module '@react-native-community/datetimepicker' or its corresponding type declarations.
components/ui/PropertyEditor.tsx(5,19): error TS2307: Cannot find module 'dayjs' or its corresponding type declarations.
components/ui/PropertyEditor.tsx(6,28): error TS6142: Module './BaseEditor' was resolved to '/app/components/ui/BaseEditor.tsx', but '--jsx' is not set.
components/ui/PropertyEditor.tsx(10,30): error TS6142: Module './MetadataChip' was resolved to '/app/components/ui/MetadataChip.tsx', but '--jsx' is not set.
components/ui/PropertyEditor.tsx(33,48): error TS2550: Property 'entries' does not exist on type 'ObjectConstructor'. Do you need to change your target library? Try changing the 'lib' compiler option to 'es2017' or later.
components/ui/PropertyEditor.tsx(45,21): error TS7006: Parameter 'k' implicitly has an 'any' type.
components/ui/PropertyEditor.tsx(51,21): error TS7006: Parameter 'v' implicitly has an 'any' type.
components/ui/PropertyEditor.tsx(110,13): error TS17004: Cannot use JSX unless the '--jsx' flag is provided.
components/ui/PropertyEditor.tsx(111,17): error TS2322: Type '{ key: string; label: any; color: any; variant: "default" | "outline"; style: { borderStyle: string; } | undefined; onPress: () => void; onRemove: () => void; size: "md"; }' is not assignable to type 'MetadataChipProps'.
  Property 'key' does not exist on type 'MetadataChipProps'.
components/ui/PropertyEditor.tsx(113,21): error TS17004: Cannot use JSX unless the '--jsx' flag is provided.
components/ui/PropertyEditor.tsx(114,25): error TS17004: Cannot use JSX unless the '--jsx' flag is provided.
components/ui/PropertyEditor.tsx(115,25): error TS17004: Cannot use JSX unless the '--jsx' flag is provided.
components/ui/PropertyEditor.tsx(131,9): error TS17004: Cannot use JSX unless the '--jsx' flag is provided.
components/ui/PropertyEditor.tsx(131,10): error TS2741: Property 'children' is missing in type '{ items: any; renderItem: ([key, value]: [string, any], index: number) => any; onAdd: () => void; label: string | undefined; addLabel: string; modalTitle: string; isModalVisible: any; onCloseModal: () => any; onConfirm: () => void; }' but required in type 'BaseEditorProps<[string, any]>'.
components/ui/PropertyEditor.tsx(142,13): error TS17004: Cannot use JSX unless the '--jsx' flag is provided.
components/ui/PropertyEditor.tsx(143,17): error TS17004: Cannot use JSX unless the '--jsx' flag is provided.
components/ui/PropertyEditor.tsx(144,21): error TS17004: Cannot use JSX unless the '--jsx' flag is provided.
components/ui/PropertyEditor.tsx(145,21): error TS17004: Cannot use JSX unless the '--jsx' flag is provided.
components/ui/PropertyEditor.tsx(155,25): error TS17004: Cannot use JSX unless the '--jsx' flag is provided.
components/ui/PropertyEditor.tsx(156,57): error TS7006: Parameter 'suggestion' implicitly has an 'any' type.
components/ui/PropertyEditor.tsx(157,33): error TS17004: Cannot use JSX unless the '--jsx' flag is provided.
components/ui/PropertyEditor.tsx(165,37): error TS17004: Cannot use JSX unless the '--jsx' flag is provided.
components/ui/PropertyEditor.tsx(171,17): error TS17004: Cannot use JSX unless the '--jsx' flag is provided.
components/ui/PropertyEditor.tsx(172,21): error TS17004: Cannot use JSX unless the '--jsx' flag is provided.
components/ui/PropertyEditor.tsx(179,33): error TS17004: Cannot use JSX unless the '--jsx' flag is provided.
components/ui/PropertyEditor.tsx(180,38): error TS17004: Cannot use JSX unless the '--jsx' flag is provided.
components/ui/PropertyEditor.tsx(184,41): error TS17004: Cannot use JSX unless the '--jsx' flag is provided.
components/ui/PropertyEditor.tsx(189,42): error TS17004: Cannot use JSX unless the '--jsx' flag is provided.
components/ui/PropertyEditor.tsx(193,57): error TS7006: Parameter 'event' implicitly has an 'any' type.
components/ui/PropertyEditor.tsx(193,64): error TS7006: Parameter 'date' implicitly has an 'any' type.
components/ui/PropertyEditor.tsx(207,34): error TS17004: Cannot use JSX unless the '--jsx' flag is provided.
components/ui/PropertyEditor.tsx(208,38): error TS17004: Cannot use JSX unless the '--jsx' flag is provided.
components/ui/PropertyEditor.tsx(209,38): error TS17004: Cannot use JSX unless the '--jsx' flag is provided.
components/ui/PropertyEditor.tsx(211,58): error TS7006: Parameter 'val' implicitly has an 'any' type.
components/ui/PropertyEditor.tsx(220,29): error TS17004: Cannot use JSX unless the '--jsx' flag is provided.
components/ui/PropertyEditor.tsx(233,25): error TS17004: Cannot use JSX unless the '--jsx' flag is provided.
components/ui/PropertyEditor.tsx(234,59): error TS7006: Parameter 'suggestion' implicitly has an 'any' type.
components/ui/PropertyEditor.tsx(235,33): error TS17004: Cannot use JSX unless the '--jsx' flag is provided.
components/ui/PropertyEditor.tsx(240,37): error TS17004: Cannot use JSX unless the '--jsx' flag is provided.
components/ui/ReminderItem.tsx(1,19): error TS2307: Cannot find module 'react' or its corresponding type declarations.
components/ui/ReminderItem.tsx(2,28): error TS2307: Cannot find module 'react-native' or its corresponding type declarations.
components/ui/ReminderItem.tsx(3,26): error TS2307: Cannot find module '@expo/vector-icons' or its corresponding type declarations.
components/ui/ReminderItem.tsx(5,30): error TS6142: Module './BaseListItem' was resolved to '/app/components/ui/BaseListItem.tsx', but '--jsx' is not set.
components/ui/ReminderItem.tsx(6,30): error TS6142: Module './ActionButton' was resolved to '/app/components/ui/ActionButton.tsx', but '--jsx' is not set.
components/ui/ReminderItem.tsx(30,9): error TS17004: Cannot use JSX unless the '--jsx' flag is provided.
components/ui/ReminderItem.tsx(34,9): error TS17004: Cannot use JSX unless the '--jsx' flag is provided.
components/ui/ReminderItem.tsx(35,13): error TS17004: Cannot use JSX unless the '--jsx' flag is provided.
components/ui/ReminderItem.tsx(37,18): error TS17004: Cannot use JSX unless the '--jsx' flag is provided.
components/ui/ReminderItem.tsx(38,21): error TS17004: Cannot use JSX unless the '--jsx' flag is provided.
components/ui/ReminderItem.tsx(42,17): error TS17004: Cannot use JSX unless the '--jsx' flag is provided.
components/ui/ReminderItem.tsx(43,22): error TS17004: Cannot use JSX unless the '--jsx' flag is provided.
components/ui/ReminderItem.tsx(47,17): error TS17004: Cannot use JSX unless the '--jsx' flag is provided.
components/ui/ReminderItem.tsx(48,21): error TS17004: Cannot use JSX unless the '--jsx' flag is provided.
components/ui/ReminderItem.tsx(55,9): error TS17004: Cannot use JSX unless the '--jsx' flag is provided.
components/ui/ReminderItem.tsx(56,13): error TS17004: Cannot use JSX unless the '--jsx' flag is provided.
components/ui/ReminderItem.tsx(57,18): error TS17004: Cannot use JSX unless the '--jsx' flag is provided.
components/ui/ReminderItem.tsx(59,21): error TS17004: Cannot use JSX unless the '--jsx' flag is provided.
components/ui/ReminderItem.tsx(63,17): error TS17004: Cannot use JSX unless the '--jsx' flag is provided.
components/ui/ReminderItem.tsx(69,9): error TS17004: Cannot use JSX unless the '--jsx' flag is provided.
components/ui/ReminderItem.tsx(71,17): error TS17004: Cannot use JSX unless the '--jsx' flag is provided.
components/ui/ReminderItem.tsx(74,17): error TS17004: Cannot use JSX unless the '--jsx' flag is provided.
components/ui/ReminderItem.tsx(77,17): error TS17004: Cannot use JSX unless the '--jsx' flag is provided.
components/ui/ReminderItem.tsx(83,9): error TS17004: Cannot use JSX unless the '--jsx' flag is provided.
components/ui/ScreenHeader.tsx(1,19): error TS2307: Cannot find module 'react' or its corresponding type declarations.
components/ui/ScreenHeader.tsx(2,46): error TS2307: Cannot find module 'react-native' or its corresponding type declarations.
components/ui/ScreenHeader.tsx(3,26): error TS2307: Cannot find module '@expo/vector-icons' or its corresponding type declarations.
components/ui/ScreenHeader.tsx(39,9): error TS17004: Cannot use JSX unless the '--jsx' flag is provided.
components/ui/ScreenHeader.tsx(43,13): error TS17004: Cannot use JSX unless the '--jsx' flag is provided.
components/ui/ScreenHeader.tsx(45,17): error TS17004: Cannot use JSX unless the '--jsx' flag is provided.
components/ui/ScreenHeader.tsx(47,25): error TS17004: Cannot use JSX unless the '--jsx' flag is provided.
components/ui/ScreenHeader.tsx(48,29): error TS17004: Cannot use JSX unless the '--jsx' flag is provided.
components/ui/ScreenHeader.tsx(51,21): error TS17004: Cannot use JSX unless the '--jsx' flag is provided.
components/ui/ScreenHeader.tsx(52,25): error TS17004: Cannot use JSX unless the '--jsx' flag is provided.
components/ui/ScreenHeader.tsx(56,29): error TS17004: Cannot use JSX unless the '--jsx' flag is provided.
components/ui/ScreenHeader.tsx(65,21): error TS17004: Cannot use JSX unless the '--jsx' flag is provided.
components/ui/ScreenHeader.tsx(68,33): error TS17004: Cannot use JSX unless the '--jsx' flag is provided.
components/ui/ScreenHeader.tsx(72,33): error TS17004: Cannot use JSX unless the '--jsx' flag is provided.
components/ui/ScreenHeader.tsx(79,37): error TS17004: Cannot use JSX unless the '--jsx' flag is provided.
components/ui/SelectionSheet.tsx(1,19): error TS2307: Cannot find module 'react' or its corresponding type declarations.
components/ui/SelectionSheet.tsx(2,65): error TS2307: Cannot find module 'react-native' or its corresponding type declarations.
components/ui/SelectionSheet.tsx(3,26): error TS2307: Cannot find module '@expo/vector-icons' or its corresponding type declarations.
components/ui/SelectionSheet.tsx(5,29): error TS6142: Module './AppButton' was resolved to '/app/components/ui/AppButton.tsx', but '--jsx' is not set.
components/ui/SelectionSheet.tsx(25,9): error TS17004: Cannot use JSX unless the '--jsx' flag is provided.
components/ui/SelectionSheet.tsx(26,13): error TS17004: Cannot use JSX unless the '--jsx' flag is provided.
components/ui/SelectionSheet.tsx(31,17): error TS17004: Cannot use JSX unless the '--jsx' flag is provided.
components/ui/SelectionSheet.tsx(31,63): error TS7006: Parameter 'e' implicitly has an 'any' type.
components/ui/SelectionSheet.tsx(32,21): error TS17004: Cannot use JSX unless the '--jsx' flag is provided.
components/ui/SelectionSheet.tsx(33,25): error TS17004: Cannot use JSX unless the '--jsx' flag is provided.
components/ui/SelectionSheet.tsx(34,29): error TS17004: Cannot use JSX unless the '--jsx' flag is provided.
components/ui/SelectionSheet.tsx(35,29): error TS17004: Cannot use JSX unless the '--jsx' flag is provided.
components/ui/SelectionSheet.tsx(38,25): error TS17004: Cannot use JSX unless the '--jsx' flag is provided.
components/ui/SelectionSheet.tsx(40,33): error TS17004: Cannot use JSX unless the '--jsx' flag is provided.
components/ui/SelectionSheet.tsx(50,41): error TS17004: Cannot use JSX unless the '--jsx' flag is provided.
components/ui/SelectionSheet.tsx(54,45): error TS17004: Cannot use JSX unless the '--jsx' flag is provided.
components/ui/SelectionSheet.tsx(61,37): error TS17004: Cannot use JSX unless the '--jsx' flag is provided.
components/ui/SettingsListItem.tsx(1,34): error TS2307: Cannot find module 'react' or its corresponding type declarations.
components/ui/SettingsListItem.tsx(2,62): error TS2307: Cannot find module 'react-native' or its corresponding type declarations.
components/ui/SettingsListItem.tsx(15,9): error TS17004: Cannot use JSX unless the '--jsx' flag is provided.
components/ui/SettingsListItem.tsx(22,17): error TS17004: Cannot use JSX unless the '--jsx' flag is provided.
components/ui/TagEditor.tsx(1,42): error TS2307: Cannot find module 'react' or its corresponding type declarations.
components/ui/TagEditor.tsx(2,69): error TS2307: Cannot find module 'react-native' or its corresponding type declarations.
components/ui/TagEditor.tsx(3,26): error TS2307: Cannot find module '@expo/vector-icons' or its corresponding type declarations.
components/ui/TagEditor.tsx(7,28): error TS6142: Module './BaseEditor' was resolved to '/app/components/ui/BaseEditor.tsx', but '--jsx' is not set.
components/ui/TagEditor.tsx(9,30): error TS6142: Module './MetadataChip' was resolved to '/app/components/ui/MetadataChip.tsx', but '--jsx' is not set.
components/ui/TagEditor.tsx(22,39): error TS7006: Parameter 'state' implicitly has an 'any' type.
components/ui/TagEditor.tsx(29,36): error TS2550: Property 'includes' does not exist on type 'string[]'. Do you need to change your target library? Try changing the 'lib' compiler option to 'es2016' or later.
components/ui/TagEditor.tsx(33,21): error TS7006: Parameter 't' implicitly has an 'any' type.
components/ui/TagEditor.tsx(33,32): error TS2550: Property 'includes' does not exist on type 'string[]'. Do you need to change your target library? Try changing the 'lib' compiler option to 'es2016' or later.
components/ui/TagEditor.tsx(54,13): error TS17004: Cannot use JSX unless the '--jsx' flag is provided.
components/ui/TagEditor.tsx(55,17): error TS2322: Type '{ key: string; label: string; color: any; variant: "solid"; onRemove: () => void; size: "md"; }' is not assignable to type 'MetadataChipProps'.
  Property 'key' does not exist on type 'MetadataChipProps'.
components/ui/TagEditor.tsx(66,9): error TS17004: Cannot use JSX unless the '--jsx' flag is provided.
components/ui/TagEditor.tsx(67,13): error TS17004: Cannot use JSX unless the '--jsx' flag is provided.
components/ui/TagEditor.tsx(68,13): error TS17004: Cannot use JSX unless the '--jsx' flag is provided.
components/ui/TagEditor.tsx(69,17): error TS17004: Cannot use JSX unless the '--jsx' flag is provided.
components/ui/TagEditor.tsx(70,38): error TS7006: Parameter 'tag' implicitly has an 'any' type.
components/ui/TagEditor.tsx(73,29): error TS17004: Cannot use JSX unless the '--jsx' flag is provided.
components/ui/TagEditor.tsx(74,33): error TS2322: Type '{ key: any; label: string; color: any; onPress: () => any; variant: "outline"; size: "md"; }' is not assignable to type 'MetadataChipProps'.
  Property 'key' does not exist on type 'MetadataChipProps'.
components/ui/TagEditor.tsx(89,9): error TS17004: Cannot use JSX unless the '--jsx' flag is provided.
components/ui/TagEditor.tsx(89,10): error TS2741: Property 'children' is missing in type '{ items: string[]; renderItem: (tag: string, index: number) => any; onAdd: () => any; label: string | undefined; addLabel: string; modalTitle: string; isModalVisible: any; onCloseModal: () => void; onConfirm: () => void; suggestions: any; }' but required in type 'BaseEditorProps<string>'.
components/ui/TagEditor.tsx(101,13): error TS17004: Cannot use JSX unless the '--jsx' flag is provided.
components/ui/TaskPicker.tsx(1,57): error TS2307: Cannot find module 'react' or its corresponding type declarations.
components/ui/TaskPicker.tsx(2,72): error TS2307: Cannot find module 'react-native' or its corresponding type declarations.
components/ui/TaskPicker.tsx(3,30): error TS2307: Cannot find module 'react-native-safe-area-context' or its corresponding type declarations.
components/ui/TaskPicker.tsx(4,47): error TS2307: Cannot find module '@react-navigation/material-top-tabs' or its corresponding type declarations.
components/ui/TaskPicker.tsx(5,26): error TS2307: Cannot find module '@expo/vector-icons' or its corresponding type declarations.
components/ui/TaskPicker.tsx(6,78): error TS2307: Cannot find module '@react-navigation/native' or its corresponding type declarations.
components/ui/TaskPicker.tsx(12,27): error TS6142: Module '../tasks/TasksList' was resolved to '/app/components/tasks/TasksList.tsx', but '--jsx' is not set.
components/ui/TaskPicker.tsx(13,34): error TS6142: Module '../tasks/TasksFilterPanel' was resolved to '/app/components/tasks/TasksFilterPanel.tsx', but '--jsx' is not set.
components/ui/TaskPicker.tsx(14,49): error TS6142: Module './SelectionSheet' was resolved to '/app/components/ui/SelectionSheet.tsx', but '--jsx' is not set.
components/ui/TaskPicker.tsx(46,9): error TS17004: Cannot use JSX unless the '--jsx' flag is provided.
components/ui/TaskPicker.tsx(112,37): error TS2705: An async function or method in ES5 requires the 'Promise' constructor.  Make sure you have a declaration for the 'Promise' constructor or include 'ES2015' in your '--lib' option.
components/ui/TaskPicker.tsx(130,29): error TS7006: Parameter 'prev' implicitly has an 'any' type.
components/ui/TaskPicker.tsx(142,25): error TS2550: Property 'values' does not exist on type 'ObjectConstructor'. Do you need to change your target library? Try changing the 'lib' compiler option to 'es2017' or later.
components/ui/TaskPicker.tsx(148,9): error TS17004: Cannot use JSX unless the '--jsx' flag is provided.
components/ui/TaskPicker.tsx(149,13): error TS17004: Cannot use JSX unless the '--jsx' flag is provided.
components/ui/TaskPicker.tsx(151,17): error TS17004: Cannot use JSX unless the '--jsx' flag is provided.
components/ui/TaskPicker.tsx(152,21): error TS17004: Cannot use JSX unless the '--jsx' flag is provided.
components/ui/TaskPicker.tsx(153,25): error TS17004: Cannot use JSX unless the '--jsx' flag is provided.
components/ui/TaskPicker.tsx(154,29): error TS17004: Cannot use JSX unless the '--jsx' flag is provided.
components/ui/TaskPicker.tsx(156,25): error TS17004: Cannot use JSX unless the '--jsx' flag is provided.
components/ui/TaskPicker.tsx(157,25): error TS17004: Cannot use JSX unless the '--jsx' flag is provided.
components/ui/TaskPicker.tsx(158,29): error TS17004: Cannot use JSX unless the '--jsx' flag is provided.
components/ui/TaskPicker.tsx(164,17): error TS17004: Cannot use JSX unless the '--jsx' flag is provided.
components/ui/TaskPicker.tsx(165,22): error TS17004: Cannot use JSX unless the '--jsx' flag is provided.
components/ui/TaskPicker.tsx(180,21): error TS17004: Cannot use JSX unless the '--jsx' flag is provided.
components/ui/TaskPicker.tsx(181,25): error TS17004: Cannot use JSX unless the '--jsx' flag is provided.
components/ui/TaskPicker.tsx(184,21): error TS17004: Cannot use JSX unless the '--jsx' flag is provided.
components/ui/TaskPicker.tsx(185,25): error TS17004: Cannot use JSX unless the '--jsx' flag is provided.
components/ui/TaskPicker.tsx(186,29): error TS17004: Cannot use JSX unless the '--jsx' flag is provided.
components/ui/TaskPicker.tsx(206,47): error TS7006: Parameter 'folder' implicitly has an 'any' type.
components/ui/TaskPicker.tsx(207,37): error TS17004: Cannot use JSX unless the '--jsx' flag is provided.
components/ui/TaskPicker.tsx(212,45): error TS17004: Cannot use JSX unless the '--jsx' flag is provided.
components/ui/TaskPicker.tsx(229,13): error TS17004: Cannot use JSX unless the '--jsx' flag is provided.
components/ui/TaskStatusIcon.tsx(1,19): error TS2307: Cannot find module 'react' or its corresponding type declarations.
components/ui/TaskStatusIcon.tsx(2,26): error TS2307: Cannot find module '@expo/vector-icons' or its corresponding type declarations.
components/ui/TaskStatusIcon.tsx(37,9): error TS17004: Cannot use JSX unless the '--jsx' flag is provided.
components/ui/TimeSyncPanel.tsx(1,19): error TS2307: Cannot find module 'react' or its corresponding type declarations.
components/ui/TimeSyncPanel.tsx(2,54): error TS2307: Cannot find module 'react-native' or its corresponding type declarations.
components/ui/TimeSyncPanel.tsx(3,26): error TS2307: Cannot find module '@expo/vector-icons' or its corresponding type declarations.
components/ui/TimeSyncPanel.tsx(5,27): error TS6142: Module './AppButton' was resolved to '/app/components/ui/AppButton.tsx', but '--jsx' is not set.
components/ui/TimeSyncPanel.tsx(21,9): error TS17004: Cannot use JSX unless the '--jsx' flag is provided.
components/ui/TimeSyncPanel.tsx(22,13): error TS17004: Cannot use JSX unless the '--jsx' flag is provided.
components/ui/TimeSyncPanel.tsx(23,17): error TS17004: Cannot use JSX unless the '--jsx' flag is provided.
components/ui/TimeSyncPanel.tsx(24,17): error TS17004: Cannot use JSX unless the '--jsx' flag is provided.
components/ui/TimeSyncPanel.tsx(34,17): error TS17004: Cannot use JSX unless the '--jsx' flag is provided.
components/ui/TimeSyncPanel.tsx(35,21): error TS17004: Cannot use JSX unless the '--jsx' flag is provided.
components/ui/TimeSyncPanel.tsx(44,21): error TS17004: Cannot use JSX unless the '--jsx' flag is provided.
components/ui/TimeSyncPanel.tsx(55,18): error TS17004: Cannot use JSX unless the '--jsx' flag is provided.
components/ui/TopTabBar.tsx(1,54): error TS2307: Cannot find module 'react' or its corresponding type declarations.
components/ui/TopTabBar.tsx(2,77): error TS2307: Cannot find module 'react-native' or its corresponding type declarations.
components/ui/TopTabBar.tsx(3,26): error TS2307: Cannot find module '@expo/vector-icons' or its corresponding type declarations.
components/ui/TopTabBar.tsx(5,32): error TS2307: Cannot find module 'expo-linear-gradient' or its corresponding type declarations.
components/ui/TopTabBar.tsx(78,9): error TS17004: Cannot use JSX unless the '--jsx' flag is provided.
components/ui/TopTabBar.tsx(99,21): error TS17004: Cannot use JSX unless the '--jsx' flag is provided.
components/ui/TopTabBar.tsx(118,29): error TS17004: Cannot use JSX unless the '--jsx' flag is provided.
components/ui/TopTabBar.tsx(126,29): error TS17004: Cannot use JSX unless the '--jsx' flag is provided.
components/ui/TopTabBar.tsx(145,13): error TS17004: Cannot use JSX unless the '--jsx' flag is provided.
components/ui/TopTabBar.tsx(150,17): error TS17004: Cannot use JSX unless the '--jsx' flag is provided.
components/ui/TopTabBar.tsx(168,21): error TS17004: Cannot use JSX unless the '--jsx' flag is provided.
components/ui/TopTabBar.tsx(187,21): error TS17004: Cannot use JSX unless the '--jsx' flag is provided.
components/ui/TopTabBar.tsx(208,9): error TS17004: Cannot use JSX unless the '--jsx' flag is provided.
components/ui/TopTabBar.tsx(229,9): error TS17004: Cannot use JSX unless the '--jsx' flag is provided.
components/ui/UniversalIcon.tsx(1,19): error TS2307: Cannot find module 'react' or its corresponding type declarations.
components/ui/UniversalIcon.tsx(2,50): error TS2307: Cannot find module '@expo/vector-icons' or its corresponding type declarations.
components/ui/UniversalIcon.tsx(3,38): error TS2307: Cannot find module 'react-native' or its corresponding type declarations.
components/ui/UniversalIcon.tsx(13,14): error TS2550: Property 'startsWith' does not exist on type 'string'. Do you need to change your target library? Try changing the 'lib' compiler option to 'es2015' or later.
components/ui/UniversalIcon.tsx(15,16): error TS17004: Cannot use JSX unless the '--jsx' flag is provided.
components/ui/UniversalIcon.tsx(19,12): error TS17004: Cannot use JSX unless the '--jsx' flag is provided.
components/ui/calendar/TimeRangesModal.tsx(1,19): error TS2307: Cannot find module 'react' or its corresponding type declarations.
components/ui/calendar/TimeRangesModal.tsx(10,8): error TS2307: Cannot find module 'react-native' or its corresponding type declarations.
components/ui/calendar/TimeRangesModal.tsx(12,31): error TS6142: Module './components/TimeRangeItem' was resolved to '/app/components/ui/calendar/components/TimeRangeItem.tsx', but '--jsx' is not set.
components/ui/calendar/TimeRangesModal.tsx(13,31): error TS6142: Module './components/TimeRangeForm' was resolved to '/app/components/ui/calendar/components/TimeRangeForm.tsx', but '--jsx' is not set.
components/ui/calendar/TimeRangesModal.tsx(43,17): error TS17004: Cannot use JSX unless the '--jsx' flag is provided.
components/ui/calendar/TimeRangesModal.tsx(52,17): error TS17004: Cannot use JSX unless the '--jsx' flag is provided.
components/ui/calendar/TimeRangesModal.tsx(61,13): error TS17004: Cannot use JSX unless the '--jsx' flag is provided.
components/ui/calendar/TimeRangesModal.tsx(63,21): error TS17004: Cannot use JSX unless the '--jsx' flag is provided.
components/ui/calendar/TimeRangesModal.tsx(64,25): error TS17004: Cannot use JSX unless the '--jsx' flag is provided.
components/ui/calendar/TimeRangesModal.tsx(65,25): error TS17004: Cannot use JSX unless the '--jsx' flag is provided.
components/ui/calendar/TimeRangesModal.tsx(71,33): error TS7006: Parameter 'range' implicitly has an 'any' type.
components/ui/calendar/TimeRangesModal.tsx(72,25): error TS17004: Cannot use JSX unless the '--jsx' flag is provided.
components/ui/calendar/TimeRangesModal.tsx(73,29): error TS2322: Type '{ key: any; range: any; onEdit: () => any; onDelete: () => any; onToggle: () => any; }' is not assignable to type 'TimeRangeItemProps'.
  Property 'key' does not exist on type 'TimeRangeItemProps'.
components/ui/calendar/TimeRangesModal.tsx(82,17): error TS17004: Cannot use JSX unless the '--jsx' flag is provided.
components/ui/calendar/TimeRangesModal.tsx(86,21): error TS17004: Cannot use JSX unless the '--jsx' flag is provided.
components/ui/calendar/TimeRangesModal.tsx(93,9): error TS17004: Cannot use JSX unless the '--jsx' flag is provided.
components/ui/calendar/TimeRangesModal.tsx(99,13): error TS17004: Cannot use JSX unless the '--jsx' flag is provided.
components/ui/calendar/TimeRangesModal.tsx(100,17): error TS17004: Cannot use JSX unless the '--jsx' flag is provided.
components/ui/calendar/TimeRangesModal.tsx(101,21): error TS17004: Cannot use JSX unless the '--jsx' flag is provided.
components/ui/calendar/TimeRangesModal.tsx(102,25): error TS17004: Cannot use JSX unless the '--jsx' flag is provided.
components/ui/calendar/TimeRangesModal.tsx(103,25): error TS17004: Cannot use JSX unless the '--jsx' flag is provided.
components/ui/calendar/TimeRangesModal.tsx(104,29): error TS17004: Cannot use JSX unless the '--jsx' flag is provided.
components/ui/calendar/TimeRangesModal.tsx(108,21): error TS17004: Cannot use JSX unless the '--jsx' flag is provided.
components/ui/calendar/TimeRangesModal.tsx(109,25): error TS17004: Cannot use JSX unless the '--jsx' flag is provided.
components/ui/calendar/commonStyles.ts(1,38): error TS2307: Cannot find module 'react-native' or its corresponding type declarations.
components/ui/calendar/components/Calendar.tsx(1,19): error TS2307: Cannot find module 'dayjs' or its corresponding type declarations.
components/ui/calendar/components/Calendar.tsx(2,23): error TS2307: Cannot find module 'dayjs/plugin/isBetween' or its corresponding type declarations.
components/ui/calendar/components/Calendar.tsx(3,19): error TS2307: Cannot find module 'react' or its corresponding type declarations.
components/ui/calendar/components/Calendar.tsx(6,30): error TS6142: Module '../theme/ThemeContext' was resolved to '/app/components/ui/calendar/theme/ThemeContext.tsx', but '--jsx' is not set.
components/ui/calendar/components/Calendar.tsx(12,82): error TS6142: Module './CalendarContainer' was resolved to '/app/components/ui/calendar/components/CalendarContainer.tsx', but '--jsx' is not set.
components/ui/calendar/components/Calendar.tsx(34,5): error TS17004: Cannot use JSX unless the '--jsx' flag is provided.
components/ui/calendar/components/Calendar.tsx(35,7): error TS17004: Cannot use JSX unless the '--jsx' flag is provided.
components/ui/calendar/components/CalendarBody.tsx(1,19): error TS2307: Cannot find module 'dayjs' or its corresponding type declarations.
components/ui/calendar/components/CalendarBody.tsx(2,24): error TS2307: Cannot find module 'react' or its corresponding type declarations.
components/ui/calendar/components/CalendarBody.tsx(14,8): error TS2307: Cannot find module 'react-native' or its corresponding type declarations.
components/ui/calendar/components/CalendarBody.tsx(15,54): error TS2307: Cannot find module 'react-native-gesture-handler' or its corresponding type declarations.
components/ui/calendar/components/CalendarBody.tsx(25,8): error TS2307: Cannot find module 'react-native-reanimated' or its corresponding type declarations.
components/ui/calendar/components/CalendarBody.tsx(26,28): error TS2307: Cannot find module 'react' or its corresponding type declarations.
components/ui/calendar/components/CalendarBody.tsx(27,33): error TS6142: Module '../../../DragDropContext' was resolved to '/app/components/DragDropContext.tsx', but '--jsx' is not set.
components/ui/calendar/components/CalendarBody.tsx(31,23): error TS2307: Cannot find module 'dayjs/plugin/isBetween' or its corresponding type declarations.
components/ui/calendar/components/CalendarBody.tsx(41,26): error TS6142: Module '../theme/ThemeContext' was resolved to '/app/components/ui/calendar/theme/ThemeContext.tsx', but '--jsx' is not set.
components/ui/calendar/components/CalendarBody.tsx(52,31): error TS6142: Module './CalendarEvent' was resolved to '/app/components/ui/calendar/components/CalendarEvent.tsx', but '--jsx' is not set.
components/ui/calendar/components/CalendarBody.tsx(53,32): error TS6142: Module './CalendarMarker' was resolved to '/app/components/ui/calendar/components/CalendarMarker.tsx', but '--jsx' is not set.
components/ui/calendar/components/CalendarBody.tsx(54,31): error TS6142: Module './CalendarRange' was resolved to '/app/components/ui/calendar/components/CalendarRange.tsx', but '--jsx' is not set.
components/ui/calendar/components/CalendarBody.tsx(55,30): error TS6142: Module './CalendarZone' was resolved to '/app/components/ui/calendar/components/CalendarZone.tsx', but '--jsx' is not set.
components/ui/calendar/components/CalendarBody.tsx(56,31): error TS6142: Module './HourGuideCell' was resolved to '/app/components/ui/calendar/components/HourGuideCell.tsx', but '--jsx' is not set.
components/ui/calendar/components/CalendarBody.tsx(57,33): error TS6142: Module './HourGuideColumn' was resolved to '/app/components/ui/calendar/components/HourGuideColumn.tsx', but '--jsx' is not set.
components/ui/calendar/components/CalendarBody.tsx(58,34): error TS6142: Module './QuickEntryMarker' was resolved to '/app/components/ui/calendar/components/QuickEntryMarker.tsx', but '--jsx' is not set.
components/ui/calendar/components/CalendarBody.tsx(59,26): error TS2307: Cannot find module 'expo-haptics' or its corresponding type declarations.
components/ui/calendar/components/CalendarBody.tsx(61,33): error TS6142: Module './QuickActionMenu' was resolved to '/app/components/ui/calendar/components/QuickActionMenu.tsx', but '--jsx' is not set.
components/ui/calendar/components/CalendarBody.tsx(165,44): error TS7006: Parameter 's' implicitly has an 'any' type.
components/ui/calendar/components/CalendarBody.tsx(166,23): error TS2550: Property 'from' does not exist on type 'ArrayConstructor'. Do you need to change your target library? Try changing the 'lib' compiler option to 'es2015' or later.
components/ui/calendar/components/CalendarBody.tsx(166,64): error TS7006: Parameter '_' implicitly has an 'any' type.
components/ui/calendar/components/CalendarBody.tsx(166,67): error TS7006: Parameter 'i' implicitly has an 'any' type.
components/ui/calendar/components/CalendarBody.tsx(199,6): error TS7006: Parameter 'data' implicitly has an 'any' type.
components/ui/calendar/components/CalendarBody.tsx(298,17): error TS7006: Parameter 'e' implicitly has an 'any' type.
components/ui/calendar/components/CalendarBody.tsx(304,18): error TS7006: Parameter 'e' implicitly has an 'any' type.
components/ui/calendar/components/CalendarBody.tsx(359,6): error TS7006: Parameter 'dragging' implicitly has an 'any' type.
components/ui/calendar/components/CalendarBody.tsx(359,16): error TS7006: Parameter 'previous' implicitly has an 'any' type.
components/ui/calendar/components/CalendarBody.tsx(378,21): error TS2583: Cannot find name 'Map'. Do you need to change your target library? Try changing the 'lib' compiler option to 'es2015' or later.
components/ui/calendar/components/CalendarBody.tsx(381,29): error TS2583: Cannot find name 'Map'. Do you need to change your target library? Try changing the 'lib' compiler option to 'es2015' or later.
components/ui/calendar/components/CalendarBody.tsx(382,19): error TS7006: Parameter 'r' implicitly has an 'any' type.
components/ui/calendar/components/CalendarBody.tsx(382,65): error TS7006: Parameter 'r' implicitly has an 'any' type.
components/ui/calendar/components/CalendarBody.tsx(389,26): error TS7006: Parameter 'dayRanges' implicitly has an 'any' type.
components/ui/calendar/components/CalendarBody.tsx(391,23): error TS7006: Parameter 'a' implicitly has an 'any' type.
components/ui/calendar/components/CalendarBody.tsx(391,26): error TS7006: Parameter 'b' implicitly has an 'any' type.
components/ui/calendar/components/CalendarBody.tsx(399,33): error TS2583: Cannot find name 'Set'. Do you need to change your target library? Try changing the 'lib' compiler option to 'es2015' or later.
components/ui/calendar/components/CalendarBody.tsx(434,44): error TS2583: Cannot find name 'Map'. Do you need to change your target library? Try changing the 'lib' compiler option to 'es2015' or later.
components/ui/calendar/components/CalendarBody.tsx(494,18): error TS2503: Cannot find namespace 'NodeJS'.
components/ui/calendar/components/CalendarBody.tsx(567,9): error TS17004: Cannot use JSX unless the '--jsx' flag is provided.
components/ui/calendar/components/CalendarBody.tsx(568,11): error TS2322: Type '{ key: string; event: T & { rangeOverlapCount: any; isNow: any; }; onPressEvent: ((event: T) => void) | undefined; eventCellStyle: any; eventCellAccessibilityProps: any; eventCellTextColor: string | undefined; ... 10 more ...; onEventDrop: ((event: T, newDate: Date) => void) | undefined; }' is not assignable to type 'CalendarEventProps<T & { rangeOverlapCount: any; isNow: any; }>'.
  Property 'key' does not exist on type 'CalendarEventProps<T & { rangeOverlapCount: any; isNow: any; }>'.
components/ui/calendar/components/CalendarBody.tsx(608,40): error TS7006: Parameter 'event' implicitly has an 'any' type.
components/ui/calendar/components/CalendarBody.tsx(613,29): error TS7006: Parameter 'event' implicitly has an 'any' type.
components/ui/calendar/components/CalendarBody.tsx(613,36): error TS7006: Parameter 'index' implicitly has an 'any' type.
components/ui/calendar/components/CalendarBody.tsx(618,11): error TS17004: Cannot use JSX unless the '--jsx' flag is provided.
components/ui/calendar/components/CalendarBody.tsx(619,13): error TS2322: Type '{ key: string; event: any; minHour: number; hours: any; offset: any; hasEventOverlap: boolean; }' is not assignable to type 'CalendarRangeProps<any>'.
  Property 'key' does not exist on type 'CalendarRangeProps<any>'.
components/ui/calendar/components/CalendarBody.tsx(635,18): error TS7006: Parameter 'event' implicitly has an 'any' type.
components/ui/calendar/components/CalendarBody.tsx(640,15): error TS7006: Parameter 'event' implicitly has an 'any' type.
components/ui/calendar/components/CalendarBody.tsx(640,22): error TS7006: Parameter 'index' implicitly has an 'any' type.
components/ui/calendar/components/CalendarBody.tsx(651,13): error TS17004: Cannot use JSX unless the '--jsx' flag is provided.
components/ui/calendar/components/CalendarBody.tsx(652,15): error TS2322: Type '{ key: string; event: any; minHour: number; hours: any; onPress: () => void | undefined; }' is not assignable to type 'CalendarZoneProps<any> & { onPress?: (() => void) | undefined; }'.
  Property 'key' does not exist on type 'CalendarZoneProps<any> & { onPress?: (() => void) | undefined; }'.
components/ui/calendar/components/CalendarBody.tsx(668,18): error TS7006: Parameter 'event' implicitly has an 'any' type.
components/ui/calendar/components/CalendarBody.tsx(669,15): error TS7006: Parameter 'event' implicitly has an 'any' type.
components/ui/calendar/components/CalendarBody.tsx(669,22): error TS7006: Parameter 'index' implicitly has an 'any' type.
components/ui/calendar/components/CalendarBody.tsx(680,13): error TS17004: Cannot use JSX unless the '--jsx' flag is provided.
components/ui/calendar/components/CalendarBody.tsx(681,15): error TS2322: Type '{ key: string; event: any; minHour: number; hours: any; renderEvent: EventRenderer<T> | undefined; onPressEvent: ((event: T) => void) | undefined; cellHeight: number; onEventDrop: ((event: T, newDate: Date) => void) | undefined; }' is not assignable to type 'CalendarMarkerProps<T>'.
  Property 'key' does not exist on type 'CalendarMarkerProps<T>'.
components/ui/calendar/components/CalendarBody.tsx(714,9): error TS17004: Cannot use JSX unless the '--jsx' flag is provided.
components/ui/calendar/components/CalendarBody.tsx(762,5): error TS17004: Cannot use JSX unless the '--jsx' flag is provided.
components/ui/calendar/components/CalendarBody.tsx(763,34): error TS17004: Cannot use JSX unless the '--jsx' flag is provided.
components/ui/calendar/components/CalendarBody.tsx(764,7): error TS17004: Cannot use JSX unless the '--jsx' flag is provided.
components/ui/calendar/components/CalendarBody.tsx(780,13): error TS17004: Cannot use JSX unless the '--jsx' flag is provided.
components/ui/calendar/components/CalendarBody.tsx(789,9): error TS17004: Cannot use JSX unless the '--jsx' flag is provided.
components/ui/calendar/components/CalendarBody.tsx(791,13): error TS17004: Cannot use JSX unless the '--jsx' flag is provided.
components/ui/calendar/components/CalendarBody.tsx(792,27): error TS7006: Parameter 'hour' implicitly has an 'any' type.
components/ui/calendar/components/CalendarBody.tsx(793,17): error TS17004: Cannot use JSX unless the '--jsx' flag is provided.
components/ui/calendar/components/CalendarBody.tsx(807,13): error TS17004: Cannot use JSX unless the '--jsx' flag is provided.
components/ui/calendar/components/CalendarBody.tsx(808,15): error TS17004: Cannot use JSX unless the '--jsx' flag is provided.
components/ui/calendar/components/CalendarBody.tsx(809,17): error TS17004: Cannot use JSX unless the '--jsx' flag is provided.
components/ui/calendar/components/CalendarBody.tsx(810,31): error TS7006: Parameter 'hour' implicitly has an 'any' type.
components/ui/calendar/components/CalendarBody.tsx(810,37): error TS7006: Parameter 'index' implicitly has an 'any' type.
components/ui/calendar/components/CalendarBody.tsx(811,21): error TS17004: Cannot use JSX unless the '--jsx' flag is provided.
components/ui/calendar/components/CalendarBody.tsx(831,17): error TS17004: Cannot use JSX unless the '--jsx' flag is provided.
components/ui/calendar/components/CalendarBody.tsx(840,19): error TS17004: Cannot use JSX unless the '--jsx' flag is provided.
components/ui/calendar/components/CalendarBody.tsx(850,19): error TS17004: Cannot use JSX unless the '--jsx' flag is provided.
components/ui/calendar/components/CalendarBody.tsx(860,21): error TS17004: Cannot use JSX unless the '--jsx' flag is provided.
components/ui/calendar/components/CalendarBody.tsx(876,38): error TS7006: Parameter 'e' implicitly has an 'any' type.
components/ui/calendar/components/CalendarBody.tsx(881,36): error TS7006: Parameter 'a' implicitly has an 'any' type.
components/ui/calendar/components/CalendarBody.tsx(881,39): error TS7006: Parameter 'b' implicitly has an 'any' type.
components/ui/calendar/components/CalendarBody.tsx(899,11): error TS17004: Cannot use JSX unless the '--jsx' flag is provided.
components/ui/calendar/components/CalendarBody.tsx(900,13): error TS17004: Cannot use JSX unless the '--jsx' flag is provided.
components/ui/calendar/components/CalendarBody.tsx(904,13): error TS17004: Cannot use JSX unless the '--jsx' flag is provided.
components/ui/calendar/components/CalendarBody.tsx(905,15): error TS17004: Cannot use JSX unless the '--jsx' flag is provided.
components/ui/calendar/components/CalendarBody.tsx(910,15): error TS17004: Cannot use JSX unless the '--jsx' flag is provided.
components/ui/calendar/components/CalendarBodyForMonthView.tsx(1,25): error TS2307: Cannot find module 'calendarize' or its corresponding type declarations.
components/ui/calendar/components/CalendarBodyForMonthView.tsx(2,19): error TS2307: Cannot find module 'dayjs' or its corresponding type declarations.
components/ui/calendar/components/CalendarBodyForMonthView.tsx(3,24): error TS2307: Cannot find module 'react' or its corresponding type declarations.
components/ui/calendar/components/CalendarBodyForMonthView.tsx(13,8): error TS2307: Cannot find module 'react-native' or its corresponding type declarations.
components/ui/calendar/components/CalendarBodyForMonthView.tsx(26,26): error TS6142: Module '../theme/ThemeContext' was resolved to '/app/components/ui/calendar/theme/ThemeContext.tsx', but '--jsx' is not set.
components/ui/calendar/components/CalendarBodyForMonthView.tsx(29,43): error TS6142: Module './CalendarEventForMonthView' was resolved to '/app/components/ui/calendar/components/CalendarEventForMonthView.tsx', but '--jsx' is not set.
components/ui/calendar/components/CalendarBodyForMonthView.tsx(190,35): error TS2583: Cannot find name 'Map'. Do you need to change your target library? Try changing the 'lib' compiler option to 'es2015' or later.
components/ui/calendar/components/CalendarBodyForMonthView.tsx(190,56): error TS2583: Cannot find name 'Map'. Do you need to change your target library? Try changing the 'lib' compiler option to 'es2015' or later.
components/ui/calendar/components/CalendarBodyForMonthView.tsx(221,40): error TS2583: Cannot find name 'Set'. Do you need to change your target library? Try changing the 'lib' compiler option to 'es2015' or later.
components/ui/calendar/components/CalendarBodyForMonthView.tsx(269,7): error TS17004: Cannot use JSX unless the '--jsx' flag is provided.
components/ui/calendar/components/CalendarBodyForMonthView.tsx(292,5): error TS17004: Cannot use JSX unless the '--jsx' flag is provided.
components/ui/calendar/components/CalendarBodyForMonthView.tsx(306,35): error TS7031: Binding element 'layout' implicitly has an 'any' type.
components/ui/calendar/components/CalendarBodyForMonthView.tsx(310,19): error TS7006: Parameter 'week' implicitly has an 'any' type.
components/ui/calendar/components/CalendarBodyForMonthView.tsx(310,25): error TS7006: Parameter 'i' implicitly has an 'any' type.
components/ui/calendar/components/CalendarBodyForMonthView.tsx(311,9): error TS17004: Cannot use JSX unless the '--jsx' flag is provided.
components/ui/calendar/components/CalendarBodyForMonthView.tsx(323,13): error TS17004: Cannot use JSX unless the '--jsx' flag is provided.
components/ui/calendar/components/CalendarBodyForMonthView.tsx(337,15): error TS17004: Cannot use JSX unless the '--jsx' flag is provided.
components/ui/calendar/components/CalendarBodyForMonthView.tsx(353,19): error TS7006: Parameter 'd' implicitly has an 'any' type.
components/ui/calendar/components/CalendarBodyForMonthView.tsx(356,19): error TS7006: Parameter 'date' implicitly has an 'any' type.
components/ui/calendar/components/CalendarBodyForMonthView.tsx(356,25): error TS7006: Parameter 'ii' implicitly has an 'any' type.
components/ui/calendar/components/CalendarBodyForMonthView.tsx(357,15): error TS17004: Cannot use JSX unless the '--jsx' flag is provided.
components/ui/calendar/components/CalendarBodyForMonthView.tsx(376,45): error TS7031: Binding element 'layout' implicitly has an 'any' type.
components/ui/calendar/components/CalendarBodyForMonthView.tsx(386,17): error TS17004: Cannot use JSX unless the '--jsx' flag is provided.
components/ui/calendar/components/CalendarBodyForMonthView.tsx(399,24): error TS7006: Parameter 'elements' implicitly has an 'any' type.
components/ui/calendar/components/CalendarBodyForMonthView.tsx(399,34): error TS7006: Parameter 'event' implicitly has an 'any' type.
components/ui/calendar/components/CalendarBodyForMonthView.tsx(399,41): error TS7006: Parameter 'index' implicitly has an 'any' type.
components/ui/calendar/components/CalendarBodyForMonthView.tsx(399,48): error TS7006: Parameter 'events' implicitly has an 'any' type.
components/ui/calendar/components/CalendarBodyForMonthView.tsx(403,27): error TS17004: Cannot use JSX unless the '--jsx' flag is provided.
components/ui/calendar/components/CalendarBodyForMonthView.tsx(417,27): error TS17004: Cannot use JSX unless the '--jsx' flag is provided.
components/ui/calendar/components/CalendarBodyForMonthView.tsx(418,29): error TS2322: Type '{ key: string; event: any; eventCellStyle: any; eventCellAccessibilityProps: any; onPressEvent: ((event: T) => void) | undefined; renderEvent: EventRenderer<T> | undefined; ... 5 more ...; showAdjacentMonths: boolean; }' is not assignable to type 'CalendarEventProps<T>'.
  Property 'key' does not exist on type 'CalendarEventProps<T>'.
components/ui/calendar/components/CalendarBodyForMonthView.tsx(439,21): error TS17004: Cannot use JSX unless the '--jsx' flag is provided.
components/ui/calendar/components/CalendarBodyForMonthView.tsx(493,5): error TS17004: Cannot use JSX unless the '--jsx' flag is provided.
components/ui/calendar/components/CalendarBodyForMonthView.tsx(501,7): error TS17004: Cannot use JSX unless the '--jsx' flag is provided.
components/ui/calendar/components/CalendarContainer.tsx(1,19): error TS2307: Cannot find module 'dayjs' or its corresponding type declarations.
components/ui/calendar/components/CalendarContainer.tsx(2,81): error TS2307: Cannot find module 'react' or its corresponding type declarations.
components/ui/calendar/components/CalendarContainer.tsx(3,99): error TS2307: Cannot find module 'react-native' or its corresponding type declarations.
components/ui/calendar/components/CalendarContainer.tsx(4,64): error TS2307: Cannot find module 'react-native-infinite-pager' or its corresponding type declarations.
components/ui/calendar/components/CalendarContainer.tsx(22,26): error TS6142: Module '../theme/ThemeContext' was resolved to '/app/components/ui/calendar/theme/ThemeContext.tsx', but '--jsx' is not set.
components/ui/calendar/components/CalendarContainer.tsx(33,30): error TS6142: Module './CalendarBody' was resolved to '/app/components/ui/calendar/components/CalendarBody.tsx', but '--jsx' is not set.
components/ui/calendar/components/CalendarContainer.tsx(34,42): error TS6142: Module './CalendarBodyForMonthView' was resolved to '/app/components/ui/calendar/components/CalendarBodyForMonthView.tsx', but '--jsx' is not set.
components/ui/calendar/components/CalendarContainer.tsx(35,32): error TS6142: Module './CalendarHeader' was resolved to '/app/components/ui/calendar/components/CalendarHeader.tsx', but '--jsx' is not set.
components/ui/calendar/components/CalendarContainer.tsx(36,44): error TS6142: Module './CalendarHeaderForMonthView' was resolved to '/app/components/ui/calendar/components/CalendarHeaderForMonthView.tsx', but '--jsx' is not set.
components/ui/calendar/components/CalendarContainer.tsx(37,26): error TS6142: Module './Schedule' was resolved to '/app/components/ui/calendar/components/Schedule.tsx', but '--jsx' is not set.
components/ui/calendar/components/CalendarContainer.tsx(466,7): error TS17004: Cannot use JSX unless the '--jsx' flag is provided.
components/ui/calendar/components/CalendarContainer.tsx(470,24): error TS7031: Binding element 'index' implicitly has an 'any' type.
components/ui/calendar/components/CalendarContainer.tsx(471,11): error TS17004: Cannot use JSX unless the '--jsx' flag is provided.
components/ui/calendar/components/CalendarContainer.tsx(472,13): error TS17004: Cannot use JSX unless the '--jsx' flag is provided.
components/ui/calendar/components/CalendarContainer.tsx(476,13): error TS17004: Cannot use JSX unless the '--jsx' flag is provided.
components/ui/calendar/components/CalendarContainer.tsx(537,7): error TS17004: Cannot use JSX unless the '--jsx' flag is provided.
components/ui/calendar/components/CalendarContainer.tsx(569,7): error TS17004: Cannot use JSX unless the '--jsx' flag is provided.
components/ui/calendar/components/CalendarContainer.tsx(570,9): error TS17004: Cannot use JSX unless the '--jsx' flag is provided.
components/ui/calendar/components/CalendarContainer.tsx(571,9): error TS17004: Cannot use JSX unless the '--jsx' flag is provided.
components/ui/calendar/components/CalendarContainer.tsx(666,5): error TS17004: Cannot use JSX unless the '--jsx' flag is provided.
components/ui/calendar/components/CalendarEvent.tsx(1,19): error TS2307: Cannot find module 'dayjs' or its corresponding type declarations.
components/ui/calendar/components/CalendarEvent.tsx(2,24): error TS2307: Cannot find module 'react' or its corresponding type declarations.
components/ui/calendar/components/CalendarEvent.tsx(3,41): error TS2307: Cannot find module 'react-native' or its corresponding type declarations.
components/ui/calendar/components/CalendarEvent.tsx(7,26): error TS6142: Module '../theme/ThemeContext' was resolved to '/app/components/ui/calendar/theme/ThemeContext.tsx', but '--jsx' is not set.
components/ui/calendar/components/CalendarEvent.tsx(10,46): error TS6142: Module './DefaultCalendarEventRenderer' was resolved to '/app/components/ui/calendar/components/DefaultCalendarEventRenderer.tsx', but '--jsx' is not set.
components/ui/calendar/components/CalendarEvent.tsx(12,39): error TS6142: Module './DraggableEventWrapper' was resolved to '/app/components/ui/calendar/components/DraggableEventWrapper.tsx', but '--jsx' is not set.
components/ui/calendar/components/CalendarEvent.tsx(133,36): error TS7006: Parameter 'p' implicitly has an 'any' type.
components/ui/calendar/components/CalendarEvent.tsx(140,7): error TS17004: Cannot use JSX unless the '--jsx' flag is provided.
components/ui/calendar/components/CalendarEvent.tsx(155,5): error TS17004: Cannot use JSX unless the '--jsx' flag is provided.
components/ui/calendar/components/CalendarEvent.tsx(155,6): error TS2741: Property 'children' is missing in type '{ eventStart: any; minHour: number; cellHeight: number; onDrop: (newDate: Date) => void; enabled: true; style: any; }' but required in type 'DraggableEventWrapperProps'.
components/ui/calendar/components/CalendarEventForMonthView.tsx(1,24): error TS2307: Cannot find module 'dayjs' or its corresponding type declarations.
components/ui/calendar/components/CalendarEventForMonthView.tsx(2,24): error TS2307: Cannot find module 'react' or its corresponding type declarations.
components/ui/calendar/components/CalendarEventForMonthView.tsx(3,41): error TS2307: Cannot find module 'react-native' or its corresponding type declarations.
components/ui/calendar/components/CalendarEventForMonthView.tsx(4,46): error TS2307: Cannot find module 'react-native' or its corresponding type declarations.
components/ui/calendar/components/CalendarEventForMonthView.tsx(8,26): error TS6142: Module '../theme/ThemeContext' was resolved to '/app/components/ui/calendar/theme/ThemeContext.tsx', but '--jsx' is not set.
components/ui/calendar/components/CalendarEventForMonthView.tsx(71,5): error TS17004: Cannot use JSX unless the '--jsx' flag is provided.
components/ui/calendar/components/CalendarEventForMonthView.tsx(80,11): error TS17004: Cannot use JSX unless the '--jsx' flag is provided.
components/ui/calendar/components/CalendarEventForMonthView.tsx(81,13): error TS17004: Cannot use JSX unless the '--jsx' flag is provided.
components/ui/calendar/components/CalendarHeader.tsx(1,19): error TS2307: Cannot find module 'dayjs' or its corresponding type declarations.
components/ui/calendar/components/CalendarHeader.tsx(2,24): error TS2307: Cannot find module 'react' or its corresponding type declarations.
components/ui/calendar/components/CalendarHeader.tsx(10,8): error TS2307: Cannot find module 'react-native' or its corresponding type declarations.
components/ui/calendar/components/CalendarHeader.tsx(13,26): error TS6142: Module '../theme/ThemeContext' was resolved to '/app/components/ui/calendar/theme/ThemeContext.tsx', but '--jsx' is not set.
components/ui/calendar/components/CalendarHeader.tsx(84,5): error TS17004: Cannot use JSX unless the '--jsx' flag is provided.
components/ui/calendar/components/CalendarHeader.tsx(94,9): error TS17004: Cannot use JSX unless the '--jsx' flag is provided.
components/ui/calendar/components/CalendarHeader.tsx(96,13): error TS17004: Cannot use JSX unless the '--jsx' flag is provided.
components/ui/calendar/components/CalendarHeader.tsx(103,15): error TS17004: Cannot use JSX unless the '--jsx' flag is provided.
components/ui/calendar/components/CalendarHeader.tsx(114,15): error TS17004: Cannot use JSX unless the '--jsx' flag is provided.
components/ui/calendar/components/CalendarHeader.tsx(115,17): error TS17004: Cannot use JSX unless the '--jsx' flag is provided.
components/ui/calendar/components/CalendarHeader.tsx(137,11): error TS17004: Cannot use JSX unless the '--jsx' flag is provided.
components/ui/calendar/components/CalendarHeader.tsx(144,13): error TS17004: Cannot use JSX unless the '--jsx' flag is provided.
components/ui/calendar/components/CalendarHeader.tsx(150,15): error TS17004: Cannot use JSX unless the '--jsx' flag is provided.
components/ui/calendar/components/CalendarHeader.tsx(165,15): error TS17004: Cannot use JSX unless the '--jsx' flag is provided.
components/ui/calendar/components/CalendarHeader.tsx(184,17): error TS17004: Cannot use JSX unless the '--jsx' flag is provided.
components/ui/calendar/components/CalendarHeader.tsx(206,15): error TS17004: Cannot use JSX unless the '--jsx' flag is provided.
components/ui/calendar/components/CalendarHeader.tsx(224,21): error TS17004: Cannot use JSX unless the '--jsx' flag is provided.
components/ui/calendar/components/CalendarHeader.tsx(230,23): error TS17004: Cannot use JSX unless the '--jsx' flag is provided.
components/ui/calendar/components/CalendarHeaderForMonthView.tsx(1,19): error TS2307: Cannot find module 'dayjs' or its corresponding type declarations.
components/ui/calendar/components/CalendarHeaderForMonthView.tsx(2,24): error TS2307: Cannot find module 'react' or its corresponding type declarations.
components/ui/calendar/components/CalendarHeaderForMonthView.tsx(3,69): error TS2307: Cannot find module 'react-native' or its corresponding type declarations.
components/ui/calendar/components/CalendarHeaderForMonthView.tsx(7,26): error TS6142: Module '../theme/ThemeContext' was resolved to '/app/components/ui/calendar/theme/ThemeContext.tsx', but '--jsx' is not set.
components/ui/calendar/components/CalendarHeaderForMonthView.tsx(37,5): error TS17004: Cannot use JSX unless the '--jsx' flag is provided.
components/ui/calendar/components/CalendarHeaderForMonthView.tsx(47,9): error TS17004: Cannot use JSX unless the '--jsx' flag is provided.
components/ui/calendar/components/CalendarHeaderForMonthView.tsx(52,11): error TS17004: Cannot use JSX unless the '--jsx' flag is provided.
components/ui/calendar/components/CalendarHeaderForMonthView.tsx(53,13): error TS17004: Cannot use JSX unless the '--jsx' flag is provided.
components/ui/calendar/components/CalendarHeaderForMonthView.tsx(66,19): error TS7006: Parameter 'date' implicitly has an 'any' type.
components/ui/calendar/components/CalendarHeaderForMonthView.tsx(67,9): error TS17004: Cannot use JSX unless the '--jsx' flag is provided.
components/ui/calendar/components/CalendarHeaderForMonthView.tsx(72,11): error TS17004: Cannot use JSX unless the '--jsx' flag is provided.
components/ui/calendar/components/CalendarHeaderForMonthView.tsx(73,13): error TS17004: Cannot use JSX unless the '--jsx' flag is provided.
components/ui/calendar/components/CalendarMarker.tsx(1,19): error TS2307: Cannot find module 'dayjs' or its corresponding type declarations.
components/ui/calendar/components/CalendarMarker.tsx(2,19): error TS2307: Cannot find module 'react' or its corresponding type declarations.
components/ui/calendar/components/CalendarMarker.tsx(3,34): error TS2307: Cannot find module 'react-native' or its corresponding type declarations.
components/ui/calendar/components/CalendarMarker.tsx(8,39): error TS6142: Module './DraggableEventWrapper' was resolved to '/app/components/ui/calendar/components/DraggableEventWrapper.tsx', but '--jsx' is not set.
components/ui/calendar/components/CalendarMarker.tsx(75,7): error TS17004: Cannot use JSX unless the '--jsx' flag is provided.
components/ui/calendar/components/CalendarMarker.tsx(76,9): error TS17004: Cannot use JSX unless the '--jsx' flag is provided.
components/ui/calendar/components/CalendarMarker.tsx(77,9): error TS17004: Cannot use JSX unless the '--jsx' flag is provided.
components/ui/calendar/components/CalendarMarker.tsx(82,5): error TS17004: Cannot use JSX unless the '--jsx' flag is provided.
components/ui/calendar/components/CalendarMarker.tsx(82,6): error TS2741: Property 'children' is missing in type '{ style: any; eventStart: any; minHour: number; cellHeight: number; onDrop: (newDate: Date) => void | undefined; enabled: boolean; }' but required in type 'DraggableEventWrapperProps'.
components/ui/calendar/components/CalendarRange.tsx(1,19): error TS2307: Cannot find module 'dayjs' or its corresponding type declarations.
components/ui/calendar/components/CalendarRange.tsx(2,19): error TS2307: Cannot find module 'react' or its corresponding type declarations.
components/ui/calendar/components/CalendarRange.tsx(3,40): error TS2307: Cannot find module 'react-native' or its corresponding type declarations.
components/ui/calendar/components/CalendarRange.tsx(47,5): error TS17004: Cannot use JSX unless the '--jsx' flag is provided.
components/ui/calendar/components/CalendarRange.tsx(62,9): error TS17004: Cannot use JSX unless the '--jsx' flag is provided.
components/ui/calendar/components/CalendarZone.tsx(1,19): error TS2307: Cannot find module 'dayjs' or its corresponding type declarations.
components/ui/calendar/components/CalendarZone.tsx(2,19): error TS2307: Cannot find module 'react' or its corresponding type declarations.
components/ui/calendar/components/CalendarZone.tsx(3,58): error TS2307: Cannot find module 'react-native' or its corresponding type declarations.
components/ui/calendar/components/CalendarZone.tsx(6,32): error TS2307: Cannot find module 'expo-linear-gradient' or its corresponding type declarations.
components/ui/calendar/components/CalendarZone.tsx(71,5): error TS17004: Cannot use JSX unless the '--jsx' flag is provided.
components/ui/calendar/components/CalendarZone.tsx(96,7): error TS17004: Cannot use JSX unless the '--jsx' flag is provided.
components/ui/calendar/components/CalendarZone.tsx(97,10): error TS17004: Cannot use JSX unless the '--jsx' flag is provided.
components/ui/calendar/components/CalendarZone.tsx(108,9): error TS17004: Cannot use JSX unless the '--jsx' flag is provided.
components/ui/calendar/components/CalendarZone.tsx(129,11): error TS17004: Cannot use JSX unless the '--jsx' flag is provided.
components/ui/calendar/components/CalendarZone.tsx(136,7): error TS17004: Cannot use JSX unless the '--jsx' flag is provided.
components/ui/calendar/components/CalendarZone.tsx(155,9): error TS17004: Cannot use JSX unless the '--jsx' flag is provided.
components/ui/calendar/components/DefaultCalendarEventRenderer.tsx(1,19): error TS2307: Cannot find module 'dayjs' or its corresponding type declarations.
components/ui/calendar/components/DefaultCalendarEventRenderer.tsx(2,24): error TS2307: Cannot find module 'react' or its corresponding type declarations.
components/ui/calendar/components/DefaultCalendarEventRenderer.tsx(3,50): error TS2307: Cannot find module 'react-native' or its corresponding type declarations.
components/ui/calendar/components/DefaultCalendarEventRenderer.tsx(6,26): error TS6142: Module '../theme/ThemeContext' was resolved to '/app/components/ui/calendar/theme/ThemeContext.tsx', but '--jsx' is not set.
components/ui/calendar/components/DefaultCalendarEventRenderer.tsx(46,5): error TS17004: Cannot use JSX unless the '--jsx' flag is provided.
components/ui/calendar/components/DefaultCalendarEventRenderer.tsx(48,9): error TS17004: Cannot use JSX unless the '--jsx' flag is provided.
components/ui/calendar/components/DefaultCalendarEventRenderer.tsx(50,11): error TS17004: Cannot use JSX unless the '--jsx' flag is provided.
components/ui/calendar/components/DefaultCalendarEventRenderer.tsx(55,9): error TS17004: Cannot use JSX unless the '--jsx' flag is provided.
components/ui/calendar/components/DefaultCalendarEventRenderer.tsx(56,11): error TS17004: Cannot use JSX unless the '--jsx' flag is provided.
components/ui/calendar/components/DefaultCalendarEventRenderer.tsx(58,13): error TS17004: Cannot use JSX unless the '--jsx' flag is provided.
components/ui/calendar/components/DraggableEventWrapper.tsx(1,34): error TS2307: Cannot find module 'react' or its corresponding type declarations.
components/ui/calendar/components/DraggableEventWrapper.tsx(2,56): error TS2307: Cannot find module 'react-native' or its corresponding type declarations.
components/ui/calendar/components/DraggableEventWrapper.tsx(3,42): error TS2307: Cannot find module 'react-native-gesture-handler' or its corresponding type declarations.
components/ui/calendar/components/DraggableEventWrapper.tsx(12,8): error TS2307: Cannot find module 'react-native-reanimated' or its corresponding type declarations.
components/ui/calendar/components/DraggableEventWrapper.tsx(13,26): error TS2307: Cannot find module 'expo-haptics' or its corresponding type declarations.
components/ui/calendar/components/DraggableEventWrapper.tsx(14,19): error TS2307: Cannot find module 'dayjs' or its corresponding type declarations.
components/ui/calendar/components/DraggableEventWrapper.tsx(67,20): error TS7006: Parameter 'e' implicitly has an 'any' type.
components/ui/calendar/components/DraggableEventWrapper.tsx(108,9): error TS17004: Cannot use JSX unless the '--jsx' flag is provided.
components/ui/calendar/components/DraggableEventWrapper.tsx(109,13): error TS17004: Cannot use JSX unless the '--jsx' flag is provided.
components/ui/calendar/components/HabitItem.tsx(1,19): error TS2307: Cannot find module 'react' or its corresponding type declarations.
components/ui/calendar/components/HabitItem.tsx(2,54): error TS2307: Cannot find module 'react-native' or its corresponding type declarations.
components/ui/calendar/components/HabitItem.tsx(3,30): error TS6142: Module '../../ActionButton' was resolved to '/app/components/ui/ActionButton.tsx', but '--jsx' is not set.
components/ui/calendar/components/HabitItem.tsx(4,34): error TS6142: Module '../../SettingsListItem' was resolved to '/app/components/ui/SettingsListItem.tsx', but '--jsx' is not set.
components/ui/calendar/components/HabitItem.tsx(5,26): error TS2307: Cannot find module '@expo/vector-icons' or its corresponding type declarations.
components/ui/calendar/components/HabitItem.tsx(23,9): error TS17004: Cannot use JSX unless the '--jsx' flag is provided.
components/ui/calendar/components/HabitItem.tsx(23,10): error TS2741: Property 'children' is missing in type '{ color: string; }' but required in type 'SettingsListItemProps'.
components/ui/calendar/components/HabitItem.tsx(25,13): error TS17004: Cannot use JSX unless the '--jsx' flag is provided.
components/ui/calendar/components/HabitItem.tsx(26,17): error TS17004: Cannot use JSX unless the '--jsx' flag is provided.
components/ui/calendar/components/HabitItem.tsx(27,21): error TS17004: Cannot use JSX unless the '--jsx' flag is provided.
components/ui/calendar/components/HabitItem.tsx(28,21): error TS17004: Cannot use JSX unless the '--jsx' flag is provided.
components/ui/calendar/components/HabitItem.tsx(33,13): error TS17004: Cannot use JSX unless the '--jsx' flag is provided.
components/ui/calendar/components/HabitItem.tsx(34,17): error TS17004: Cannot use JSX unless the '--jsx' flag is provided.
components/ui/calendar/components/HabitItem.tsx(41,17): error TS17004: Cannot use JSX unless the '--jsx' flag is provided.
components/ui/calendar/components/HourGuideCell.tsx(1,24): error TS2307: Cannot find module 'dayjs' or its corresponding type declarations.
components/ui/calendar/components/HourGuideCell.tsx(2,24): error TS2307: Cannot find module 'react' or its corresponding type declarations.
components/ui/calendar/components/HourGuideCell.tsx(3,73): error TS2307: Cannot find module 'react-native' or its corresponding type declarations.
components/ui/calendar/components/HourGuideCell.tsx(7,26): error TS6142: Module '../theme/ThemeContext' was resolved to '/app/components/ui/calendar/theme/ThemeContext.tsx', but '--jsx' is not set.
components/ui/calendar/components/HourGuideCell.tsx(40,5): error TS17004: Cannot use JSX unless the '--jsx' flag is provided.
components/ui/calendar/components/HourGuideCell.tsx(45,7): error TS17004: Cannot use JSX unless the '--jsx' flag is provided.
components/ui/calendar/components/HourGuideCell.tsx(57,16): error TS2550: Property 'from' does not exist on type 'ArrayConstructor'. Do you need to change your target library? Try changing the 'lib' compiler option to 'es2015' or later.
components/ui/calendar/components/HourGuideCell.tsx(57,45): error TS7006: Parameter '_' implicitly has an 'any' type.
components/ui/calendar/components/HourGuideCell.tsx(57,48): error TS7006: Parameter 'index' implicitly has an 'any' type.
components/ui/calendar/components/HourGuideCell.tsx(58,11): error TS17004: Cannot use JSX unless the '--jsx' flag is provided.
components/ui/calendar/components/HourGuideColumn.tsx(1,24): error TS2307: Cannot find module 'react' or its corresponding type declarations.
components/ui/calendar/components/HourGuideColumn.tsx(2,69): error TS2307: Cannot find module 'react-native' or its corresponding type declarations.
components/ui/calendar/components/HourGuideColumn.tsx(6,26): error TS6142: Module '../theme/ThemeContext' was resolved to '/app/components/ui/calendar/theme/ThemeContext.tsx', but '--jsx' is not set.
components/ui/calendar/components/HourGuideColumn.tsx(34,5): error TS17004: Cannot use JSX unless the '--jsx' flag is provided.
components/ui/calendar/components/HourGuideColumn.tsx(36,9): error TS17004: Cannot use JSX unless the '--jsx' flag is provided.
components/ui/calendar/components/HourGuideColumn.tsx(38,9): error TS17004: Cannot use JSX unless the '--jsx' flag is provided.
components/ui/calendar/components/QuickActionMenu.tsx(2,19): error TS2307: Cannot find module 'react' or its corresponding type declarations.
components/ui/calendar/components/QuickActionMenu.tsx(3,58): error TS2307: Cannot find module 'react-native' or its corresponding type declarations.
components/ui/calendar/components/QuickActionMenu.tsx(4,43): error TS2307: Cannot find module 'react-native-reanimated' or its corresponding type declarations.
components/ui/calendar/components/QuickActionMenu.tsx(6,26): error TS6142: Module '../theme/ThemeContext' was resolved to '/app/components/ui/calendar/theme/ThemeContext.tsx', but '--jsx' is not set.
components/ui/calendar/components/QuickActionMenu.tsx(7,40): error TS2307: Cannot find module '@expo/vector-icons' or its corresponding type declarations.
components/ui/calendar/components/QuickActionMenu.tsx(25,9): error TS17004: Cannot use JSX unless the '--jsx' flag is provided.
components/ui/calendar/components/QuickActionMenu.tsx(39,13): error TS17004: Cannot use JSX unless the '--jsx' flag is provided.
components/ui/calendar/components/QuickActionMenu.tsx(43,17): error TS17004: Cannot use JSX unless the '--jsx' flag is provided.
components/ui/calendar/components/QuickActionMenu.tsx(44,17): error TS17004: Cannot use JSX unless the '--jsx' flag is provided.
components/ui/calendar/components/QuickActionMenu.tsx(47,13): error TS17004: Cannot use JSX unless the '--jsx' flag is provided.
components/ui/calendar/components/QuickActionMenu.tsx(51,17): error TS17004: Cannot use JSX unless the '--jsx' flag is provided.
components/ui/calendar/components/QuickActionMenu.tsx(52,17): error TS17004: Cannot use JSX unless the '--jsx' flag is provided.
components/ui/calendar/components/QuickActionMenu.tsx(55,13): error TS17004: Cannot use JSX unless the '--jsx' flag is provided.
components/ui/calendar/components/QuickActionMenu.tsx(59,17): error TS17004: Cannot use JSX unless the '--jsx' flag is provided.
components/ui/calendar/components/QuickActionMenu.tsx(60,17): error TS17004: Cannot use JSX unless the '--jsx' flag is provided.
components/ui/calendar/components/QuickEntryMarker.tsx(2,19): error TS2307: Cannot find module 'react' or its corresponding type declarations.
components/ui/calendar/components/QuickEntryMarker.tsx(3,45): error TS2307: Cannot find module 'react-native' or its corresponding type declarations.
components/ui/calendar/components/QuickEntryMarker.tsx(4,99): error TS2307: Cannot find module 'react-native-reanimated' or its corresponding type declarations.
components/ui/calendar/components/QuickEntryMarker.tsx(6,26): error TS6142: Module '../theme/ThemeContext' was resolved to '/app/components/ui/calendar/theme/ThemeContext.tsx', but '--jsx' is not set.
components/ui/calendar/components/QuickEntryMarker.tsx(60,9): error TS17004: Cannot use JSX unless the '--jsx' flag is provided.
components/ui/calendar/components/QuickEntryMarker.tsx(69,13): error TS17004: Cannot use JSX unless the '--jsx' flag is provided.
components/ui/calendar/components/QuickEntryMarker.tsx(70,17): error TS17004: Cannot use JSX unless the '--jsx' flag is provided.
components/ui/calendar/components/Schedule.tsx(1,19): error TS2307: Cannot find module 'dayjs' or its corresponding type declarations.
components/ui/calendar/components/Schedule.tsx(2,19): error TS2307: Cannot find module 'react' or its corresponding type declarations.
components/ui/calendar/components/Schedule.tsx(11,8): error TS2307: Cannot find module 'react-native' or its corresponding type declarations.
components/ui/calendar/components/Schedule.tsx(21,26): error TS6142: Module '../theme/ThemeContext' was resolved to '/app/components/ui/calendar/theme/ThemeContext.tsx', but '--jsx' is not set.
components/ui/calendar/components/Schedule.tsx(30,31): error TS6142: Module './CalendarEvent' was resolved to '/app/components/ui/calendar/components/CalendarEvent.tsx', but '--jsx' is not set.
components/ui/calendar/components/Schedule.tsx(141,19): error TS2550: Property 'values' does not exist on type 'ObjectConstructor'. Do you need to change your target library? Try changing the 'lib' compiler option to 'es2017' or later.
components/ui/calendar/components/Schedule.tsx(145,5): error TS17004: Cannot use JSX unless the '--jsx' flag is provided.
components/ui/calendar/components/Schedule.tsx(146,7): error TS17004: Cannot use JSX unless the '--jsx' flag is provided.
components/ui/calendar/components/Schedule.tsx(164,7): error TS17004: Cannot use JSX unless the '--jsx' flag is provided.
components/ui/calendar/components/Schedule.tsx(166,9): error TS17004: Cannot use JSX unless the '--jsx' flag is provided.
components/ui/calendar/components/Schedule.tsx(167,11): error TS17004: Cannot use JSX unless the '--jsx' flag is provided.
components/ui/calendar/components/Schedule.tsx(177,13): error TS17004: Cannot use JSX unless the '--jsx' flag is provided.
components/ui/calendar/components/Schedule.tsx(197,13): error TS17004: Cannot use JSX unless the '--jsx' flag is provided.
components/ui/calendar/components/Schedule.tsx(213,9): error TS17004: Cannot use JSX unless the '--jsx' flag is provided.
components/ui/calendar/components/Schedule.tsx(216,15): error TS17004: Cannot use JSX unless the '--jsx' flag is provided.
components/ui/calendar/components/Schedule.tsx(220,17): error TS17004: Cannot use JSX unless the '--jsx' flag is provided.
components/ui/calendar/components/Schedule.tsx(221,19): error TS2322: Type '{ key: string; event: T; onPressEvent: ((event: T) => void) | undefined; eventCellStyle: any; eventCellAccessibilityProps: any; showTime: boolean; eventCount: number | undefined; eventOrder: number | undefined; overlapOffset: number | undefined; renderEvent: EventRenderer<...> | undefined; ampm: boolean; mode: "sche...' is not assignable to type 'CalendarEventProps<T>'.
  Property 'key' does not exist on type 'CalendarEventProps<T>'.
components/ui/calendar/components/Schedule.tsx(245,5): error TS17004: Cannot use JSX unless the '--jsx' flag is provided.
components/ui/calendar/components/Schedule.tsx(246,7): error TS17004: Cannot use JSX unless the '--jsx' flag is provided.
components/ui/calendar/components/Schedule.tsx(250,24): error TS7006: Parameter '_' implicitly has an 'any' type.
components/ui/calendar/components/Schedule.tsx(250,27): error TS7006: Parameter 'index' implicitly has an 'any' type.
components/ui/calendar/components/ScheduleEvent.tsx(1,19): error TS2307: Cannot find module 'react' or its corresponding type declarations.
components/ui/calendar/components/ScheduleEvent.tsx(2,56): error TS2307: Cannot find module 'react-native' or its corresponding type declarations.
components/ui/calendar/components/ScheduleEvent.tsx(3,19): error TS2307: Cannot find module 'dayjs' or its corresponding type declarations.
components/ui/calendar/components/ScheduleEvent.tsx(4,26): error TS2307: Cannot find module '@expo/vector-icons' or its corresponding type declarations.
components/ui/calendar/components/ScheduleEvent.tsx(5,31): error TS6142: Module '../../UniversalIcon' was resolved to '/app/components/ui/UniversalIcon.tsx', but '--jsx' is not set.
components/ui/calendar/components/ScheduleEvent.tsx(6,26): error TS6142: Module '../theme/ThemeContext' was resolved to '/app/components/ui/calendar/theme/ThemeContext.tsx', but '--jsx' is not set.
components/ui/calendar/components/ScheduleEvent.tsx(39,49): error TS7006: Parameter 's' implicitly has an 'any' type.
components/ui/calendar/components/ScheduleEvent.tsx(40,41): error TS7006: Parameter 's' implicitly has an 'any' type.
components/ui/calendar/components/ScheduleEvent.tsx(52,13): error TS17004: Cannot use JSX unless the '--jsx' flag is provided.
components/ui/calendar/components/ScheduleEvent.tsx(71,17): error TS17004: Cannot use JSX unless the '--jsx' flag is provided.
components/ui/calendar/components/ScheduleEvent.tsx(73,21): error TS17004: Cannot use JSX unless the '--jsx' flag is provided.
components/ui/calendar/components/ScheduleEvent.tsx(77,25): error TS17004: Cannot use JSX unless the '--jsx' flag is provided.
components/ui/calendar/components/ScheduleEvent.tsx(86,29): error TS17004: Cannot use JSX unless the '--jsx' flag is provided.
components/ui/calendar/components/ScheduleEvent.tsx(87,33): error TS17004: Cannot use JSX unless the '--jsx' flag is provided.
components/ui/calendar/components/ScheduleEvent.tsx(91,29): error TS17004: Cannot use JSX unless the '--jsx' flag is provided.
components/ui/calendar/components/ScheduleEvent.tsx(92,33): error TS17004: Cannot use JSX unless the '--jsx' flag is provided.
components/ui/calendar/components/ScheduleEvent.tsx(98,21): error TS17004: Cannot use JSX unless the '--jsx' flag is provided.
components/ui/calendar/components/ScheduleEvent.tsx(120,13): error TS17004: Cannot use JSX unless the '--jsx' flag is provided.
components/ui/calendar/components/ScheduleEvent.tsx(133,17): error TS17004: Cannot use JSX unless the '--jsx' flag is provided.
components/ui/calendar/components/ScheduleEvent.tsx(134,21): error TS17004: Cannot use JSX unless the '--jsx' flag is provided.
components/ui/calendar/components/ScheduleEvent.tsx(187,9): error TS17004: Cannot use JSX unless the '--jsx' flag is provided.
components/ui/calendar/components/ScheduleEvent.tsx(195,13): error TS17004: Cannot use JSX unless the '--jsx' flag is provided.
components/ui/calendar/components/ScheduleEvent.tsx(197,21): error TS17004: Cannot use JSX unless the '--jsx' flag is provided.
components/ui/calendar/components/ScheduleEvent.tsx(198,25): error TS17004: Cannot use JSX unless the '--jsx' flag is provided.
components/ui/calendar/components/ScheduleEvent.tsx(206,21): error TS17004: Cannot use JSX unless the '--jsx' flag is provided.
components/ui/calendar/components/ScheduleEvent.tsx(213,17): error TS17004: Cannot use JSX unless the '--jsx' flag is provided.
components/ui/calendar/components/ScheduleEvent.tsx(225,21): error TS17004: Cannot use JSX unless the '--jsx' flag is provided.
components/ui/calendar/components/ScheduleEvent.tsx(232,17): error TS17004: Cannot use JSX unless the '--jsx' flag is provided.
components/ui/calendar/components/ScheduleEvent.tsx(239,17): error TS17004: Cannot use JSX unless the '--jsx' flag is provided.
components/ui/calendar/components/ScheduleEvent.tsx(241,25): error TS17004: Cannot use JSX unless the '--jsx' flag is provided.
components/ui/calendar/components/ScheduleEvent.tsx(242,29): error TS17004: Cannot use JSX unless the '--jsx' flag is provided.
components/ui/calendar/components/ScheduleEvent.tsx(246,25): error TS17004: Cannot use JSX unless the '--jsx' flag is provided.
components/ui/calendar/components/ScheduleEvent.tsx(247,29): error TS17004: Cannot use JSX unless the '--jsx' flag is provided.
components/ui/calendar/components/ScheduleEvent.tsx(251,25): error TS17004: Cannot use JSX unless the '--jsx' flag is provided.
components/ui/calendar/components/ScheduleEvent.tsx(252,29): error TS17004: Cannot use JSX unless the '--jsx' flag is provided.
components/ui/calendar/components/ScheduleEvent.tsx(256,25): error TS17004: Cannot use JSX unless the '--jsx' flag is provided.
components/ui/calendar/components/ScheduleEvent.tsx(257,29): error TS17004: Cannot use JSX unless the '--jsx' flag is provided.
components/ui/calendar/components/ScheduleEvent.tsx(261,25): error TS17004: Cannot use JSX unless the '--jsx' flag is provided.
components/ui/calendar/components/ScheduleEvent.tsx(262,29): error TS17004: Cannot use JSX unless the '--jsx' flag is provided.
components/ui/calendar/components/ScheduleEvent.tsx(266,25): error TS17004: Cannot use JSX unless the '--jsx' flag is provided.
components/ui/calendar/components/ScheduleEvent.tsx(270,29): error TS17004: Cannot use JSX unless the '--jsx' flag is provided.
components/ui/calendar/components/ScheduleEvent.tsx(276,25): error TS17004: Cannot use JSX unless the '--jsx' flag is provided.
components/ui/calendar/components/ScheduleEvent.tsx(277,29): error TS17004: Cannot use JSX unless the '--jsx' flag is provided.
components/ui/calendar/components/TimeRangeForm.tsx(1,19): error TS2307: Cannot find module 'react' or its corresponding type declarations.
components/ui/calendar/components/TimeRangeForm.tsx(2,65): error TS2307: Cannot find module 'react-native' or its corresponding type declarations.
components/ui/calendar/components/TimeRangeForm.tsx(3,19): error TS2307: Cannot find module 'dayjs' or its corresponding type declarations.
components/ui/calendar/components/TimeRangeForm.tsx(4,28): error TS2307: Cannot find module '@react-native-community/datetimepicker' or its corresponding type declarations.
components/ui/calendar/components/TimeRangeForm.tsx(5,29): error TS6142: Module '../../ColorPicker' was resolved to '/app/components/ui/ColorPicker.tsx', but '--jsx' is not set.
components/ui/calendar/components/TimeRangeForm.tsx(60,18): error TS7006: Parameter 'prev' implicitly has an 'any' type.
components/ui/calendar/components/TimeRangeForm.tsx(62,32): error TS7006: Parameter 'd' implicitly has an 'any' type.
components/ui/calendar/components/TimeRangeForm.tsx(71,36): error TS7006: Parameter 'idx' implicitly has an 'any' type.
components/ui/calendar/components/TimeRangeForm.tsx(85,9): error TS17004: Cannot use JSX unless the '--jsx' flag is provided.
components/ui/calendar/components/TimeRangeForm.tsx(87,13): error TS17004: Cannot use JSX unless the '--jsx' flag is provided.
components/ui/calendar/components/TimeRangeForm.tsx(88,17): error TS17004: Cannot use JSX unless the '--jsx' flag is provided.
components/ui/calendar/components/TimeRangeForm.tsx(89,17): error TS17004: Cannot use JSX unless the '--jsx' flag is provided.
components/ui/calendar/components/TimeRangeForm.tsx(98,13): error TS17004: Cannot use JSX unless the '--jsx' flag is provided.
components/ui/calendar/components/TimeRangeForm.tsx(99,17): error TS17004: Cannot use JSX unless the '--jsx' flag is provided.
components/ui/calendar/components/TimeRangeForm.tsx(100,17): error TS17004: Cannot use JSX unless the '--jsx' flag is provided.
components/ui/calendar/components/TimeRangeForm.tsx(108,13): error TS17004: Cannot use JSX unless the '--jsx' flag is provided.
components/ui/calendar/components/TimeRangeForm.tsx(109,17): error TS17004: Cannot use JSX unless the '--jsx' flag is provided.
components/ui/calendar/components/TimeRangeForm.tsx(110,21): error TS17004: Cannot use JSX unless the '--jsx' flag is provided.
components/ui/calendar/components/TimeRangeForm.tsx(111,21): error TS17004: Cannot use JSX unless the '--jsx' flag is provided.
components/ui/calendar/components/TimeRangeForm.tsx(113,17): error TS17004: Cannot use JSX unless the '--jsx' flag is provided.
components/ui/calendar/components/TimeRangeForm.tsx(122,13): error TS17004: Cannot use JSX unless the '--jsx' flag is provided.
components/ui/calendar/components/TimeRangeForm.tsx(123,17): error TS17004: Cannot use JSX unless the '--jsx' flag is provided.
components/ui/calendar/components/TimeRangeForm.tsx(124,21): error TS17004: Cannot use JSX unless the '--jsx' flag is provided.
components/ui/calendar/components/TimeRangeForm.tsx(125,21): error TS17004: Cannot use JSX unless the '--jsx' flag is provided.
components/ui/calendar/components/TimeRangeForm.tsx(129,25): error TS17004: Cannot use JSX unless the '--jsx' flag is provided.
components/ui/calendar/components/TimeRangeForm.tsx(134,17): error TS17004: Cannot use JSX unless the '--jsx' flag is provided.
components/ui/calendar/components/TimeRangeForm.tsx(135,21): error TS17004: Cannot use JSX unless the '--jsx' flag is provided.
components/ui/calendar/components/TimeRangeForm.tsx(136,21): error TS17004: Cannot use JSX unless the '--jsx' flag is provided.
components/ui/calendar/components/TimeRangeForm.tsx(140,25): error TS17004: Cannot use JSX unless the '--jsx' flag is provided.
components/ui/calendar/components/TimeRangeForm.tsx(148,13): error TS17004: Cannot use JSX unless the '--jsx' flag is provided.
components/ui/calendar/components/TimeRangeForm.tsx(149,17): error TS17004: Cannot use JSX unless the '--jsx' flag is provided.
components/ui/calendar/components/TimeRangeForm.tsx(150,17): error TS17004: Cannot use JSX unless the '--jsx' flag is provided.
components/ui/calendar/components/TimeRangeForm.tsx(154,29): error TS17004: Cannot use JSX unless the '--jsx' flag is provided.
components/ui/calendar/components/TimeRangeForm.tsx(163,33): error TS17004: Cannot use JSX unless the '--jsx' flag is provided.
components/ui/calendar/components/TimeRangeForm.tsx(176,13): error TS17004: Cannot use JSX unless the '--jsx' flag is provided.
components/ui/calendar/components/TimeRangeForm.tsx(183,13): error TS17004: Cannot use JSX unless the '--jsx' flag is provided.
components/ui/calendar/components/TimeRangeForm.tsx(184,17): error TS17004: Cannot use JSX unless the '--jsx' flag is provided.
components/ui/calendar/components/TimeRangeForm.tsx(185,21): error TS17004: Cannot use JSX unless the '--jsx' flag is provided.
components/ui/calendar/components/TimeRangeForm.tsx(187,17): error TS17004: Cannot use JSX unless the '--jsx' flag is provided.
components/ui/calendar/components/TimeRangeForm.tsx(193,21): error TS17004: Cannot use JSX unless the '--jsx' flag is provided.
components/ui/calendar/components/TimeRangeForm.tsx(204,17): error TS17004: Cannot use JSX unless the '--jsx' flag is provided.
components/ui/calendar/components/TimeRangeForm.tsx(209,32): error TS7006: Parameter 'event' implicitly has an 'any' type.
components/ui/calendar/components/TimeRangeForm.tsx(209,39): error TS7006: Parameter 'selectedDate' implicitly has an 'any' type.
components/ui/calendar/components/TimeRangeForm.tsx(216,17): error TS17004: Cannot use JSX unless the '--jsx' flag is provided.
components/ui/calendar/components/TimeRangeForm.tsx(221,32): error TS7006: Parameter 'event' implicitly has an 'any' type.
components/ui/calendar/components/TimeRangeForm.tsx(221,39): error TS7006: Parameter 'selectedDate' implicitly has an 'any' type.
components/ui/calendar/components/TimeRangeItem.tsx(1,19): error TS2307: Cannot find module 'react' or its corresponding type declarations.
components/ui/calendar/components/TimeRangeItem.tsx(2,54): error TS2307: Cannot find module 'react-native' or its corresponding type declarations.
components/ui/calendar/components/TimeRangeItem.tsx(3,19): error TS2307: Cannot find module 'dayjs' or its corresponding type declarations.
components/ui/calendar/components/TimeRangeItem.tsx(4,30): error TS6142: Module '../../ActionButton' was resolved to '/app/components/ui/ActionButton.tsx', but '--jsx' is not set.
components/ui/calendar/components/TimeRangeItem.tsx(5,34): error TS6142: Module '../../SettingsListItem' was resolved to '/app/components/ui/SettingsListItem.tsx', but '--jsx' is not set.
components/ui/calendar/components/TimeRangeItem.tsx(28,9): error TS17004: Cannot use JSX unless the '--jsx' flag is provided.
components/ui/calendar/components/TimeRangeItem.tsx(28,10): error TS2741: Property 'children' is missing in type '{ color: string; }' but required in type 'SettingsListItemProps'.
components/ui/calendar/components/TimeRangeItem.tsx(30,13): error TS17004: Cannot use JSX unless the '--jsx' flag is provided.
components/ui/calendar/components/TimeRangeItem.tsx(31,17): error TS17004: Cannot use JSX unless the '--jsx' flag is provided.
components/ui/calendar/components/TimeRangeItem.tsx(32,21): error TS17004: Cannot use JSX unless the '--jsx' flag is provided.
components/ui/calendar/components/TimeRangeItem.tsx(33,21): error TS17004: Cannot use JSX unless the '--jsx' flag is provided.
components/ui/calendar/components/TimeRangeItem.tsx(39,17): error TS17004: Cannot use JSX unless the '--jsx' flag is provided.
components/ui/calendar/components/TimeRangeItem.tsx(45,53): error TS2550: Property 'includes' does not exist on type 'number[]'. Do you need to change your target library? Try changing the 'lib' compiler option to 'es2016' or later.
components/ui/calendar/components/TimeRangeItem.tsx(47,29): error TS17004: Cannot use JSX unless the '--jsx' flag is provided.
components/ui/calendar/components/TimeRangeItem.tsx(55,33): error TS17004: Cannot use JSX unless the '--jsx' flag is provided.
components/ui/calendar/components/TimeRangeItem.tsx(67,13): error TS17004: Cannot use JSX unless the '--jsx' flag is provided.
components/ui/calendar/components/TimeRangeItem.tsx(68,17): error TS17004: Cannot use JSX unless the '--jsx' flag is provided.
components/ui/calendar/components/TimeRangeItem.tsx(75,17): error TS17004: Cannot use JSX unless the '--jsx' flag is provided.
components/ui/calendar/hooks/useCalendarTouchableOpacityProps.ts(1,19): error TS2307: Cannot find module 'dayjs' or its corresponding type declarations.
components/ui/calendar/hooks/useCalendarTouchableOpacityProps.ts(2,19): error TS2307: Cannot find module 'react' or its corresponding type declarations.
components/ui/calendar/hooks/useCalendarTouchableOpacityProps.ts(3,52): error TS2307: Cannot find module 'react-native' or its corresponding type declarations.
components/ui/calendar/hooks/useLunchSuggestion.ts(1,19): error TS2307: Cannot find module 'react' or its corresponding type declarations.
components/ui/calendar/hooks/useLunchSuggestion.ts(2,19): error TS2307: Cannot find module 'dayjs' or its corresponding type declarations.
components/ui/calendar/hooks/useLunchSuggestion.ts(32,43): error TS7006: Parameter 'r' implicitly has an 'any' type.
components/ui/calendar/hooks/useNow.ts(1,19): error TS2307: Cannot find module 'dayjs' or its corresponding type declarations.
components/ui/calendar/hooks/useNow.ts(2,19): error TS2307: Cannot find module 'react' or its corresponding type declarations.
components/ui/calendar/hooks/useTimeRangeEvents.test.ts(1,28): error TS2307: Cannot find module '@testing-library/react-hooks' or its corresponding type declarations.
components/ui/calendar/hooks/useTimeRangeEvents.test.ts(2,19): error TS2307: Cannot find module 'dayjs' or its corresponding type declarations.
components/ui/calendar/hooks/useTimeRangeEvents.test.ts(4,35): error TS2307: Cannot find module '../../../../stores/useTimeRangeStore' or its corresponding type declarations.
components/ui/calendar/hooks/useTimeRangeEvents.test.ts(7,1): error TS2304: Cannot find name 'jest'.
components/ui/calendar/hooks/useTimeRangeEvents.test.ts(9,1): error TS2582: Cannot find name 'describe'. Do you need to install type definitions for a test runner? Try `npm i --save-dev @types/jest` or `npm i --save-dev @types/mocha`.
components/ui/calendar/hooks/useTimeRangeEvents.test.ts(16,5): error TS2304: Cannot find name 'beforeEach'.
components/ui/calendar/hooks/useTimeRangeEvents.test.ts(18,42): error TS2503: Cannot find namespace 'jest'.
components/ui/calendar/hooks/useTimeRangeEvents.test.ts(23,5): error TS2582: Cannot find name 'it'. Do you need to install type definitions for a test runner? Try `npm i --save-dev @types/jest` or `npm i --save-dev @types/mocha`.
components/ui/calendar/hooks/useTimeRangeEvents.test.ts(25,9): error TS2304: Cannot find name 'expect'.
components/ui/calendar/hooks/useTimeRangeEvents.test.ts(28,5): error TS2582: Cannot find name 'it'. Do you need to install type definitions for a test runner? Try `npm i --save-dev @types/jest` or `npm i --save-dev @types/mocha`.
components/ui/calendar/hooks/useTimeRangeEvents.test.ts(29,42): error TS2503: Cannot find namespace 'jest'.
components/ui/calendar/hooks/useTimeRangeEvents.test.ts(46,9): error TS2304: Cannot find name 'expect'.
components/ui/calendar/hooks/useTimeRangeEvents.test.ts(49,46): error TS7006: Parameter 'e' implicitly has an 'any' type.
components/ui/calendar/hooks/useTimeRangeEvents.test.ts(50,9): error TS2304: Cannot find name 'expect'.
components/ui/calendar/hooks/useTimeRangeEvents.test.ts(51,9): error TS2304: Cannot find name 'expect'.
components/ui/calendar/hooks/useTimeRangeEvents.test.ts(52,9): error TS2304: Cannot find name 'expect'.
components/ui/calendar/hooks/useTimeRangeEvents.test.ts(53,9): error TS2304: Cannot find name 'expect'.
components/ui/calendar/hooks/useTimeRangeEvents.test.ts(56,46): error TS7006: Parameter 'e' implicitly has an 'any' type.
components/ui/calendar/hooks/useTimeRangeEvents.test.ts(57,9): error TS2304: Cannot find name 'expect'.
components/ui/calendar/hooks/useTimeRangeEvents.test.ts(60,46): error TS7006: Parameter 'e' implicitly has an 'any' type.
components/ui/calendar/hooks/useTimeRangeEvents.test.ts(61,9): error TS2304: Cannot find name 'expect'.
components/ui/calendar/hooks/useTimeRangeEvents.test.ts(64,5): error TS2582: Cannot find name 'it'. Do you need to install type definitions for a test runner? Try `npm i --save-dev @types/jest` or `npm i --save-dev @types/mocha`.
components/ui/calendar/hooks/useTimeRangeEvents.test.ts(65,42): error TS2503: Cannot find namespace 'jest'.
components/ui/calendar/hooks/useTimeRangeEvents.test.ts(80,9): error TS2304: Cannot find name 'expect'.
components/ui/calendar/hooks/useTimeRangeEvents.ts(1,19): error TS2307: Cannot find module 'react' or its corresponding type declarations.
components/ui/calendar/hooks/useTimeRangeEvents.ts(2,19): error TS2307: Cannot find module 'dayjs' or its corresponding type declarations.
components/ui/calendar/hooks/useTimeRangeEvents.ts(17,45): error TS7006: Parameter 'r' implicitly has an 'any' type.
components/ui/calendar/hooks/useTimeRangeEvents.ts(24,35): error TS7006: Parameter 'range' implicitly has an 'any' type.
components/ui/calendar/hooks/useWalkSuggestion.ts(1,50): error TS2307: Cannot find module 'react' or its corresponding type declarations.
components/ui/calendar/hooks/useWalkSuggestion.ts(2,23): error TS2307: Cannot find module 'expo-calendar' or its corresponding type declarations.
components/ui/calendar/hooks/useWalkSuggestion.ts(6,19): error TS2307: Cannot find module 'dayjs' or its corresponding type declarations.
components/ui/calendar/hooks/useWalkSuggestion.ts(52,41): error TS2705: An async function or method in ES5 requires the 'Promise' constructor.  Make sure you have a declaration for the 'Promise' constructor or include 'ES2015' in your '--lib' option.
components/ui/calendar/hooks/useWalkSuggestion.ts(59,42): error TS7006: Parameter 'r' implicitly has an 'any' type.
components/ui/calendar/index.ts(1,19): error TS2307: Cannot find module 'dayjs' or its corresponding type declarations.
components/ui/calendar/index.ts(2,22): error TS2307: Cannot find module 'dayjs/plugin/duration' or its corresponding type declarations.
components/ui/calendar/index.ts(3,23): error TS2307: Cannot find module 'dayjs/plugin/isBetween' or its corresponding type declarations.
components/ui/calendar/index.ts(4,21): error TS2307: Cannot find module 'dayjs/plugin/isoWeek' or its corresponding type declarations.
components/ui/calendar/index.ts(10,15): error TS6142: Module './components/Calendar' was resolved to '/app/components/ui/calendar/components/Calendar.tsx', but '--jsx' is not set.
components/ui/calendar/index.ts(11,15): error TS6142: Module './components/CalendarBody' was resolved to '/app/components/ui/calendar/components/CalendarBody.tsx', but '--jsx' is not set.
components/ui/calendar/index.ts(12,15): error TS6142: Module './components/CalendarBodyForMonthView' was resolved to '/app/components/ui/calendar/components/CalendarBodyForMonthView.tsx', but '--jsx' is not set.
components/ui/calendar/index.ts(13,15): error TS6142: Module './components/CalendarEvent' was resolved to '/app/components/ui/calendar/components/CalendarEvent.tsx', but '--jsx' is not set.
components/ui/calendar/index.ts(14,15): error TS6142: Module './components/CalendarEventForMonthView' was resolved to '/app/components/ui/calendar/components/CalendarEventForMonthView.tsx', but '--jsx' is not set.
components/ui/calendar/index.ts(15,15): error TS6142: Module './components/CalendarHeader' was resolved to '/app/components/ui/calendar/components/CalendarHeader.tsx', but '--jsx' is not set.
components/ui/calendar/index.ts(16,15): error TS6142: Module './components/CalendarHeaderForMonthView' was resolved to '/app/components/ui/calendar/components/CalendarHeaderForMonthView.tsx', but '--jsx' is not set.
components/ui/calendar/index.ts(17,15): error TS6142: Module './components/DefaultCalendarEventRenderer' was resolved to '/app/components/ui/calendar/components/DefaultCalendarEventRenderer.tsx', but '--jsx' is not set.
components/ui/calendar/index.ts(21,15): error TS6142: Module './theme/ThemeContext' was resolved to '/app/components/ui/calendar/theme/ThemeContext.tsx', but '--jsx' is not set.
components/ui/calendar/interfaces.ts(1,35): error TS2307: Cannot find module 'react' or its corresponding type declarations.
components/ui/calendar/interfaces.ts(2,59): error TS2307: Cannot find module 'react-native' or its corresponding type declarations.
components/ui/calendar/interfaces.ts(4,42): error TS6142: Module './components/CalendarHeader' was resolved to '/app/components/ui/calendar/components/CalendarHeader.tsx', but '--jsx' is not set.
components/ui/calendar/interfaces.ts(5,54): error TS6142: Module './components/CalendarHeaderForMonthView' was resolved to '/app/components/ui/calendar/components/CalendarHeaderForMonthView.tsx', but '--jsx' is not set.
components/ui/calendar/interfaces.ts(85,60): error TS2503: Cannot find namespace 'React'.
components/ui/calendar/interfaces.ts(88,35): error TS2503: Cannot find namespace 'React'.
components/ui/calendar/interfaces.ts(90,28): error TS2503: Cannot find namespace 'React'.
components/ui/calendar/theme/ThemeContext.tsx(1,43): error TS2307: Cannot find module 'react' or its corresponding type declarations.
components/ui/calendar/theme/ThemeInterface.ts(4,32): error TS2307: Cannot find module 'react-native' or its corresponding type declarations.
components/ui/calendar/theme/defaultTheme.ts(32,5): error TS2739: Type '{ fontSize: number; }' is missing the following properties from type 'Typography': fontFamily, fontWeight, letterSpacing, lineHeight, textAlign
components/ui/calendar/theme/defaultTheme.ts(35,5): error TS2739: Type '{ fontSize: number; }' is missing the following properties from type 'Typography': fontFamily, fontWeight, letterSpacing, lineHeight, textAlign
components/ui/calendar/theme/defaultTheme.ts(38,5): error TS2739: Type '{ fontSize: number; }' is missing the following properties from type 'Typography': fontFamily, fontWeight, letterSpacing, lineHeight, textAlign
components/ui/calendar/theme/defaultTheme.ts(41,5): error TS2739: Type '{ fontSize: number; fontWeight: string; }' is missing the following properties from type 'Typography': fontFamily, letterSpacing, lineHeight, textAlign
components/ui/calendar/utils/datetime.ts(1,40): error TS2307: Cannot find module 'calendarize' or its corresponding type declarations.
components/ui/calendar/utils/datetime.ts(2,19): error TS2307: Cannot find module 'dayjs' or its corresponding type declarations.
components/ui/calendar/utils/datetime.ts(14,6): error TS2550: Property 'fill' does not exist on type 'any[]'. Do you need to change your target library? Try changing the 'lib' compiler option to 'es2015' or later.
components/ui/calendar/utils/datetime.ts(15,11): error TS7006: Parameter '_' implicitly has an 'any' type.
components/ui/calendar/utils/datetime.ts(15,14): error TS7006: Parameter 'i' implicitly has an 'any' type.
components/ui/calendar/utils/datetime.ts(29,6): error TS2550: Property 'fill' does not exist on type 'any[]'. Do you need to change your target library? Try changing the 'lib' compiler option to 'es2015' or later.
components/ui/calendar/utils/datetime.ts(30,11): error TS7006: Parameter '_' implicitly has an 'any' type.
components/ui/calendar/utils/datetime.ts(30,14): error TS7006: Parameter 'i' implicitly has an 'any' type.
components/ui/calendar/utils/datetime.ts(44,6): error TS2550: Property 'fill' does not exist on type 'any[]'. Do you need to change your target library? Try changing the 'lib' compiler option to 'es2015' or later.
components/ui/calendar/utils/datetime.ts(45,11): error TS7006: Parameter '_' implicitly has an 'any' type.
components/ui/calendar/utils/datetime.ts(45,14): error TS7006: Parameter 'i' implicitly has an 'any' type.
components/ui/calendar/utils/datetime.ts(57,6): error TS2550: Property 'fill' does not exist on type 'any[]'. Do you need to change your target library? Try changing the 'lib' compiler option to 'es2015' or later.
components/ui/calendar/utils/datetime.ts(58,11): error TS7006: Parameter '_' implicitly has an 'any' type.
components/ui/calendar/utils/datetime.ts(58,14): error TS7006: Parameter 'i' implicitly has an 'any' type.
components/ui/calendar/utils/datetime.ts(150,13): error TS2550: Property 'includes' does not exist on type 'string'. Do you need to change your target library? Try changing the 'lib' compiler option to 'es2015' or later.
components/ui/calendar/utils/datetime.ts(150,48): error TS2550: Property 'includes' does not exist on type 'string'. Do you need to change your target library? Try changing the 'lib' compiler option to 'es2015' or later.
components/ui/calendar/utils/datetime.ts(181,31): error TS2769: No overload matches this call.
  Overload 1 of 4, '(vd: VarDate): Date', gave the following error.
    Argument of type 'Date' is not assignable to parameter of type 'VarDate'.
      Property 'VarDate_typekey' is missing in type 'Date' but required in type 'VarDate'.
  Overload 2 of 4, '(value: string | number): Date', gave the following error.
    Argument of type 'Date' is not assignable to parameter of type 'string | number'.
components/ui/calendar/utils/datetime.ts(182,29): error TS2769: No overload matches this call.
  Overload 1 of 4, '(vd: VarDate): Date', gave the following error.
    Argument of type 'Date' is not assignable to parameter of type 'VarDate'.
      Property 'VarDate_typekey' is missing in type 'Date' but required in type 'VarDate'.
  Overload 2 of 4, '(value: string | number): Date', gave the following error.
    Argument of type 'Date' is not assignable to parameter of type 'string | number'.
components/ui/calendar/utils/datetime.ts(185,60): error TS2769: No overload matches this call.
  Overload 1 of 4, '(vd: VarDate): Date', gave the following error.
    Argument of type 'Date' is not assignable to parameter of type 'VarDate'.
      Property 'VarDate_typekey' is missing in type 'Date' but required in type 'VarDate'.
  Overload 2 of 4, '(value: string | number): Date', gave the following error.
    Argument of type 'Date' is not assignable to parameter of type 'string | number'.
components/ui/calendar/utils/datetime.ts(186,58): error TS2769: No overload matches this call.
  Overload 1 of 4, '(vd: VarDate): Date', gave the following error.
    Argument of type 'Date' is not assignable to parameter of type 'VarDate'.
      Property 'VarDate_typekey' is missing in type 'Date' but required in type 'VarDate'.
  Overload 2 of 4, '(value: string | number): Date', gave the following error.
    Argument of type 'Date' is not assignable to parameter of type 'string | number'.
components/ui/calendar/utils/datetime.ts(231,35): error TS2550: Property 'findIndex' does not exist on type '{ event: ICalendarEventBase; start: number; end: number; }[]'. Do you need to change your target library? Try changing the 'lib' compiler option to 'es2015' or later.
components/ui/calendar/utils/datetime.ts(231,55): error TS7031: Binding element 'e' implicitly has an 'any' type.
components/ui/calendar/utils/datetime.ts(268,64): error TS2550: Property 'fill' does not exist on type 'any[]'. Do you need to change your target library? Try changing the 'lib' compiler option to 'es2015' or later.
components/ui/calendar/utils/datetime.ts(273,62): error TS2550: Property 'fill' does not exist on type 'any[]'. Do you need to change your target library? Try changing the 'lib' compiler option to 'es2015' or later.
components/ui/calendar/utils/datetime.ts(460,6): error TS2550: Property 'fill' does not exist on type 'any[]'. Do you need to change your target library? Try changing the 'lib' compiler option to 'es2015' or later.
components/ui/calendar/utils/datetime.ts(461,11): error TS7006: Parameter '_' implicitly has an 'any' type.
components/ui/calendar/utils/datetime.ts(461,14): error TS7006: Parameter 'i' implicitly has an 'any' type.
components/ui/calendar/utils/datetime.ts(538,45): error TS7006: Parameter 'd' implicitly has an 'any' type.
components/ui/calendar/utils/datetime.ts(540,59): error TS7006: Parameter 'd' implicitly has an 'any' type.
components/ui/calendar/utils/datetime.ts(547,22): error TS7006: Parameter 'week' implicitly has an 'any' type.
components/ui/calendar/utils/datetime.ts(547,28): error TS7006: Parameter 'iw' implicitly has an 'any' type.
components/ui/calendar/utils/datetime.ts(548,22): error TS7006: Parameter 'd' implicitly has an 'any' type.
components/ui/calendar/utils/datetime.ts(548,25): error TS7006: Parameter 'id' implicitly has an 'any' type.
components/ui/calendar/utils/nowIndicator.ts(1,19): error TS2307: Cannot find module 'dayjs' or its corresponding type declarations.
components/ui/calendar/utils/object.ts(1,43): error TS2307: Cannot find module 'react-native' or its corresponding type declarations.
components/ui/calendar/utils/object.ts(23,28): error TS2550: Property 'assign' does not exist on type 'ObjectConstructor'. Do you need to change your target library? Try changing the 'lib' compiler option to 'es2015' or later.
components/ui/calendar/utils/object.ts(27,38): error TS2550: Property 'assign' does not exist on type 'ObjectConstructor'. Do you need to change your target library? Try changing the 'lib' compiler option to 'es2015' or later.
components/ui/calendar/utils/object.ts(31,16): error TS2550: Property 'assign' does not exist on type 'ObjectConstructor'. Do you need to change your target library? Try changing the 'lib' compiler option to 'es2015' or later.
components/ui/calendar/utils/react.ts(1,19): error TS2307: Cannot find module 'react' or its corresponding type declarations.
components/ui/color-picker/ColorPickerModal.tsx(1,44): error TS2307: Cannot find module 'react' or its corresponding type declarations.
components/ui/color-picker/ColorPickerModal.tsx(2,76): error TS2307: Cannot find module 'react-native' or its corresponding type declarations.
components/ui/color-picker/ColorPickerModal.tsx(3,26): error TS2307: Cannot find module '@expo/vector-icons' or its corresponding type declarations.
components/ui/color-picker/ColorPickerModal.tsx(4,32): error TS6142: Module './GradientSlider' was resolved to '/app/components/ui/color-picker/GradientSlider.tsx', but '--jsx' is not set.
components/ui/color-picker/ColorPickerModal.tsx(7,40): error TS6142: Module '../AppButton' was resolved to '/app/components/ui/AppButton.tsx', but '--jsx' is not set.
components/ui/color-picker/ColorPickerModal.tsx(79,9): error TS17004: Cannot use JSX unless the '--jsx' flag is provided.
components/ui/color-picker/ColorPickerModal.tsx(80,13): error TS17004: Cannot use JSX unless the '--jsx' flag is provided.
components/ui/color-picker/ColorPickerModal.tsx(81,17): error TS17004: Cannot use JSX unless the '--jsx' flag is provided.
components/ui/color-picker/ColorPickerModal.tsx(82,21): error TS17004: Cannot use JSX unless the '--jsx' flag is provided.
components/ui/color-picker/ColorPickerModal.tsx(83,25): error TS17004: Cannot use JSX unless the '--jsx' flag is provided.
components/ui/color-picker/ColorPickerModal.tsx(84,25): error TS17004: Cannot use JSX unless the '--jsx' flag is provided.
components/ui/color-picker/ColorPickerModal.tsx(87,21): error TS17004: Cannot use JSX unless the '--jsx' flag is provided.
components/ui/color-picker/ColorPickerModal.tsx(88,25): error TS17004: Cannot use JSX unless the '--jsx' flag is provided.
components/ui/color-picker/ColorPickerModal.tsx(89,25): error TS17004: Cannot use JSX unless the '--jsx' flag is provided.
components/ui/color-picker/ColorPickerModal.tsx(98,21): error TS17004: Cannot use JSX unless the '--jsx' flag is provided.
components/ui/color-picker/ColorPickerModal.tsx(99,25): error TS17004: Cannot use JSX unless the '--jsx' flag is provided.
components/ui/color-picker/ColorPickerModal.tsx(100,25): error TS17004: Cannot use JSX unless the '--jsx' flag is provided.
components/ui/color-picker/ColorPickerModal.tsx(107,21): error TS17004: Cannot use JSX unless the '--jsx' flag is provided.
components/ui/color-picker/ColorPickerModal.tsx(108,25): error TS17004: Cannot use JSX unless the '--jsx' flag is provided.
components/ui/color-picker/ColorPickerModal.tsx(109,25): error TS17004: Cannot use JSX unless the '--jsx' flag is provided.
components/ui/color-picker/ColorPickerModal.tsx(116,21): error TS17004: Cannot use JSX unless the '--jsx' flag is provided.
components/ui/color-picker/ColorPickerModal.tsx(117,25): error TS17004: Cannot use JSX unless the '--jsx' flag is provided.
components/ui/color-picker/ColorPickerModal.tsx(118,25): error TS17004: Cannot use JSX unless the '--jsx' flag is provided.
components/ui/color-picker/ColorPickerModal.tsx(125,21): error TS17004: Cannot use JSX unless the '--jsx' flag is provided.
components/ui/color-picker/GradientSlider.tsx(1,52): error TS2307: Cannot find module 'react' or its corresponding type declarations.
components/ui/color-picker/GradientSlider.tsx(2,99): error TS2307: Cannot find module 'react-native' or its corresponding type declarations.
components/ui/color-picker/GradientSlider.tsx(3,69): error TS2307: Cannot find module 'react-native-reanimated' or its corresponding type declarations.
components/ui/color-picker/GradientSlider.tsx(4,32): error TS2307: Cannot find module 'expo-linear-gradient' or its corresponding type declarations.
components/ui/color-picker/GradientSlider.tsx(62,35): error TS7006: Parameter 'evt' implicitly has an 'any' type.
components/ui/color-picker/GradientSlider.tsx(62,40): error TS7006: Parameter 'gestureState' implicitly has an 'any' type.
components/ui/color-picker/GradientSlider.tsx(90,34): error TS7006: Parameter 'evt' implicitly has an 'any' type.
components/ui/color-picker/GradientSlider.tsx(90,39): error TS7006: Parameter 'gestureState' implicitly has an 'any' type.
components/ui/color-picker/GradientSlider.tsx(115,9): error TS17004: Cannot use JSX unless the '--jsx' flag is provided.
components/ui/color-picker/GradientSlider.tsx(120,13): error TS17004: Cannot use JSX unless the '--jsx' flag is provided.
components/ui/color-picker/GradientSlider.tsx(126,13): error TS17004: Cannot use JSX unless the '--jsx' flag is provided.
components/ui/color-picker/colorUtils.ts(7,53): error TS2550: Property 'padStart' does not exist on type 'string'. Do you need to change your target library? Try changing the 'lib' compiler option to 'es2017' or later.
components/widget/JulesWidget.tsx(1,19): error TS2307: Cannot find module 'react' or its corresponding type declarations.
components/widget/JulesWidget.tsx(2,52): error TS2307: Cannot find module 'react-native-android-widget' or its corresponding type declarations.
components/widget/JulesWidget.tsx(14,7): error TS17004: Cannot use JSX unless the '--jsx' flag is provided.
components/widget/JulesWidget.tsx(24,9): error TS17004: Cannot use JSX unless the '--jsx' flag is provided.
components/widget/JulesWidget.tsx(30,5): error TS17004: Cannot use JSX unless the '--jsx' flag is provided.
components/widget/JulesWidget.tsx(44,7): error TS17004: Cannot use JSX unless the '--jsx' flag is provided.
components/widget/JulesWidget.tsx(45,9): error TS17004: Cannot use JSX unless the '--jsx' flag is provided.
components/widget/JulesWidget.tsx(46,9): error TS17004: Cannot use JSX unless the '--jsx' flag is provided.
components/widget/JulesWidget.tsx(47,12): error TS17004: Cannot use JSX unless the '--jsx' flag is provided.
components/widget/JulesWidget.tsx(51,11): error TS17004: Cannot use JSX unless the '--jsx' flag is provided.
components/widget/JulesWidget.tsx(60,7): error TS17004: Cannot use JSX unless the '--jsx' flag is provided.
components/widget/JulesWidget.tsx(61,9): error TS17004: Cannot use JSX unless the '--jsx' flag is provided.
components/widget/JulesWidget.tsx(62,9): error TS17004: Cannot use JSX unless the '--jsx' flag is provided.
components/widget/JulesWidget.tsx(70,7): error TS17004: Cannot use JSX unless the '--jsx' flag is provided.
components/widget/JulesWidget.tsx(71,9): error TS17004: Cannot use JSX unless the '--jsx' flag is provided.
components/widget/JulesWidget.tsx(72,9): error TS17004: Cannot use JSX unless the '--jsx' flag is provided.
debug-dayjs.ts(1,19): error TS2307: Cannot find module 'dayjs' or its corresponding type declarations.
debug-dayjs.ts(2,22): error TS2307: Cannot find module 'dayjs/plugin/duration' or its corresponding type declarations.
debug-dayjs.ts(3,23): error TS2307: Cannot find module 'dayjs/plugin/isBetween' or its corresponding type declarations.
debug-dayjs.ts(4,21): error TS2307: Cannot find module 'dayjs/plugin/isoWeek' or its corresponding type declarations.
hooks/useDumpFile.ts(1,58): error TS2307: Cannot find module 'react' or its corresponding type declarations.
hooks/useDumpFile.ts(2,40): error TS2307: Cannot find module 'expo-file-system/legacy' or its corresponding type declarations.
hooks/useDumpFile.ts(4,30): error TS2307: Cannot find module '@react-navigation/native' or its corresponding type declarations.
hooks/useDumpFile.ts(11,33): error TS2503: Cannot find namespace 'NodeJS'.
hooks/useDumpFile.ts(19,41): error TS7006: Parameter 'f' implicitly has an 'any' type.
hooks/useDumpFile.ts(19,68): error TS2550: Property 'endsWith' does not exist on type 'string'. Do you need to change your target library? Try changing the 'lib' compiler option to 'es2015' or later.
hooks/useDumpFile.ts(33,37): error TS2705: An async function or method in ES5 requires the 'Promise' constructor.  Make sure you have a declaration for the 'Promise' constructor or include 'ES2015' in your '--lib' option.
hooks/useDumpFile.ts(51,37): error TS2705: An async function or method in ES5 requires the 'Promise' constructor.  Make sure you have a declaration for the 'Promise' constructor or include 'ES2015' in your '--lib' option.
hooks/useFab.ts(1,27): error TS2307: Cannot find module 'react' or its corresponding type declarations.
hooks/useFab.ts(3,32): error TS2307: Cannot find module '@react-navigation/native' or its corresponding type declarations.
hooks/useFab.ts(4,19): error TS2307: Cannot find module 'react' or its corresponding type declarations.
hooks/useFab.ts(21,31): error TS7006: Parameter 's' implicitly has an 'any' type.
hooks/useFab.ts(22,33): error TS7006: Parameter 's' implicitly has an 'any' type.
hooks/useFilteredTasks.ts(1,25): error TS2307: Cannot find module 'react' or its corresponding type declarations.
hooks/useFolderLinks.ts(1,50): error TS2307: Cannot find module 'react' or its corresponding type declarations.
hooks/useFolderLinks.ts(5,19): error TS2307: Cannot find module 'react-native-toast-message' or its corresponding type declarations.
hooks/useFolderLinks.ts(13,35): error TS2705: An async function or method in ES5 requires the 'Promise' constructor.  Make sure you have a declaration for the 'Promise' constructor or include 'ES2015' in your '--lib' option.
hooks/useFolderTasks.ts(1,50): error TS2307: Cannot find module 'react' or its corresponding type declarations.
hooks/useFolderTasks.ts(6,19): error TS2307: Cannot find module 'react-native-toast-message' or its corresponding type declarations.
hooks/useFolderTasks.ts(15,35): error TS2705: An async function or method in ES5 requires the 'Promise' constructor.  Make sure you have a declaration for the 'Promise' constructor or include 'ES2015' in your '--lib' option.
hooks/useOptimisticReminders.ts(1,39): error TS2307: Cannot find module 'react' or its corresponding type declarations.
hooks/useOptimisticReminders.ts(5,19): error TS2307: Cannot find module 'react-native-toast-message' or its corresponding type declarations.
hooks/useOptimisticReminders.ts(6,23): error TS2307: Cannot find module 'react-native' or its corresponding type declarations.
hooks/useOptimisticReminders.ts(16,37): error TS2705: An async function or method in ES5 requires the 'Promise' constructor.  Make sure you have a declaration for the 'Promise' constructor or include 'ES2015' in your '--lib' option.
hooks/useOptimisticReminders.ts(27,48): error TS2712: A dynamic import call in ES5 requires the 'Promise' constructor.  Make sure you have a declaration for the 'Promise' constructor or include 'ES2015' in your '--lib' option.
hooks/useOptimisticReminders.ts(45,34): error TS7006: Parameter 'prev' implicitly has an 'any' type.
hooks/useOptimisticReminders.ts(49,60): error TS2712: A dynamic import call in ES5 requires the 'Promise' constructor.  Make sure you have a declaration for the 'Promise' constructor or include 'ES2015' in your '--lib' option.
hooks/useOptimisticReminders.ts(58,38): error TS7006: Parameter 'prev' implicitly has an 'any' type.
hooks/useOptimisticReminders.ts(66,38): error TS2705: An async function or method in ES5 requires the 'Promise' constructor.  Make sure you have a declaration for the 'Promise' constructor or include 'ES2015' in your '--lib' option.
hooks/useOptimisticReminders.ts(75,44): error TS2712: A dynamic import call in ES5 requires the 'Promise' constructor.  Make sure you have a declaration for the 'Promise' constructor or include 'ES2015' in your '--lib' option.
hooks/useOptimisticReminders.ts(92,30): error TS7006: Parameter 'prev' implicitly has an 'any' type.
hooks/useOptimisticReminders.ts(110,34): error TS7006: Parameter 'prev' implicitly has an 'any' type.
hooks/useOptimisticReminders.ts(114,40): error TS2705: An async function or method in ES5 requires the 'Promise' constructor.  Make sure you have a declaration for the 'Promise' constructor or include 'ES2015' in your '--lib' option.
hooks/useOptimisticReminders.ts(120,30): error TS7006: Parameter 'prev' implicitly has an 'any' type.
hooks/useOptimisticReminders.ts(133,34): error TS7006: Parameter 'prev' implicitly has an 'any' type.
local-modules/expo-calendar/plugin/src/withCalendar.ts(1,77): error TS2307: Cannot find module 'expo/config-plugins' or its corresponding type declarations.
local-modules/expo-calendar/plugin/src/withCalendar.ts(3,13): error TS2580: Cannot find name 'require'. Do you need to install type definitions for node? Try `npm i --save-dev @types/node`.
local-modules/expo-calendar/plugin/src/withCalendar.ts(13,6): error TS7006: Parameter 'config' implicitly has an 'any' type.
local-modules/expo-calendar/plugin/src/withCalendar.ts(13,16): error TS2339: Property 'calendarPermission' does not exist on type '{}'.
local-modules/expo-calendar/plugin/src/withCalendar.ts(13,36): error TS2339: Property 'remindersPermission' does not exist on type '{}'.
local-modules/expo-calendar/src/Calendar.ts(1,79): error TS2307: Cannot find module 'expo-modules-core' or its corresponding type declarations.
local-modules/expo-calendar/src/Calendar.ts(2,40): error TS2307: Cannot find module 'react-native' or its corresponding type declarations.
local-modules/expo-calendar/src/Calendar.ts(11,8): error TS2307: Cannot find module 'expo-modules-core' or its corresponding type declarations.
local-modules/expo-calendar/src/Calendar.ts(692,4): error TS2705: An async function or method in ES5 requires the 'Promise' constructor.  Make sure you have a declaration for the 'Promise' constructor or include 'ES2015' in your '--lib' option.
local-modules/expo-calendar/src/Calendar.ts(703,10): error TS2550: Property 'assign' does not exist on type 'ObjectConstructor'. Do you need to change your target library? Try changing the 'lib' compiler option to 'es2015' or later.
local-modules/expo-calendar/src/Calendar.ts(716,4): error TS2705: An async function or method in ES5 requires the 'Promise' constructor.  Make sure you have a declaration for the 'Promise' constructor or include 'ES2015' in your '--lib' option.
local-modules/expo-calendar/src/Calendar.ts(737,4): error TS2705: An async function or method in ES5 requires the 'Promise' constructor.  Make sure you have a declaration for the 'Promise' constructor or include 'ES2015' in your '--lib' option.
local-modules/expo-calendar/src/Calendar.ts(757,43): error TS2705: An async function or method in ES5 requires the 'Promise' constructor.  Make sure you have a declaration for the 'Promise' constructor or include 'ES2015' in your '--lib' option.
local-modules/expo-calendar/src/Calendar.ts(770,63): error TS2705: An async function or method in ES5 requires the 'Promise' constructor.  Make sure you have a declaration for the 'Promise' constructor or include 'ES2015' in your '--lib' option.
local-modules/expo-calendar/src/Calendar.ts(786,77): error TS2705: An async function or method in ES5 requires the 'Promise' constructor.  Make sure you have a declaration for the 'Promise' constructor or include 'ES2015' in your '--lib' option.
local-modules/expo-calendar/src/Calendar.ts(805,4): error TS2705: An async function or method in ES5 requires the 'Promise' constructor.  Make sure you have a declaration for the 'Promise' constructor or include 'ES2015' in your '--lib' option.
local-modules/expo-calendar/src/Calendar.ts(856,56): error TS2705: An async function or method in ES5 requires the 'Promise' constructor.  Make sure you have a declaration for the 'Promise' constructor or include 'ES2015' in your '--lib' option.
local-modules/expo-calendar/src/Calendar.ts(883,4): error TS2705: An async function or method in ES5 requires the 'Promise' constructor.  Make sure you have a declaration for the 'Promise' constructor or include 'ES2015' in your '--lib' option.
local-modules/expo-calendar/src/Calendar.ts(917,4): error TS2705: An async function or method in ES5 requires the 'Promise' constructor.  Make sure you have a declaration for the 'Promise' constructor or include 'ES2015' in your '--lib' option.
local-modules/expo-calendar/src/Calendar.ts(941,4): error TS2705: An async function or method in ES5 requires the 'Promise' constructor.  Make sure you have a declaration for the 'Promise' constructor or include 'ES2015' in your '--lib' option.
local-modules/expo-calendar/src/Calendar.ts(987,4): error TS2705: An async function or method in ES5 requires the 'Promise' constructor.  Make sure you have a declaration for the 'Promise' constructor or include 'ES2015' in your '--lib' option.
local-modules/expo-calendar/src/Calendar.ts(1024,4): error TS2705: An async function or method in ES5 requires the 'Promise' constructor.  Make sure you have a declaration for the 'Promise' constructor or include 'ES2015' in your '--lib' option.
local-modules/expo-calendar/src/Calendar.ts(1046,4): error TS2705: An async function or method in ES5 requires the 'Promise' constructor.  Make sure you have a declaration for the 'Promise' constructor or include 'ES2015' in your '--lib' option.
local-modules/expo-calendar/src/Calendar.ts(1073,4): error TS2705: An async function or method in ES5 requires the 'Promise' constructor.  Make sure you have a declaration for the 'Promise' constructor or include 'ES2015' in your '--lib' option.
local-modules/expo-calendar/src/Calendar.ts(1106,4): error TS2705: An async function or method in ES5 requires the 'Promise' constructor.  Make sure you have a declaration for the 'Promise' constructor or include 'ES2015' in your '--lib' option.
local-modules/expo-calendar/src/Calendar.ts(1123,50): error TS2705: An async function or method in ES5 requires the 'Promise' constructor.  Make sure you have a declaration for the 'Promise' constructor or include 'ES2015' in your '--lib' option.
local-modules/expo-calendar/src/Calendar.ts(1136,56): error TS2705: An async function or method in ES5 requires the 'Promise' constructor.  Make sure you have a declaration for the 'Promise' constructor or include 'ES2015' in your '--lib' option.
local-modules/expo-calendar/src/Calendar.ts(1163,4): error TS2705: An async function or method in ES5 requires the 'Promise' constructor.  Make sure you have a declaration for the 'Promise' constructor or include 'ES2015' in your '--lib' option.
local-modules/expo-calendar/src/Calendar.ts(1201,53): error TS2705: An async function or method in ES5 requires the 'Promise' constructor.  Make sure you have a declaration for the 'Promise' constructor or include 'ES2015' in your '--lib' option.
local-modules/expo-calendar/src/Calendar.ts(1223,4): error TS2705: An async function or method in ES5 requires the 'Promise' constructor.  Make sure you have a declaration for the 'Promise' constructor or include 'ES2015' in your '--lib' option.
local-modules/expo-calendar/src/Calendar.ts(1244,80): error TS2705: An async function or method in ES5 requires the 'Promise' constructor.  Make sure you have a declaration for the 'Promise' constructor or include 'ES2015' in your '--lib' option.
local-modules/expo-calendar/src/Calendar.ts(1270,56): error TS2705: An async function or method in ES5 requires the 'Promise' constructor.  Make sure you have a declaration for the 'Promise' constructor or include 'ES2015' in your '--lib' option.
local-modules/expo-calendar/src/Calendar.ts(1288,42): error TS2705: An async function or method in ES5 requires the 'Promise' constructor.  Make sure you have a declaration for the 'Promise' constructor or include 'ES2015' in your '--lib' option.
local-modules/expo-calendar/src/Calendar.ts(1303,51): error TS2705: An async function or method in ES5 requires the 'Promise' constructor.  Make sure you have a declaration for the 'Promise' constructor or include 'ES2015' in your '--lib' option.
local-modules/expo-calendar/src/Calendar.ts(1336,50): error TS2705: An async function or method in ES5 requires the 'Promise' constructor.  Make sure you have a declaration for the 'Promise' constructor or include 'ES2015' in your '--lib' option.
local-modules/expo-calendar/src/Calendar.ts(1348,54): error TS2705: An async function or method in ES5 requires the 'Promise' constructor.  Make sure you have a declaration for the 'Promise' constructor or include 'ES2015' in your '--lib' option.
local-modules/expo-calendar/src/Calendar.ts(1361,55): error TS2705: An async function or method in ES5 requires the 'Promise' constructor.  Make sure you have a declaration for the 'Promise' constructor or include 'ES2015' in your '--lib' option.
local-modules/expo-calendar/src/Calendar.ts(1373,58): error TS2705: An async function or method in ES5 requires the 'Promise' constructor.  Make sure you have a declaration for the 'Promise' constructor or include 'ES2015' in your '--lib' option.
local-modules/expo-calendar/src/Calendar.ts(1386,59): error TS2705: An async function or method in ES5 requires the 'Promise' constructor.  Make sure you have a declaration for the 'Promise' constructor or include 'ES2015' in your '--lib' option.
local-modules/expo-calendar/src/ExpoCalendar.ts(1,37): error TS2307: Cannot find module 'expo-modules-core' or its corresponding type declarations.
local-modules/expo-calendar/src/ExpoCalendar.web.ts(1,54): error TS2307: Cannot find module 'expo-modules-core' or its corresponding type declarations.
local-modules/expo-calendar/src/ExpoCalendar.web.ts(11,44): error TS2705: An async function or method in ES5 requires the 'Promise' constructor.  Make sure you have a declaration for the 'Promise' constructor or include 'ES2015' in your '--lib' option.
local-modules/expo-calendar/src/ExpoCalendar.web.ts(14,40): error TS2705: An async function or method in ES5 requires the 'Promise' constructor.  Make sure you have a declaration for the 'Promise' constructor or include 'ES2015' in your '--lib' option.
local-modules/expo-calendar/src/ExpoCalendar.web.ts(17,41): error TS2705: An async function or method in ES5 requires the 'Promise' constructor.  Make sure you have a declaration for the 'Promise' constructor or include 'ES2015' in your '--lib' option.
local-modules/expo-calendar/src/ExpoCalendar.web.ts(20,45): error TS2705: An async function or method in ES5 requires the 'Promise' constructor.  Make sure you have a declaration for the 'Promise' constructor or include 'ES2015' in your '--lib' option.
nativewind-env.d.ts(1,23): error TS2688: Cannot find type definition file for 'nativewind/types'.
services/alarmModule.ts(1,41): error TS2307: Cannot find module 'react-native' or its corresponding type declarations.
services/alarmModule.ts(29,48): error TS2705: An async function or method in ES5 requires the 'Promise' constructor.  Make sure you have a declaration for the 'Promise' constructor or include 'ES2015' in your '--lib' option.
services/calendarService.test.ts(2,27): error TS2307: Cannot find module 'expo-calendar' or its corresponding type declarations.
services/calendarService.test.ts(18,1): error TS2582: Cannot find name 'describe'. Do you need to install type definitions for a test runner? Try `npm i --save-dev @types/jest` or `npm i --save-dev @types/mocha`.
services/calendarService.test.ts(19,5): error TS2582: Cannot find name 'it'. Do you need to install type definitions for a test runner? Try `npm i --save-dev @types/jest` or `npm i --save-dev @types/mocha`.
services/calendarService.test.ts(20,9): error TS2304: Cannot find name 'expect'.
services/calendarService.test.ts(23,5): error TS2582: Cannot find name 'it'. Do you need to install type definitions for a test runner? Try `npm i --save-dev @types/jest` or `npm i --save-dev @types/mocha`.
services/calendarService.test.ts(28,9): error TS2304: Cannot find name 'expect'.
services/calendarService.test.ts(31,5): error TS2582: Cannot find name 'it'. Do you need to install type definitions for a test runner? Try `npm i --save-dev @types/jest` or `npm i --save-dev @types/mocha`.
services/calendarService.test.ts(36,9): error TS2304: Cannot find name 'expect'.
services/calendarService.test.ts(37,9): error TS2304: Cannot find name 'expect'.
services/calendarService.test.ts(40,5): error TS2582: Cannot find name 'it'. Do you need to install type definitions for a test runner? Try `npm i --save-dev @types/jest` or `npm i --save-dev @types/mocha`.
services/calendarService.test.ts(44,9): error TS2304: Cannot find name 'expect'.
services/calendarService.test.ts(47,6): error TS2582: Cannot find name 'it'. Do you need to install type definitions for a test runner? Try `npm i --save-dev @types/jest` or `npm i --save-dev @types/mocha`.
services/calendarService.test.ts(51,9): error TS2304: Cannot find name 'expect'.
services/calendarService.ts(1,27): error TS2307: Cannot find module 'expo-calendar' or its corresponding type declarations.
services/calendarService.ts(2,26): error TS2307: Cannot find module 'react-native' or its corresponding type declarations.
services/calendarService.ts(24,47): error TS2705: An async function or method in ES5 requires the 'Promise' constructor.  Make sure you have a declaration for the 'Promise' constructor or include 'ES2015' in your '--lib' option.
services/calendarService.ts(33,11): error TS2585: 'Promise' only refers to a type, but is being used as a value here. Do you need to change your target library? Try changing the 'lib' compiler option to es2015 or later.
services/calendarService.ts(33,37): error TS2705: An async function or method in ES5 requires the 'Promise' constructor.  Make sure you have a declaration for the 'Promise' constructor or include 'ES2015' in your '--lib' option.
services/calendarService.ts(33,44): error TS7006: Parameter 'cal' implicitly has an 'any' type.
services/calendarService.ts(41,39): error TS7006: Parameter 'cal' implicitly has an 'any' type.
services/calendarService.ts(54,4): error TS2705: An async function or method in ES5 requires the 'Promise' constructor.  Make sure you have a declaration for the 'Promise' constructor or include 'ES2015' in your '--lib' option.
services/calendarService.ts(62,47): error TS7006: Parameter 'c' implicitly has an 'any' type.
services/calendarService.ts(62,64): error TS2550: Property 'includes' does not exist on type 'string[]'. Do you need to change your target library? Try changing the 'lib' compiler option to 'es2016' or later.
services/calendarService.ts(76,54): error TS7006: Parameter 'e' implicitly has an 'any' type.
services/calendarService.ts(96,19): error TS2585: 'Promise' only refers to a type, but is being used as a value here. Do you need to change your target library? Try changing the 'lib' compiler option to es2015 or later.
services/calendarService.ts(96,44): error TS2705: An async function or method in ES5 requires the 'Promise' constructor.  Make sure you have a declaration for the 'Promise' constructor or include 'ES2015' in your '--lib' option.
services/calendarService.ts(112,62): error TS2705: An async function or method in ES5 requires the 'Promise' constructor.  Make sure you have a declaration for the 'Promise' constructor or include 'ES2015' in your '--lib' option.
services/calendarService.ts(203,4): error TS2705: An async function or method in ES5 requires the 'Promise' constructor.  Make sure you have a declaration for the 'Promise' constructor or include 'ES2015' in your '--lib' option.
services/calendarService.ts(213,28): error TS2769: No overload matches this call.
  Overload 1 of 4, '(vd: VarDate): Date', gave the following error.
    Argument of type 'Date' is not assignable to parameter of type 'VarDate'.
      Property 'VarDate_typekey' is missing in type 'Date' but required in type 'VarDate'.
  Overload 2 of 4, '(value: string | number): Date', gave the following error.
    Argument of type 'Date' is not assignable to parameter of type 'string | number'.
services/calendarService.ts(214,26): error TS2769: No overload matches this call.
  Overload 1 of 4, '(vd: VarDate): Date', gave the following error.
    Argument of type 'Date' is not assignable to parameter of type 'VarDate'.
      Property 'VarDate_typekey' is missing in type 'Date' but required in type 'VarDate'.
  Overload 2 of 4, '(value: string | number): Date', gave the following error.
    Argument of type 'Date' is not assignable to parameter of type 'string | number'.
services/calendarService.ts(252,36): error TS2705: An async function or method in ES5 requires the 'Promise' constructor.  Make sure you have a declaration for the 'Promise' constructor or include 'ES2015' in your '--lib' option.
services/calendarService.ts(260,35): error TS2580: Cannot find name 'require'. Do you need to install type definitions for node? Try `npm i --save-dev @types/node`.
services/calendarService.ts(261,41): error TS2580: Cannot find name 'require'. Do you need to install type definitions for node? Try `npm i --save-dev @types/node`.
services/calendarService.ts(276,39): error TS2769: No overload matches this call.
  Overload 1 of 4, '(vd: VarDate): Date', gave the following error.
    Argument of type 'string | Date' is not assignable to parameter of type 'VarDate'.
      Type 'string' is not assignable to type 'VarDate'.
  Overload 2 of 4, '(value: string | number): Date', gave the following error.
    Argument of type 'string | Date' is not assignable to parameter of type 'string | number'.
      Type 'Date' is not assignable to type 'string | number'.
services/calendarService.ts(291,36): error TS2705: An async function or method in ES5 requires the 'Promise' constructor.  Make sure you have a declaration for the 'Promise' constructor or include 'ES2015' in your '--lib' option.
services/calendarService.ts(523,60): error TS2705: An async function or method in ES5 requires the 'Promise' constructor.  Make sure you have a declaration for the 'Promise' constructor or include 'ES2015' in your '--lib' option.
services/calendarService.ts(533,43): error TS7006: Parameter 'c' implicitly has an 'any' type.
services/calendarService.ts(541,27): error TS7006: Parameter 'e' implicitly has an 'any' type.
services/calendarService.ts(550,32): error TS2705: An async function or method in ES5 requires the 'Promise' constructor.  Make sure you have a declaration for the 'Promise' constructor or include 'ES2015' in your '--lib' option.
services/calendarService.ts(555,48): error TS2550: Property 'findIndex' does not exist on type 'any[]'. Do you need to change your target library? Try changing the 'lib' compiler option to 'es2015' or later.
services/calendarService.ts(555,58): error TS7006: Parameter 'a' implicitly has an 'any' type.
services/calendarUtils.ts(1,23): error TS2307: Cannot find module 'expo-calendar' or its corresponding type declarations.
services/calendarUtils.ts(8,33): error TS2583: Cannot find name 'Map'. Do you need to change your target library? Try changing the 'lib' compiler option to 'es2015' or later.
services/calendarUtils.ts(33,33): error TS2583: Cannot find name 'Map'. Do you need to change your target library? Try changing the 'lib' compiler option to 'es2015' or later.
services/calendarUtils.ts(38,30): error TS2550: Property 'from' does not exist on type 'ArrayConstructor'. Do you need to change your target library? Try changing the 'lib' compiler option to 'es2015' or later.
services/calendarUtils.ts(60,18): error TS2550: Property 'from' does not exist on type 'ArrayConstructor'. Do you need to change your target library? Try changing the 'lib' compiler option to 'es2015' or later.
services/calendarUtils.ts(68,38): error TS2550: Property 'startsWith' does not exist on type 'string'. Do you need to change your target library? Try changing the 'lib' compiler option to 'es2015' or later.
services/eventTypeService.ts(30,66): error TS2705: An async function or method in ES5 requires the 'Promise' constructor.  Make sure you have a declaration for the 'Promise' constructor or include 'ES2015' in your '--lib' option.
services/firebase.ts(1,48): error TS2307: Cannot find module 'firebase/app' or its corresponding type declarations.
services/firebase.ts(2,68): error TS2307: Cannot find module 'firebase/auth' or its corresponding type declarations.
services/firebase.ts(3,51): error TS2307: Cannot find module 'firebase/firestore' or its corresponding type declarations.
services/firebase.ts(4,26): error TS2307: Cannot find module '@react-native-async-storage/async-storage' or its corresponding type declarations.
services/forecastService.ts(1,19): error TS2307: Cannot find module 'dayjs' or its corresponding type declarations.
services/forecastService.ts(6,27): error TS2307: Cannot find module 'expo-calendar' or its corresponding type declarations.
services/forecastService.ts(7,36): error TS2307: Cannot find module '@google/generative-ai' or its corresponding type declarations.
services/forecastService.ts(27,59): error TS2705: An async function or method in ES5 requires the 'Promise' constructor.  Make sure you have a declaration for the 'Promise' constructor or include 'ES2015' in your '--lib' option.
services/forecastService.ts(39,88): error TS2550: Property 'entries' does not exist on type 'ObjectConstructor'. Do you need to change your target library? Try changing the 'lib' compiler option to 'es2017' or later.
services/forecastService.ts(40,27): error TS7031: Binding element '_' implicitly has an 'any' type.
services/forecastService.ts(40,30): error TS7031: Binding element 'completed' implicitly has an 'any' type.
services/forecastService.ts(41,24): error TS7031: Binding element 'id' implicitly has an 'any' type.
services/forecastService.ts(41,55): error TS7006: Parameter 'h' implicitly has an 'any' type.
services/forecastService.ts(54,37): error TS7006: Parameter 'c' implicitly has an 'any' type.
services/forecastService.ts(75,52): error TS7006: Parameter 't' implicitly has an 'any' type.
services/forecastService.ts(140,56): error TS2705: An async function or method in ES5 requires the 'Promise' constructor.  Make sure you have a declaration for the 'Promise' constructor or include 'ES2015' in your '--lib' option.
services/gemini.test.ts(1,57): error TS2307: Cannot find module 'bun:test' or its corresponding type declarations.
services/gemini.test.ts(37,58): error TS2705: An async function or method in ES5 requires the 'Promise' constructor.  Make sure you have a declaration for the 'Promise' constructor or include 'ES2015' in your '--lib' option.
services/gemini.ts(1,36): error TS2307: Cannot find module '@google/generative-ai' or its corresponding type declarations.
services/gemini.ts(3,19): error TS2307: Cannot find module 'json5' or its corresponding type declarations.
services/gemini.ts(160,173): error TS2705: An async function or method in ES5 requires the 'Promise' constructor.  Make sure you have a declaration for the 'Promise' constructor or include 'ES2015' in your '--lib' option.
services/gemini.ts(167,24): error TS2550: Property 'startsWith' does not exist on type 'string'. Do you need to change your target library? Try changing the 'lib' compiler option to 'es2015' or later.
services/gemini.ts(167,64): error TS2550: Property 'startsWith' does not exist on type 'string'. Do you need to change your target library? Try changing the 'lib' compiler option to 'es2015' or later.
services/gemini.ts(169,17): error TS2550: Property 'includes' does not exist on type 'string'. Do you need to change your target library? Try changing the 'lib' compiler option to 'es2015' or later.
services/gemini.ts(169,48): error TS2550: Property 'includes' does not exist on type 'string'. Do you need to change your target library? Try changing the 'lib' compiler option to 'es2015' or later.
services/gemini.ts(289,137): error TS2705: An async function or method in ES5 requires the 'Promise' constructor.  Make sure you have a declaration for the 'Promise' constructor or include 'ES2015' in your '--lib' option.
services/gemini.ts(318,4): error TS2705: An async function or method in ES5 requires the 'Promise' constructor.  Make sure you have a declaration for the 'Promise' constructor or include 'ES2015' in your '--lib' option.
services/gemini.ts(340,85): error TS2705: An async function or method in ES5 requires the 'Promise' constructor.  Make sure you have a declaration for the 'Promise' constructor or include 'ES2015' in your '--lib' option.
services/gemini.ts(343,46): error TS2550: Property 'includes' does not exist on type 'string'. Do you need to change your target library? Try changing the 'lib' compiler option to 'es2015' or later.
services/gemini.ts(412,4): error TS2705: An async function or method in ES5 requires the 'Promise' constructor.  Make sure you have a declaration for the 'Promise' constructor or include 'ES2015' in your '--lib' option.
services/gemini.ts(450,4): error TS2705: An async function or method in ES5 requires the 'Promise' constructor.  Make sure you have a declaration for the 'Promise' constructor or include 'ES2015' in your '--lib' option.
services/googleAuth.ts(1,95): error TS2307: Cannot find module 'expo-auth-session' or its corresponding type declarations.
services/googleAuth.ts(28,35): error TS2705: An async function or method in ES5 requires the 'Promise' constructor.  Make sure you have a declaration for the 'Promise' constructor or include 'ES2015' in your '--lib' option.
services/googleAuth.ts(58,35): error TS2705: An async function or method in ES5 requires the 'Promise' constructor.  Make sure you have a declaration for the 'Promise' constructor or include 'ES2015' in your '--lib' option.
services/jules.test.ts(2,20): error TS2307: Cannot find module 'node:assert' or its corresponding type declarations.
services/jules.test.ts(5,23): error TS2304: Cannot find name 'global'.
services/jules.test.ts(13,1): error TS2304: Cannot find name 'global'.
services/jules.test.ts(15,16): error TS2705: An async function or method in ES5 requires the 'Promise' constructor.  Make sure you have a declaration for the 'Promise' constructor or include 'ES2015' in your '--lib' option.
services/jules.test.ts(39,9): error TS2580: Cannot find name 'process'. Do you need to install type definitions for node? Try `npm i --save-dev @types/node`.
services/jules.test.ts(62,9): error TS2580: Cannot find name 'process'. Do you need to install type definitions for node? Try `npm i --save-dev @types/node`.
services/jules.test.ts(81,9): error TS2580: Cannot find name 'process'. Do you need to install type definitions for node? Try `npm i --save-dev @types/node`.
services/jules.test.ts(102,9): error TS2580: Cannot find name 'process'. Do you need to install type definitions for node? Try `npm i --save-dev @types/node`.
services/jules.test.ts(108,5): error TS2304: Cannot find name 'global'.
services/jules.ts(44,55): error TS2705: An async function or method in ES5 requires the 'Promise' constructor.  Make sure you have a declaration for the 'Promise' constructor or include 'ES2015' in your '--lib' option.
services/jules.ts(55,74): error TS2705: An async function or method in ES5 requires the 'Promise' constructor.  Make sure you have a declaration for the 'Promise' constructor or include 'ES2015' in your '--lib' option.
services/jules.ts(66,142): error TS2705: An async function or method in ES5 requires the 'Promise' constructor.  Make sure you have a declaration for the 'Promise' constructor or include 'ES2015' in your '--lib' option.
services/julesApi.ts(55,100): error TS2705: An async function or method in ES5 requires the 'Promise' constructor.  Make sure you have a declaration for the 'Promise' constructor or include 'ES2015' in your '--lib' option.
services/julesApi.ts(65,144): error TS2705: An async function or method in ES5 requires the 'Promise' constructor.  Make sure you have a declaration for the 'Promise' constructor or include 'ES2015' in your '--lib' option.
services/julesApi.ts(90,93): error TS2705: An async function or method in ES5 requires the 'Promise' constructor.  Make sure you have a declaration for the 'Promise' constructor or include 'ES2015' in your '--lib' option.
services/julesApi.ts(101,98): error TS2705: An async function or method in ES5 requires the 'Promise' constructor.  Make sure you have a declaration for the 'Promise' constructor or include 'ES2015' in your '--lib' option.
services/julesApi.ts(112,105): error TS2705: An async function or method in ES5 requires the 'Promise' constructor.  Make sure you have a declaration for the 'Promise' constructor or include 'ES2015' in your '--lib' option.
services/julesApi.ts(130,105): error TS2705: An async function or method in ES5 requires the 'Promise' constructor.  Make sure you have a declaration for the 'Promise' constructor or include 'ES2015' in your '--lib' option.
services/julesApi.ts(183,80): error TS2705: An async function or method in ES5 requires the 'Promise' constructor.  Make sure you have a declaration for the 'Promise' constructor or include 'ES2015' in your '--lib' option.
services/julesApi.ts(200,79): error TS2705: An async function or method in ES5 requires the 'Promise' constructor.  Make sure you have a declaration for the 'Promise' constructor or include 'ES2015' in your '--lib' option.
services/julesApi.ts(223,47): error TS2550: Property 'find' does not exist on type 'SessionOutput[]'. Do you need to change your target library? Try changing the 'lib' compiler option to 'es2015' or later.
services/julesApi.ts(223,52): error TS7006: Parameter 'o' implicitly has an 'any' type.
services/julesApi.ts(251,52): error TS2550: Property 'startsWith' does not exist on type 'string'. Do you need to change your target library? Try changing the 'lib' compiler option to 'es2015' or later.
services/julesApi.ts(277,99): error TS2705: An async function or method in ES5 requires the 'Promise' constructor.  Make sure you have a declaration for the 'Promise' constructor or include 'ES2015' in your '--lib' option.
services/julesApi.ts(298,91): error TS2705: An async function or method in ES5 requires the 'Promise' constructor.  Make sure you have a declaration for the 'Promise' constructor or include 'ES2015' in your '--lib' option.
services/linkService.ts(1,40): error TS2307: Cannot find module 'expo-file-system/legacy' or its corresponding type declarations.
services/linkService.ts(17,72): error TS2705: An async function or method in ES5 requires the 'Promise' constructor.  Make sure you have a declaration for the 'Promise' constructor or include 'ES2015' in your '--lib' option.
services/linkService.ts(31,39): error TS2550: Property 'includes' does not exist on type 'string'. Do you need to change your target library? Try changing the 'lib' compiler option to 'es2015' or later.
services/linkService.ts(56,76): error TS2705: An async function or method in ES5 requires the 'Promise' constructor.  Make sure you have a declaration for the 'Promise' constructor or include 'ES2015' in your '--lib' option.
services/linkService.ts(59,24): error TS2705: An async function or method in ES5 requires the 'Promise' constructor.  Make sure you have a declaration for the 'Promise' constructor or include 'ES2015' in your '--lib' option.
services/linkService.ts(66,39): error TS2550: Property 'includes' does not exist on type 'string'. Do you need to change your target library? Try changing the 'lib' compiler option to 'es2015' or later.
services/linkService.ts(74,30): error TS2550: Property 'endsWith' does not exist on type 'string'. Do you need to change your target library? Try changing the 'lib' compiler option to 'es2015' or later.
services/linkService.ts(94,70): error TS2705: An async function or method in ES5 requires the 'Promise' constructor.  Make sure you have a declaration for the 'Promise' constructor or include 'ES2015' in your '--lib' option.
services/models.ts(1,61): error TS2705: An async function or method in ES5 requires the 'Promise' constructor.  Make sure you have a declaration for the 'Promise' constructor or include 'ES2015' in your '--lib' option.
services/models.ts(38,66): error TS2705: An async function or method in ES5 requires the 'Promise' constructor.  Make sure you have a declaration for the 'Promise' constructor or include 'ES2015' in your '--lib' option.
services/newsService.ts(1,27): error TS2307: Cannot find module '@xmldom/xmldom' or its corresponding type declarations.
services/newsService.ts(18,127): error TS2705: An async function or method in ES5 requires the 'Promise' constructor.  Make sure you have a declaration for the 'Promise' constructor or include 'ES2015' in your '--lib' option.
services/newsService.ts(23,38): error TS2580: Cannot find name 'process'. Do you need to install type definitions for node? Try `npm i --save-dev @types/node`.
services/newsService.ts(113,31): error TS2585: 'Promise' only refers to a type, but is being used as a value here. Do you need to change your target library? Try changing the 'lib' compiler option to es2015 or later.
services/newsService.ts(117,50): error TS2585: 'Promise' only refers to a type, but is being used as a value here. Do you need to change your target library? Try changing the 'lib' compiler option to es2015 or later.
services/profileLogic.test.ts(2,20): error TS2307: Cannot find module 'node:assert' or its corresponding type declarations.
services/profileLogic.test.ts(5,23): error TS2304: Cannot find name 'global'.
services/profileLogic.test.ts(8,36): error TS2585: 'Promise' only refers to a type, but is being used as a value here. Do you need to change your target library? Try changing the 'lib' compiler option to es2015 or later.
services/profileLogic.test.ts(9,12): error TS2585: 'Promise' only refers to a type, but is being used as a value here. Do you need to change your target library? Try changing the 'lib' compiler option to es2015 or later.
services/profileLogic.test.ts(18,1): error TS2304: Cannot find name 'global'.
services/profileLogic.test.ts(20,16): error TS2705: An async function or method in ES5 requires the 'Promise' constructor.  Make sure you have a declaration for the 'Promise' constructor or include 'ES2015' in your '--lib' option.
services/profileLogic.test.ts(68,9): error TS2580: Cannot find name 'process'. Do you need to install type definitions for node? Try `npm i --save-dev @types/node`.
services/profileLogic.test.ts(95,9): error TS2580: Cannot find name 'process'. Do you need to install type definitions for node? Try `npm i --save-dev @types/node`.
services/profileLogic.test.ts(131,9): error TS2580: Cannot find name 'process'. Do you need to install type definitions for node? Try `npm i --save-dev @types/node`.
services/profileLogic.test.ts(137,5): error TS2304: Cannot find name 'global'.
services/profileLogic.test.ts(140,5): error TS2580: Cannot find name 'process'. Do you need to install type definitions for node? Try `npm i --save-dev @types/node`.
services/profileLogic.ts(1,36): error TS2307: Cannot find module '@google/generative-ai' or its corresponding type declarations.
services/profileLogic.ts(2,19): error TS2307: Cannot find module 'json5' or its corresponding type declarations.
services/profileLogic.ts(120,8): error TS2705: An async function or method in ES5 requires the 'Promise' constructor.  Make sure you have a declaration for the 'Promise' constructor or include 'ES2015' in your '--lib' option.
services/profileLogic.ts(183,8): error TS2705: An async function or method in ES5 requires the 'Promise' constructor.  Make sure you have a declaration for the 'Promise' constructor or include 'ES2015' in your '--lib' option.
services/profileLogic.ts(235,8): error TS2705: An async function or method in ES5 requires the 'Promise' constructor.  Make sure you have a declaration for the 'Promise' constructor or include 'ES2015' in your '--lib' option.
services/profileService.ts(7,49): error TS2705: An async function or method in ES5 requires the 'Promise' constructor.  Make sure you have a declaration for the 'Promise' constructor or include 'ES2015' in your '--lib' option.
services/profileService.ts(42,71): error TS2705: An async function or method in ES5 requires the 'Promise' constructor.  Make sure you have a declaration for the 'Promise' constructor or include 'ES2015' in your '--lib' option.
services/profileService.ts(63,8): error TS2705: An async function or method in ES5 requires the 'Promise' constructor.  Make sure you have a declaration for the 'Promise' constructor or include 'ES2015' in your '--lib' option.
services/profileService.ts(73,8): error TS2705: An async function or method in ES5 requires the 'Promise' constructor.  Make sure you have a declaration for the 'Promise' constructor or include 'ES2015' in your '--lib' option.
services/profileService.ts(82,8): error TS2705: An async function or method in ES5 requires the 'Promise' constructor.  Make sure you have a declaration for the 'Promise' constructor or include 'ES2015' in your '--lib' option.
services/relationService.ts(1,40): error TS2307: Cannot find module 'expo-file-system/legacy' or its corresponding type declarations.
services/relationService.ts(17,18): error TS2705: An async function or method in ES5 requires the 'Promise' constructor.  Make sure you have a declaration for the 'Promise' constructor or include 'ES2015' in your '--lib' option.
services/relationService.ts(32,24): error TS2705: An async function or method in ES5 requires the 'Promise' constructor.  Make sure you have a declaration for the 'Promise' constructor or include 'ES2015' in your '--lib' option.
services/relationService.ts(39,43): error TS2550: Property 'includes' does not exist on type 'string'. Do you need to change your target library? Try changing the 'lib' compiler option to 'es2015' or later.
services/relationService.ts(47,34): error TS2550: Property 'endsWith' does not exist on type 'string'. Do you need to change your target library? Try changing the 'lib' compiler option to 'es2015' or later.
services/relationService.ts(59,80): error TS7006: Parameter 's' implicitly has an 'any' type.
services/relationService.ts(60,53): error TS7006: Parameter 'id' implicitly has an 'any' type.
services/relationService.ts(85,47): error TS7006: Parameter 'line' implicitly has an 'any' type.
services/relationService.ts(121,18): error TS2705: An async function or method in ES5 requires the 'Promise' constructor.  Make sure you have a declaration for the 'Promise' constructor or include 'ES2015' in your '--lib' option.
services/relationService.ts(133,33): error TS2550: Property 'includes' does not exist on type 'string[]'. Do you need to change your target library? Try changing the 'lib' compiler option to 'es2016' or later.
services/relationService.ts(158,18): error TS2705: An async function or method in ES5 requires the 'Promise' constructor.  Make sure you have a declaration for the 'Promise' constructor or include 'ES2015' in your '--lib' option.
services/relationService.ts(190,18): error TS2705: An async function or method in ES5 requires the 'Promise' constructor.  Make sure you have a declaration for the 'Promise' constructor or include 'ES2015' in your '--lib' option.
services/relationService.ts(205,51): error TS2580: Cannot find name 'require'. Do you need to install type definitions for node? Try `npm i --save-dev @types/node`.
services/relationService.ts(206,30): error TS2580: Cannot find name 'require'. Do you need to install type definitions for node? Try `npm i --save-dev @types/node`.
services/relationService.ts(214,23): error TS2585: 'Promise' only refers to a type, but is being used as a value here. Do you need to change your target library? Try changing the 'lib' compiler option to es2015 or later.
services/relationService.ts(214,45): error TS2705: An async function or method in ES5 requires the 'Promise' constructor.  Make sure you have a declaration for the 'Promise' constructor or include 'ES2015' in your '--lib' option.
services/reminderService.ts(1,30): error TS2307: Cannot find module 'expo-task-manager' or its corresponding type declarations.
services/reminderService.ts(2,34): error TS2307: Cannot find module 'expo-background-fetch' or its corresponding type declarations.
services/reminderService.ts(3,32): error TS2307: Cannot find module 'expo-notifications' or its corresponding type declarations.
services/reminderService.ts(7,26): error TS2307: Cannot find module 'react-native' or its corresponding type declarations.
services/reminderService.ts(9,19): error TS2307: Cannot find module 'dayjs' or its corresponding type declarations.
services/reminderService.ts(10,26): error TS2307: Cannot find module '@react-native-async-storage/async-storage' or its corresponding type declarations.
services/reminderService.ts(21,8): error TS2307: Cannot find module 'firebase/firestore' or its corresponding type declarations.
services/reminderService.ts(23,36): error TS2307: Cannot find module 'firebase/auth' or its corresponding type declarations.
services/reminderService.ts(25,19): error TS2307: Cannot find module 'react-native-toast-message' or its corresponding type declarations.
services/reminderService.ts(65,35): error TS7006: Parameter 'user' implicitly has an 'any' type.
services/reminderService.ts(96,31): error TS2769: No overload matches this call.
  Overload 1 of 4, '(vd: VarDate): Date', gave the following error.
    Argument of type 'Date' is not assignable to parameter of type 'VarDate'.
      Property 'VarDate_typekey' is missing in type 'Date' but required in type 'VarDate'.
  Overload 2 of 4, '(value: string | number): Date', gave the following error.
    Argument of type 'Date' is not assignable to parameter of type 'string | number'.
services/reminderService.ts(113,26): error TS2550: Property 'startsWith' does not exist on type 'string'. Do you need to change your target library? Try changing the 'lib' compiler option to 'es2015' or later.
services/reminderService.ts(114,31): error TS2550: Property 'startsWith' does not exist on type 'string'. Do you need to change your target library? Try changing the 'lib' compiler option to 'es2015' or later.
services/reminderService.ts(115,31): error TS2550: Property 'startsWith' does not exist on type 'string'. Do you need to change your target library? Try changing the 'lib' compiler option to 'es2015' or later.
services/reminderService.ts(116,31): error TS2550: Property 'startsWith' does not exist on type 'string'. Do you need to change your target library? Try changing the 'lib' compiler option to 'es2015' or later.
services/reminderService.ts(117,31): error TS2550: Property 'startsWith' does not exist on type 'string'. Do you need to change your target library? Try changing the 'lib' compiler option to 'es2015' or later.
services/reminderService.ts(118,31): error TS2550: Property 'startsWith' does not exist on type 'string'. Do you need to change your target library? Try changing the 'lib' compiler option to 'es2015' or later.
services/reminderService.ts(174,43): error TS2705: An async function or method in ES5 requires the 'Promise' constructor.  Make sure you have a declaration for the 'Promise' constructor or include 'ES2015' in your '--lib' option.
services/reminderService.ts(184,57): error TS7006: Parameter 'doc' implicitly has an 'any' type.
services/reminderService.ts(206,23): error TS2705: An async function or method in ES5 requires the 'Promise' constructor.  Make sure you have a declaration for the 'Promise' constructor or include 'ES2015' in your '--lib' option.
services/reminderService.ts(256,4): error TS2705: An async function or method in ES5 requires the 'Promise' constructor.  Make sure you have a declaration for the 'Promise' constructor or include 'ES2015' in your '--lib' option.
services/reminderService.ts(291,23): error TS2705: An async function or method in ES5 requires the 'Promise' constructor.  Make sure you have a declaration for the 'Promise' constructor or include 'ES2015' in your '--lib' option.
services/reminderService.ts(304,36): error TS2583: Cannot find name 'Set'. Do you need to change your target library? Try changing the 'lib' compiler option to 'es2015' or later.
services/reminderService.ts(376,16): error TS2705: An async function or method in ES5 requires the 'Promise' constructor.  Make sure you have a declaration for the 'Promise' constructor or include 'ES2015' in your '--lib' option.
services/reminderService.ts(383,45): error TS7006: Parameter 'r' implicitly has an 'any' type.
services/reminderService.ts(393,35): error TS7006: Parameter 'range' implicitly has an 'any' type.
services/reminderService.ts(413,33): error TS2583: Cannot find name 'Set'. Do you need to change your target library? Try changing the 'lib' compiler option to 'es2015' or later.
services/reminderService.ts(483,16): error TS2705: An async function or method in ES5 requires the 'Promise' constructor.  Make sure you have a declaration for the 'Promise' constructor or include 'ES2015' in your '--lib' option.
services/reminderService.ts(496,44): error TS2550: Property 'find' does not exist on type 'Reminder[]'. Do you need to change your target library? Try changing the 'lib' compiler option to 'es2015' or later.
services/reminderService.ts(496,49): error TS7006: Parameter 'r' implicitly has an 'any' type.
services/reminderService.ts(536,35): error TS2583: Cannot find name 'Set'. Do you need to change your target library? Try changing the 'lib' compiler option to 'es2015' or later.
services/reminderService.ts(539,29): error TS2583: Cannot find name 'Map'. Do you need to change your target library? Try changing the 'lib' compiler option to 'es2015' or later.
services/reminderService.ts(540,35): error TS2583: Cannot find name 'Map'. Do you need to change your target library? Try changing the 'lib' compiler option to 'es2015' or later.
services/reminderService.ts(610,16): error TS2705: An async function or method in ES5 requires the 'Promise' constructor.  Make sure you have a declaration for the 'Promise' constructor or include 'ES2015' in your '--lib' option.
services/syncService.ts(6,8): error TS2307: Cannot find module 'firebase/auth' or its corresponding type declarations.
services/syncService.ts(13,8): error TS2307: Cannot find module 'firebase/firestore' or its corresponding type declarations.
services/syncService.ts(17,26): error TS2307: Cannot find module 'zustand' or its corresponding type declarations.
services/syncService.ts(34,44): error TS2503: Cannot find namespace 'NodeJS'.
services/syncService.ts(38,42): error TS2705: An async function or method in ES5 requires the 'Promise' constructor.  Make sure you have a declaration for the 'Promise' constructor or include 'ES2015' in your '--lib' option.
services/syncService.ts(38,49): error TS7006: Parameter 'user' implicitly has an 'any' type.
services/syncService.ts(70,53): error TS2705: An async function or method in ES5 requires the 'Promise' constructor.  Make sure you have a declaration for the 'Promise' constructor or include 'ES2015' in your '--lib' option.
services/syncService.ts(74,37): error TS2550: Property 'find' does not exist on type 'SyncTarget[]'. Do you need to change your target library? Try changing the 'lib' compiler option to 'es2015' or later.
services/syncService.ts(74,42): error TS7006: Parameter 't' implicitly has an 'any' type.
services/syncService.ts(82,64): error TS2705: An async function or method in ES5 requires the 'Promise' constructor.  Make sure you have a declaration for the 'Promise' constructor or include 'ES2015' in your '--lib' option.
services/syncService.ts(86,37): error TS2550: Property 'find' does not exist on type 'SyncTarget[]'. Do you need to change your target library? Try changing the 'lib' compiler option to 'es2015' or later.
services/syncService.ts(86,42): error TS7006: Parameter 't' implicitly has an 'any' type.
services/syncService.ts(171,56): error TS7006: Parameter 'state' implicitly has an 'any' type.
services/syncService.ts(171,63): error TS7006: Parameter 'prevState' implicitly has an 'any' type.
services/syncService.ts(186,90): error TS7006: Parameter 'snapshot' implicitly has an 'any' type.
services/syncService.ts(195,17): error TS7006: Parameter 'error' implicitly has an 'any' type.
services/syncService.ts(208,16): error TS2550: Property 'values' does not exist on type 'ObjectConstructor'. Do you need to change your target library? Try changing the 'lib' compiler option to 'es2017' or later.
services/syncService.ts(208,50): error TS7006: Parameter 'unsub' implicitly has an 'any' type.
services/syncService.ts(219,19): error TS2705: An async function or method in ES5 requires the 'Promise' constructor.  Make sure you have a declaration for the 'Promise' constructor or include 'ES2015' in your '--lib' option.
services/syncService.ts(227,40): error TS2585: 'Promise' only refers to a type, but is being used as a value here. Do you need to change your target library? Try changing the 'lib' compiler option to es2015 or later.
services/syncService.ts(227,49): error TS7006: Parameter '_' implicitly has an 'any' type.
services/syncService.ts(227,52): error TS7006: Parameter 'reject' implicitly has an 'any' type.
services/syncService.ts(231,19): error TS2585: 'Promise' only refers to a type, but is being used as a value here. Do you need to change your target library? Try changing the 'lib' compiler option to es2015 or later.
services/syncService.ts(242,19): error TS2705: An async function or method in ES5 requires the 'Promise' constructor.  Make sure you have a declaration for the 'Promise' constructor or include 'ES2015' in your '--lib' option.
services/syncService.ts(246,15): error TS2585: 'Promise' only refers to a type, but is being used as a value here. Do you need to change your target library? Try changing the 'lib' compiler option to es2015 or later.
services/syncService.ts(249,19): error TS2705: An async function or method in ES5 requires the 'Promise' constructor.  Make sure you have a declaration for the 'Promise' constructor or include 'ES2015' in your '--lib' option.
services/syncService.ts(254,40): error TS2585: 'Promise' only refers to a type, but is being used as a value here. Do you need to change your target library? Try changing the 'lib' compiler option to es2015 or later.
services/syncService.ts(254,49): error TS7006: Parameter '_' implicitly has an 'any' type.
services/syncService.ts(254,52): error TS7006: Parameter 'reject' implicitly has an 'any' type.
services/syncService.ts(258,35): error TS2585: 'Promise' only refers to a type, but is being used as a value here. Do you need to change your target library? Try changing the 'lib' compiler option to es2015 or later.
services/syncService.ts(290,33): error TS2583: Cannot find name 'Set'. Do you need to change your target library? Try changing the 'lib' compiler option to 'es2015' or later.
services/taskService.ts(1,40): error TS2307: Cannot find module 'expo-file-system/legacy' or its corresponding type declarations.
services/taskService.ts(16,58): error TS2705: An async function or method in ES5 requires the 'Promise' constructor.  Make sure you have a declaration for the 'Promise' constructor or include 'ES2015' in your '--lib' option.
services/taskService.ts(42,72): error TS2705: An async function or method in ES5 requires the 'Promise' constructor.  Make sure you have a declaration for the 'Promise' constructor or include 'ES2015' in your '--lib' option.
services/taskService.ts(56,39): error TS2550: Property 'includes' does not exist on type 'string'. Do you need to change your target library? Try changing the 'lib' compiler option to 'es2015' or later.
services/taskService.ts(81,76): error TS2705: An async function or method in ES5 requires the 'Promise' constructor.  Make sure you have a declaration for the 'Promise' constructor or include 'ES2015' in your '--lib' option.
services/taskService.ts(84,24): error TS2705: An async function or method in ES5 requires the 'Promise' constructor.  Make sure you have a declaration for the 'Promise' constructor or include 'ES2015' in your '--lib' option.
services/taskService.ts(91,39): error TS2550: Property 'includes' does not exist on type 'string'. Do you need to change your target library? Try changing the 'lib' compiler option to 'es2015' or later.
services/taskService.ts(99,30): error TS2550: Property 'endsWith' does not exist on type 'string'. Do you need to change your target library? Try changing the 'lib' compiler option to 'es2015' or later.
services/taskService.ts(104,43): error TS7006: Parameter 'line' implicitly has an 'any' type.
services/taskService.ts(130,97): error TS2705: An async function or method in ES5 requires the 'Promise' constructor.  Make sure you have a declaration for the 'Promise' constructor or include 'ES2015' in your '--lib' option.
services/taskService.ts(190,78): error TS2705: An async function or method in ES5 requires the 'Promise' constructor.  Make sure you have a declaration for the 'Promise' constructor or include 'ES2015' in your '--lib' option.
services/taskService.ts(204,40): error TS2550: Property 'endsWith' does not exist on type 'string'. Do you need to change your target library? Try changing the 'lib' compiler option to 'es2015' or later.
services/taskService.ts(223,76): error TS2705: An async function or method in ES5 requires the 'Promise' constructor.  Make sure you have a declaration for the 'Promise' constructor or include 'ES2015' in your '--lib' option.
services/taskService.ts(243,18): error TS2705: An async function or method in ES5 requires the 'Promise' constructor.  Make sure you have a declaration for the 'Promise' constructor or include 'ES2015' in your '--lib' option.
services/taskService.ts(253,51): error TS2550: Property 'entries' does not exist on type 'ObjectConstructor'. Do you need to change your target library? Try changing the 'lib' compiler option to 'es2017' or later.
services/taskService.ts(283,122): error TS2705: An async function or method in ES5 requires the 'Promise' constructor.  Make sure you have a declaration for the 'Promise' constructor or include 'ES2015' in your '--lib' option.
services/taskService.ts(297,33): error TS2583: Cannot find name 'Map'. Do you need to change your target library? Try changing the 'lib' compiler option to 'es2015' or later.
services/taskService.ts(300,51): error TS2550: Property 'entries' does not exist on type 'ObjectConstructor'. Do you need to change your target library? Try changing the 'lib' compiler option to 'es2017' or later.
services/tasksService.ts(10,75): error TS2705: An async function or method in ES5 requires the 'Promise' constructor.  Make sure you have a declaration for the 'Promise' constructor or include 'ES2015' in your '--lib' option.
services/tasksService.ts(20,49): error TS2550: Property 'includes' does not exist on type 'string'. Do you need to change your target library? Try changing the 'lib' compiler option to 'es2015' or later.
services/vaultService.ts(1,24): error TS2307: Cannot find module 'zustand' or its corresponding type declarations.
services/vaultService.ts(2,44): error TS2307: Cannot find module 'zustand/middleware' or its corresponding type declarations.
services/vaultService.ts(3,26): error TS2307: Cannot find module '@react-native-async-storage/async-storage' or its corresponding type declarations.
services/vaultService.ts(27,10): error TS7006: Parameter 'set' implicitly has an 'any' type.
services/vaultService.ts(27,15): error TS7006: Parameter 'get' implicitly has an 'any' type.
services/vaultService.ts(33,31): error TS2705: An async function or method in ES5 requires the 'Promise' constructor.  Make sure you have a declaration for the 'Promise' constructor or include 'ES2015' in your '--lib' option.
services/vaultService.ts(87,26): error TS7006: Parameter 'state' implicitly has an 'any' type.
services/watcherService.ts(1,26): error TS2307: Cannot find module '@react-native-async-storage/async-storage' or its corresponding type declarations.
services/watcherService.ts(2,32): error TS2307: Cannot find module 'expo-notifications' or its corresponding type declarations.
services/watcherService.ts(3,61): error TS2307: Cannot find module 'react-native' or its corresponding type declarations.
services/watcherService.ts(8,30): error TS2307: Cannot find module 'expo-task-manager' or its corresponding type declarations.
services/watcherService.ts(9,34): error TS2307: Cannot find module 'expo-background-fetch' or its corresponding type declarations.
services/watcherService.ts(44,23): error TS2503: Cannot find namespace 'NodeJS'.
services/watcherService.ts(48,35): error TS2583: Cannot find name 'Set'. Do you need to change your target library? Try changing the 'lib' compiler option to 'es2015' or later.
services/watcherService.ts(49,37): error TS2583: Cannot find name 'Set'. Do you need to change your target library? Try changing the 'lib' compiler option to 'es2015' or later.
services/watcherService.ts(64,40): error TS7006: Parameter 'cb' implicitly has an 'any' type.
services/watcherService.ts(67,11): error TS2705: An async function or method in ES5 requires the 'Promise' constructor.  Make sure you have a declaration for the 'Promise' constructor or include 'ES2015' in your '--lib' option.
services/watcherService.ts(123,11): error TS2705: An async function or method in ES5 requires the 'Promise' constructor.  Make sure you have a declaration for the 'Promise' constructor or include 'ES2015' in your '--lib' option.
services/watcherService.ts(138,11): error TS2705: An async function or method in ES5 requires the 'Promise' constructor.  Make sure you have a declaration for the 'Promise' constructor or include 'ES2015' in your '--lib' option.
services/watcherService.ts(195,11): error TS2705: An async function or method in ES5 requires the 'Promise' constructor.  Make sure you have a declaration for the 'Promise' constructor or include 'ES2015' in your '--lib' option.
services/watcherService.ts(218,11): error TS2705: An async function or method in ES5 requires the 'Promise' constructor.  Make sure you have a declaration for the 'Promise' constructor or include 'ES2015' in your '--lib' option.
services/watcherService.ts(233,19): error TS2705: An async function or method in ES5 requires the 'Promise' constructor.  Make sure you have a declaration for the 'Promise' constructor or include 'ES2015' in your '--lib' option.
services/watcherService.ts(257,11): error TS2705: An async function or method in ES5 requires the 'Promise' constructor.  Make sure you have a declaration for the 'Promise' constructor or include 'ES2015' in your '--lib' option.
services/watcherService.ts(271,19): error TS2585: 'Promise' only refers to a type, but is being used as a value here. Do you need to change your target library? Try changing the 'lib' compiler option to es2015 or later.
services/watcherService.ts(277,19): error TS2705: An async function or method in ES5 requires the 'Promise' constructor.  Make sure you have a declaration for the 'Promise' constructor or include 'ES2015' in your '--lib' option.
services/watcherService.ts(305,48): error TS2550: Property 'find' does not exist on type 'Artifact[]'. Do you need to change your target library? Try changing the 'lib' compiler option to 'es2015' or later.
services/watcherService.ts(305,53): error TS7006: Parameter 'a' implicitly has an 'any' type.
services/watcherService.ts(373,19): error TS2705: An async function or method in ES5 requires the 'Promise' constructor.  Make sure you have a declaration for the 'Promise' constructor or include 'ES2015' in your '--lib' option.
services/watcherService.ts(374,52): error TS2550: Property 'includes' does not exist on type 'string'. Do you need to change your target library? Try changing the 'lib' compiler option to 'es2015' or later.
services/watcherService.ts(374,79): error TS2550: Property 'includes' does not exist on type 'string'. Do you need to change your target library? Try changing the 'lib' compiler option to 'es2015' or later.
services/weatherService.ts(1,19): error TS2307: Cannot find module 'dayjs' or its corresponding type declarations.
services/weatherService.ts(62,4): error TS2705: An async function or method in ES5 requires the 'Promise' constructor.  Make sure you have a declaration for the 'Promise' constructor or include 'ES2015' in your '--lib' option.
services/weatherService.ts(90,31): error TS2550: Property 'startsWith' does not exist on type 'string'. Do you need to change your target library? Try changing the 'lib' compiler option to 'es2015' or later.
store/eventTypes.ts(1,24): error TS2307: Cannot find module 'zustand' or its corresponding type declarations.
store/eventTypes.ts(2,44): error TS2307: Cannot find module 'zustand/middleware' or its corresponding type declarations.
store/eventTypes.ts(3,26): error TS2307: Cannot find module '@react-native-async-storage/async-storage' or its corresponding type declarations.
store/eventTypes.ts(7,25): error TS2307: Cannot find module 'expo-crypto' or its corresponding type declarations.
store/eventTypes.ts(38,10): error TS7006: Parameter 'set' implicitly has an 'any' type.
store/eventTypes.ts(38,15): error TS7006: Parameter 'get' implicitly has an 'any' type.
store/eventTypes.ts(49,25): error TS2705: An async function or method in ES5 requires the 'Promise' constructor.  Make sure you have a declaration for the 'Promise' constructor or include 'ES2015' in your '--lib' option.
store/eventTypes.ts(83,47): error TS7006: Parameter 'r' implicitly has an 'any' type.
store/eventTypes.ts(99,22): error TS2705: An async function or method in ES5 requires the 'Promise' constructor.  Make sure you have a declaration for the 'Promise' constructor or include 'ES2015' in your '--lib' option.
store/eventTypes.ts(99,29): error TS7006: Parameter 'type' implicitly has an 'any' type.
store/eventTypes.ts(105,25): error TS2705: An async function or method in ES5 requires the 'Promise' constructor.  Make sure you have a declaration for the 'Promise' constructor or include 'ES2015' in your '--lib' option.
store/eventTypes.ts(105,32): error TS7006: Parameter 'updatedType' implicitly has an 'any' type.
store/eventTypes.ts(107,55): error TS7006: Parameter 't' implicitly has an 'any' type.
store/eventTypes.ts(113,25): error TS2705: An async function or method in ES5 requires the 'Promise' constructor.  Make sure you have a declaration for the 'Promise' constructor or include 'ES2015' in your '--lib' option.
store/eventTypes.ts(113,32): error TS7006: Parameter 'id' implicitly has an 'any' type.
store/eventTypes.ts(115,58): error TS7006: Parameter 't' implicitly has an 'any' type.
store/eventTypes.ts(128,32): error TS2705: An async function or method in ES5 requires the 'Promise' constructor.  Make sure you have a declaration for the 'Promise' constructor or include 'ES2015' in your '--lib' option.
store/eventTypes.ts(128,39): error TS7006: Parameter 'title' implicitly has an 'any' type.
store/eventTypes.ts(128,46): error TS7006: Parameter 'typeId' implicitly has an 'any' type.
store/eventTypes.ts(138,27): error TS2705: An async function or method in ES5 requires the 'Promise' constructor.  Make sure you have a declaration for the 'Promise' constructor or include 'ES2015' in your '--lib' option.
store/eventTypes.ts(138,34): error TS7006: Parameter 'title' implicitly has an 'any' type.
store/eventTypes.ts(146,28): error TS2705: An async function or method in ES5 requires the 'Promise' constructor.  Make sure you have a declaration for the 'Promise' constructor or include 'ES2015' in your '--lib' option.
store/eventTypes.ts(146,35): error TS7006: Parameter 'title' implicitly has an 'any' type.
store/eventTypes.ts(146,42): error TS7006: Parameter 'level' implicitly has an 'any' type.
store/eventTypes.ts(156,27): error TS2705: An async function or method in ES5 requires the 'Promise' constructor.  Make sure you have a declaration for the 'Promise' constructor or include 'ES2015' in your '--lib' option.
store/eventTypes.ts(156,34): error TS7006: Parameter 'title' implicitly has an 'any' type.
store/eventTypes.ts(156,41): error TS7006: Parameter 'icon' implicitly has an 'any' type.
store/eventTypes.ts(166,23): error TS2705: An async function or method in ES5 requires the 'Promise' constructor.  Make sure you have a declaration for the 'Promise' constructor or include 'ES2015' in your '--lib' option.
store/eventTypes.ts(166,30): error TS7006: Parameter 'range' implicitly has an 'any' type.
store/eventTypes.ts(177,26): error TS2705: An async function or method in ES5 requires the 'Promise' constructor.  Make sure you have a declaration for the 'Promise' constructor or include 'ES2015' in your '--lib' option.
store/eventTypes.ts(177,33): error TS7006: Parameter 'id' implicitly has an 'any' type.
store/eventTypes.ts(177,37): error TS7006: Parameter 'updates' implicitly has an 'any' type.
store/eventTypes.ts(179,52): error TS7006: Parameter 'range' implicitly has an 'any' type.
store/eventTypes.ts(185,26): error TS2705: An async function or method in ES5 requires the 'Promise' constructor.  Make sure you have a declaration for the 'Promise' constructor or include 'ES2015' in your '--lib' option.
store/eventTypes.ts(185,33): error TS7006: Parameter 'id' implicitly has an 'any' type.
store/eventTypes.ts(187,55): error TS7006: Parameter 'range' implicitly has an 'any' type.
store/eventTypes.ts(191,26): error TS2705: An async function or method in ES5 requires the 'Promise' constructor.  Make sure you have a declaration for the 'Promise' constructor or include 'ES2015' in your '--lib' option.
store/eventTypes.ts(191,33): error TS7006: Parameter 'id' implicitly has an 'any' type.
store/eventTypes.ts(193,52): error TS7006: Parameter 'range' implicitly has an 'any' type.
store/eventTypes.ts(199,30): error TS2705: An async function or method in ES5 requires the 'Promise' constructor.  Make sure you have a declaration for the 'Promise' constructor or include 'ES2015' in your '--lib' option.
store/eventTypes.ts(199,37): error TS7006: Parameter 'title' implicitly has an 'any' type.
store/eventTypes.ts(199,44): error TS7006: Parameter 'flag' implicitly has an 'any' type.
store/eventTypes.ts(213,31): error TS7006: Parameter 'title' implicitly has an 'any' type.
store/eventTypes.ts(213,38): error TS7006: Parameter 'dateStr' implicitly has an 'any' type.
store/eventTypes.ts(225,32): error TS2705: An async function or method in ES5 requires the 'Promise' constructor.  Make sure you have a declaration for the 'Promise' constructor or include 'ES2015' in your '--lib' option.
store/eventTypes.ts(225,39): error TS7006: Parameter 'config' implicitly has an 'any' type.
store/eventTypes.ts(233,26): error TS7006: Parameter 'state' implicitly has an 'any' type.
store/forecastStore.ts(1,24): error TS2307: Cannot find module 'zustand' or its corresponding type declarations.
store/forecastStore.ts(2,44): error TS2307: Cannot find module 'zustand/middleware' or its corresponding type declarations.
store/forecastStore.ts(3,26): error TS2307: Cannot find module '@react-native-async-storage/async-storage' or its corresponding type declarations.
store/forecastStore.ts(18,10): error TS7006: Parameter 'set' implicitly has an 'any' type.
store/forecastStore.ts(18,15): error TS7006: Parameter 'get' implicitly has an 'any' type.
store/forecastStore.ts(20,27): error TS7006: Parameter 'date' implicitly has an 'any' type.
store/forecastStore.ts(20,33): error TS7006: Parameter 'forecast' implicitly has an 'any' type.
store/forecastStore.ts(20,51): error TS7006: Parameter 'state' implicitly has an 'any' type.
store/forecastStore.ts(29,27): error TS7006: Parameter 'date' implicitly has an 'any' type.
store/googleStore.ts(1,24): error TS2307: Cannot find module 'zustand' or its corresponding type declarations.
store/googleStore.ts(2,30): error TS2307: Cannot find module 'expo-secure-store' or its corresponding type declarations.
store/googleStore.ts(3,26): error TS2307: Cannot find module 'react-native' or its corresponding type declarations.
store/googleStore.ts(19,52): error TS7006: Parameter 'set' implicitly has an 'any' type.
store/googleStore.ts(25,14): error TS2705: An async function or method in ES5 requires the 'Promise' constructor.  Make sure you have a declaration for the 'Promise' constructor or include 'ES2015' in your '--lib' option.
store/googleStore.ts(25,21): error TS7006: Parameter 'accessToken' implicitly has an 'any' type.
store/googleStore.ts(25,34): error TS7006: Parameter 'refreshToken' implicitly has an 'any' type.
store/googleStore.ts(25,48): error TS7006: Parameter 'email' implicitly has an 'any' type.
store/googleStore.ts(38,16): error TS2705: An async function or method in ES5 requires the 'Promise' constructor.  Make sure you have a declaration for the 'Promise' constructor or include 'ES2015' in your '--lib' option.
store/googleStore.ts(47,14): error TS2705: An async function or method in ES5 requires the 'Promise' constructor.  Make sure you have a declaration for the 'Promise' constructor or include 'ES2015' in your '--lib' option.
store/habitStore.ts(1,24): error TS2307: Cannot find module 'zustand' or its corresponding type declarations.
store/habitStore.ts(2,44): error TS2307: Cannot find module 'zustand/middleware' or its corresponding type declarations.
store/habitStore.ts(3,26): error TS2307: Cannot find module '@react-native-async-storage/async-storage' or its corresponding type declarations.
store/habitStore.ts(4,25): error TS2307: Cannot find module 'expo-crypto' or its corresponding type declarations.
store/habitStore.ts(29,10): error TS7006: Parameter 'set' implicitly has an 'any' type.
store/habitStore.ts(29,15): error TS7006: Parameter 'get' implicitly has an 'any' type.
store/habitStore.ts(33,24): error TS7006: Parameter 'habit' implicitly has an 'any' type.
store/habitStore.ts(33,39): error TS7006: Parameter 'state' implicitly has an 'any' type.
store/habitStore.ts(41,27): error TS7006: Parameter 'id' implicitly has an 'any' type.
store/habitStore.ts(41,31): error TS7006: Parameter 'updates' implicitly has an 'any' type.
store/habitStore.ts(41,48): error TS7006: Parameter 'state' implicitly has an 'any' type.
store/habitStore.ts(42,43): error TS7006: Parameter 'h' implicitly has an 'any' type.
store/habitStore.ts(47,27): error TS7006: Parameter 'id' implicitly has an 'any' type.
store/habitStore.ts(47,39): error TS7006: Parameter 'state' implicitly has an 'any' type.
store/habitStore.ts(48,46): error TS7006: Parameter 'h' implicitly has an 'any' type.
store/habitStore.ts(53,27): error TS7006: Parameter 'id' implicitly has an 'any' type.
store/habitStore.ts(53,39): error TS7006: Parameter 'state' implicitly has an 'any' type.
store/habitStore.ts(54,43): error TS7006: Parameter 'h' implicitly has an 'any' type.
store/habitStore.ts(59,30): error TS7006: Parameter 'date' implicitly has an 'any' type.
store/habitStore.ts(59,36): error TS7006: Parameter 'habitId' implicitly has an 'any' type.
store/habitStore.ts(59,45): error TS7006: Parameter 'completed' implicitly has an 'any' type.
store/habitStore.ts(59,64): error TS7006: Parameter 'state' implicitly has an 'any' type.
store/habitStore.ts(69,30): error TS7006: Parameter 'date' implicitly has an 'any' type.
store/habitStore.ts(69,36): error TS7006: Parameter 'habitId' implicitly has an 'any' type.
store/moodStore.ts(1,24): error TS2307: Cannot find module 'zustand' or its corresponding type declarations.
store/moodStore.ts(2,44): error TS2307: Cannot find module 'zustand/middleware' or its corresponding type declarations.
store/moodStore.ts(3,26): error TS2307: Cannot find module '@react-native-async-storage/async-storage' or its corresponding type declarations.
store/moodStore.ts(20,10): error TS7006: Parameter 'set' implicitly has an 'any' type.
store/moodStore.ts(24,23): error TS7006: Parameter 'date' implicitly has an 'any' type.
store/moodStore.ts(24,29): error TS7006: Parameter 'mood' implicitly has an 'any' type.
store/moodStore.ts(24,35): error TS7006: Parameter 'note' implicitly has an 'any' type.
store/moodStore.ts(24,49): error TS7006: Parameter 'state' implicitly has an 'any' type.
store/moodStore.ts(30,31): error TS7006: Parameter 'enabled' implicitly has an 'any' type.
store/moodStore.ts(30,40): error TS7006: Parameter 'time' implicitly has an 'any' type.
store/profileStore.ts(1,24): error TS2307: Cannot find module 'zustand' or its corresponding type declarations.
store/profileStore.ts(2,44): error TS2307: Cannot find module 'zustand/middleware' or its corresponding type declarations.
store/profileStore.ts(3,26): error TS2307: Cannot find module '@react-native-async-storage/async-storage' or its corresponding type declarations.
store/profileStore.ts(4,29): error TS2307: Cannot find module 'expo-file-system/legacy' or its corresponding type declarations.
store/profileStore.ts(44,10): error TS7006: Parameter 'set' implicitly has an 'any' type.
store/profileStore.ts(44,15): error TS7006: Parameter 'get' implicitly has an 'any' type.
store/profileStore.ts(58,28): error TS2705: An async function or method in ES5 requires the 'Promise' constructor.  Make sure you have a declaration for the 'Promise' constructor or include 'ES2015' in your '--lib' option.
store/profileStore.ts(72,32): error TS2705: An async function or method in ES5 requires the 'Promise' constructor.  Make sure you have a declaration for the 'Promise' constructor or include 'ES2015' in your '--lib' option.
store/profileStore.ts(112,28): error TS2705: An async function or method in ES5 requires the 'Promise' constructor.  Make sure you have a declaration for the 'Promise' constructor or include 'ES2015' in your '--lib' option.
store/profileStore.ts(120,105): error TS7006: Parameter 'q' implicitly has an 'any' type.
store/profileStore.ts(125,44): error TS7006: Parameter 'q' implicitly has an 'any' type.
store/profileStore.ts(147,35): error TS2705: An async function or method in ES5 requires the 'Promise' constructor.  Make sure you have a declaration for the 'Promise' constructor or include 'ES2015' in your '--lib' option.
store/profileStore.ts(207,28): error TS7006: Parameter 'newConfig' implicitly has an 'any' type.
store/profileStore.ts(208,22): error TS7006: Parameter 'state' implicitly has an 'any' type.
store/profileStore.ts(213,25): error TS7006: Parameter 'question' implicitly has an 'any' type.
store/profileStore.ts(213,35): error TS7006: Parameter 'text' implicitly has an 'any' type.
store/profileStore.ts(214,22): error TS7006: Parameter 'state' implicitly has an 'any' type.
store/profileStore.ts(219,25): error TS2705: An async function or method in ES5 requires the 'Promise' constructor.  Make sure you have a declaration for the 'Promise' constructor or include 'ES2015' in your '--lib' option.
store/profileStore.ts(241,25): error TS2705: An async function or method in ES5 requires the 'Promise' constructor.  Make sure you have a declaration for the 'Promise' constructor or include 'ES2015' in your '--lib' option.
store/profileStore.ts(261,23): error TS2705: An async function or method in ES5 requires the 'Promise' constructor.  Make sure you have a declaration for the 'Promise' constructor or include 'ES2015' in your '--lib' option.
store/profileStore.ts(288,26): error TS2705: An async function or method in ES5 requires the 'Promise' constructor.  Make sure you have a declaration for the 'Promise' constructor or include 'ES2015' in your '--lib' option.
store/profileStore.ts(318,26): error TS2705: An async function or method in ES5 requires the 'Promise' constructor.  Make sure you have a declaration for the 'Promise' constructor or include 'ES2015' in your '--lib' option.
store/profileStore.ts(324,56): error TS7006: Parameter 't' implicitly has an 'any' type.
store/profileStore.ts(340,30): error TS2705: An async function or method in ES5 requires the 'Promise' constructor.  Make sure you have a declaration for the 'Promise' constructor or include 'ES2015' in your '--lib' option.
store/profileStore.ts(394,26): error TS7006: Parameter 'state' implicitly has an 'any' type.
store/relations.ts(1,24): error TS2307: Cannot find module 'zustand' or its corresponding type declarations.
store/relations.ts(33,58): error TS7006: Parameter 'set' implicitly has an 'any' type.
store/relations.ts(37,20): error TS7006: Parameter 'relations' implicitly has an 'any' type.
store/relations.ts(44,16): error TS2550: Property 'entries' does not exist on type 'ObjectConstructor'. Do you need to change your target library? Try changing the 'lib' compiler option to 'es2017' or later.
store/relations.ts(44,45): error TS7031: Binding element 'eventId' implicitly has an 'any' type.
store/relations.ts(44,54): error TS7031: Binding element 'data' implicitly has an 'any' type.
store/relations.ts(45,32): error TS7006: Parameter 'task' implicitly has an 'any' type.
store/relations.ts(47,50): error TS2550: Property 'includes' does not exist on type 'string[]'. Do you need to change your target library? Try changing the 'lib' compiler option to 'es2016' or later.
store/relations.ts(49,32): error TS7006: Parameter 'note' implicitly has an 'any' type.
store/relations.ts(51,50): error TS2550: Property 'includes' does not exist on type 'string[]'. Do you need to change your target library? Try changing the 'lib' compiler option to 'es2016' or later.
store/relations.ts(58,19): error TS7006: Parameter 'eventId' implicitly has an 'any' type.
store/relations.ts(58,28): error TS7006: Parameter 'task' implicitly has an 'any' type.
store/relations.ts(58,42): error TS7006: Parameter 'state' implicitly has an 'any' type.
store/relations.ts(61,32): error TS7006: Parameter 't' implicitly has an 'any' type.
store/relations.ts(80,22): error TS7006: Parameter 'eventId' implicitly has an 'any' type.
store/relations.ts(80,31): error TS7006: Parameter 'task' implicitly has an 'any' type.
store/relations.ts(80,45): error TS7006: Parameter 'state' implicitly has an 'any' type.
store/relations.ts(88,45): error TS7006: Parameter 't' implicitly has an 'any' type.
store/relations.ts(92,73): error TS7006: Parameter 't' implicitly has an 'any' type.
store/relations.ts(93,73): error TS7006: Parameter 'n' implicitly has an 'any' type.
store/relations.ts(98,88): error TS7006: Parameter 'id' implicitly has an 'any' type.
store/relations.ts(105,19): error TS7006: Parameter 'eventId' implicitly has an 'any' type.
store/relations.ts(105,28): error TS7006: Parameter 'note' implicitly has an 'any' type.
store/relations.ts(105,42): error TS7006: Parameter 'state' implicitly has an 'any' type.
store/relations.ts(107,32): error TS7006: Parameter 'n' implicitly has an 'any' type.
store/relations.ts(124,22): error TS7006: Parameter 'eventId' implicitly has an 'any' type.
store/relations.ts(124,31): error TS7006: Parameter 'note' implicitly has an 'any' type.
store/relations.ts(124,45): error TS7006: Parameter 'state' implicitly has an 'any' type.
store/relations.ts(132,45): error TS7006: Parameter 'n' implicitly has an 'any' type.
store/relations.ts(136,73): error TS7006: Parameter 't' implicitly has an 'any' type.
store/relations.ts(137,73): error TS7006: Parameter 'n' implicitly has an 'any' type.
store/relations.ts(142,88): error TS7006: Parameter 'id' implicitly has an 'any' type.
store/relations.ts(149,18): error TS7006: Parameter 'oldTask' implicitly has an 'any' type.
store/relations.ts(149,27): error TS7006: Parameter 'newTask' implicitly has an 'any' type.
store/relations.ts(149,44): error TS7006: Parameter 'state' implicitly has an 'any' type.
store/relations.ts(156,26): error TS7006: Parameter 'eventId' implicitly has an 'any' type.
store/relations.ts(159,60): error TS7006: Parameter 't' implicitly has an 'any' type.
store/secure-storage.ts(1,30): error TS2307: Cannot find module 'zustand/middleware' or its corresponding type declarations.
store/secure-storage.ts(2,30): error TS2307: Cannot find module 'expo-secure-store' or its corresponding type declarations.
store/secure-storage.ts(3,26): error TS2307: Cannot find module '@react-native-async-storage/async-storage' or its corresponding type declarations.
store/secure-storage.ts(4,26): error TS2307: Cannot find module 'react-native' or its corresponding type declarations.
store/secure-storage.ts(10,36): error TS2705: An async function or method in ES5 requires the 'Promise' constructor.  Make sure you have a declaration for the 'Promise' constructor or include 'ES2015' in your '--lib' option.
store/secure-storage.ts(63,51): error TS2705: An async function or method in ES5 requires the 'Promise' constructor.  Make sure you have a declaration for the 'Promise' constructor or include 'ES2015' in your '--lib' option.
store/secure-storage.ts(104,39): error TS2705: An async function or method in ES5 requires the 'Promise' constructor.  Make sure you have a declaration for the 'Promise' constructor or include 'ES2015' in your '--lib' option.
store/settings.ts(1,24): error TS2307: Cannot find module 'zustand' or its corresponding type declarations.
store/settings.ts(2,44): error TS2307: Cannot find module 'zustand/middleware' or its corresponding type declarations.
store/settings.ts(3,26): error TS2307: Cannot find module '@react-native-async-storage/async-storage' or its corresponding type declarations.
store/settings.ts(5,25): error TS2307: Cannot find module 'expo-crypto' or its corresponding type declarations.
store/settings.ts(6,26): error TS2307: Cannot find module 'react-native' or its corresponding type declarations.
store/settings.ts(7,30): error TS2307: Cannot find module 'expo-secure-store' or its corresponding type declarations.
store/settings.ts(191,36): error TS2705: An async function or method in ES5 requires the 'Promise' constructor.  Make sure you have a declaration for the 'Promise' constructor or include 'ES2015' in your '--lib' option.
store/settings.ts(224,51): error TS2705: An async function or method in ES5 requires the 'Promise' constructor.  Make sure you have a declaration for the 'Promise' constructor or include 'ES2015' in your '--lib' option.
store/settings.ts(229,39): error TS2705: An async function or method in ES5 requires the 'Promise' constructor.  Make sure you have a declaration for the 'Promise' constructor or include 'ES2015' in your '--lib' option.
store/settings.ts(236,10): error TS7006: Parameter 'set' implicitly has an 'any' type.
store/settings.ts(243,25): error TS7006: Parameter 'key' implicitly has an 'any' type.
store/settings.ts(244,27): error TS7006: Parameter 'uri' implicitly has an 'any' type.
store/settings.ts(245,35): error TS7006: Parameter 'path' implicitly has an 'any' type.
store/settings.ts(246,32): error TS7006: Parameter 'model' implicitly has an 'any' type.
store/settings.ts(247,37): error TS7006: Parameter 'model' implicitly has an 'any' type.
store/settings.ts(248,36): error TS7006: Parameter 'folder' implicitly has an 'any' type.
store/settings.ts(251,28): error TS7006: Parameter 'folder' implicitly has an 'any' type.
store/settings.ts(253,41): error TS7006: Parameter 'interval' implicitly has an 'any' type.
store/settings.ts(256,29): error TS7006: Parameter 'format' implicitly has an 'any' type.
store/settings.ts(258,34): error TS7006: Parameter 'reminders' implicitly has an 'any' type.
store/settings.ts(260,37): error TS7006: Parameter 'ids' implicitly has an 'any' type.
store/settings.ts(263,37): error TS7006: Parameter 'hide' implicitly has an 'any' type.
store/settings.ts(265,36): error TS7006: Parameter 'id' implicitly has an 'any' type.
store/settings.ts(267,42): error TS7006: Parameter 'id' implicitly has an 'any' type.
store/settings.ts(269,40): error TS7006: Parameter 'id' implicitly has an 'any' type.
store/settings.ts(275,32): error TS7006: Parameter 'id' implicitly has an 'any' type.
store/settings.ts(277,36): error TS7006: Parameter 'id' implicitly has an 'any' type.
store/settings.ts(279,44): error TS7006: Parameter 'types' implicitly has an 'any' type.
store/settings.ts(281,30): error TS7006: Parameter 'key' implicitly has an 'any' type.
store/settings.ts(283,29): error TS7006: Parameter 'owner' implicitly has an 'any' type.
store/settings.ts(285,28): error TS7006: Parameter 'repo' implicitly has an 'any' type.
store/settings.ts(287,32): error TS7006: Parameter 'workflow' implicitly has an 'any' type.
store/settings.ts(289,36): error TS7006: Parameter 'key' implicitly has an 'any' type.
store/settings.ts(291,33): error TS7006: Parameter 'id' implicitly has an 'any' type.
store/settings.ts(293,37): error TS7006: Parameter 'secret' implicitly has an 'any' type.
store/settings.ts(295,34): error TS7006: Parameter 'location' implicitly has an 'any' type.
store/settings.ts(297,37): error TS7006: Parameter 'use' implicitly has an 'any' type.
store/settings.ts(300,28): error TS7006: Parameter 'tag' implicitly has an 'any' type.
store/settings.ts(300,33): error TS7006: Parameter 'config' implicitly has an 'any' type.
store/settings.ts(300,49): error TS7006: Parameter 'state' implicitly has an 'any' type.
store/settings.ts(303,31): error TS7006: Parameter 'tag' implicitly has an 'any' type.
store/settings.ts(303,44): error TS7006: Parameter 'state' implicitly has an 'any' type.
store/settings.ts(308,33): error TS7006: Parameter 'prop' implicitly has an 'any' type.
store/settings.ts(308,39): error TS7006: Parameter 'config' implicitly has an 'any' type.
store/settings.ts(308,55): error TS7006: Parameter 'state' implicitly has an 'any' type.
store/settings.ts(311,36): error TS7006: Parameter 'prop' implicitly has an 'any' type.
store/settings.ts(311,50): error TS7006: Parameter 'state' implicitly has an 'any' type.
store/settings.ts(317,27): error TS7006: Parameter 'contacts' implicitly has an 'any' type.
store/settings.ts(318,26): error TS7006: Parameter 'contact' implicitly has an 'any' type.
store/settings.ts(318,43): error TS7006: Parameter 'state' implicitly has an 'any' type.
store/settings.ts(321,29): error TS7006: Parameter 'contact' implicitly has an 'any' type.
store/settings.ts(321,46): error TS7006: Parameter 'state' implicitly has an 'any' type.
store/settings.ts(322,46): error TS7006: Parameter 'c' implicitly has an 'any' type.
store/settings.ts(324,49): error TS7006: Parameter 'state' implicitly has an 'any' type.
store/settings.ts(325,49): error TS7006: Parameter 'c' implicitly has an 'any' type.
store/settings.ts(328,35): error TS7006: Parameter 'prompt' implicitly has an 'any' type.
store/settings.ts(330,33): error TS7006: Parameter 'prompt' implicitly has an 'any' type.
store/settings.ts(332,29): error TS7006: Parameter 'topics' implicitly has an 'any' type.
store/settings.ts(334,27): error TS7006: Parameter 'feeds' implicitly has an 'any' type.
store/settings.ts(336,29): error TS7006: Parameter 'key' implicitly has an 'any' type.
store/settings.ts(340,35): error TS7006: Parameter 'hostnames' implicitly has an 'any' type.
store/settings.ts(342,34): error TS7006: Parameter 'terms' implicitly has an 'any' type.
store/settings.ts(343,33): error TS7006: Parameter 'term' implicitly has an 'any' type.
store/settings.ts(343,47): error TS7006: Parameter 'state' implicitly has an 'any' type.
store/settings.ts(346,36): error TS7006: Parameter 'term' implicitly has an 'any' type.
store/settings.ts(346,50): error TS7006: Parameter 'state' implicitly has an 'any' type.
store/settings.ts(347,63): error TS7006: Parameter 't' implicitly has an 'any' type.
store/settings.ts(349,27): error TS7006: Parameter 'url' implicitly has an 'any' type.
store/settings.ts(349,40): error TS7006: Parameter 'state' implicitly has an 'any' type.
store/settings.ts(352,33): error TS7006: Parameter 'article' implicitly has an 'any' type.
store/settings.ts(352,50): error TS7006: Parameter 'state' implicitly has an 'any' type.
store/settings.ts(353,55): error TS7006: Parameter 'a' implicitly has an 'any' type.
store/settings.ts(356,35): error TS7006: Parameter 'url' implicitly has an 'any' type.
store/settings.ts(356,48): error TS7006: Parameter 'state' implicitly has an 'any' type.
store/settings.ts(359,28): error TS7006: Parameter 'urls' implicitly has an 'any' type.
store/settings.ts(359,42): error TS7006: Parameter 'state' implicitly has an 'any' type.
store/settings.ts(360,74): error TS7006: Parameter 'u' implicitly has an 'any' type.
store/settings.ts(363,38): error TS7006: Parameter 'mode' implicitly has an 'any' type.
store/settings.ts(365,28): error TS7006: Parameter 'config' implicitly has an 'any' type.
store/settings.ts(367,33): error TS7006: Parameter 'config' implicitly has an 'any' type.
store/settings.ts(369,38): error TS7006: Parameter 'prompt' implicitly has an 'any' type.
store/settings.ts(371,29): error TS7006: Parameter 'prompt' implicitly has an 'any' type.
store/settings.ts(373,36): error TS7006: Parameter 'days' implicitly has an 'any' type.
store/settings.ts(375,27): error TS7006: Parameter 'emails' implicitly has an 'any' type.
store/settings.ts(381,26): error TS7006: Parameter 'state' implicitly has an 'any' type.
store/settings.ts(479,49): error TS2583: Cannot find name 'Set'. Do you need to change your target library? Try changing the 'lib' compiler option to 'es2015' or later.
store/tasks.ts(1,24): error TS2307: Cannot find module 'zustand' or its corresponding type declarations.
store/tasks.ts(2,44): error TS2307: Cannot find module 'zustand/middleware' or its corresponding type declarations.
store/tasks.ts(3,26): error TS2307: Cannot find module '@react-native-async-storage/async-storage' or its corresponding type declarations.
store/tasks.ts(23,10): error TS7006: Parameter 'set' implicitly has an 'any' type.
store/tasks.ts(25,28): error TS7006: Parameter 'path' implicitly has an 'any' type.
store/tasks.ts(27,24): error TS7006: Parameter 'tasks' implicitly has an 'any' type.
store/tasks.ts(29,29): error TS7006: Parameter 'timestamp' implicitly has an 'any' type.
store/ui.ts(1,24): error TS2307: Cannot find module 'zustand' or its corresponding type declarations.
store/ui.ts(46,44): error TS7006: Parameter 'set' implicitly has an 'any' type.
store/ui.ts(53,14): error TS7006: Parameter 'fab' implicitly has an 'any' type.
store/ui.ts(53,27): error TS7006: Parameter 'state' implicitly has an 'any' type.
store/ui.ts(62,16): error TS7006: Parameter 'alert' implicitly has an 'any' type.
store/ui.ts(62,31): error TS7006: Parameter 'state' implicitly has an 'any' type.
store/ui.ts(70,16): error TS7006: Parameter 'error' implicitly has an 'any' type.
store/ui.ts(70,31): error TS7006: Parameter 'state' implicitly has an 'any' type.
store/walkStore.ts(1,24): error TS2307: Cannot find module 'zustand' or its corresponding type declarations.
store/walkStore.ts(2,44): error TS2307: Cannot find module 'zustand/middleware' or its corresponding type declarations.
store/walkStore.ts(3,26): error TS2307: Cannot find module '@react-native-async-storage/async-storage' or its corresponding type declarations.
store/walkStore.ts(23,10): error TS7006: Parameter 'set' implicitly has an 'any' type.
store/walkStore.ts(23,15): error TS7006: Parameter 'get' implicitly has an 'any' type.
store/walkStore.ts(27,29): error TS7006: Parameter 'suggestion' implicitly has an 'any' type.
store/walkStore.ts(27,49): error TS7006: Parameter 'state' implicitly has an 'any' type.
store/walkStore.ts(34,30): error TS7006: Parameter 'date' implicitly has an 'any' type.
store/walkStore.ts(34,44): error TS7006: Parameter 'state' implicitly has an 'any' type.
store/walkStore.ts(43,27): error TS7006: Parameter 'date' implicitly has an 'any' type.
store/walkStore.ts(50,26): error TS7006: Parameter 'state' implicitly has an 'any' type.
store/weatherStore.ts(1,24): error TS2307: Cannot find module 'zustand' or its corresponding type declarations.
store/weatherStore.ts(10,54): error TS7006: Parameter 'set' implicitly has an 'any' type.
store/weatherStore.ts(12,22): error TS7006: Parameter 'data' implicitly has an 'any' type.
store/weatherStore.ts(13,25): error TS7006: Parameter 'data' implicitly has an 'any' type.
store/weatherStore.ts(13,39): error TS7006: Parameter 'state' implicitly has an 'any' type.
tsconfig.json(2,14): error TS6053: File 'expo/tsconfig.base' not found.
utils/artifactDeps.ts(1,29): error TS2307: Cannot find module 'expo-file-system/legacy' or its corresponding type declarations.
utils/artifactDeps.ts(2,26): error TS2307: Cannot find module 'expo-sharing' or its corresponding type declarations.
utils/artifactDeps.ts(3,33): error TS2307: Cannot find module 'expo-intent-launcher' or its corresponding type declarations.
utils/artifactDeps.ts(4,48): error TS2307: Cannot find module 'react-native' or its corresponding type declarations.
utils/artifactDeps.ts(5,19): error TS2580: Cannot find name 'require'. Do you need to install type definitions for node? Try `npm i --save-dev @types/node`.
utils/artifactHandler.test.ts(6,17): error TS2705: An async function or method in ES5 requires the 'Promise' constructor.  Make sure you have a declaration for the 'Promise' constructor or include 'ES2015' in your '--lib' option.
utils/artifactHandler.test.ts(12,9): error TS2580: Cannot find name 'process'. Do you need to install type definitions for node? Try `npm i --save-dev @types/node`.
utils/artifactHandler.test.ts(39,25): error TS2705: An async function or method in ES5 requires the 'Promise' constructor.  Make sure you have a declaration for the 'Promise' constructor or include 'ES2015' in your '--lib' option.
utils/artifactHandler.test.ts(43,17): error TS2550: Property 'includes' does not exist on type 'string'. Do you need to change your target library? Try changing the 'lib' compiler option to 'es2015' or later.
utils/artifactHandler.test.ts(44,49): error TS2550: Property 'endsWith' does not exist on type 'string'. Do you need to change your target library? Try changing the 'lib' compiler option to 'es2015' or later.
utils/artifactHandler.test.ts(44,70): error TS2550: Property 'includes' does not exist on type 'string'. Do you need to change your target library? Try changing the 'lib' compiler option to 'es2015' or later.
utils/artifactHandler.test.ts(46,18): error TS2705: An async function or method in ES5 requires the 'Promise' constructor.  Make sure you have a declaration for the 'Promise' constructor or include 'ES2015' in your '--lib' option.
utils/artifactHandler.test.ts(47,25): error TS2705: An async function or method in ES5 requires the 'Promise' constructor.  Make sure you have a declaration for the 'Promise' constructor or include 'ES2015' in your '--lib' option.
utils/artifactHandler.test.ts(49,17): error TS2550: Property 'includes' does not exist on type 'string'. Do you need to change your target library? Try changing the 'lib' compiler option to 'es2015' or later.
utils/artifactHandler.test.ts(50,17): error TS2550: Property 'includes' does not exist on type 'string'. Do you need to change your target library? Try changing the 'lib' compiler option to 'es2015' or later.
utils/artifactHandler.test.ts(53,16): error TS2705: An async function or method in ES5 requires the 'Promise' constructor.  Make sure you have a declaration for the 'Promise' constructor or include 'ES2015' in your '--lib' option.
utils/artifactHandler.test.ts(57,25): error TS2705: An async function or method in ES5 requires the 'Promise' constructor.  Make sure you have a declaration for the 'Promise' constructor or include 'ES2015' in your '--lib' option.
utils/artifactHandler.test.ts(64,17): error TS2705: An async function or method in ES5 requires the 'Promise' constructor.  Make sure you have a declaration for the 'Promise' constructor or include 'ES2015' in your '--lib' option.
utils/artifactHandler.test.ts(69,19): error TS2705: An async function or method in ES5 requires the 'Promise' constructor.  Make sure you have a declaration for the 'Promise' constructor or include 'ES2015' in your '--lib' option.
utils/artifactHandler.test.ts(98,2): error TS2705: An async function or method in ES5 requires the 'Promise' constructor.  Make sure you have a declaration for the 'Promise' constructor or include 'ES2015' in your '--lib' option.
utils/artifactHandler.test.ts(99,70): error TS2705: An async function or method in ES5 requires the 'Promise' constructor.  Make sure you have a declaration for the 'Promise' constructor or include 'ES2015' in your '--lib' option.
utils/artifactHandler.test.ts(117,31): error TS2304: Cannot find name 'global'.
utils/artifactHandler.test.ts(118,9): error TS2304: Cannot find name 'global'.
utils/artifactHandler.test.ts(120,32): error TS2550: Property 'includes' does not exist on type 'string'. Do you need to change your target library? Try changing the 'lib' compiler option to 'es2015' or later.
utils/artifactHandler.test.ts(129,41): error TS2705: An async function or method in ES5 requires the 'Promise' constructor.  Make sure you have a declaration for the 'Promise' constructor or include 'ES2015' in your '--lib' option.
utils/artifactHandler.test.ts(137,41): error TS2705: An async function or method in ES5 requires the 'Promise' constructor.  Make sure you have a declaration for the 'Promise' constructor or include 'ES2015' in your '--lib' option.
utils/artifactHandler.test.ts(145,9): error TS2322: Type '(uri: string) => Promise<{ exists: false; isDirectory: boolean; size?: undefined; } | { exists: true; isDirectory: any; size: number; }>' is not assignable to type '(uri: string) => Promise<{ exists: boolean; isDirectory?: undefined; size?: undefined; modificationTime?: undefined; } | { exists: boolean; isDirectory: any; size: number; modificationTime: number; }>'.
  Type 'Promise<{ exists: false; isDirectory: boolean; size?: undefined; } | { exists: true; isDirectory: any; size: number; }>' is not assignable to type 'Promise<{ exists: boolean; isDirectory?: undefined; size?: undefined; modificationTime?: undefined; } | { exists: boolean; isDirectory: any; size: number; modificationTime: number; }>'.
    Type '{ exists: false; isDirectory: boolean; size?: undefined; } | { exists: true; isDirectory: any; size: number; }' is not assignable to type '{ exists: boolean; isDirectory?: undefined; size?: undefined; modificationTime?: undefined; } | { exists: boolean; isDirectory: any; size: number; modificationTime: number; }'.
      Type '{ exists: false; isDirectory: boolean; size?: undefined; }' is not assignable to type '{ exists: boolean; isDirectory?: undefined; size?: undefined; modificationTime?: undefined; } | { exists: boolean; isDirectory: any; size: number; modificationTime: number; }'.
        Property 'modificationTime' is missing in type '{ exists: false; isDirectory: boolean; size?: undefined; }' but required in type '{ exists: boolean; isDirectory: any; size: number; modificationTime: number; }'.
utils/artifactHandler.test.ts(146,22): error TS2550: Property 'includes' does not exist on type 'string'. Do you need to change your target library? Try changing the 'lib' compiler option to 'es2015' or later.
utils/artifactHandler.test.ts(147,54): error TS2550: Property 'endsWith' does not exist on type 'string'. Do you need to change your target library? Try changing the 'lib' compiler option to 'es2015' or later.
utils/artifactHandler.test.ts(147,75): error TS2550: Property 'includes' does not exist on type 'string'. Do you need to change your target library? Try changing the 'lib' compiler option to 'es2015' or later.
utils/artifactHandler.test.ts(153,13): error TS2304: Cannot find name 'global'.
utils/artifactHandler.test.ts(158,23): error TS2550: Property 'includes' does not exist on type 'string[]'. Do you need to change your target library? Try changing the 'lib' compiler option to 'es2016' or later.
utils/artifactHandler.test.ts(159,23): error TS2550: Property 'includes' does not exist on type 'string[]'. Do you need to change your target library? Try changing the 'lib' compiler option to 'es2016' or later.
utils/artifactHandler.test.ts(160,23): error TS2550: Property 'includes' does not exist on type 'string[]'. Do you need to change your target library? Try changing the 'lib' compiler option to 'es2016' or later.
utils/artifactHandler.test.ts(161,23): error TS2550: Property 'includes' does not exist on type 'string[]'. Do you need to change your target library? Try changing the 'lib' compiler option to 'es2016' or later.
utils/artifactHandler.test.ts(164,51): error TS2705: An async function or method in ES5 requires the 'Promise' constructor.  Make sure you have a declaration for the 'Promise' constructor or include 'ES2015' in your '--lib' option.
utils/artifactHandler.test.ts(176,31): error TS2304: Cannot find name 'global'.
utils/artifactHandler.test.ts(177,9): error TS2304: Cannot find name 'global'.
utils/artifactHandler.test.ts(178,32): error TS2550: Property 'includes' does not exist on type 'string'. Do you need to change your target library? Try changing the 'lib' compiler option to 'es2015' or later.
utils/artifactHandler.test.ts(185,41): error TS2705: An async function or method in ES5 requires the 'Promise' constructor.  Make sure you have a declaration for the 'Promise' constructor or include 'ES2015' in your '--lib' option.
utils/artifactHandler.test.ts(204,13): error TS2304: Cannot find name 'global'.
utils/artifactHandler.test.ts(208,40): error TS2550: Property 'includes' does not exist on type 'string'. Do you need to change your target library? Try changing the 'lib' compiler option to 'es2015' or later.
utils/artifactHandler.test.ts(211,39): error TS2705: An async function or method in ES5 requires the 'Promise' constructor.  Make sure you have a declaration for the 'Promise' constructor or include 'ES2015' in your '--lib' option.
utils/artifactHandler.test.ts(216,21): error TS2550: Property 'includes' does not exist on type 'string'. Do you need to change your target library? Try changing the 'lib' compiler option to 'es2015' or later.
utils/artifactHandler.test.ts(222,21): error TS2550: Property 'includes' does not exist on type 'string'. Do you need to change your target library? Try changing the 'lib' compiler option to 'es2015' or later.
utils/artifactHandler.test.ts(226,9): error TS2322: Type '(uri: string) => Promise<{ exists: true; modificationTime: number; isDirectory?: undefined; } | { exists: true; isDirectory: any; modificationTime?: undefined; }>' is not assignable to type '(uri: string) => Promise<{ exists: boolean; isDirectory?: undefined; size?: undefined; modificationTime?: undefined; } | { exists: boolean; isDirectory: any; size: number; modificationTime: number; }>'.
  Type 'Promise<{ exists: true; modificationTime: number; isDirectory?: undefined; } | { exists: true; isDirectory: any; modificationTime?: undefined; }>' is not assignable to type 'Promise<{ exists: boolean; isDirectory?: undefined; size?: undefined; modificationTime?: undefined; } | { exists: boolean; isDirectory: any; size: number; modificationTime: number; }>'.
    Type '{ exists: true; modificationTime: number; isDirectory?: undefined; } | { exists: true; isDirectory: any; modificationTime?: undefined; }' is not assignable to type '{ exists: boolean; isDirectory?: undefined; size?: undefined; modificationTime?: undefined; } | { exists: boolean; isDirectory: any; size: number; modificationTime: number; }'.
      Type '{ exists: true; modificationTime: number; isDirectory?: undefined; }' is not assignable to type '{ exists: boolean; isDirectory?: undefined; size?: undefined; modificationTime?: undefined; } | { exists: boolean; isDirectory: any; size: number; modificationTime: number; }'.
        Property 'size' is missing in type '{ exists: true; modificationTime: number; isDirectory?: undefined; }' but required in type '{ exists: boolean; isDirectory: any; size: number; modificationTime: number; }'.
utils/artifactHandler.test.ts(228,22): error TS2550: Property 'includes' does not exist on type 'string'. Do you need to change your target library? Try changing the 'lib' compiler option to 'es2015' or later.
utils/artifactHandler.test.ts(240,22): error TS2550: Property 'endsWith' does not exist on type 'string'. Do you need to change your target library? Try changing the 'lib' compiler option to 'es2015' or later.
utils/artifactHandler.test.ts(241,22): error TS2550: Property 'endsWith' does not exist on type 'string'. Do you need to change your target library? Try changing the 'lib' compiler option to 'es2015' or later.
utils/artifactHandler.test.ts(242,22): error TS2550: Property 'endsWith' does not exist on type 'string'. Do you need to change your target library? Try changing the 'lib' compiler option to 'es2015' or later.
utils/artifactHandler.test.ts(243,22): error TS2550: Property 'endsWith' does not exist on type 'string'. Do you need to change your target library? Try changing the 'lib' compiler option to 'es2015' or later.
utils/artifactHandler.test.ts(244,22): error TS2550: Property 'endsWith' does not exist on type 'string'. Do you need to change your target library? Try changing the 'lib' compiler option to 'es2015' or later.
utils/artifactHandler.test.ts(245,22): error TS2550: Property 'endsWith' does not exist on type 'string'. Do you need to change your target library? Try changing the 'lib' compiler option to 'es2015' or later.
utils/artifactHandler.test.ts(248,54): error TS2550: Property 'endsWith' does not exist on type 'string'. Do you need to change your target library? Try changing the 'lib' compiler option to 'es2015' or later.
utils/artifactHandler.test.ts(248,75): error TS2550: Property 'includes' does not exist on type 'string'. Do you need to change your target library? Try changing the 'lib' compiler option to 'es2015' or later.
utils/artifactHandler.test.ts(253,9): error TS2322: Type '(uri: any) => Promise<void>' is not assignable to type '() => Promise<void>'.
  Target signature provides too few arguments. Expected 1 or more, but got 0.
utils/artifactHandler.test.ts(253,38): error TS2705: An async function or method in ES5 requires the 'Promise' constructor.  Make sure you have a declaration for the 'Promise' constructor or include 'ES2015' in your '--lib' option.
utils/artifactHandler.test.ts(253,45): error TS7006: Parameter 'uri' implicitly has an 'any' type.
utils/artifactHandler.test.ts(268,9): error TS2322: Type '(uri: string) => Promise<{ exists: boolean; isDirectory?: undefined; size?: undefined; modificationTime?: undefined; } | { exists: boolean; isDirectory: any; size: number; modificationTime: number; } | { ...; }>' is not assignable to type '(uri: string) => Promise<{ exists: boolean; isDirectory?: undefined; size?: undefined; modificationTime?: undefined; } | { exists: boolean; isDirectory: any; size: number; modificationTime: number; }>'.
  Type 'Promise<{ exists: boolean; isDirectory?: undefined; size?: undefined; modificationTime?: undefined; } | { exists: boolean; isDirectory: any; size: number; modificationTime: number; } | { exists: false; isDirectory: boolean; }>' is not assignable to type 'Promise<{ exists: boolean; isDirectory?: undefined; size?: undefined; modificationTime?: undefined; } | { exists: boolean; isDirectory: any; size: number; modificationTime: number; }>'.
    Type '{ exists: boolean; isDirectory?: undefined; size?: undefined; modificationTime?: undefined; } | { exists: boolean; isDirectory: any; size: number; modificationTime: number; } | { exists: false; isDirectory: boolean; }' is not assignable to type '{ exists: boolean; isDirectory?: undefined; size?: undefined; modificationTime?: undefined; } | { exists: boolean; isDirectory: any; size: number; modificationTime: number; }'.
      Type '{ exists: false; isDirectory: boolean; }' is not assignable to type '{ exists: boolean; isDirectory?: undefined; size?: undefined; modificationTime?: undefined; } | { exists: boolean; isDirectory: any; size: number; modificationTime: number; }'.
        Type '{ exists: false; isDirectory: boolean; }' is missing the following properties from type '{ exists: boolean; isDirectory: any; size: number; modificationTime: number; }': size, modificationTime
utils/artifactHandler.test.ts(269,21): error TS2550: Property 'includes' does not exist on type 'string'. Do you need to change your target library? Try changing the 'lib' compiler option to 'es2015' or later.
utils/artifactHandler.test.ts(281,39): error TS2550: Property 'endsWith' does not exist on type 'string'. Do you need to change your target library? Try changing the 'lib' compiler option to 'es2015' or later.
utils/artifactHandler.test.ts(284,39): error TS2550: Property 'endsWith' does not exist on type 'string'. Do you need to change your target library? Try changing the 'lib' compiler option to 'es2015' or later.
utils/artifactHandler.ts(14,81): error TS2705: An async function or method in ES5 requires the 'Promise' constructor.  Make sure you have a declaration for the 'Promise' constructor or include 'ES2015' in your '--lib' option.
utils/artifactHandler.ts(24,23): error TS2705: An async function or method in ES5 requires the 'Promise' constructor.  Make sure you have a declaration for the 'Promise' constructor or include 'ES2015' in your '--lib' option.
utils/artifactHandler.ts(45,16): error TS2705: An async function or method in ES5 requires the 'Promise' constructor.  Make sure you have a declaration for the 'Promise' constructor or include 'ES2015' in your '--lib' option.
utils/artifactHandler.ts(49,39): error TS7006: Parameter 'f' implicitly has an 'any' type.
utils/artifactHandler.ts(53,33): error TS2585: 'Promise' only refers to a type, but is being used as a value here. Do you need to change your target library? Try changing the 'lib' compiler option to es2015 or later.
utils/artifactHandler.ts(53,65): error TS7006: Parameter 'file' implicitly has an 'any' type.
utils/artifactHandler.ts(63,25): error TS7006: Parameter 'a' implicitly has an 'any' type.
utils/artifactHandler.ts(63,28): error TS7006: Parameter 'b' implicitly has an 'any' type.
utils/artifactHandler.ts(85,4): error TS2705: An async function or method in ES5 requires the 'Promise' constructor.  Make sure you have a declaration for the 'Promise' constructor or include 'ES2015' in your '--lib' option.
utils/artifactHandler.ts(154,14): error TS7006: Parameter 'progress' implicitly has an 'any' type.
utils/artifactHandler.ts(185,65): error TS2705: An async function or method in ES5 requires the 'Promise' constructor.  Make sure you have a declaration for the 'Promise' constructor or include 'ES2015' in your '--lib' option.
utils/artifactHandler.ts(189,44): error TS7006: Parameter 'f' implicitly has an 'any' type.
utils/artifactHandler.ts(191,43): error TS2550: Property 'endsWith' does not exist on type 'string'. Do you need to change your target library? Try changing the 'lib' compiler option to 'es2015' or later.
utils/artifactHandler.ts(195,49): error TS2550: Property 'endsWith' does not exist on type 'string'. Do you need to change your target library? Try changing the 'lib' compiler option to 'es2015' or later.
utils/debugUtils.ts(1,29): error TS2307: Cannot find module 'expo-file-system/legacy' or its corresponding type declarations.
utils/debugUtils.ts(2,26): error TS2307: Cannot find module 'expo-sharing' or its corresponding type declarations.
utils/debugUtils.ts(3,30): error TS2307: Cannot find module 'expo-application' or its corresponding type declarations.
utils/debugUtils.ts(4,23): error TS2307: Cannot find module 'expo-constants' or its corresponding type declarations.
utils/debugUtils.ts(5,26): error TS2307: Cannot find module 'react-native' or its corresponding type declarations.
utils/debugUtils.ts(6,26): error TS2307: Cannot find module '@react-native-async-storage/async-storage' or its corresponding type declarations.
utils/debugUtils.ts(75,34): error TS7031: Binding element 'key' implicitly has an 'any' type.
utils/debugUtils.ts(75,39): error TS7031: Binding element 'value' implicitly has an 'any' type.
utils/difficultyUtils.ts(1,19): error TS2307: Cannot find module 'dayjs' or its corresponding type declarations.
utils/difficultyUtils.ts(57,32): error TS2550: Property 'includes' does not exist on type 'number[]'. Do you need to change your target library? Try changing the 'lib' compiler option to 'es2016' or later.
utils/difficultyUtils.ts(103,26): error TS2550: Property 'includes' does not exist on type 'string[]'. Do you need to change your target library? Try changing the 'lib' compiler option to 'es2016' or later.
utils/difficultyUtils.ts(212,30): error TS2550: Property 'entries' does not exist on type 'ObjectConstructor'. Do you need to change your target library? Try changing the 'lib' compiler option to 'es2017' or later.
utils/difficultyUtils.ts(212,58): error TS7031: Binding element 'reason' implicitly has an 'any' type.
utils/difficultyUtils.ts(212,66): error TS7031: Binding element 'stats' implicitly has an 'any' type.
utils/folderUtils.ts(11,4): error TS2705: An async function or method in ES5 requires the 'Promise' constructor.  Make sure you have a declaration for the 'Promise' constructor or include 'ES2015' in your '--lib' option.
utils/folderUtils.ts(27,23): error TS2550: Property 'endsWith' does not exist on type 'string'. Do you need to change your target library? Try changing the 'lib' compiler option to 'es2015' or later.
utils/folderUtils.ts(39,63): error TS2550: Property 'startsWith' does not exist on type 'string'. Do you need to change your target library? Try changing the 'lib' compiler option to 'es2015' or later.
utils/folderUtils.ts(83,30): error TS2550: Property 'startsWith' does not exist on type 'string'. Do you need to change your target library? Try changing the 'lib' compiler option to 'es2015' or later.
utils/folderUtils.ts(87,46): error TS2550: Property 'startsWith' does not exist on type 'string'. Do you need to change your target library? Try changing the 'lib' compiler option to 'es2015' or later.
utils/linkParser.ts(32,22): error TS2550: Property 'startsWith' does not exist on type 'string'. Do you need to change your target library? Try changing the 'lib' compiler option to 'es2015' or later.
utils/linkParser.ts(50,18): error TS2550: Property 'startsWith' does not exist on type 'string'. Do you need to change your target library? Try changing the 'lib' compiler option to 'es2015' or later.
utils/locationUtils.ts(1,27): error TS2307: Cannot find module 'expo-location' or its corresponding type declarations.
utils/locationUtils.ts(4,35): error TS2705: An async function or method in ES5 requires the 'Promise' constructor.  Make sure you have a declaration for the 'Promise' constructor or include 'ES2015' in your '--lib' option.
utils/obsidian.ts(1,26): error TS2307: Cannot find module 'expo-linking' or its corresponding type declarations.
utils/obsidian.ts(11,31): error TS2705: An async function or method in ES5 requires the 'Promise' constructor.  Make sure you have a declaration for the 'Promise' constructor or include 'ES2015' in your '--lib' option.
utils/obsidian.ts(45,22): error TS2550: Property 'startsWith' does not exist on type 'string'. Do you need to change your target library? Try changing the 'lib' compiler option to 'es2015' or later.
utils/obsidian.ts(48,30): error TS2550: Property 'startsWith' does not exist on type 'string'. Do you need to change your target library? Try changing the 'lib' compiler option to 'es2015' or later.
utils/obsidian.ts(64,19): error TS2585: 'Promise' only refers to a type, but is being used as a value here. Do you need to change your target library? Try changing the 'lib' compiler option to es2015 or later.
utils/obsidian.ts(64,27): error TS7006: Parameter 'resolve' implicitly has an 'any' type.
utils/propertyUtils.ts(5,25): error TS2583: Cannot find name 'Set'. Do you need to change your target library? Try changing the 'lib' compiler option to 'es2015' or later.
utils/propertyUtils.ts(7,12): error TS2550: Property 'values' does not exist on type 'ObjectConstructor'. Do you need to change your target library? Try changing the 'lib' compiler option to 'es2017' or later.
utils/propertyUtils.ts(7,42): error TS7006: Parameter 'file' implicitly has an 'any' type.
utils/propertyUtils.ts(9,42): error TS7006: Parameter 'k' implicitly has an 'any' type.
utils/propertyUtils.ts(14,18): error TS2550: Property 'from' does not exist on type 'ArrayConstructor'. Do you need to change your target library? Try changing the 'lib' compiler option to 'es2015' or later.
utils/propertyUtils.ts(24,27): error TS2583: Cannot find name 'Set'. Do you need to change your target library? Try changing the 'lib' compiler option to 'es2015' or later.
utils/propertyUtils.ts(26,12): error TS2550: Property 'values' does not exist on type 'ObjectConstructor'. Do you need to change your target library? Try changing the 'lib' compiler option to 'es2017' or later.
utils/propertyUtils.ts(26,42): error TS7006: Parameter 'file' implicitly has an 'any' type.
utils/propertyUtils.ts(36,18): error TS2550: Property 'from' does not exist on type 'ArrayConstructor'. Do you need to change your target library? Try changing the 'lib' compiler option to 'es2015' or later.
utils/reminderModalContext.tsx(1,60): error TS2307: Cannot find module 'react' or its corresponding type declarations.
utils/reminderModalContext.tsx(24,9): error TS17004: Cannot use JSX unless the '--jsx' flag is provided.
utils/saf.ts(1,40): error TS2307: Cannot find module 'expo-file-system/legacy' or its corresponding type declarations.
utils/saf.ts(2,29): error TS2307: Cannot find module 'expo-file-system/legacy' or its corresponding type declarations.
utils/saf.ts(7,77): error TS2705: An async function or method in ES5 requires the 'Promise' constructor.  Make sure you have a declaration for the 'Promise' constructor or include 'ES2015' in your '--lib' option.
utils/saf.ts(14,39): error TS2550: Property 'endsWith' does not exist on type 'string'. Do you need to change your target library? Try changing the 'lib' compiler option to 'es2015' or later.
utils/saf.ts(14,91): error TS2550: Property 'endsWith' does not exist on type 'string'. Do you need to change your target library? Try changing the 'lib' compiler option to 'es2015' or later.
utils/saf.ts(20,35): error TS2550: Property 'includes' does not exist on type 'string'. Do you need to change your target library? Try changing the 'lib' compiler option to 'es2015' or later.
utils/saf.ts(36,70): error TS2705: An async function or method in ES5 requires the 'Promise' constructor.  Make sure you have a declaration for the 'Promise' constructor or include 'ES2015' in your '--lib' option.
utils/saf.ts(45,29): error TS2550: Property 'includes' does not exist on type 'string'. Do you need to change your target library? Try changing the 'lib' compiler option to 'es2015' or later.
utils/saf.ts(58,105): error TS2705: An async function or method in ES5 requires the 'Promise' constructor.  Make sure you have a declaration for the 'Promise' constructor or include 'ES2015' in your '--lib' option.
utils/saf.ts(84,84): error TS2705: An async function or method in ES5 requires the 'Promise' constructor.  Make sure you have a declaration for the 'Promise' constructor or include 'ES2015' in your '--lib' option.
utils/saf.ts(100,35): error TS2550: Property 'includes' does not exist on type 'string'. Do you need to change your target library? Try changing the 'lib' compiler option to 'es2015' or later.
utils/saf.ts(117,81): error TS2705: An async function or method in ES5 requires the 'Promise' constructor.  Make sure you have a declaration for the 'Promise' constructor or include 'ES2015' in your '--lib' option.
utils/saf.ts(118,17): error TS2550: Property 'includes' does not exist on type 'string'. Do you need to change your target library? Try changing the 'lib' compiler option to 'es2015' or later.
utils/saf.ts(132,76): error TS2705: An async function or method in ES5 requires the 'Promise' constructor.  Make sure you have a declaration for the 'Promise' constructor or include 'ES2015' in your '--lib' option.
utils/saf.ts(152,4): error TS2705: An async function or method in ES5 requires the 'Promise' constructor.  Make sure you have a declaration for the 'Promise' constructor or include 'ES2015' in your '--lib' option.
utils/saf.ts(186,64): error TS2705: An async function or method in ES5 requires the 'Promise' constructor.  Make sure you have a declaration for the 'Promise' constructor or include 'ES2015' in your '--lib' option.
utils/saf.ts(223,104): error TS2705: An async function or method in ES5 requires the 'Promise' constructor.  Make sure you have a declaration for the 'Promise' constructor or include 'ES2015' in your '--lib' option.
utils/saf.ts(228,31): error TS2550: Property 'repeat' does not exist on type '" "'. Do you need to change your target library? Try changing the 'lib' compiler option to 'es2015' or later.
utils/saf.ts(237,4): error TS2705: An async function or method in ES5 requires the 'Promise' constructor.  Make sure you have a declaration for the 'Promise' constructor or include 'ES2015' in your '--lib' option.
utils/saf.ts(241,79): error TS2705: An async function or method in ES5 requires the 'Promise' constructor.  Make sure you have a declaration for the 'Promise' constructor or include 'ES2015' in your '--lib' option.
utils/saf.ts(242,19): error TS2550: Property 'endsWith' does not exist on type 'string'. Do you need to change your target library? Try changing the 'lib' compiler option to 'es2015' or later.
utils/saf.ts(269,62): error TS7006: Parameter 't' implicitly has an 'any' type.
utils/saf.ts(273,40): error TS7006: Parameter 'line' implicitly has an 'any' type.
utils/saf.ts(302,42): error TS2550: Property 'includes' does not exist on type 'string[]'. Do you need to change your target library? Try changing the 'lib' compiler option to 'es2016' or later.
utils/saf.ts(314,42): error TS2550: Property 'includes' does not exist on type 'string[]'. Do you need to change your target library? Try changing the 'lib' compiler option to 'es2016' or later.
utils/saf.ts(334,73): error TS2705: An async function or method in ES5 requires the 'Promise' constructor.  Make sure you have a declaration for the 'Promise' constructor or include 'ES2015' in your '--lib' option.
utils/saf.ts(342,35): error TS2550: Property 'includes' does not exist on type 'string'. Do you need to change your target library? Try changing the 'lib' compiler option to 'es2015' or later.
utils/saf.ts(364,77): error TS2705: An async function or method in ES5 requires the 'Promise' constructor.  Make sure you have a declaration for the 'Promise' constructor or include 'ES2015' in your '--lib' option.
utils/saf.ts(366,22): error TS2550: Property 'includes' does not exist on type 'string'. Do you need to change your target library? Try changing the 'lib' compiler option to 'es2015' or later.
utils/saf.ts(379,77): error TS2705: An async function or method in ES5 requires the 'Promise' constructor.  Make sure you have a declaration for the 'Promise' constructor or include 'ES2015' in your '--lib' option.
utils/saf.ts(382,22): error TS2550: Property 'includes' does not exist on type 'string'. Do you need to change your target library? Try changing the 'lib' compiler option to 'es2015' or later.
utils/saf.ts(397,49): error TS2705: An async function or method in ES5 requires the 'Promise' constructor.  Make sure you have a declaration for the 'Promise' constructor or include 'ES2015' in your '--lib' option.
utils/saf.ts(408,97): error TS2705: An async function or method in ES5 requires the 'Promise' constructor.  Make sure you have a declaration for the 'Promise' constructor or include 'ES2015' in your '--lib' option.
utils/saf.ts(424,85): error TS2705: An async function or method in ES5 requires the 'Promise' constructor.  Make sure you have a declaration for the 'Promise' constructor or include 'ES2015' in your '--lib' option.
utils/saf.ts(437,48): error TS2705: An async function or method in ES5 requires the 'Promise' constructor.  Make sure you have a declaration for the 'Promise' constructor or include 'ES2015' in your '--lib' option.
utils/saf.ts(446,81): error TS2705: An async function or method in ES5 requires the 'Promise' constructor.  Make sure you have a declaration for the 'Promise' constructor or include 'ES2015' in your '--lib' option.
utils/saf.ts(449,26): error TS2550: Property 'includes' does not exist on type 'string'. Do you need to change your target library? Try changing the 'lib' compiler option to 'es2015' or later.
utils/saf.ts(467,78): error TS2705: An async function or method in ES5 requires the 'Promise' constructor.  Make sure you have a declaration for the 'Promise' constructor or include 'ES2015' in your '--lib' option.
utils/saf.ts(481,41): error TS2550: Property 'startsWith' does not exist on type 'string'. Do you need to change your target library? Try changing the 'lib' compiler option to 'es2015' or later.
utils/saf.ts(485,28): error TS2550: Property 'startsWith' does not exist on type 'string'. Do you need to change your target library? Try changing the 'lib' compiler option to 'es2015' or later.
utils/saf.ts(486,28): error TS2550: Property 'startsWith' does not exist on type 'string'. Do you need to change your target library? Try changing the 'lib' compiler option to 'es2015' or later.
utils/slotFinder.ts(1,19): error TS2307: Cannot find module 'dayjs' or its corresponding type declarations.
utils/tagUtils.ts(1,40): error TS2307: Cannot find module 'expo-file-system/legacy' or its corresponding type declarations.
utils/tagUtils.ts(2,29): error TS2307: Cannot find module 'expo-file-system/legacy' or its corresponding type declarations.
utils/tagUtils.ts(9,100): error TS2705: An async function or method in ES5 requires the 'Promise' constructor.  Make sure you have a declaration for the 'Promise' constructor or include 'ES2015' in your '--lib' option.
utils/tagUtils.ts(24,24): error TS1252: Function declarations are not allowed inside blocks in strict mode when targeting 'ES5'. Modules are automatically in strict mode.
utils/tagUtils.ts(24,71): error TS2705: An async function or method in ES5 requires the 'Promise' constructor.  Make sure you have a declaration for the 'Promise' constructor or include 'ES2015' in your '--lib' option.
utils/tagUtils.ts(33,33): error TS2550: Property 'endsWith' does not exist on type 'string'. Do you need to change your target library? Try changing the 'lib' compiler option to 'es2015' or later.
utils/tagUtils.ts(79,34): error TS7006: Parameter 'line' implicitly has an 'any' type.
utils/tagUtils.ts(80,37): error TS7006: Parameter 'line' implicitly has an 'any' type.
utils/tagUtils.ts(81,34): error TS7006: Parameter 'line' implicitly has an 'any' type.
utils/tagUtils.ts(82,37): error TS7006: Parameter 'tag' implicitly has an 'any' type.
utils/tagUtils.ts(84,38): error TS7006: Parameter 'tag' implicitly has an 'any' type.
utils/tagUtils.ts(94,69): error TS7006: Parameter 't' implicitly has an 'any' type.
utils/tagUtils.ts(95,46): error TS7006: Parameter 'tag' implicitly has an 'any' type.
utils/tagUtils.ts(112,35): error TS2550: Property 'includes' does not exist on type 'string[]'. Do you need to change your target library? Try changing the 'lib' compiler option to 'es2016' or later.
utils/tagUtils.ts(123,35): error TS2550: Property 'entries' does not exist on type 'ObjectConstructor'. Do you need to change your target library? Try changing the 'lib' compiler option to 'es2017' or later.
utils/tagUtils.ts(124,23): error TS7031: Binding element 'a' implicitly has an 'any' type.
utils/tagUtils.ts(124,30): error TS7031: Binding element 'b' implicitly has an 'any' type.
utils/tagUtils.ts(125,20): error TS7031: Binding element 'tag' implicitly has an 'any' type.
utils/tagUtils.ts(137,25): error TS2583: Cannot find name 'Map'. Do you need to change your target library? Try changing the 'lib' compiler option to 'es2015' or later.
utils/tagUtils.ts(139,12): error TS2550: Property 'values' does not exist on type 'ObjectConstructor'. Do you need to change your target library? Try changing the 'lib' compiler option to 'es2017' or later.
utils/tagUtils.ts(139,42): error TS7006: Parameter 'file' implicitly has an 'any' type.
utils/tagUtils.ts(144,50): error TS7006: Parameter 't' implicitly has an 'any' type.
utils/tagUtils.ts(145,26): error TS7006: Parameter 't' implicitly has an 'any' type.
utils/tagUtils.ts(154,18): error TS2550: Property 'from' does not exist on type 'ArrayConstructor'. Do you need to change your target library? Try changing the 'lib' compiler option to 'es2015' or later.
utils/tagUtils.ts(155,16): error TS7006: Parameter 'a' implicitly has an 'any' type.
utils/tagUtils.ts(155,19): error TS7006: Parameter 'b' implicitly has an 'any' type.
utils/tagUtils.ts(156,14): error TS7006: Parameter 'entry' implicitly has an 'any' type.
utils/taskFilter.ts(7,56): error TS2550: Property 'includes' does not exist on type 'string'. Do you need to change your target library? Try changing the 'lib' compiler option to 'es2015' or later.
utils/taskFilter.ts(8,49): error TS2550: Property 'includes' does not exist on type 'string'. Do you need to change your target library? Try changing the 'lib' compiler option to 'es2015' or later.
utils/taskParser.test.ts(4,1): error TS2582: Cannot find name 'describe'. Do you need to install type definitions for a test runner? Try `npm i --save-dev @types/jest` or `npm i --save-dev @types/mocha`.
utils/taskParser.test.ts(6,5): error TS2582: Cannot find name 'it'. Do you need to install type definitions for a test runner? Try `npm i --save-dev @types/jest` or `npm i --save-dev @types/mocha`.
utils/taskParser.test.ts(9,9): error TS2304: Cannot find name 'expect'.
utils/taskParser.test.ts(10,9): error TS2304: Cannot find name 'expect'.
utils/taskParser.test.ts(11,9): error TS2304: Cannot find name 'expect'.
utils/taskParser.test.ts(12,9): error TS2304: Cannot find name 'expect'.
utils/taskParser.test.ts(15,5): error TS2582: Cannot find name 'it'. Do you need to install type definitions for a test runner? Try `npm i --save-dev @types/jest` or `npm i --save-dev @types/mocha`.
utils/taskParser.test.ts(18,9): error TS2304: Cannot find name 'expect'.
utils/taskParser.test.ts(19,9): error TS2304: Cannot find name 'expect'.
utils/taskParser.test.ts(21,9): error TS2304: Cannot find name 'expect'.
utils/taskParser.test.ts(24,5): error TS2582: Cannot find name 'it'. Do you need to install type definitions for a test runner? Try `npm i --save-dev @types/jest` or `npm i --save-dev @types/mocha`.
utils/taskParser.test.ts(32,9): error TS2304: Cannot find name 'expect'.
utils/taskParser.test.ts(33,9): error TS2304: Cannot find name 'expect'.
utils/taskParser.test.ts(38,9): error TS2304: Cannot find name 'expect'.
utils/taskParser.test.ts(41,5): error TS2582: Cannot find name 'it'. Do you need to install type definitions for a test runner? Try `npm i --save-dev @types/jest` or `npm i --save-dev @types/mocha`.
utils/taskParser.test.ts(45,9): error TS2304: Cannot find name 'expect'.
utils/taskParser.test.ts(46,9): error TS2304: Cannot find name 'expect'.
utils/taskParser.test.ts(49,9): error TS2304: Cannot find name 'expect'.
utils/taskParser.test.ts(52,5): error TS2582: Cannot find name 'it'. Do you need to install type definitions for a test runner? Try `npm i --save-dev @types/jest` or `npm i --save-dev @types/mocha`.
utils/taskParser.test.ts(58,9): error TS2304: Cannot find name 'expect'.
utils/taskParser.test.ts(59,9): error TS2304: Cannot find name 'expect'.
utils/taskParser.test.ts(63,9): error TS2304: Cannot find name 'expect'.
utils/taskParser.test.ts(66,5): error TS2582: Cannot find name 'it'. Do you need to install type definitions for a test runner? Try `npm i --save-dev @types/jest` or `npm i --save-dev @types/mocha`.
utils/taskParser.test.ts(69,9): error TS2304: Cannot find name 'expect'.
utils/taskParser.test.ts(70,9): error TS2304: Cannot find name 'expect'.
utils/taskParser.test.ts(71,9): error TS2304: Cannot find name 'expect'.
utils/taskParser.test.ts(74,9): error TS2304: Cannot find name 'expect'.
utils/taskParser.test.ts(75,9): error TS2304: Cannot find name 'expect'.
utils/taskParser.test.ts(76,9): error TS2304: Cannot find name 'expect'.
utils/taskParser.test.ts(79,5): error TS2582: Cannot find name 'it'. Do you need to install type definitions for a test runner? Try `npm i --save-dev @types/jest` or `npm i --save-dev @types/mocha`.
utils/taskParser.test.ts(82,9): error TS2304: Cannot find name 'expect'.
utils/taskParser.test.ts(83,9): error TS2304: Cannot find name 'expect'.
utils/taskParser.test.ts(87,9): error TS2304: Cannot find name 'expect'.
utils/taskParser.test.ts(90,5): error TS2582: Cannot find name 'it'. Do you need to install type definitions for a test runner? Try `npm i --save-dev @types/jest` or `npm i --save-dev @types/mocha`.
utils/taskParser.test.ts(93,9): error TS2304: Cannot find name 'expect'.
utils/taskParser.test.ts(94,9): error TS2304: Cannot find name 'expect'.
utils/taskParser.test.ts(97,9): error TS2304: Cannot find name 'expect'.
utils/taskParser.ts(100,21): error TS2550: Property 'from' does not exist on type 'ArrayConstructor'. Do you need to change your target library? Try changing the 'lib' compiler option to 'es2015' or later.
utils/taskParser.ts(100,30): error TS2583: Cannot find name 'Set'. Do you need to change your target library? Try changing the 'lib' compiler option to 'es2015' or later.
utils/taskParser.ts(209,23): error TS2550: Property 'findIndex' does not exist on type 'string[]'. Do you need to change your target library? Try changing the 'lib' compiler option to 'es2015' or later.
utils/taskParser.ts(209,33): error TS7006: Parameter 'l' implicitly has an 'any' type.
utils/taskParser.ts(213,47): error TS2550: Property 'trimEnd' does not exist on type 'string'. Do you need to change your target library? Try changing the 'lib' compiler option to 'es2019' or later.
utils/taskParser.ts(214,19): error TS2550: Property 'findIndex' does not exist on type 'string[]'. Do you need to change your target library? Try changing the 'lib' compiler option to 'es2015' or later.
utils/taskParser.ts(214,29): error TS7006: Parameter 'l' implicitly has an 'any' type.
utils/taskParser.ts(219,19): error TS2550: Property 'findIndex' does not exist on type 'string[]'. Do you need to change your target library? Try changing the 'lib' compiler option to 'es2015' or later.
utils/taskParser.ts(219,29): error TS7006: Parameter 'l' implicitly has an 'any' type.
utils/taskParser.ts(219,61): error TS2550: Property 'trimEnd' does not exist on type 'string'. Do you need to change your target library? Try changing the 'lib' compiler option to 'es2019' or later.
utils/taskParser.ts(223,18): error TS2550: Property 'findIndex' does not exist on type 'string[]'. Do you need to change your target library? Try changing the 'lib' compiler option to 'es2015' or later.
utils/taskParser.ts(223,28): error TS7006: Parameter 'l' implicitly has an 'any' type.
utils/taskParser.ts(252,36): error TS2550: Property 'endsWith' does not exist on type 'string'. Do you need to change your target library? Try changing the 'lib' compiler option to 'es2015' or later.
utils/timeRangeUtils.test.ts(1,38): error TS2307: Cannot find module 'bun:test' or its corresponding type declarations.
utils/timeRangeUtils.test.ts(2,19): error TS2307: Cannot find module 'dayjs' or its corresponding type declarations.
utils/timeRangeUtils.ts(1,30): error TS2307: Cannot find module 'dayjs' or its corresponding type declarations.
utils/timeRangeUtils.ts(19,25): error TS2550: Property 'includes' does not exist on type 'number[]'. Do you need to change your target library? Try changing the 'lib' compiler option to 'es2016' or later.
utils/urlMetadata.ts(25,54): error TS2705: An async function or method in ES5 requires the 'Promise' constructor.  Make sure you have a declaration for the 'Promise' constructor or include 'ES2015' in your '--lib' option.
utils/urlMetadata.ts(28,17): error TS2550: Property 'includes' does not exist on type 'string'. Do you need to change your target library? Try changing the 'lib' compiler option to 'es2015' or later.
utils/urlMetadata.ts(28,48): error TS2550: Property 'includes' does not exist on type 'string'. Do you need to change your target library? Try changing the 'lib' compiler option to 'es2015' or later.
utils/urlMetadata.ts(90,28): error TS2550: Property 'startsWith' does not exist on type 'string'. Do you need to change your target library? Try changing the 'lib' compiler option to 'es2015' or later.
utils/urlMetadata.ts(144,56): error TS2705: An async function or method in ES5 requires the 'Promise' constructor.  Make sure you have a declaration for the 'Promise' constructor or include 'ES2015' in your '--lib' option.
utils/urlMetadata.ts(155,32): error TS2585: 'Promise' only refers to a type, but is being used as a value here. Do you need to change your target library? Try changing the 'lib' compiler option to es2015 or later.
utils/urlMetadata.ts(158,42): error TS7006: Parameter 'metadata' implicitly has an 'any' type.
widget-task-handler.tsx(1,19): error TS2307: Cannot find module 'react' or its corresponding type declarations.
widget-task-handler.tsx(2,45): error TS2307: Cannot find module 'react-native-android-widget' or its corresponding type declarations.
widget-task-handler.tsx(3,37): error TS2307: Cannot find module 'react-native-android-widget' or its corresponding type declarations.
widget-task-handler.tsx(4,26): error TS2307: Cannot find module '@react-native-async-storage/async-storage' or its corresponding type declarations.
widget-task-handler.tsx(5,27): error TS2307: Cannot find module 'expo-calendar' or its corresponding type declarations.
widget-task-handler.tsx(6,19): error TS2307: Cannot find module 'dayjs' or its corresponding type declarations.
widget-task-handler.tsx(7,29): error TS6142: Module './components/widget/JulesWidget' was resolved to '/app/components/widget/JulesWidget.tsx', but '--jsx' is not set.
widget-task-handler.tsx(52,47): error TS7006: Parameter 'a' implicitly has an 'any' type.
widget-task-handler.tsx(52,50): error TS7006: Parameter 'b' implicitly has an 'any' type.
widget-task-handler.tsx(53,54): error TS7006: Parameter 'e' implicitly has an 'any' type.
widget-task-handler.tsx(111,11): error TS17004: Cannot use JSX unless the '--jsx' flag is provided.
widget-task-handler.tsx(126,13): error TS17004: Cannot use JSX unless the '--jsx' flag is provided.
