components/ui/calendar/hooks/useTimeRangeEvents.test.ts(1,28): error TS2307: Cannot find module '@testing-library/react-hooks' or its corresponding type declarations.
components/ui/calendar/hooks/useTimeRangeEvents.test.ts(4,35): error TS2307: Cannot find module '../../../../stores/useTimeRangeStore' or its corresponding type declarations.
components/ui/calendar/hooks/useTimeRangeEvents.test.ts(7,1): error TS2708: Cannot use namespace 'jest' as a value.
components/ui/calendar/hooks/useTimeRangeEvents.test.ts(9,1): error TS2582: Cannot find name 'describe'. Do you need to install type definitions for a test runner? Try `npm i --save-dev @types/jest` or `npm i --save-dev @types/mocha`.
components/ui/calendar/hooks/useTimeRangeEvents.test.ts(16,5): error TS2304: Cannot find name 'beforeEach'.
components/ui/calendar/hooks/useTimeRangeEvents.test.ts(18,47): error TS2694: Namespace 'global.jest' has no exported member 'Mock'.
components/ui/calendar/hooks/useTimeRangeEvents.test.ts(23,5): error TS2582: Cannot find name 'it'. Do you need to install type definitions for a test runner? Try `npm i --save-dev @types/jest` or `npm i --save-dev @types/mocha`.
components/ui/calendar/hooks/useTimeRangeEvents.test.ts(25,9): error TS2304: Cannot find name 'expect'.
components/ui/calendar/hooks/useTimeRangeEvents.test.ts(28,5): error TS2582: Cannot find name 'it'. Do you need to install type definitions for a test runner? Try `npm i --save-dev @types/jest` or `npm i --save-dev @types/mocha`.
components/ui/calendar/hooks/useTimeRangeEvents.test.ts(29,47): error TS2694: Namespace 'global.jest' has no exported member 'Mock'.
components/ui/calendar/hooks/useTimeRangeEvents.test.ts(46,9): error TS2304: Cannot find name 'expect'.
components/ui/calendar/hooks/useTimeRangeEvents.test.ts(49,46): error TS7006: Parameter 'e' implicitly has an 'any' type.
components/ui/calendar/hooks/useTimeRangeEvents.test.ts(50,9): error TS2304: Cannot find name 'expect'.
components/ui/calendar/hooks/useTimeRangeEvents.test.ts(51,9): error TS2304: Cannot find name 'expect'.
components/ui/calendar/hooks/useTimeRangeEvents.test.ts(52,9): error TS2304: Cannot find name 'expect'.
components/ui/calendar/hooks/useTimeRangeEvents.test.ts(53,9): error TS2304: Cannot find name 'expect'.
components/ui/calendar/hooks/useTimeRangeEvents.test.ts(56,46): error TS7006: Parameter 'e' implicitly has an 'any' type.
components/ui/calendar/hooks/useTimeRangeEvents.test.ts(57,9): error TS2304: Cannot find name 'expect'.
components/ui/calendar/hooks/useTimeRangeEvents.test.ts(60,46): error TS7006: Parameter 'e' implicitly has an 'any' type.
components/ui/calendar/hooks/useTimeRangeEvents.test.ts(61,9): error TS2304: Cannot find name 'expect'.
components/ui/calendar/hooks/useTimeRangeEvents.test.ts(64,5): error TS2582: Cannot find name 'it'. Do you need to install type definitions for a test runner? Try `npm i --save-dev @types/jest` or `npm i --save-dev @types/mocha`.
components/ui/calendar/hooks/useTimeRangeEvents.test.ts(65,47): error TS2694: Namespace 'global.jest' has no exported member 'Mock'.
components/ui/calendar/hooks/useTimeRangeEvents.test.ts(80,9): error TS2304: Cannot find name 'expect'.
services/calendarService.test.ts(14,44): error TS2339: Property 'OWNER' does not exist on type 'typeof EventAccessLevel'.
services/calendarService.test.ts(15,28): error TS2551: Property 'EventAvailability' does not exist on type 'typeof import("C:/Users/o/Documents/GitHub/ai-inbox/mobile/node_modules/expo-calendar/build/Calendar")'. Did you mean 'Availability'?
services/calendarService.test.ts(18,1): error TS2582: Cannot find name 'describe'. Do you need to install type definitions for a test runner? Try `npm i --save-dev @types/jest` or `npm i --save-dev @types/mocha`.
services/calendarService.test.ts(19,5): error TS2582: Cannot find name 'it'. Do you need to install type definitions for a test runner? Try `npm i --save-dev @types/jest` or `npm i --save-dev @types/mocha`.
services/calendarService.test.ts(20,9): error TS2304: Cannot find name 'expect'.
services/calendarService.test.ts(23,5): error TS2582: Cannot find name 'it'. Do you need to install type definitions for a test runner? Try `npm i --save-dev @types/jest` or `npm i --save-dev @types/mocha`.
services/calendarService.test.ts(28,9): error TS2304: Cannot find name 'expect'.
services/calendarService.test.ts(31,5): error TS2582: Cannot find name 'it'. Do you need to install type definitions for a test runner? Try `npm i --save-dev @types/jest` or `npm i --save-dev @types/mocha`.
services/calendarService.test.ts(36,9): error TS2304: Cannot find name 'expect'.
services/calendarService.test.ts(37,9): error TS2304: Cannot find name 'expect'.
services/calendarService.test.ts(40,5): error TS2582: Cannot find name 'it'. Do you need to install type definitions for a test runner? Try `npm i --save-dev @types/jest` or `npm i --save-dev @types/mocha`.
services/calendarService.test.ts(44,9): error TS2304: Cannot find name 'expect'.
services/calendarService.test.ts(47,6): error TS2582: Cannot find name 'it'. Do you need to install type definitions for a test runner? Try `npm i --save-dev @types/jest` or `npm i --save-dev @types/mocha`.
services/calendarService.test.ts(51,9): error TS2304: Cannot find name 'expect'.
